# key=123456789abcdef0 N=2^22 kill_repeats=10
# null E[repeats/delta] = 2^22 * 2^-64 = 2^-42
# delta                  max|z|  low8_chi2 full_repeats
  0x0000000000000400      2.8      262.9            0
  0x0000000004000000      6.2      282.6            0
  0x0000000000000001      3.5      246.6            0
  0x0000000000000002      2.5      254.6            0
  0x0000000000000004      2.6      289.8            0
  0x0000000000000008      3.2      302.2            0
  0x0000000000000010      2.2      290.6            0
  0x0000000000000020      2.1      270.0            0
  0x0000000000000040      3.1      265.1            0
  0x0000000000000080      2.3      264.7            0
  0x0000000000000100      3.4      303.9            0
  0x0000000000000200      2.4      236.2            0
  0x0000000000000400      2.8      262.9            0
  0x0000000000000800      3.2      232.7            0
  0x0000000000001000      3.1      261.2            0
  0x0000000000002000      3.0      261.1            0
  0x0000000000004000      2.0      222.8            0
  0x0000000000008000      2.5      269.1            0
  0x0000000000010000      3.2      219.8            0
  0x0000000000020000      2.2      263.0            0
  0x0000000000040000      3.0      218.5            0
  0x0000000000080000      2.0      250.2            0
  0x0000000000100000      2.5      250.8            0
  0x0000000000200000      2.2      260.9            0
  0x0000000000400000      2.9      223.1            0
  0x0000000000800000      2.8      227.5            0
  0x0000000001000000      4.8      272.3            0
  0x0000000002000000      1.8      225.1            0
  0x0000000004000000      6.2      282.6            0
  0x0000000008000000      3.0      286.2            0
  0x0000000010000000      2.7      303.1            0
  0x0000000020000000      2.5      291.2            0
  0x0000000040000000      4.3      258.5            0
  0x0000000080000000      2.7      231.3            0
  0x0000000100000000      2.3      235.5            0
  0x0000000200000000      2.0      253.3            0
  0x0000000400000000      4.2      242.8            0
  0x0000000800000000      2.4      240.7            0
  0x0000001000000000      3.1      247.4            0
  0x0000002000000000      3.0      216.9            0
  0x0000004000000000      2.8      265.3            0
  0x0000008000000000      2.2      270.7            0
  0x0000010000000000      2.1      248.1            0
  0x0000020000000000      3.5      263.1            0
  0x0000040000000000      5.5      270.2            0
  0x0000080000000000      2.4      258.3            0
  0x0000100000000000      2.5      221.5            0
  0x0000200000000000      2.3      257.8            0
  0x0000400000000000      4.5      260.1            0
  0x0000800000000000      3.1      268.5            0
  0x0001000000000000      2.4      257.9            0
  0x0002000000000000      2.4      278.4            0
  0x0004000000000000      3.4      280.8            0
  0x0008000000000000      2.5      256.4            0
  0x0010000000000000      3.6      267.8            0
  0x0020000000000000      3.2      268.0            0
  0x0040000000000000      3.1      245.1            0
  0x0080000000000000      2.2      296.4            0
  0x0100000000000000      4.3      246.2            0
  0x0200000000000000      3.1      247.6            0
  0x0400000000000000      8.9      260.0            0
  0x0800000000000000      2.3      300.0            0
  0x1000000000000000      5.4      258.7            0
  0x2000000000000000      4.1      265.5            0
  0x4000000000000000      2.8      262.6            0
  0x8000000000000000      2.1      203.9            0
  0x0000000000000003      2.3      271.3            0
  0x0000000000000005      2.3      274.4            0
  0x0000000000000009      2.2      234.7            0
  0x0000000000000011      2.7      254.7            0
  0x8000000000000001      2.8      246.8            0
  0x0000000100000001      2.9      260.6            0
  0xf0f0f0f0f0f0f0f0      2.7      261.8            0
  0xffffffffffffffff      2.2      268.6            0
  0x0000000030000000      8.3      294.8            0
  0x0000000300000000      3.8      235.2            0
  0x3000000000000000      2.3      270.8            0
  0x0000000050000000      2.9      258.1            0
  0x0000000500000000      2.8      323.6            0
  0x5000000000000000      2.8      227.8            0
  0x0000000000000006      2.8      255.2            0
  0x0000000060000000      5.4      258.5            0
  0x0000000600000000      5.4      320.6            0
  0x6000000000000000      2.9      283.6            0
  0x0000000000000007      2.1      257.7            0
  0x0000000070000000      2.7      233.3            0
  0x0000000700000000      3.8      247.9            0
  0x7000000000000000      2.5      214.0            0
  0x0000000090000000      2.0      237.6            0
  0x0000000900000000      2.6      252.8            0
  0x9000000000000000      2.3      230.2            0
  0x000000000000000a      1.9      243.1            0
  0x00000000a0000000      2.3      281.7            0
  0x0000000a00000000      1.8      232.1            0
  0xa000000000000000      2.7      239.5            0
  0x000000000000000b      3.6      277.2            0
  0x00000000b0000000      2.6      243.7            0
  0x0000000b00000000      2.8      224.1            0
  0xb000000000000000      2.5      244.4            0
  0x000000000000000c      3.1      217.4            0
  0x00000000c0000000      3.1      231.1            0
  0x0000000c00000000      2.6      249.9            0
  0xc000000000000000      1.9      228.9            0
  0x000000000000000d      2.5      270.5            0
  0x00000000d0000000      2.2      275.7            0
  0x0000000d00000000      2.3      241.9            0
  0xd000000000000000      2.7      277.3            0
  0x000000000000000e      2.4      252.4            0
  0x00000000e0000000      3.2      272.4            0
  0x0000000e00000000      2.5      220.0            0
  0xe000000000000000     10.4      391.1            0
  0x000000000000000f      2.1      226.4            0
  0x00000000f0000000      2.8      268.5            0
  0x0000000f00000000      2.1      285.8            0
  0xf000000000000000      2.9      257.0            0
PASS max_repeats=0 max|z|=10.4 (all 115 deltas)
