# key=123456789abcdef0 N=2^22 kill_repeats=10
# null E[repeats/delta] = 2^22 * 2^-64 = 2^-42
# delta                  max|z|  low8_chi2 full_repeats
  0x0000000000000400      2.7      242.7            0
  0x0000000004000000      8.9      371.5            0
  0x0000000000000001      2.5      253.5            0
  0x0000000000000002      3.0      257.1            0
  0x0000000000000004      2.8      290.2            0
  0x0000000000000008      2.9      252.7            0
  0x0000000000000010      2.6      309.1            0
  0x0000000000000020      2.0      248.2            0
  0x0000000000000040      2.7      236.6            0
  0x0000000000000080      2.7      247.0            0
  0x0000000000000100      2.1      226.2            0
  0x0000000000000200      2.9      263.2            0
  0x0000000000000400      2.7      242.7            0
  0x0000000000000800      1.9      311.3            0
  0x0000000000001000      3.2      256.7            0
  0x0000000000002000      3.5      253.2            0
  0x0000000000004000      2.8      240.3            0
  0x0000000000008000      3.5      261.8            0
  0x0000000000010000      2.7      237.7            0
  0x0000000000020000      2.5      221.6            0
  0x0000000000040000      3.5      243.3            0
  0x0000000000080000      2.7      287.8            0
  0x0000000000100000      3.0      271.0            0
  0x0000000000200000      3.3      259.9            0
  0x0000000000400000      3.9      260.7            0
  0x0000000000800000      3.2      229.9            0
  0x0000000001000000      6.4      303.2            0
  0x0000000002000000      2.2      264.0            0
  0x0000000004000000      8.9      371.5            0
  0x0000000008000000      2.5      261.0            0
  0x0000000010000000      2.6      236.1            0
  0x0000000020000000      2.0      235.1            0
  0x0000000040000000      8.4      254.4            0
  0x0000000080000000      3.2      263.1            0
  0x0000000100000000      2.9      211.6            0
  0x0000000200000000      2.6      251.0            0
  0x0000000400000000      3.8      222.7            0
  0x0000000800000000      2.4      233.2            0
  0x0000001000000000      3.7      235.6            0
  0x0000002000000000      2.9      240.2            0
  0x0000004000000000      2.9      252.3            0
  0x0000008000000000      2.5      233.8            0
  0x0000010000000000      3.0      242.6            0
  0x0000020000000000      2.4      225.6            0
  0x0000040000000000      2.8      303.5            0
  0x0000080000000000      2.6      266.7            0
  0x0000100000000000      4.2      245.0            0
  0x0000200000000000      2.9      256.9            0
  0x0000400000000000      2.9      245.0            0
  0x0000800000000000      2.4      269.7            0
  0x0001000000000000      2.7      259.1            0
  0x0002000000000000      2.6      291.2            0
  0x0004000000000000      5.7      261.7            0
  0x0008000000000000      2.7      277.9            0
  0x0010000000000000      2.9      294.8            0
  0x0020000000000000      3.2      275.4            0
  0x0040000000000000      7.6      302.9            0
  0x0080000000000000      5.7      265.8            0
  0x0100000000000000      3.0      272.7            0
  0x0200000000000000      3.1      264.9            0
  0x0400000000000000      8.8      339.2            0
  0x0800000000000000      2.4      235.5            0
  0x1000000000000000      7.6      319.9            0
  0x2000000000000000      4.5      263.5            0
  0x4000000000000000      2.4      254.0            0
  0x8000000000000000      1.7      265.7            0
  0x0000000000000003      3.1      255.0            0
  0x0000000000000005      3.3      252.1            0
  0x0000000000000009      2.6      259.4            0
  0x0000000000000011      3.4      267.2            0
  0x8000000000000001      2.5      241.7            0
  0x0000000100000001      2.2      213.2            0
  0xf0f0f0f0f0f0f0f0      2.6      275.0            0
  0xffffffffffffffff      2.3      282.7            0
  0x0000000030000000      3.1      238.6            0
  0x0000000300000000      3.5      229.4            0
  0x3000000000000000      2.2      259.3            0
  0x0000000050000000      8.5      325.2            0
  0x0000000500000000      5.7      242.3            0
  0x5000000000000000      2.3      266.7            0
  0x0000000000000006      2.5      259.1            0
  0x0000000060000000      9.5      232.3            0
  0x0000000600000000      7.3      260.3            0
  0x6000000000000000      3.2      260.3            0
  0x0000000000000007      2.5      277.7            0
  0x0000000070000000      3.3      251.5            0
  0x0000000700000000      2.3      205.1            0
  0x7000000000000000      2.0      239.1            0
  0x0000000090000000      2.3      276.2            0
  0x0000000900000000      3.1      301.9            0
  0x9000000000000000     12.9      327.4            1
  0x000000000000000a      2.4      289.8            0
  0x00000000a0000000      2.8      270.9            0
  0x0000000a00000000      3.4      317.6            0
  0xa000000000000000      3.1      264.6            0
  0x000000000000000b      2.0      231.0            0
  0x00000000b0000000      2.2      207.5            0
  0x0000000b00000000      2.9      266.9            0
  0xb000000000000000      2.7      273.0            0
  0x000000000000000c      3.1      241.3            0
  0x00000000c0000000      2.9      228.4            0
  0x0000000c00000000      2.3      225.4            0
  0xc000000000000000      4.2      252.4            0
  0x000000000000000d      2.5      261.0            0
  0x00000000d0000000      2.6      259.9            0
  0x0000000d00000000      2.5      263.0            0
  0xd000000000000000      3.1      235.5            0
  0x000000000000000e      2.1      247.9            0
  0x00000000e0000000      2.5      281.3            0
  0x0000000e00000000      2.6      262.7            0
  0xe000000000000000      2.3      262.7            0
  0x000000000000000f      2.8      274.0            0
  0x00000000f0000000      2.5      272.3            0
  0x0000000f00000000      3.1      207.9            0
  0xf000000000000000      2.8      231.5            0
PASS max_repeats=1 max|z|=12.9 (all 115 deltas)
