# key=123456789abcdef0 N=2^22 kill_repeats=10
# null E[repeats/delta] = 2^22 * 2^-64 = 2^-42
# delta                  max|z|  low8_chi2 full_repeats
  0x0000000000000400     11.0      283.8            0
  0x0000000004000000     37.7      223.6            0
  0x0000000000000001     52.6      378.7            0
  0x0000000000000002     28.6      259.5            0
  0x0000000000000004     41.5      292.0            0
  0x0000000000000008     33.0      310.8            0
  0x0000000000000010     38.3      292.4            0
  0x0000000000000020     50.6      287.1            0
  0x0000000000000040     17.1      261.1            0
  0x0000000000000080     50.3      293.8            0
  0x0000000000000100     37.0      262.4            0
  0x0000000000000200     20.1      271.4            0
  0x0000000000000400     11.0      283.8            0
  0x0000000000000800     33.5      263.4            0
  0x0000000000001000     11.3      290.8            0
  0x0000000000002000     17.5      256.8            0
  0x0000000000004000     13.6      216.0            0
  0x0000000000008000      4.7      278.2            0
  0x0000000000010000     29.3      263.5            0
  0x0000000000020000     16.9      227.0            0
  0x0000000000040000     20.4      326.5            0
  0x0000000000080000     14.0      265.2            0
  0x0000000000100000     15.7      243.5            0
  0x0000000000200000     30.4      270.0            0
  0x0000000000400000     52.2      458.6            0
  0x0000000000800000      9.7      222.8            0
  0x0000000001000000     17.5      285.8            0
  0x0000000002000000     42.5      261.2            0
  0x0000000004000000     37.7      223.6            0
  0x0000000008000000     21.5      291.9            0
  0x0000000010000000     19.9      276.9            0
  0x0000000020000000     18.0      597.9            0
  0x0000000040000000     23.5      505.4            0
  0x0000000080000000     11.4      407.9            0
  0x0000000100000000     24.5      293.5            0
  0x0000000200000000     32.8      303.0            0
  0x0000000400000000      2.5      226.7            0
  0x0000000800000000     17.2      281.0            0
  0x0000001000000000     31.5      212.1            0
  0x0000002000000000    132.0      209.8            0
  0x0000004000000000      3.2      247.0            0
  0x0000008000000000     34.9      474.6            0
  0x0000010000000000      6.9      249.1            0
  0x0000020000000000    110.8      226.1            0
  0x0000040000000000     72.7      261.3            0
  0x0000080000000000    104.6    11217.2            0
  0x0000100000000000     73.3      230.7            0
  0x0000200000000000    100.7    10388.4            0
  0x0000400000000000    176.3     2874.4            0
  0x0000800000000000      7.4      261.9            0
  0x0001000000000000    132.1     4499.8            0
  0x0002000000000000     30.6     1259.2            0
  0x0004000000000000      6.2      235.8            0
  0x0008000000000000     25.0      211.2            0
  0x0010000000000000     63.6     1332.8            0
  0x0020000000000000     16.0      501.3            0
  0x0040000000000000      6.9      234.9            0
  0x0080000000000000     29.9      327.4            0
  0x0100000000000000      3.1      256.4            0
  0x0200000000000000     18.2      268.0            0
  0x0400000000000000     44.4     2329.2            0
  0x0800000000000000     64.4     4873.5            0
  0x1000000000000000      4.9      263.6            0
  0x2000000000000000     74.8      446.4            0
  0x4000000000000000     48.2      900.6            0
  0x8000000000000000     40.3      230.2            0
  0x0000000000000003      3.1      263.9            0
  0x0000000000000005      8.8      240.4            0
  0x0000000000000009      5.3      244.5            0
  0x0000000000000011      5.6      272.5            0
  0x8000000000000001      2.5      263.2            0
  0x0000000100000001      2.8      265.8            0
  0xf0f0f0f0f0f0f0f0      2.9      222.3            0
  0xffffffffffffffff      2.8      242.7            0
  0x0000000030000000      2.6      276.4            0
  0x0000000300000000      1.9      277.5            0
  0x3000000000000000      2.6      252.5            0
  0x0000000050000000      8.9      260.3            0
  0x0000000500000000      4.0      253.7            0
  0x5000000000000000     14.5      243.8            0
  0x0000000000000006      1.9      287.0            0
  0x0000000060000000      2.6      232.7            0
  0x0000000600000000      2.1      268.5            0
  0x6000000000000000      2.2      252.6            0
  0x0000000000000007      2.6      259.5            0
  0x0000000070000000      2.8      250.3            0
  0x0000000700000000      2.5      278.3            0
  0x7000000000000000      3.4      240.4            0
  0x0000000090000000      3.8      270.3            0
  0x0000000900000000      3.2      268.5            0
  0x9000000000000000      4.1      268.4            0
  0x000000000000000a      2.8      254.5            0
  0x00000000a0000000      2.4      238.2            0
  0x0000000a00000000     10.4      269.8            0
  0xa000000000000000      3.4      266.1            0
  0x000000000000000b      2.5      252.2            0
  0x00000000b0000000      3.1      291.2            0
  0x0000000b00000000      2.4      247.5            0
  0xb000000000000000      2.0      257.7            0
  0x000000000000000c      3.2      232.2            0
  0x00000000c0000000      2.7      259.3            0
  0x0000000c00000000      3.1      247.9            0
  0xc000000000000000      2.3      215.3            0
  0x000000000000000d      2.7      249.1            0
  0x00000000d0000000      2.6      234.7            0
  0x0000000d00000000      2.8      281.8            0
  0xd000000000000000      2.8      286.3            0
  0x000000000000000e      2.6      280.4            0
  0x00000000e0000000      2.3      232.1            0
  0x0000000e00000000      2.5      257.5            0
  0xe000000000000000      2.5      239.0            0
  0x000000000000000f      2.9      207.4            0
  0x00000000f0000000      2.3      217.6            0
  0x0000000f00000000      2.4      263.7            0
  0xf000000000000000      2.8      262.1            0
PASS max_repeats=0 max|z|=176.3 (all 115 deltas)
