# key=123456789abcdef0 N=2^22 kill_repeats=10
# null E[repeats/delta] = 2^22 * 2^-64 = 2^-42
# delta                  max|z|  low8_chi2 full_repeats
  0x0000000000000400      5.6      264.1            0
  0x0000000004000000     30.1      275.6            0
  0x0000000000000001     18.8      278.7            0
  0x0000000000000002     18.5      251.1            0
  0x0000000000000004     28.9      272.0            0
  0x0000000000000008      4.1      245.5            0
  0x0000000000000010     17.6      232.1            0
  0x0000000000000020     11.2      273.7            0
  0x0000000000000040     18.8      267.9            0
  0x0000000000000080     16.4      262.2            0
  0x0000000000000100     14.8      301.6            0
  0x0000000000000200      6.0      265.4            0
  0x0000000000000400      5.6      264.1            0
  0x0000000000000800      5.4      239.7            0
  0x0000000000001000      7.8      290.7            0
  0x0000000000002000      8.1      252.0            0
  0x0000000000004000     23.3      264.0            0
  0x0000000000008000      8.7      221.7            0
  0x0000000000010000     22.4      244.7            0
  0x0000000000020000     13.0      232.7            0
  0x0000000000040000     13.0      238.8            0
  0x0000000000080000     19.0      353.6            0
  0x0000000000100000     22.4      263.6            0
  0x0000000000200000     17.4      265.1            0
  0x0000000000400000     31.9      306.5            0
  0x0000000000800000      3.2      264.4            0
  0x0000000001000000     27.5      253.2            0
  0x0000000002000000      3.3      217.5            0
  0x0000000004000000     30.1      275.6            0
  0x0000000008000000     29.6      278.5            0
  0x0000000010000000     24.0      800.7            0
  0x0000000020000000     27.8      275.4            0
  0x0000000040000000     30.7      268.8            0
  0x0000000080000000     50.4      239.3            0
  0x0000000100000000     10.2      356.3            0
  0x0000000200000000     30.0      358.1            0
  0x0000000400000000     71.9      274.4            0
  0x0000000800000000     62.5     1051.9            0
  0x0000001000000000      7.8      257.7            0
  0x0000002000000000     15.9      324.6            0
  0x0000004000000000     36.0      231.9            0
  0x0000008000000000     19.4      414.8            0
  0x0000010000000000     26.7      752.1            0
  0x0000020000000000     25.8      233.8            0
  0x0000040000000000     10.4      260.2            0
  0x0000080000000000     50.7     2848.0            0
  0x0000100000000000     57.1     3504.5            0
  0x0000200000000000     40.4     3234.0            0
  0x0000400000000000      8.7      252.6            0
  0x0000800000000000    172.9    30992.5            0
  0x0001000000000000     20.6      664.2            0
  0x0002000000000000     96.7      888.6            0
  0x0004000000000000      3.0      261.2            0
  0x0008000000000000     21.1      723.1            0
  0x0010000000000000      2.0      255.8            0
  0x0020000000000000     47.9      253.3            0
  0x0040000000000000     28.1     1088.8            0
  0x0080000000000000     62.5     4233.3            0
  0x0100000000000000     41.7      250.3            0
  0x0200000000000000     42.7     2082.2            0
  0x0400000000000000     18.6      261.6            0
  0x0800000000000000     34.8     1494.4            0
  0x1000000000000000     47.8      450.3            0
  0x2000000000000000      2.5      295.8            0
  0x4000000000000000     53.4      248.3            0
  0x8000000000000000     31.8      364.5            0
  0x0000000000000003      2.7      224.4            0
  0x0000000000000005      2.7      238.5            0
  0x0000000000000009      3.0      223.5            0
  0x0000000000000011      3.1      263.3            0
  0x8000000000000001      3.0      287.2            0
  0x0000000100000001      2.6      226.0            0
  0xf0f0f0f0f0f0f0f0      2.6      222.3            0
  0xffffffffffffffff      2.6      256.7            0
  0x0000000030000000      4.8      268.6            0
  0x0000000300000000      2.9      265.6            0
  0x3000000000000000      3.0      203.7            0
  0x0000000050000000      5.2      247.1            0
  0x0000000500000000     25.2     1503.0            0
  0x5000000000000000      3.1      234.4            0
  0x0000000000000006      2.5      240.0            0
  0x0000000060000000      2.6      243.7            0
  0x0000000600000000      2.0      256.8            0
  0x6000000000000000      2.3      245.1            0
  0x0000000000000007      2.4      274.1            0
  0x0000000070000000      2.1      260.4            0
  0x0000000700000000      2.5      249.2            0
  0x7000000000000000      3.4      283.8            0
  0x0000000090000000      2.5      251.3            0
  0x0000000900000000      2.2      266.4            0
  0x9000000000000000      5.4      282.4            0
  0x000000000000000a      2.5      257.9            0
  0x00000000a0000000     13.3      266.9            0
  0x0000000a00000000      5.2      254.7            0
  0xa000000000000000      2.2      270.5            0
  0x000000000000000b      2.4      248.6            0
  0x00000000b0000000      2.7      235.5            0
  0x0000000b00000000      3.1      257.3            0
  0xb000000000000000      2.5      264.9            0
  0x000000000000000c      2.3      250.3            0
  0x00000000c0000000      3.0      222.0            0
  0x0000000c00000000      3.3      221.7            0
  0xc000000000000000      2.3      276.0            0
  0x000000000000000d      2.4      223.6            0
  0x00000000d0000000      2.4      243.2            0
  0x0000000d00000000      8.0      232.2            0
  0xd000000000000000      2.2      228.4            0
  0x000000000000000e      2.2      272.2            0
  0x00000000e0000000      2.4      262.8            0
  0x0000000e00000000      3.0      254.3            0
  0xe000000000000000      2.1      243.1            0
  0x000000000000000f      2.7      257.8            0
  0x00000000f0000000      2.9      221.0            0
  0x0000000f00000000      3.4      235.3            0
  0xf000000000000000      4.1      255.6            0
PASS max_repeats=0 max|z|=172.9 (all 115 deltas)
