# key=123456789abcdef0 N=2^22 kill_repeats=10
# null E[repeats/delta] = 2^22 * 2^-64 = 2^-42
# delta                  max|z|  low8_chi2 full_repeats
  0x0000000000000400      3.0      274.9            0
  0x0000000004000000      7.4      287.0            0
  0x0000000000000001      3.1      247.7            0
  0x0000000000000002      3.4      246.9            0
  0x0000000000000004      2.9      260.2            0
  0x0000000000000008      2.7      249.1            0
  0x0000000000000010      2.8      270.6            0
  0x0000000000000020      4.0      233.2            0
  0x0000000000000040      3.5      214.6            0
  0x0000000000000080      2.6      264.4            0
  0x0000000000000100      3.1      227.5            0
  0x0000000000000200      3.0      232.9            0
  0x0000000000000400      3.0      274.9            0
  0x0000000000000800      3.0      267.0            0
  0x0000000000001000      4.6      241.4            0
  0x0000000000002000      2.6      256.3            0
  0x0000000000004000      5.3      218.2            0
  0x0000000000008000      2.9      233.0            0
  0x0000000000010000      5.1      243.0            0
  0x0000000000020000      3.1      273.0            0
  0x0000000000040000      2.6      262.7            0
  0x0000000000080000      3.0      266.1            0
  0x0000000000100000      2.9      232.0            0
  0x0000000000200000      6.4      287.5            0
  0x0000000000400000      3.4      229.8            0
  0x0000000000800000      2.9      261.9            0
  0x0000000001000000      7.3      274.2            0
  0x0000000002000000      2.3      246.0            0
  0x0000000004000000      7.4      287.0            0
  0x0000000008000000      3.6      237.1            0
  0x0000000010000000      2.4      269.2            0
  0x0000000020000000      1.9      271.2            0
  0x0000000040000000      2.2      235.4            0
  0x0000000080000000      6.4      222.2            0
  0x0000000100000000      3.1      260.7            0
  0x0000000200000000      2.1      284.3            0
  0x0000000400000000      4.8      262.3            0
  0x0000000800000000      2.5      230.5            0
  0x0000001000000000      5.8      258.0            0
  0x0000002000000000      3.0      306.6            0
  0x0000004000000000      2.5      294.4            0
  0x0000008000000000      2.5      261.0            0
  0x0000010000000000      6.4      262.6            0
  0x0000020000000000      6.1      273.9            0
  0x0000040000000000      3.8      280.3            0
  0x0000080000000000      3.4      253.4            0
  0x0000100000000000      2.9      284.2            0
  0x0000200000000000      6.0      282.8            0
  0x0000400000000000      2.4      211.8            0
  0x0000800000000000      8.1      309.0            0
  0x0001000000000000      2.4      264.1            0
  0x0002000000000000      5.5      191.7            0
  0x0004000000000000     10.1      289.7            0
  0x0008000000000000      2.3      259.5            0
  0x0010000000000000      2.4      270.0            0
  0x0020000000000000     21.9      462.5            0
  0x0040000000000000     11.0      287.5            0
  0x0080000000000000      3.4      269.9            0
  0x0100000000000000      3.5      232.9            0
  0x0200000000000000      2.7      236.4            0
  0x0400000000000000      3.9      239.7            0
  0x0800000000000000      2.9      251.6            0
  0x1000000000000000      3.9      285.7            0
  0x2000000000000000      1.7      239.1            0
  0x4000000000000000      6.5      240.9            0
  0x8000000000000000      2.1      247.3            0
  0x0000000000000003      2.6      252.4            0
  0x0000000000000005      2.4      234.3            0
  0x0000000000000009      2.9      262.8            0
  0x0000000000000011      1.8      260.6            0
  0x8000000000000001      3.6      230.9            0
  0x0000000100000001      3.1      242.6            0
  0xf0f0f0f0f0f0f0f0      2.7      251.9            0
  0xffffffffffffffff      2.9      249.7            0
  0x0000000030000000      2.1      236.2            0
  0x0000000300000000      3.3      258.3            0
  0x3000000000000000      8.7      236.7            0
  0x0000000050000000      3.1      260.4            0
  0x0000000500000000     12.7      277.5            0
  0x5000000000000000      2.6      263.7            0
  0x0000000000000006      2.3      280.9            0
  0x0000000060000000      2.6      253.2            0
  0x0000000600000000      3.1      257.6            0
  0x6000000000000000      2.3      250.9            0
  0x0000000000000007      3.2      267.4            0
  0x0000000070000000      2.1      234.0            0
  0x0000000700000000      2.6      252.6            0
  0x7000000000000000      2.5      294.4            0
  0x0000000090000000     13.0      298.7            0
  0x0000000900000000      2.3      288.0            0
  0x9000000000000000      2.6      264.2            0
  0x000000000000000a      2.8      230.4            0
  0x00000000a0000000      2.0      279.8            0
  0x0000000a00000000      9.9      273.4            0
  0xa000000000000000      2.3      254.5            0
  0x000000000000000b      2.7      244.1            0
  0x00000000b0000000      2.3      269.9            0
  0x0000000b00000000      2.0      209.5            0
  0xb000000000000000      1.8      289.8            0
  0x000000000000000c      2.4      271.9            0
  0x00000000c0000000      2.3      252.1            0
  0x0000000c00000000      3.2      259.5            0
  0xc000000000000000      7.4      290.1            0
  0x000000000000000d      2.6      253.1            0
  0x00000000d0000000      2.5      250.7            0
  0x0000000d00000000      2.6      239.9            0
  0xd000000000000000      2.5      243.5            0
  0x000000000000000e      3.1      249.8            0
  0x00000000e0000000      5.5      226.8            0
  0x0000000e00000000      6.9      264.4            0
  0xe000000000000000      2.3      249.3            0
  0x000000000000000f      3.4      247.7            0
  0x00000000f0000000      8.0      317.0            0
  0x0000000f00000000      2.7      279.9            0
  0xf000000000000000      2.6      233.3            0
PASS max_repeats=0 max|z|=21.9 (all 115 deltas)
