# key=123456789abcdef0 N=2^22 kill_repeats=10
# null E[repeats/delta] = 2^22 * 2^-64 = 2^-42
# delta                  max|z|  low8_chi2 full_repeats
  0x0000000000000400      3.1      224.0            0
  0x0000000004000000      2.8      251.0            0
  0x0000000000000001      2.2      282.9            0
  0x0000000000000002      4.0      258.8            0
  0x0000000000000004      3.4      270.5            0
  0x0000000000000008      2.3      233.2            0
  0x0000000000000010      2.4      257.4            0
  0x0000000000000020      2.8      254.8            0
  0x0000000000000040      3.0      264.3            0
  0x0000000000000080      2.5      322.2            0
  0x0000000000000100      3.1      246.5            0
  0x0000000000000200      2.3      291.0            0
  0x0000000000000400      3.1      224.0            0
  0x0000000000000800      3.8      257.0            0
  0x0000000000001000      1.6      261.3            0
  0x0000000000002000      3.9      292.3            0
  0x0000000000004000      3.1      273.0            0
  0x0000000000008000      2.3      269.6            0
  0x0000000000010000      2.1      233.2            0
  0x0000000000020000      2.8      266.0            0
  0x0000000000040000      3.4      258.3            0
  0x0000000000080000      2.2      264.1            0
  0x0000000000100000      2.0      225.9            0
  0x0000000000200000      2.7      245.5            0
  0x0000000000400000      3.2      292.0            0
  0x0000000000800000      2.8      268.1            0
  0x0000000001000000      2.5      248.4            0
  0x0000000002000000      2.6      236.0            0
  0x0000000004000000      2.8      251.0            0
  0x0000000008000000      2.7      252.7            0
  0x0000000010000000      2.4      271.6            0
  0x0000000020000000      2.8      263.3            0
  0x0000000040000000      2.4      223.2            0
  0x0000000080000000      3.2      281.2            0
  0x0000000100000000      2.3      272.2            0
  0x0000000200000000      2.3      227.4            0
  0x0000000400000000      3.0      259.8            0
  0x0000000800000000      3.0      254.7            0
  0x0000001000000000      2.7      252.9            0
  0x0000002000000000      2.3      256.2            0
  0x0000004000000000      2.3      277.9            0
  0x0000008000000000      2.8      251.0            0
  0x0000010000000000      2.5      264.5            0
  0x0000020000000000      2.7      277.1            0
  0x0000040000000000      3.6      292.1            0
  0x0000080000000000      2.7      287.1            0
  0x0000100000000000      2.3      268.4            0
  0x0000200000000000      3.0      286.7            0
  0x0000400000000000      2.9      257.0            0
  0x0000800000000000      2.5      274.6            0
  0x0001000000000000      2.0      282.9            0
  0x0002000000000000      3.6      269.6            0
  0x0004000000000000      1.8      219.3            0
  0x0008000000000000      2.8      278.6            0
  0x0010000000000000      2.8      281.1            0
  0x0020000000000000      2.7      255.7            0
  0x0040000000000000      2.6      238.6            0
  0x0080000000000000      2.0      254.0            0
  0x0100000000000000      3.5      232.8            0
  0x0200000000000000      2.0      237.3            0
  0x0400000000000000      2.9      232.2            0
  0x0800000000000000      3.1      223.2            0
  0x1000000000000000      2.0      273.7            0
  0x2000000000000000      2.9      247.9            0
  0x4000000000000000      2.5      284.1            0
  0x8000000000000000      1.8      262.6            0
  0x0000000000000003      3.1      228.1            0
  0x0000000000000005      3.0      237.0            0
  0x0000000000000009      2.7      270.8            0
  0x0000000000000011      2.1      253.7            0
  0x8000000000000001      2.6      278.1            0
  0x0000000100000001      2.8      283.8            0
  0xf0f0f0f0f0f0f0f0      2.4      261.8            0
  0xffffffffffffffff      2.7      253.0            0
  0x0000000030000000      2.9      297.5            0
  0x0000000300000000      2.5      241.0            0
  0x3000000000000000      2.3      264.1            0
  0x0000000050000000      2.4      270.7            0
  0x0000000500000000      2.4      257.2            0
  0x5000000000000000      2.1      254.1            0
  0x0000000000000006      2.7      212.1            0
  0x0000000060000000      2.4      286.6            0
  0x0000000600000000      3.1      240.5            0
  0x6000000000000000      2.1      245.6            0
  0x0000000000000007      2.9      264.9            0
  0x0000000070000000      2.2      279.7            0
  0x0000000700000000      2.1      282.1            0
  0x7000000000000000      2.4      255.1            0
  0x0000000090000000      2.7      230.5            0
  0x0000000900000000      2.7      286.8            0
  0x9000000000000000      2.3      227.4            0
  0x000000000000000a      2.3      272.6            0
  0x00000000a0000000      2.9      257.7            0
  0x0000000a00000000      2.5      280.6            0
  0xa000000000000000      3.0      247.1            0
  0x000000000000000b      2.1      247.6            0
  0x00000000b0000000      2.7      256.7            0
  0x0000000b00000000      2.3      253.2            0
  0xb000000000000000      2.3      266.3            0
  0x000000000000000c      2.7      226.5            0
  0x00000000c0000000      2.5      232.5            0
  0x0000000c00000000      2.5      289.1            0
  0xc000000000000000      3.1      230.5            0
  0x000000000000000d      2.7      271.5            0
  0x00000000d0000000      2.6      244.6            0
  0x0000000d00000000      3.3      285.8            0
  0xd000000000000000      2.1      238.6            0
  0x000000000000000e      2.3      246.7            0
  0x00000000e0000000      4.4      282.5            0
  0x0000000e00000000      2.7      287.2            0
  0xe000000000000000      2.7      261.4            0
  0x000000000000000f      2.5      229.9            0
  0x00000000f0000000      2.4      299.5            0
  0x0000000f00000000      2.9      251.1            0
  0xf000000000000000      2.4      249.0            0
PASS max_repeats=0 max|z|=4.4 (all 115 deltas)
