# key=123456789abcdef0 N=2^22 kill_repeats=10
# null E[repeats/delta] = 2^22 * 2^-64 = 2^-42
# delta                  max|z|  low8_chi2 full_repeats
  0x0000000000000400      3.1      292.3            0
  0x0000000004000000      2.8      257.7            0
  0x0000000000000001      2.5      256.5            0
  0x0000000000000002      3.1      281.6            0
  0x0000000000000004      1.8      240.4            0
  0x0000000000000008      2.9      298.2            0
  0x0000000000000010      2.9      272.6            0
  0x0000000000000020      2.5      253.0            0
  0x0000000000000040      2.8      241.2            0
  0x0000000000000080      2.3      224.2            0
  0x0000000000000100      2.4      257.2            0
  0x0000000000000200      2.0      285.9            0
  0x0000000000000400      3.1      292.3            0
  0x0000000000000800      2.4      271.6            0
  0x0000000000001000      3.6      280.2            0
  0x0000000000002000      2.8      254.0            0
  0x0000000000004000      1.9      201.5            0
  0x0000000000008000      2.5      234.0            0
  0x0000000000010000      3.4      238.5            0
  0x0000000000020000      2.7      279.8            0
  0x0000000000040000      2.1      293.5            0
  0x0000000000080000      2.7      255.0            0
  0x0000000000100000      2.7      247.4            0
  0x0000000000200000      2.7      237.4            0
  0x0000000000400000      2.8      245.3            0
  0x0000000000800000      2.7      259.9            0
  0x0000000001000000      3.2      220.3            0
  0x0000000002000000      2.2      280.7            0
  0x0000000004000000      2.8      257.7            0
  0x0000000008000000      2.5      254.4            0
  0x0000000010000000      2.4      245.9            0
  0x0000000020000000      2.4      276.5            0
  0x0000000040000000      3.3      220.9            0
  0x0000000080000000      2.1      264.5            0
  0x0000000100000000      2.5      262.4            0
  0x0000000200000000      2.7      287.4            0
  0x0000000400000000      2.3      283.1            0
  0x0000000800000000      2.4      246.3            0
  0x0000001000000000      2.2      259.1            0
  0x0000002000000000      2.5      249.5            0
  0x0000004000000000      2.3      284.7            0
  0x0000008000000000      2.3      238.5            0
  0x0000010000000000      3.0      271.4            0
  0x0000020000000000      2.8      257.3            0
  0x0000040000000000      2.7      253.7            0
  0x0000080000000000      2.0      254.4            0
  0x0000100000000000     10.9      262.6            0
  0x0000200000000000      2.0      272.8            0
  0x0000400000000000      2.6      232.9            0
  0x0000800000000000      3.0      251.4            0
  0x0001000000000000      2.0      255.6            0
  0x0002000000000000      4.1      289.5            0
  0x0004000000000000      2.5      291.5            0
  0x0008000000000000      2.3      223.4            0
  0x0010000000000000      2.8      273.0            0
  0x0020000000000000      2.4      215.3            0
  0x0040000000000000      2.7      261.8            0
  0x0080000000000000      2.3      261.6            0
  0x0100000000000000      2.7      238.1            0
  0x0200000000000000      3.0      244.0            0
  0x0400000000000000      2.6      273.4            0
  0x0800000000000000      2.4      261.5            0
  0x1000000000000000      3.2      241.6            0
  0x2000000000000000      2.6      253.6            0
  0x4000000000000000      3.2      237.8            0
  0x8000000000000000      2.9      245.1            0
  0x0000000000000003      2.9      230.9            0
  0x0000000000000005      3.2      272.2            0
  0x0000000000000009      2.8      250.8            0
  0x0000000000000011      2.7      208.7            0
  0x8000000000000001      2.4      225.3            0
  0x0000000100000001      1.8      219.6            0
  0xf0f0f0f0f0f0f0f0      2.5      265.1            0
  0xffffffffffffffff      2.4      249.6            0
  0x0000000030000000      1.9      267.6            0
  0x0000000300000000      2.5      268.2            0
  0x3000000000000000      3.2      260.9            0
  0x0000000050000000      3.5      235.0            0
  0x0000000500000000      2.7      253.8            0
  0x5000000000000000      4.7      273.5            0
  0x0000000000000006      2.9      235.9            0
  0x0000000060000000      4.1      239.8            0
  0x0000000600000000      3.4      261.2            0
  0x6000000000000000      2.3      258.7            0
  0x0000000000000007      2.3      219.4            0
  0x0000000070000000      2.7      258.2            0
  0x0000000700000000      2.4      253.0            0
  0x7000000000000000      2.6      243.0            0
  0x0000000090000000      2.4      231.7            0
  0x0000000900000000      2.5      223.8            0
  0x9000000000000000      2.6      274.3            0
  0x000000000000000a      3.4      258.7            0
  0x00000000a0000000      2.9      257.4            0
  0x0000000a00000000      2.7      218.8            0
  0xa000000000000000      3.3      284.8            0
  0x000000000000000b      4.2      232.1            0
  0x00000000b0000000      2.2      250.8            0
  0x0000000b00000000      7.4      273.4            0
  0xb000000000000000      2.5      246.0            0
  0x000000000000000c      2.3      230.1            0
  0x00000000c0000000      3.1      256.7            0
  0x0000000c00000000      2.8      263.0            0
  0xc000000000000000      2.9      250.4            0
  0x000000000000000d      3.2      272.4            0
  0x00000000d0000000      2.0      263.2            0
  0x0000000d00000000      2.4      253.9            0
  0xd000000000000000      2.4      290.6            0
  0x000000000000000e      2.7      263.3            0
  0x00000000e0000000      5.6      283.0            0
  0x0000000e00000000      5.0      292.0            0
  0xe000000000000000      2.4      255.0            0
  0x000000000000000f      2.5      251.9            0
  0x00000000f0000000      3.0      273.1            0
  0x0000000f00000000      3.0      251.9            0
  0xf000000000000000      2.6      267.0            0
PASS max_repeats=0 max|z|=10.9 (all 115 deltas)
