# key=123456789abcdef0 N=2^22 kill_repeats=10
# null E[repeats/delta] = 2^22 * 2^-64 = 2^-42
# delta                  max|z|  low8_chi2 full_repeats
  0x0000000000000400      2.5      239.6            0
  0x0000000004000000      2.3      254.1            0
  0x0000000000000001      2.7      292.3            0
  0x0000000000000002      2.2      235.5            0
  0x0000000000000004      2.9      239.8            0
  0x0000000000000008      2.5      241.6            0
  0x0000000000000010      3.4      274.6            0
  0x0000000000000020      2.3      243.6            0
  0x0000000000000040      2.1      301.7            0
  0x0000000000000080      2.5      297.4            0
  0x0000000000000100      2.1      251.7            0
  0x0000000000000200      2.2      222.6            0
  0x0000000000000400      2.5      239.6            0
  0x0000000000000800      3.3      212.2            0
  0x0000000000001000      2.5      220.3            0
  0x0000000000002000      3.3      242.8            0
  0x0000000000004000      3.1      233.6            0
  0x0000000000008000      2.2      249.4            0
  0x0000000000010000      3.0      263.5            0
  0x0000000000020000      2.1      222.9            0
  0x0000000000040000      3.1      235.5            0
  0x0000000000080000      2.6      271.3            0
  0x0000000000100000      2.9      272.9            0
  0x0000000000200000      3.0      301.9            0
  0x0000000000400000      2.8      237.8            0
  0x0000000000800000      2.9      263.4            0
  0x0000000001000000      2.2      254.7            0
  0x0000000002000000      2.3      264.9            0
  0x0000000004000000      2.3      254.1            0
  0x0000000008000000      2.3      223.2            0
  0x0000000010000000      2.2      269.6            0
  0x0000000020000000      3.0      243.3            0
  0x0000000040000000      2.9      275.6            0
  0x0000000080000000      2.5      256.8            0
  0x0000000100000000      3.1      217.5            0
  0x0000000200000000      3.1      248.2            0
  0x0000000400000000      3.1      248.1            0
  0x0000000800000000      2.7      240.8            0
  0x0000001000000000      2.4      267.2            0
  0x0000002000000000      1.9      286.2            0
  0x0000004000000000      2.8      299.3            0
  0x0000008000000000      3.8      254.4            0
  0x0000010000000000      6.0      259.0            0
  0x0000020000000000      2.7      253.6            0
  0x0000040000000000      2.6      261.8            0
  0x0000080000000000      2.3      262.8            0
  0x0000100000000000      3.1      266.2            0
  0x0000200000000000      2.3      263.4            0
  0x0000400000000000      3.6      252.9            0
  0x0000800000000000      2.9      256.8            0
  0x0001000000000000      2.1      247.4            0
  0x0002000000000000      2.2      232.4            0
  0x0004000000000000      3.4      245.6            0
  0x0008000000000000      3.4      242.2            0
  0x0010000000000000      2.5      273.7            0
  0x0020000000000000      3.0      265.4            0
  0x0040000000000000      3.1      302.4            0
  0x0080000000000000      2.8      246.9            0
  0x0100000000000000      2.3      251.6            0
  0x0200000000000000      1.9      272.9            0
  0x0400000000000000      3.2      299.4            0
  0x0800000000000000      2.6      262.9            0
  0x1000000000000000      2.8      266.4            0
  0x2000000000000000      2.7      246.7            0
  0x4000000000000000      2.8      255.8            0
  0x8000000000000000      3.0      249.4            0
  0x0000000000000003      2.3      228.9            0
  0x0000000000000005      2.0      215.9            0
  0x0000000000000009      3.4      253.7            0
  0x0000000000000011      2.3      225.0            0
  0x8000000000000001      2.4      229.7            0
  0x0000000100000001      3.4      248.9            0
  0xf0f0f0f0f0f0f0f0      2.2      251.1            0
  0xffffffffffffffff      2.2      274.1            0
  0x0000000030000000      2.5      264.9            0
  0x0000000300000000      2.7      235.6            0
  0x3000000000000000      2.7      258.1            0
  0x0000000050000000      2.5      266.6            0
  0x0000000500000000      2.5      251.6            0
  0x5000000000000000      3.0      266.6            0
  0x0000000000000006      2.4      216.1            0
  0x0000000060000000      2.7      232.2            0
  0x0000000600000000      2.8      247.3            0
  0x6000000000000000      2.0      284.7            0
  0x0000000000000007      2.3      230.7            0
  0x0000000070000000      3.1      265.2            0
  0x0000000700000000      2.1      249.5            0
  0x7000000000000000      2.6      215.4            0
  0x0000000090000000      2.0      280.0            0
  0x0000000900000000      2.2      258.6            0
  0x9000000000000000      4.0      245.7            0
  0x000000000000000a      3.6      227.2            0
  0x00000000a0000000      3.0      251.7            0
  0x0000000a00000000      2.1      255.7            0
  0xa000000000000000      3.2      236.2            0
  0x000000000000000b      2.7      280.9            0
  0x00000000b0000000      4.8      235.6            0
  0x0000000b00000000      4.5      251.2            0
  0xb000000000000000      2.5      242.4            0
  0x000000000000000c      2.5      233.8            0
  0x00000000c0000000      3.0      253.9            0
  0x0000000c00000000      3.7      231.3            0
  0xc000000000000000      2.2      298.0            0
  0x000000000000000d      2.3      245.9            0
  0x00000000d0000000      3.4      255.3            0
  0x0000000d00000000      2.9      235.9            0
  0xd000000000000000      2.9      275.5            0
  0x000000000000000e      2.9      220.5            0
  0x00000000e0000000      5.1      245.3            0
  0x0000000e00000000      3.7      205.5            0
  0xe000000000000000      3.1      262.7            0
  0x000000000000000f      2.6      265.3            0
  0x00000000f0000000      2.3      223.5            0
  0x0000000f00000000      2.4      246.2            0
  0xf000000000000000      2.8      224.4            0
PASS max_repeats=0 max|z|=6.0 (all 115 deltas)
