# key=123456789abcdef0 N=2^22 kill_repeats=10
# null E[repeats/delta] = 2^22 * 2^-64 = 2^-42
# delta                  max|z|  low8_chi2 full_repeats
  0x0000000000000400      3.3      225.7            0
  0x0000000004000000     11.4      320.8            0
  0x0000000000000001      2.5      242.7            0
  0x0000000000000002      3.3      266.6            0
  0x0000000000000004      2.7      261.8            0
  0x0000000000000008      2.0      245.5            0
  0x0000000000000010      2.6      282.0            0
  0x0000000000000020      3.6      275.8            0
  0x0000000000000040      2.5      255.1            0
  0x0000000000000080      2.2      270.0            0
  0x0000000000000100      3.4      267.9            0
  0x0000000000000200      3.0      274.0            0
  0x0000000000000400      3.3      225.7            0
  0x0000000000000800      3.0      261.1            0
  0x0000000000001000      3.6      234.3            0
  0x0000000000002000      3.0      263.2            0
  0x0000000000004000      1.9      233.8            0
  0x0000000000008000      2.6      262.7            0
  0x0000000000010000      2.9      295.5            0
  0x0000000000020000      2.5      236.6            0
  0x0000000000040000      3.1      234.1            0
  0x0000000000080000      2.8      225.8            0
  0x0000000000100000      2.6      266.0            0
  0x0000000000200000      2.7      246.4            0
  0x0000000000400000      2.7      277.9            0
  0x0000000000800000      2.4      249.7            0
  0x0000000001000000      3.9      258.7            0
  0x0000000002000000      2.4      242.2            0
  0x0000000004000000     11.4      320.8            0
  0x0000000008000000      3.3      260.8            0
  0x0000000010000000      3.2      256.0            0
  0x0000000020000000      2.0      254.7            0
  0x0000000040000000      2.4      241.2            0
  0x0000000080000000      2.4      272.4            0
  0x0000000100000000      2.7      239.5            0
  0x0000000200000000      3.3      280.5            0
  0x0000000400000000      2.1      276.3            0
  0x0000000800000000      2.1      214.2            0
  0x0000001000000000      2.6      273.9            0
  0x0000002000000000      2.4      234.3            0
  0x0000004000000000      3.1      235.8            0
  0x0000008000000000      2.7      266.3            0
  0x0000010000000000      7.0      229.8            0
  0x0000020000000000      3.0      222.3            0
  0x0000040000000000      2.6      260.7            0
  0x0000080000000000      2.8      263.9            0
  0x0000100000000000      2.8      238.9            0
  0x0000200000000000      2.4      234.0            0
  0x0000400000000000      2.8      267.0            0
  0x0000800000000000      2.2      269.3            0
  0x0001000000000000      2.8      302.5            0
  0x0002000000000000      2.0      241.1            0
  0x0004000000000000      2.8      263.7            0
  0x0008000000000000      3.1      248.0            0
  0x0010000000000000      2.6      264.1            0
  0x0020000000000000      2.1      273.6            0
  0x0040000000000000      5.7      289.3            0
  0x0080000000000000      5.0      273.6            0
  0x0100000000000000      4.8      245.7            0
  0x0200000000000000      2.4      247.4            0
  0x0400000000000000      9.5      244.5            0
  0x0800000000000000      2.5      265.5            0
  0x1000000000000000      2.3      284.6            0
  0x2000000000000000      2.8      260.5            0
  0x4000000000000000      2.3      266.7            0
  0x8000000000000000      2.7      252.7            0
  0x0000000000000003      2.4      250.2            0
  0x0000000000000005      3.3      241.0            0
  0x0000000000000009      2.6      301.9            0
  0x0000000000000011      2.3      220.3            0
  0x8000000000000001      2.4      241.7            0
  0x0000000100000001      2.5      215.7            0
  0xf0f0f0f0f0f0f0f0      2.9      289.2            0
  0xffffffffffffffff      2.1      239.4            0
  0x0000000030000000      2.5      245.8            0
  0x0000000300000000      2.9      271.6            0
  0x3000000000000000      2.2      273.5            0
  0x0000000050000000      2.6      296.8            0
  0x0000000500000000      2.4      252.3            0
  0x5000000000000000      3.1      274.2            0
  0x0000000000000006      2.6      278.1            0
  0x0000000060000000      6.4      243.6            0
  0x0000000600000000      7.4      250.0            0
  0x6000000000000000      2.4      299.7            0
  0x0000000000000007      2.9      272.9            0
  0x0000000070000000      2.5      267.3            0
  0x0000000700000000      2.9      269.7            0
  0x7000000000000000      2.4      302.7            0
  0x0000000090000000      2.2      230.2            0
  0x0000000900000000      2.3      290.7            0
  0x9000000000000000     10.1      263.3            0
  0x000000000000000a      2.2      225.8            0
  0x00000000a0000000      3.0      264.6            0
  0x0000000a00000000      3.1      266.7            0
  0xa000000000000000      2.3      237.6            0
  0x000000000000000b      3.8      263.8            0
  0x00000000b0000000      2.6      236.2            0
  0x0000000b00000000      2.9      277.3            0
  0xb000000000000000      2.4      260.2            0
  0x000000000000000c      2.9      291.5            0
  0x00000000c0000000      2.4      250.3            0
  0x0000000c00000000      3.9      265.8            0
  0xc000000000000000      2.5      226.2            0
  0x000000000000000d      2.6      251.1            0
  0x00000000d0000000      6.4      286.2            0
  0x0000000d00000000      3.6      263.2            0
  0xd000000000000000      2.6      272.6            0
  0x000000000000000e      2.2      232.1            0
  0x00000000e0000000      2.9      322.8            0
  0x0000000e00000000      3.2      207.5            0
  0xe000000000000000      2.6      279.8            0
  0x000000000000000f      2.0      244.5            0
  0x00000000f0000000      3.9      274.6            0
  0x0000000f00000000      1.8      232.3            0
  0xf000000000000000      3.0      232.4            0
PASS max_repeats=0 max|z|=11.4 (all 115 deltas)
