# key=123456789abcdef0 N=2^22 kill_repeats=10
# null E[repeats/delta] = 2^22 * 2^-64 = 2^-42
# delta                  max|z|  low8_chi2 full_repeats
  0x0000000000000400      2.8      274.2            0
  0x0000000004000000      2.2      235.6            0
  0x0000000000000001      2.6      235.1            0
  0x0000000000000002      2.7      240.7            0
  0x0000000000000004      2.3      233.1            0
  0x0000000000000008      2.2      303.0            0
  0x0000000000000010      2.6      266.9            0
  0x0000000000000020      2.4      222.8            0
  0x0000000000000040      3.8      253.5            0
  0x0000000000000080      3.2      286.1            0
  0x0000000000000100      2.2      260.6            0
  0x0000000000000200      2.2      265.4            0
  0x0000000000000400      2.8      274.2            0
  0x0000000000000800      1.9      255.9            0
  0x0000000000001000      3.1      236.6            0
  0x0000000000002000      2.7      277.0            0
  0x0000000000004000      2.0      227.6            0
  0x0000000000008000      2.6      292.9            0
  0x0000000000010000      3.2      260.7            0
  0x0000000000020000      2.7      223.4            0
  0x0000000000040000      4.0      267.1            0
  0x0000000000080000      2.2      242.4            0
  0x0000000000100000      2.7      235.6            0
  0x0000000000200000      2.9      275.1            0
  0x0000000000400000      2.4      281.2            0
  0x0000000000800000      2.7      258.9            0
  0x0000000001000000      2.9      225.7            0
  0x0000000002000000      2.4      248.7            0
  0x0000000004000000      2.2      235.6            0
  0x0000000008000000      8.7      256.7            0
  0x0000000010000000      2.3      255.9            0
  0x0000000020000000      2.1      278.2            0
  0x0000000040000000      1.8      263.4            0
  0x0000000080000000      3.3      279.1            0
  0x0000000100000000      2.9      297.3            0
  0x0000000200000000      2.3      250.5            0
  0x0000000400000000      2.9      227.8            0
  0x0000000800000000      3.7      229.8            0
  0x0000001000000000      2.2      249.7            0
  0x0000002000000000      2.3      260.3            0
  0x0000004000000000      2.3      258.0            0
  0x0000008000000000      3.6      272.6            0
  0x0000010000000000      9.2      342.7            0
  0x0000020000000000      2.2      317.0            0
  0x0000040000000000      2.1      244.1            0
  0x0000080000000000      2.7      255.9            0
  0x0000100000000000      2.4      247.4            0
  0x0000200000000000      2.6      276.3            0
  0x0000400000000000      2.2      213.3            0
  0x0000800000000000      2.1      263.8            0
  0x0001000000000000      2.9      272.5            0
  0x0002000000000000      3.0      270.9            0
  0x0004000000000000      2.3      236.7            0
  0x0008000000000000      2.6      283.7            0
  0x0010000000000000      1.9      236.1            0
  0x0020000000000000      3.7      212.8            0
  0x0040000000000000      2.6      291.4            0
  0x0080000000000000      3.3      273.4            0
  0x0100000000000000      2.4      267.3            0
  0x0200000000000000      3.0      196.7            0
  0x0400000000000000      2.8      257.8            0
  0x0800000000000000      4.4      260.9            0
  0x1000000000000000      2.7      255.3            0
  0x2000000000000000      2.4      243.6            0
  0x4000000000000000      2.0      227.5            0
  0x8000000000000000      1.7      264.3            0
  0x0000000000000003      3.2      207.0            0
  0x0000000000000005      2.8      242.5            0
  0x0000000000000009      2.0      225.2            0
  0x0000000000000011      2.6      273.9            0
  0x8000000000000001      2.4      291.8            0
  0x0000000100000001      2.8      256.8            0
  0xf0f0f0f0f0f0f0f0      2.5      263.0            0
  0xffffffffffffffff      3.1      223.5            0
  0x0000000030000000      2.0      262.9            0
  0x0000000300000000      2.9      231.7            0
  0x3000000000000000      2.4      235.9            0
  0x0000000050000000      2.1      241.0            0
  0x0000000500000000      2.4      233.1            0
  0x5000000000000000      3.3      255.9            0
  0x0000000000000006      2.3      233.6            0
  0x0000000060000000      7.4      268.4            0
  0x0000000600000000      9.4      359.5            0
  0x6000000000000000      3.1      261.3            0
  0x0000000000000007      2.5      243.4            0
  0x0000000070000000      2.7      245.4            0
  0x0000000700000000      2.1      213.4            0
  0x7000000000000000      6.3      263.0            0
  0x0000000090000000      2.8      265.3            0
  0x0000000900000000      3.3      256.1            0
  0x9000000000000000      2.7      253.2            0
  0x000000000000000a      2.9      259.8            0
  0x00000000a0000000      2.8      258.9            0
  0x0000000a00000000      2.8      240.7            0
  0xa000000000000000      3.3      236.5            0
  0x000000000000000b      3.5      263.0            0
  0x00000000b0000000      2.5      232.3            0
  0x0000000b00000000      2.3      299.1            0
  0xb000000000000000      3.0      263.7            0
  0x000000000000000c      2.4      255.3            0
  0x00000000c0000000      2.2      242.4            0
  0x0000000c00000000      2.4      226.9            0
  0xc000000000000000      2.4      236.8            0
  0x000000000000000d      3.1      208.5            0
  0x00000000d0000000      2.7      258.2            0
  0x0000000d00000000      3.4      257.0            0
  0xd000000000000000      2.6      233.8            0
  0x000000000000000e      2.1      248.3            0
  0x00000000e0000000      2.7      222.6            0
  0x0000000e00000000      1.9      212.6            0
  0xe000000000000000      2.6      260.1            0
  0x000000000000000f      2.9      240.0            0
  0x00000000f0000000      2.3      252.0            0
  0x0000000f00000000      2.4      243.4            0
  0xf000000000000000      2.5      208.4            0
PASS max_repeats=0 max|z|=9.4 (all 115 deltas)
