RNG_test using PractRand version 0.96
RNG = RNG_stdin64, seed = unknown
test set = core, folding = standard (64 bit)

rng=RNG_stdin64, seed=unknown
length= 256 megabytes (2^28 bytes), time= 3.1 seconds
  no anomalies in 199 test result(s)

rng=RNG_stdin64, seed=unknown
length= 512 megabytes (2^29 bytes), time= 6.6 seconds
  no anomalies in 213 test result(s)

rng=RNG_stdin64, seed=unknown
length= 1 gigabyte (2^30 bytes), time= 13.3 seconds
  no anomalies in 227 test result(s)

rng=RNG_stdin64, seed=unknown
length= 2 gigabytes (2^31 bytes), time= 26.1 seconds
  Test Name                         Raw       Processed     Evaluation       
  DC6-9x1Bytes-1                    R=  +6.8  p =  5.1e-4   unusual          
  ...and 241 test result(s) without anomalies

rng=RNG_stdin64, seed=unknown
length= 4 gigabytes (2^32 bytes), time= 51.5 seconds
  no anomalies in 256 test result(s)

error reading from file
