# key=123456789abcdef0 N=2^22 kill_repeats=10
# null E[repeats/delta] = 2^22 * 2^-64 = 2^-42
# delta                  max|z|  low8_chi2 full_repeats
  0x0000000000000400      3.2      241.2            0
  0x0000000004000000     25.7      602.2            0
  0x0000000000000001      2.6      241.4            0
  0x0000000000000002      4.4      255.5            0
  0x0000000000000004      2.9      226.2            0
  0x0000000000000008      2.3      292.7            0
  0x0000000000000010      3.4      268.8            0
  0x0000000000000020      2.7      231.8            0
  0x0000000000000040      2.7      239.8            0
  0x0000000000000080      2.6      270.0            0
  0x0000000000000100      5.6      268.6            0
  0x0000000000000200      3.2      241.6            0
  0x0000000000000400      3.2      241.2            0
  0x0000000000000800      2.9      249.5            0
  0x0000000000001000      3.2      263.8            0
  0x0000000000002000      3.5      220.1            0
  0x0000000000004000      5.3      221.3            0
  0x0000000000008000      3.1      245.0            0
  0x0000000000010000      3.1      248.0            0
  0x0000000000020000      2.4      283.5            0
  0x0000000000040000      2.3      253.1            0
  0x0000000000080000      2.5      220.1            0
  0x0000000000100000      4.6      298.2            0
  0x0000000000200000      3.1      269.2            0
  0x0000000000400000      4.1      304.9            0
  0x0000000000800000      2.8      216.7            0
  0x0000000001000000      2.4      257.5            0
  0x0000000002000000      2.5      240.3            0
  0x0000000004000000     25.7      602.2            0
  0x0000000008000000      2.2      234.9            0
  0x0000000010000000     21.3      815.8            0
  0x0000000020000000      4.6      256.1            0
  0x0000000040000000      5.1      304.4            0
  0x0000000080000000      2.6      307.9            0
  0x0000000100000000     27.1     1469.7            0
  0x0000000200000000      4.0      294.1            0
  0x0000000400000000     10.5      290.6            0
  0x0000000800000000      2.5      254.7            0
  0x0000001000000000     27.6      536.0            0
  0x0000002000000000      3.0      295.8            0
  0x0000004000000000      9.2      367.3            0
  0x0000008000000000      2.6      258.9            0
  0x0000010000000000     12.5      389.8            0
  0x0000020000000000      2.4      242.8            0
  0x0000040000000000     16.5      270.4            0
  0x0000080000000000      2.6      282.4            0
  0x0000100000000000      2.1      274.2            0
  0x0000200000000000      2.6      247.4            0
  0x0000400000000000      2.5      252.8            0
  0x0000800000000000      2.8      210.1            0
  0x0001000000000000      2.7      246.0            0
  0x0002000000000000      3.2      250.6            0
  0x0004000000000000      2.8      268.1            0
  0x0008000000000000      2.8      274.7            0
  0x0010000000000000     16.7      453.8            0
  0x0020000000000000      3.4      254.3            0
  0x0040000000000000      5.0      290.2            0
  0x0080000000000000      6.0      266.7            0
  0x0100000000000000      2.9      244.0            0
  0x0200000000000000      2.5      255.4            0
  0x0400000000000000     12.5      259.5            0
  0x0800000000000000      2.3      244.0            0
  0x1000000000000000      3.4      252.0            0
  0x2000000000000000     11.2      337.6            0
  0x4000000000000000      2.4      217.1            0
  0x8000000000000000     10.2      257.4            0
  0x0000000000000003      2.4      260.1            0
  0x0000000000000005      2.8      279.9            0
  0x0000000000000009      2.2      240.1            0
  0x0000000000000011      2.8      264.9            0
  0x8000000000000001      3.0      243.0            0
  0x0000000100000001      2.2      261.8            0
  0xf0f0f0f0f0f0f0f0      2.5      247.8            0
  0xffffffffffffffff      2.1      240.7            0
  0x0000000030000000      3.1      240.1            0
  0x0000000300000000      2.7      248.9            0
  0x3000000000000000      2.7      232.5            0
  0x0000000050000000      2.5      250.2            0
  0x0000000500000000      3.6      286.2            0
  0x5000000000000000      3.2      258.1            0
  0x0000000000000006      2.1      255.2            0
  0x0000000060000000      2.8      262.6            0
  0x0000000600000000      2.1      250.9            0
  0x6000000000000000      2.4      241.3            0
  0x0000000000000007      2.5      251.5            0
  0x0000000070000000      3.1      248.3            0
  0x0000000700000000      2.4      272.7            0
  0x7000000000000000      2.3      266.8            0
  0x0000000090000000      2.3      262.7            0
  0x0000000900000000      2.7      277.0            0
  0x9000000000000000      2.2      235.1            0
  0x000000000000000a      2.9      232.2            0
  0x00000000a0000000      4.0      249.4            0
  0x0000000a00000000      2.8      240.9            0
  0xa000000000000000      3.0      249.2            0
  0x000000000000000b      2.4      287.5            0
  0x00000000b0000000      2.5      230.0            0
  0x0000000b00000000      2.4      223.2            0
  0xb000000000000000      3.1      272.2            0
  0x000000000000000c      3.7      245.6            0
  0x00000000c0000000      2.5      254.0            0
  0x0000000c00000000      3.4      253.5            0
  0xc000000000000000      2.6      260.5            0
  0x000000000000000d      2.2      277.1            0
  0x00000000d0000000      2.9      228.5            0
  0x0000000d00000000      9.0      291.7            0
  0xd000000000000000      2.3      266.6            0
  0x000000000000000e      2.6      246.8            0
  0x00000000e0000000      2.5      287.5            0
  0x0000000e00000000      2.5      263.1            0
  0xe000000000000000      2.5      218.6            0
  0x000000000000000f      3.4      223.2            0
  0x00000000f0000000      2.9      239.5            0
  0x0000000f00000000      2.9      242.3            0
  0xf000000000000000      2.5      237.2            0
PASS max_repeats=0 max|z|=27.6 (all 115 deltas)
