# key=123456789abcdef0 N=2^22 kill_repeats=10
# null E[repeats/delta] = 2^22 * 2^-64 = 2^-42
# delta                  max|z|  low8_chi2 full_repeats
  0x0000000000000400      2.7      223.2            0
  0x0000000004000000      2.9      270.5            0
  0x0000000000000001      2.9      295.7            0
  0x0000000000000002      6.0      267.8            0
  0x0000000000000004      2.1      233.3            0
  0x0000000000000008      5.3      271.9            0
  0x0000000000000010      2.9      258.9            0
  0x0000000000000020      7.4      248.5            2
  0x0000000000000040      2.4      280.0            0
  0x0000000000000080      5.6      270.0            0
  0x0000000000000100      2.4      264.2            0
  0x0000000000000200     12.2      208.0            1
  0x0000000000000400      2.7      223.2            0
  0x0000000000000800      9.7      252.4            0
  0x0000000000001000      2.5      301.7            0
  0x0000000000002000      6.6      346.3            2
  0x0000000000004000      2.7      250.7            0
  0x0000000000008000      7.3      282.9            0
  0x0000000000010000      2.4      239.7            0
  0x0000000000020000      4.6      360.8            0
  0x0000000000040000      2.6      274.7            0
  0x0000000000080000      4.2      300.1            0
  0x0000000000100000      2.4      247.1            0
  0x0000000000200000      2.6      270.7            0
  0x0000000000400000      2.3      302.6            0
  0x0000000000800000      4.8      281.5            0
  0x0000000001000000      2.6      237.6            0
  0x0000000002000000      2.6      226.9            0
  0x0000000004000000      2.9      270.5            0
  0x0000000008000000     20.5      521.5            8
  0x0000000010000000      2.1      268.5            0
  0x0000000020000000      2.9      262.2            0
  0x0000000040000000      2.4      232.9            0
  0x0000000080000000      2.8      245.4            0
  0x0000000100000000      2.2      244.3            0
  0x0000000200000000      2.8      245.0            0
  0x0000000400000000      1.9      241.0            0
  0x0000000800000000      2.6      257.2            1
  0x0000001000000000      2.1      240.0            0
  0x0000002000000000      2.3      258.2            0
  0x0000004000000000      3.2      280.6            0
  0x0000008000000000      3.1      254.9            0
  0x0000010000000000      2.0      292.4            0
  0x0000020000000000      2.5      215.7            0
  0x0000040000000000      2.3      241.8            0
  0x0000080000000000      3.3      254.6            0
  0x0000100000000000      2.5      221.2            0
  0x0000200000000000      2.6      211.1            0
  0x0000400000000000      2.2      292.7            0
  0x0000800000000000      3.5      244.5            0
  0x0001000000000000      2.4      258.4            0
  0x0002000000000000      2.8      220.5            0
  0x0004000000000000      3.0      272.6            0
  0x0008000000000000      2.6      249.8            0
  0x0010000000000000      2.4      244.7            0
  0x0020000000000000     20.1      552.6            5
  0x0040000000000000      2.6      253.2            0
  0x0080000000000000      2.1      261.6            0
  0x0100000000000000      3.0      246.8            0
  0x0200000000000000      2.4      247.4            0
  0x0400000000000000      2.4      248.1            0
  0x0800000000000000     26.2      899.1           22
KILL delta=0x0800000000000000 repeats=22 > kill_repeats=10
