# key=123456789abcdef0 N=2^22 kill_repeats=10
# null E[repeats/delta] = 2^22 * 2^-64 = 2^-42
# delta                  max|z|  low8_chi2 full_repeats
  0x0000000000000400      2.9      253.9            0
  0x0000000004000000      2.1      274.0            0
  0x0000000000000001      2.4      257.7            0
  0x0000000000000002      2.6      250.7            0
  0x0000000000000004      3.4      218.8            0
  0x0000000000000008      2.3      247.7            0
  0x0000000000000010      2.5      250.1            0
  0x0000000000000020      2.7      204.3            0
  0x0000000000000040      2.9      259.3            0
  0x0000000000000080      2.0      217.7            0
  0x0000000000000100      2.1      255.0            0
  0x0000000000000200      2.7      241.5            0
  0x0000000000000400      2.9      253.9            0
  0x0000000000000800      3.0      285.7            0
  0x0000000000001000      2.5      265.0            0
  0x0000000000002000      2.3      272.6            0
  0x0000000000004000      2.4      285.1            0
  0x0000000000008000      3.3      241.0            0
  0x0000000000010000      2.8      229.7            0
  0x0000000000020000      2.1      257.2            0
  0x0000000000040000      3.1      268.3            0
  0x0000000000080000      2.6      239.6            0
  0x0000000000100000      2.2      272.6            0
  0x0000000000200000      2.4      257.0            0
  0x0000000000400000      2.7      283.1            0
  0x0000000000800000      2.3      258.6            0
  0x0000000001000000      2.9      245.2            0
  0x0000000002000000      2.8      247.3            0
  0x0000000004000000      2.1      274.0            0
  0x0000000008000000      2.5      245.4            0
  0x0000000010000000      2.1      287.0            0
  0x0000000020000000      2.8      258.2            0
  0x0000000040000000      2.6      252.8            0
  0x0000000080000000      2.2      225.2            0
  0x0000000100000000      3.0      239.4            0
  0x0000000200000000      6.4      231.5            0
  0x0000000400000000      3.4      239.6            0
  0x0000000800000000      2.0      275.1            0
  0x0000001000000000      3.0      241.5            0
  0x0000002000000000      2.2      258.6            0
  0x0000004000000000      2.0      247.1            0
  0x0000008000000000      2.8      254.9            0
  0x0000010000000000      2.4      213.7            0
  0x0000020000000000      2.4      292.5            0
  0x0000040000000000      2.0      255.3            0
  0x0000080000000000      2.1      216.4            0
  0x0000100000000000      5.9      257.4            0
  0x0000200000000000      2.8      267.2            0
  0x0000400000000000      2.8      236.6            0
  0x0000800000000000      2.9      206.8            0
  0x0001000000000000      5.9      273.5            0
  0x0002000000000000      2.4      270.2            0
  0x0004000000000000      2.9      287.2            0
  0x0008000000000000      2.5      240.2            0
  0x0010000000000000      3.7      242.0            0
  0x0020000000000000      2.0      241.2            0
  0x0040000000000000      2.9      228.5            0
  0x0080000000000000      2.7      287.5            0
  0x0100000000000000      2.0      203.2            0
  0x0200000000000000      3.3      273.0            0
  0x0400000000000000      2.2      224.5            0
  0x0800000000000000      2.7      236.9            0
  0x1000000000000000      2.6      257.2            0
  0x2000000000000000      2.6      310.2            0
  0x4000000000000000      2.5      239.2            0
  0x8000000000000000      2.5      279.4            0
  0x0000000000000003      3.8      303.4            0
  0x0000000000000005      3.1      257.5            0
  0x0000000000000009      2.1      244.1            0
  0x0000000000000011      2.9      234.6            0
  0x8000000000000001      2.6      249.0            0
  0x0000000100000001      2.2      218.1            0
  0xf0f0f0f0f0f0f0f0      2.2      227.7            0
  0xffffffffffffffff      2.5      247.9            0
  0x0000000030000000      2.7      259.7            0
  0x0000000300000000      2.4      260.4            0
  0x3000000000000000      2.2      279.5            0
  0x0000000050000000      2.7      211.2            0
  0x0000000500000000      2.4      251.5            0
  0x5000000000000000      2.4      249.2            0
  0x0000000000000006      2.5      253.4            0
  0x0000000060000000      1.9      252.7            0
  0x0000000600000000      2.3      257.2            0
  0x6000000000000000      2.8      211.8            0
  0x0000000000000007      2.0      289.4            0
  0x0000000070000000      2.6      253.7            0
  0x0000000700000000      2.7      238.8            0
  0x7000000000000000      2.6      229.8            0
  0x0000000090000000      2.4      236.0            0
  0x0000000900000000      2.1      253.1            0
  0x9000000000000000      1.7      226.3            0
  0x000000000000000a      2.7      216.5            0
  0x00000000a0000000      2.0      300.2            0
  0x0000000a00000000      2.7      208.6            0
  0xa000000000000000      2.3      266.7            0
  0x000000000000000b      2.0      296.5            0
  0x00000000b0000000      2.6      273.3            0
  0x0000000b00000000      2.1      214.8            0
  0xb000000000000000      2.7      276.8            0
  0x000000000000000c      2.6      283.4            0
  0x00000000c0000000      3.3      266.6            0
  0x0000000c00000000      2.2      240.5            0
  0xc000000000000000      2.9      277.4            0
  0x000000000000000d      2.0      234.4            0
  0x00000000d0000000      2.8      249.6            0
  0x0000000d00000000      2.6      229.3            0
  0xd000000000000000      2.7      276.2            0
  0x000000000000000e      3.2      228.3            0
  0x00000000e0000000      2.4      232.2            0
  0x0000000e00000000      3.1      206.9            0
  0xe000000000000000      2.3      245.2            0
  0x000000000000000f      2.6      290.1            0
  0x00000000f0000000      3.4      285.6            0
  0x0000000f00000000      2.7      252.8            0
  0xf000000000000000      2.7      257.3            0
PASS max_repeats=0 max|z|=6.4 (all 115 deltas)
