# key=123456789abcdef0 N=2^22 kill_repeats=10
# null E[repeats/delta] = 2^22 * 2^-64 = 2^-42
# delta                  max|z|  low8_chi2 full_repeats
  0x0000000000000400      2.8      244.3            0
  0x0000000004000000      9.9      330.2            0
  0x0000000000000001      4.0      229.0            0
  0x0000000000000002      3.1      257.2            0
  0x0000000000000004      2.6      234.3            0
  0x0000000000000008      3.0      267.9            0
  0x0000000000000010      3.1      291.5            0
  0x0000000000000020      2.8      235.7            0
  0x0000000000000040      2.2      253.8            0
  0x0000000000000080      3.3      249.3            0
  0x0000000000000100      2.5      249.8            0
  0x0000000000000200      3.2      247.8            0
  0x0000000000000400      2.8      244.3            0
  0x0000000000000800      2.2      259.4            0
  0x0000000000001000      3.6      248.9            0
  0x0000000000002000      3.4      291.4            0
  0x0000000000004000      2.5      285.0            0
  0x0000000000008000      2.7      252.7            0
  0x0000000000010000      3.9      284.5            0
  0x0000000000020000      2.1      275.7            0
  0x0000000000040000      2.8      220.2            0
  0x0000000000080000      2.0      240.8            0
  0x0000000000100000      6.0      249.8            0
  0x0000000000200000      2.7      253.0            0
  0x0000000000400000      3.0      229.5            0
  0x0000000000800000      3.6      250.1            0
  0x0000000001000000      2.2      260.6            0
  0x0000000002000000      2.6      238.5            0
  0x0000000004000000      9.9      330.2            0
  0x0000000008000000      3.1      277.5            0
  0x0000000010000000      9.6      383.2            0
  0x0000000020000000      2.9      247.2            0
  0x0000000040000000      6.9      366.1            0
  0x0000000080000000      3.7      202.3            0
  0x0000000100000000     25.6     1075.2            0
  0x0000000200000000      2.9      254.1            0
  0x0000000400000000      9.5      307.5            0
  0x0000000800000000      3.3      266.4            0
  0x0000001000000000     17.2      318.4            0
  0x0000002000000000      3.0      260.1            0
  0x0000004000000000      6.3      319.7            0
  0x0000008000000000      3.2      281.4            0
  0x0000010000000000      9.2      328.7            0
  0x0000020000000000      2.8      279.2            0
  0x0000040000000000      5.5      277.2            0
  0x0000080000000000      2.7      272.9            0
  0x0000100000000000      2.7      244.6            0
  0x0000200000000000      2.4      243.4            0
  0x0000400000000000      2.0      248.5            0
  0x0000800000000000      3.8      248.9            1
  0x0001000000000000      2.6      229.5            0
  0x0002000000000000      3.6      237.5            0
  0x0004000000000000      3.1      266.2            0
  0x0008000000000000      2.4      245.4            0
  0x0010000000000000      8.7      252.6            0
  0x0020000000000000      4.8      303.0            0
  0x0040000000000000      5.5      274.9            0
  0x0080000000000000      2.7      277.3            0
  0x0100000000000000      2.5      291.4            0
  0x0200000000000000      2.5      239.7            0
  0x0400000000000000      5.6      276.4            0
  0x0800000000000000      6.5      256.9            0
  0x1000000000000000      4.1      250.4            0
  0x2000000000000000      4.9      283.3            0
  0x4000000000000000      2.7      221.1            0
  0x8000000000000000      2.7      259.6            0
  0x0000000000000003      2.1      266.2            0
  0x0000000000000005      2.7      238.1            0
  0x0000000000000009      3.0      259.3            0
  0x0000000000000011      2.3      246.6            0
  0x8000000000000001      2.2      238.1            0
  0x0000000100000001      2.5      224.2            0
  0xf0f0f0f0f0f0f0f0      2.9      245.6            0
  0xffffffffffffffff      2.1      303.5            0
  0x0000000030000000      2.2      192.4            0
  0x0000000300000000      2.9      274.5            0
  0x3000000000000000      2.2      253.8            0
  0x0000000050000000      2.8      313.4            0
  0x0000000500000000      2.1      257.2            0
  0x5000000000000000      3.1      270.7            0
  0x0000000000000006      2.2      273.2            0
  0x0000000060000000      3.0      234.5            0
  0x0000000600000000      2.5      209.7            0
  0x6000000000000000      3.0      289.2            0
  0x0000000000000007      3.3      264.5            0
  0x0000000070000000      2.9      278.6            0
  0x0000000700000000      2.6      257.5            0
  0x7000000000000000      2.3      253.2            0
  0x0000000090000000      2.5      244.0            0
  0x0000000900000000      2.4      280.8            0
  0x9000000000000000      2.1      237.7            0
  0x000000000000000a      3.3      247.4            0
  0x00000000a0000000      2.4      237.9            0
  0x0000000a00000000      1.9      255.1            0
  0xa000000000000000      3.2      293.5            0
  0x000000000000000b      3.3      229.9            0
  0x00000000b0000000      2.8      221.7            0
  0x0000000b00000000      2.3      241.2            0
  0xb000000000000000      2.0      251.7            0
  0x000000000000000c      2.6      224.2            0
  0x00000000c0000000      3.3      235.4            0
  0x0000000c00000000      2.3      258.0            0
  0xc000000000000000      2.7      255.8            0
  0x000000000000000d      3.9      245.4            0
  0x00000000d0000000      2.5      238.3            0
  0x0000000d00000000      2.0      296.5            0
  0xd000000000000000     15.2      355.6            0
  0x000000000000000e      2.9      294.5            0
  0x00000000e0000000      3.5      293.1            0
  0x0000000e00000000      2.6      283.0            0
  0xe000000000000000      2.4      242.4            0
  0x000000000000000f      2.7      258.4            0
  0x00000000f0000000      2.4      203.9            0
  0x0000000f00000000      2.6      245.9            0
  0xf000000000000000      2.1      278.9            0
PASS max_repeats=1 max|z|=25.6 (all 115 deltas)
