# key=123456789abcdef0 N=2^22 kill_repeats=10
# null E[repeats/delta] = 2^22 * 2^-64 = 2^-42
# delta                  max|z|  low8_chi2 full_repeats
  0x0000000000000400      2.7      215.9            0
  0x0000000004000000      3.0      287.3            0
  0x0000000000000001      2.1      261.8            0
  0x0000000000000002      2.8      260.2            0
  0x0000000000000004      3.0      273.2            0
  0x0000000000000008      4.0      261.2            0
  0x0000000000000010      2.8      256.5            0
  0x0000000000000020      1.8      260.5            0
  0x0000000000000040      4.6      263.2            0
  0x0000000000000080      3.6      257.2            0
  0x0000000000000100      2.2      239.0            0
  0x0000000000000200      2.2      245.1            0
  0x0000000000000400      2.7      215.9            0
  0x0000000000000800      2.5      221.9            0
  0x0000000000001000      2.5      235.2            0
  0x0000000000002000      2.3      232.5            0
  0x0000000000004000      2.5      221.6            0
  0x0000000000008000      4.0      230.0            0
  0x0000000000010000      2.6      247.1            0
  0x0000000000020000      3.6      268.6            0
  0x0000000000040000      2.8      255.9            0
  0x0000000000080000      5.6      274.5            0
  0x0000000000100000      7.4      209.9            0
  0x0000000000200000      4.4      299.4            0
  0x0000000000400000      2.3      276.9            0
  0x0000000000800000      3.4      265.4            0
  0x0000000001000000      2.8      251.0            0
  0x0000000002000000      3.4      234.5            0
  0x0000000004000000      3.0      287.3            0
  0x0000000008000000      4.9      254.3            0
  0x0000000010000000      2.9      223.5            0
  0x0000000020000000      3.3      245.1            0
  0x0000000040000000      2.7      217.7            0
  0x0000000080000000      2.4      243.1            0
  0x0000000100000000      2.5      238.3            0
  0x0000000200000000      2.1      258.6            0
  0x0000000400000000      2.3      239.9            0
  0x0000000800000000      2.2      287.4            0
  0x0000001000000000      2.9      252.6            0
  0x0000002000000000      2.3      240.1            0
  0x0000004000000000      3.0      291.3            0
  0x0000008000000000      2.1      258.6            0
  0x0000010000000000      4.1      250.2            0
  0x0000020000000000     11.0      255.3            0
  0x0000040000000000      2.1      243.6            0
  0x0000080000000000     10.7      282.4            0
  0x0000100000000000      2.5      246.5            0
  0x0000200000000000      3.7      269.8            0
  0x0000400000000000      7.7      241.6            0
  0x0000800000000000      2.7      233.7            0
  0x0001000000000000      7.0      312.2            0
  0x0002000000000000     12.5      370.6            0
  0x0004000000000000      2.6      240.0            0
  0x0008000000000000      2.2      239.1            0
  0x0010000000000000      2.5      250.3            0
  0x0020000000000000      2.9      257.2            0
  0x0040000000000000      2.2      288.0            0
  0x0080000000000000      2.0      317.9            0
  0x0100000000000000      2.2      291.7            0
  0x0200000000000000      3.1      278.4            0
  0x0400000000000000      6.3      262.3            0
  0x0800000000000000      4.6      291.5            0
  0x1000000000000000      2.5      243.5            0
  0x2000000000000000      3.2      282.7            0
  0x4000000000000000      3.8      252.1            0
  0x8000000000000000      7.6      213.0            0
  0x0000000000000003      3.3      247.4            0
  0x0000000000000005      7.6      267.5            0
  0x0000000000000009      2.5      225.1            0
  0x0000000000000011      2.6      278.8            0
  0x8000000000000001      2.2      238.9            0
  0x0000000100000001      2.6      209.0            0
  0xf0f0f0f0f0f0f0f0      3.1      216.8            0
  0xffffffffffffffff      2.8      259.3            0
  0x0000000030000000      8.8      251.4            0
  0x0000000300000000      7.9      270.0            0
  0x3000000000000000      2.1      266.0            0
  0x0000000050000000      1.7      252.8            0
  0x0000000500000000      2.2      239.0            0
  0x5000000000000000     11.1      301.4            0
  0x0000000000000006      2.6      223.3            0
  0x0000000060000000      2.7      261.5            0
  0x0000000600000000      2.6      263.4            0
  0x6000000000000000      5.5      328.8            0
  0x0000000000000007      5.5      237.5            0
  0x0000000070000000      3.5      264.4            0
  0x0000000700000000      2.5      282.3            0
  0x7000000000000000      2.8      265.6            0
  0x0000000090000000      3.1      249.2            0
  0x0000000900000000      2.9      229.9            0
  0x9000000000000000      3.0      278.0            0
  0x000000000000000a      3.3      286.4            0
  0x00000000a0000000      2.6      305.6            0
  0x0000000a00000000      2.8      264.4            0
  0xa000000000000000      2.4      249.7            0
  0x000000000000000b      3.4      233.2            0
  0x00000000b0000000      3.8      257.1            0
  0x0000000b00000000      3.4      334.8            0
  0xb000000000000000      2.6      272.3            0
  0x000000000000000c      2.8      202.4            0
  0x00000000c0000000      3.2      287.5            0
  0x0000000c00000000      3.0      236.3            0
  0xc000000000000000      2.7      260.5            0
  0x000000000000000d      3.5      290.5            0
  0x00000000d0000000     27.9      338.4            0
  0x0000000d00000000     64.2      459.1            0
  0xd000000000000000      2.9      242.8            0
  0x000000000000000e      2.3      269.4            0
  0x00000000e0000000      2.7      213.9            0
  0x0000000e00000000      9.1      261.1            0
  0xe000000000000000      2.4      252.9            0
  0x000000000000000f      3.4      278.3            0
  0x00000000f0000000      2.4      272.8            0
  0x0000000f00000000      2.9      224.2            0
  0xf000000000000000      3.4      232.3            0
PASS max_repeats=0 max|z|=64.2 (all 115 deltas)
