# key=123456789abcdef0 N=2^22 kill_repeats=10
# null E[repeats/delta] = 2^22 * 2^-64 = 2^-42
# delta                  max|z|  low8_chi2 full_repeats
  0x0000000000000400      2.6      267.4            0
  0x0000000004000000      2.2      239.5            0
  0x0000000000000001      2.2      272.3            0
  0x0000000000000002      2.6      269.0            0
  0x0000000000000004      2.8      219.9            0
  0x0000000000000008      2.8      263.8            0
  0x0000000000000010      3.0      256.9            0
  0x0000000000000020      2.5      280.7            0
  0x0000000000000040      2.0      295.7            0
  0x0000000000000080      2.3      223.8            0
  0x0000000000000100      2.4      282.8            0
  0x0000000000000200      2.6      248.5            0
  0x0000000000000400      2.6      267.4            0
  0x0000000000000800      2.7      233.4            0
  0x0000000000001000      2.3      298.9            0
  0x0000000000002000      3.2      273.9            0
  0x0000000000004000      2.8      241.1            0
  0x0000000000008000      2.1      241.0            0
  0x0000000000010000      2.7      251.4            0
  0x0000000000020000      2.4      276.8            0
  0x0000000000040000      3.0      230.5            0
  0x0000000000080000      2.3      236.3            0
  0x0000000000100000      3.4      226.9            0
  0x0000000000200000      2.5      261.1            0
  0x0000000000400000      6.8      237.9            0
  0x0000000000800000      2.3      234.4            0
  0x0000000001000000      3.1      229.1            0
  0x0000000002000000      3.2      203.3            0
  0x0000000004000000      2.2      239.5            0
  0x0000000008000000      2.2      219.4            0
  0x0000000010000000     19.1      602.9            0
  0x0000000020000000      3.7      269.3            0
  0x0000000040000000      3.2      262.6            0
  0x0000000080000000      2.3      264.8            0
  0x0000000100000000     12.2      311.6            0
  0x0000000200000000      2.3      280.0            0
  0x0000000400000000      2.4      269.7            0
  0x0000000800000000      2.5      228.7            0
  0x0000001000000000     19.3      277.8            0
  0x0000002000000000      2.7      242.4            0
  0x0000004000000000      2.0      221.1            0
  0x0000008000000000      2.1      234.0            0
  0x0000010000000000      3.1      230.3            0
  0x0000020000000000      2.6      297.7            0
  0x0000040000000000      2.4      239.7            0
  0x0000080000000000      4.5      257.1            0
  0x0000100000000000      5.2      225.3            0
  0x0000200000000000      2.2      266.1            0
  0x0000400000000000      2.3      218.9            0
  0x0000800000000000      2.7      267.6            0
  0x0001000000000000      3.0      305.6            0
  0x0002000000000000      2.7      238.9            0
  0x0004000000000000      8.6      257.1            0
  0x0008000000000000      2.5      251.4            0
  0x0010000000000000     19.0      229.3            0
  0x0020000000000000      2.5      248.0            0
  0x0040000000000000      2.6      255.7            0
  0x0080000000000000      3.6      258.8            0
  0x0100000000000000      3.1      285.8            0
  0x0200000000000000      3.0      255.2            0
  0x0400000000000000      2.7      243.3            0
  0x0800000000000000      2.2      300.4            0
  0x1000000000000000      2.5      247.1            0
  0x2000000000000000      3.2      291.1            0
  0x4000000000000000      3.0      273.4            0
  0x8000000000000000      2.2      228.1            0
  0x0000000000000003      3.3      293.8            0
  0x0000000000000005      3.5      243.4            0
  0x0000000000000009      3.1      262.6            1
  0x0000000000000011      2.0      226.7            0
  0x8000000000000001      1.9      245.6            0
  0x0000000100000001      2.7      205.9            0
  0xf0f0f0f0f0f0f0f0      2.3      264.3            0
  0xffffffffffffffff      2.0      232.2            0
  0x0000000030000000      4.7      241.3            0
  0x0000000300000000      2.7      242.0            0
  0x3000000000000000      2.7      249.1            0
  0x0000000050000000      2.1      218.7            0
  0x0000000500000000      2.7      268.6            0
  0x5000000000000000     18.4      360.8            0
  0x0000000000000006      2.7      271.4            0
  0x0000000060000000      2.3      252.6            0
  0x0000000600000000      2.8      276.9            0
  0x6000000000000000      3.5      261.3            0
  0x0000000000000007      2.3      270.9            0
  0x0000000070000000      2.8      244.1            0
  0x0000000700000000      2.7      265.3            0
  0x7000000000000000      2.7      270.4            0
  0x0000000090000000      2.3      247.7            0
  0x0000000900000000      2.2      243.2            0
  0x9000000000000000      2.8      281.1            0
  0x000000000000000a      3.1      255.4            0
  0x00000000a0000000      2.2      261.9            0
  0x0000000a00000000      2.3      263.0            0
  0xa000000000000000      2.8      251.4            0
  0x000000000000000b      2.7      252.0            0
  0x00000000b0000000      2.5      281.0            0
  0x0000000b00000000      2.8      260.3            0
  0xb000000000000000      2.8      268.4            0
  0x000000000000000c      2.2      234.8            0
  0x00000000c0000000      2.5      222.3            0
  0x0000000c00000000      2.8      253.7            0
  0xc000000000000000      3.1      231.5            0
  0x000000000000000d      3.5      249.7            0
  0x00000000d0000000      2.2      301.4            0
  0x0000000d00000000      2.4      239.0            0
  0xd000000000000000      3.0      262.6            0
  0x000000000000000e      2.2      245.7            0
  0x00000000e0000000      2.6      291.6            0
  0x0000000e00000000      2.2      261.9            0
  0xe000000000000000      2.1      252.1            0
  0x000000000000000f      3.7      236.0            0
  0x00000000f0000000      2.8      236.7            0
  0x0000000f00000000      2.2      260.9            0
  0xf000000000000000      2.7      220.9            0
PASS max_repeats=1 max|z|=19.3 (all 115 deltas)
