# key=123456789abcdef0 N=2^22 kill_repeats=10
# null E[repeats/delta] = 2^22 * 2^-64 = 2^-42
# delta                  max|z|  low8_chi2 full_repeats
  0x0000000000000400      3.0      281.1            0
  0x0000000004000000      3.2      270.2            0
  0x0000000000000001      2.1      257.3            0
  0x0000000000000002      2.9      234.8            0
  0x0000000000000004      2.5      254.9            0
  0x0000000000000008      3.2      279.0            0
  0x0000000000000010      2.4      222.7            0
  0x0000000000000020      2.6      275.6            0
  0x0000000000000040      2.7      255.8            0
  0x0000000000000080      3.4      273.3            0
  0x0000000000000100      3.2      269.3            0
  0x0000000000000200      2.9      279.6            0
  0x0000000000000400      3.0      281.1            0
  0x0000000000000800      2.9      295.7            0
  0x0000000000001000      1.6      238.6            0
  0x0000000000002000      2.4      270.8            0
  0x0000000000004000      2.5      300.0            0
  0x0000000000008000      2.5      290.9            0
  0x0000000000010000      2.4      295.1            0
  0x0000000000020000      2.9      229.0            0
  0x0000000000040000      2.9      319.1            0
  0x0000000000080000      2.3      233.6            0
  0x0000000000100000      3.1      236.7            0
  0x0000000000200000      3.0      262.4            0
  0x0000000000400000      4.1      279.5            0
  0x0000000000800000      2.5      260.8            0
  0x0000000001000000      4.6      269.6            0
  0x0000000002000000      2.5      255.7            0
  0x0000000004000000      3.2      270.2            0
  0x0000000008000000      2.6      281.6            0
  0x0000000010000000      3.2      235.2            0
  0x0000000020000000      2.1      271.4            0
  0x0000000040000000      9.4      257.0            1
  0x0000000080000000      3.3      235.1            0
  0x0000000100000000      2.3      250.9            0
  0x0000000200000000      2.3      232.1            0
  0x0000000400000000     16.2      673.4            0
  0x0000000800000000      2.6      263.9            0
  0x0000001000000000      3.7      235.9            0
  0x0000002000000000      2.4      253.3            0
  0x0000004000000000      8.2      324.3            1
  0x0000008000000000      3.4      261.2            0
  0x0000010000000000      2.4      231.6            0
  0x0000020000000000      2.6      262.5            0
  0x0000040000000000     11.8      289.1            0
  0x0000080000000000      2.8      264.9            0
  0x0000100000000000      3.3      250.5            0
  0x0000200000000000      2.3      260.6            0
  0x0000400000000000      3.1      271.2            0
  0x0000800000000000      3.3      228.1            0
  0x0001000000000000      2.7      253.6            0
  0x0002000000000000      2.9      252.9            0
  0x0004000000000000      9.8      243.3            0
  0x0008000000000000      2.3      245.8            0
  0x0010000000000000      2.4      246.7            0
  0x0020000000000000      3.0      303.6            0
  0x0040000000000000      5.3      275.2            0
  0x0080000000000000      3.8      287.0            0
  0x0100000000000000      4.4      276.2            0
  0x0200000000000000      3.4      226.7            0
  0x0400000000000000      2.4      258.6            0
  0x0800000000000000      4.8      261.1            0
  0x1000000000000000      3.1      249.2            0
  0x2000000000000000      2.4      235.8            0
  0x4000000000000000      2.8      266.1            0
  0x8000000000000000      2.2      203.7            0
  0x0000000000000003      2.3      240.0            0
  0x0000000000000005      3.0      282.3            0
  0x0000000000000009      3.1      304.6            0
  0x0000000000000011      2.0      274.0            0
  0x8000000000000001      3.0      264.1            0
  0x0000000100000001      2.7      254.0            0
  0xf0f0f0f0f0f0f0f0      3.0      235.9            0
  0xffffffffffffffff      2.3      266.1            0
  0x0000000030000000      2.3      262.0            0
  0x0000000300000000      2.7      255.2            0
  0x3000000000000000      2.6      304.5            0
  0x0000000050000000      2.7      252.1            0
  0x0000000500000000      3.4      248.2            0
  0x5000000000000000      6.8      276.8            0
  0x0000000000000006      2.7      272.9            0
  0x0000000060000000      2.6      260.0            0
  0x0000000600000000      2.7      259.1            0
  0x6000000000000000      3.3      227.8            0
  0x0000000000000007      2.9      184.3            0
  0x0000000070000000      2.6      274.9            0
  0x0000000700000000      2.9      272.9            0
  0x7000000000000000      2.2      215.0            0
  0x0000000090000000      2.2      258.1            0
  0x0000000900000000      2.7      318.2            0
  0x9000000000000000      8.6      273.4            0
  0x000000000000000a      2.5      269.9            0
  0x00000000a0000000      2.7      275.3            0
  0x0000000a00000000      2.5      240.1            0
  0xa000000000000000      2.7      245.9            0
  0x000000000000000b      2.9      224.0            0
  0x00000000b0000000      3.3      222.6            0
  0x0000000b00000000      2.4      262.5            0
  0xb000000000000000      2.5      261.3            0
  0x000000000000000c      2.2      277.3            0
  0x00000000c0000000      2.0      253.1            0
  0x0000000c00000000      2.6      221.8            0
  0xc000000000000000      3.1      239.8            0
  0x000000000000000d      2.0      244.1            0
  0x00000000d0000000      7.5      286.8            0
  0x0000000d00000000      5.4      307.5            0
  0xd000000000000000      2.0      299.9            0
  0x000000000000000e      3.0      251.6            0
  0x00000000e0000000      6.0      299.4            0
  0x0000000e00000000      4.6      218.1            0
  0xe000000000000000      2.9      303.4            0
  0x000000000000000f      2.5      314.4            0
  0x00000000f0000000      2.3      223.8            0
  0x0000000f00000000      2.7      261.3            0
  0xf000000000000000      2.2      237.2            0
PASS max_repeats=1 max|z|=16.2 (all 115 deltas)
