# key=123456789abcdef0 N=2^22 kill_repeats=10
# null E[repeats/delta] = 2^22 * 2^-64 = 2^-42
# delta                  max|z|  low8_chi2 full_repeats
  0x0000000000000400      5.8      260.6            0
  0x0000000004000000      2.5      253.6            0
  0x0000000000000001      2.8      258.9            0
  0x0000000000000002      3.0      290.3            0
  0x0000000000000004      3.6      266.1            0
  0x0000000000000008      2.5      260.0            0
  0x0000000000000010      2.2      234.4            0
  0x0000000000000020      3.2      243.7            0
  0x0000000000000040      3.1      250.6            0
  0x0000000000000080      2.3      239.3            0
  0x0000000000000100     12.4      375.3            0
  0x0000000000000200     12.0      313.4            0
  0x0000000000000400      5.8      260.6            0
  0x0000000000000800      6.5      298.4            0
  0x0000000000001000      3.0      245.8            0
  0x0000000000002000      2.5      228.6            0
  0x0000000000004000      2.7      268.7            0
  0x0000000000008000      3.8      274.5            0
  0x0000000000010000      5.4      295.1            0
  0x0000000000020000      6.8      265.6            0
  0x0000000000040000      3.2      290.7            0
  0x0000000000080000      3.6      252.5            0
  0x0000000000100000      8.8      265.1            0
  0x0000000000200000      3.3      251.2            0
  0x0000000000400000      3.7      234.5            0
  0x0000000000800000      4.2      249.8            0
  0x0000000001000000      2.8      258.7            0
  0x0000000002000000     13.6      349.9            0
  0x0000000004000000      2.5      253.6            0
  0x0000000008000000     17.4      330.6            0
  0x0000000010000000     12.4      287.2            0
  0x0000000020000000      2.1      258.3            0
  0x0000000040000000     25.7      509.0            0
  0x0000000080000000      2.6      286.7            0
  0x0000000100000000     39.9     1675.8            0
  0x0000000200000000      2.4      263.6            0
  0x0000000400000000     29.7      380.2            0
  0x0000000800000000      2.6      255.5            0
  0x0000001000000000     20.0      655.9            0
  0x0000002000000000      3.0      231.8            0
  0x0000004000000000      5.8      270.2            0
  0x0000008000000000      2.6      243.1            0
  0x0000010000000000     26.9      529.9            0
  0x0000020000000000      2.0      269.3            0
  0x0000040000000000     27.4      455.7            1
  0x0000080000000000     12.5      481.2            0
  0x0000100000000000      2.3      257.1            0
  0x0000200000000000     10.6      319.7            0
  0x0000400000000000      2.5      198.9            0
  0x0000800000000000      2.0      262.9            0
  0x0001000000000000     12.5      275.1            0
  0x0002000000000000      2.2      231.1            0
  0x0004000000000000      2.4      269.7            0
  0x0008000000000000      2.9      262.6            0
  0x0010000000000000     31.1      773.5            0
  0x0020000000000000      2.8      250.4            0
  0x0040000000000000      8.7      295.0            0
  0x0080000000000000      1.9      285.5            0
  0x0100000000000000      2.8      293.4            0
  0x0200000000000000      8.5      294.7            0
  0x0400000000000000      2.4      254.3            0
  0x0800000000000000     53.9     1569.7            0
  0x1000000000000000      2.4      218.4            0
  0x2000000000000000      7.7      248.4            0
  0x4000000000000000     12.6      265.3            0
  0x8000000000000000      2.2      245.8            0
  0x0000000000000003      3.2      220.3            0
  0x0000000000000005      2.6      259.1            0
  0x0000000000000009      2.6      271.9            0
  0x0000000000000011      2.7      233.2            0
  0x8000000000000001      2.4      263.7            0
  0x0000000100000001      4.2      246.8            0
  0xf0f0f0f0f0f0f0f0      2.5      258.5            0
  0xffffffffffffffff      2.4      268.6            0
  0x0000000030000000      2.3      243.1            0
  0x0000000300000000      2.2      242.0            0
  0x3000000000000000      2.3      242.9            0
  0x0000000050000000      2.7      261.0            0
  0x0000000500000000      3.4      238.2            0
  0x5000000000000000      1.9      303.6            0
  0x0000000000000006      4.4      282.4            0
  0x0000000060000000      1.8      238.7            0
  0x0000000600000000      2.6      271.0            0
  0x6000000000000000      2.3      272.2            0
  0x0000000000000007      2.3      281.7            0
  0x0000000070000000      2.0      257.8            0
  0x0000000700000000      2.7      232.8            0
  0x7000000000000000      2.8      261.9            0
  0x0000000090000000      2.3      227.0            0
  0x0000000900000000      3.2      287.9            0
  0x9000000000000000      9.5      317.3            0
  0x000000000000000a      3.3      257.5            0
  0x00000000a0000000     16.0      289.1            0
  0x0000000a00000000     11.7      254.6            1
  0xa000000000000000      2.8      180.9            0
  0x000000000000000b      2.3      252.6            0
  0x00000000b0000000      2.5      312.5            0
  0x0000000b00000000      2.5      236.7            0
  0xb000000000000000      3.0      238.5            0
  0x000000000000000c      2.9      261.6            0
  0x00000000c0000000      2.3      253.7            0
  0x0000000c00000000      1.9      288.4            0
  0xc000000000000000     12.5      283.7            0
  0x000000000000000d      3.4      282.0            0
  0x00000000d0000000      2.4      269.8            0
  0x0000000d00000000      2.7      285.1            0
  0xd000000000000000      2.4      231.5            0
  0x000000000000000e      2.8      223.5            0
  0x00000000e0000000      7.6      325.8            0
  0x0000000e00000000      7.4      317.0            0
  0xe000000000000000      2.5      278.1            0
  0x000000000000000f      2.8      266.5            0
  0x00000000f0000000      3.2      289.7            0
  0x0000000f00000000      2.3      236.7            0
  0xf000000000000000      2.7      228.2            0
PASS max_repeats=1 max|z|=53.9 (all 115 deltas)
