# key=123456789abcdef0 N=2^22 kill_repeats=10
# null E[repeats/delta] = 2^22 * 2^-64 = 2^-42
# delta                  max|z|  low8_chi2 full_repeats
  0x0000000000000400      2.9      261.3            0
  0x0000000004000000     49.7      653.8            0
  0x0000000000000001      5.2      299.0            0
  0x0000000000000002      5.1      238.3            0
  0x0000000000000004      3.6      300.4            0
  0x0000000000000008      2.7      240.5            0
  0x0000000000000010      5.0      293.8            0
  0x0000000000000020      3.4      195.1            0
  0x0000000000000040      3.3      258.5            0
  0x0000000000000080      3.6      252.1            0
  0x0000000000000100      5.5      288.6            0
  0x0000000000000200      2.9      251.3            0
  0x0000000000000400      2.9      261.3            0
  0x0000000000000800      3.1      288.2            0
  0x0000000000001000      4.3      295.2            0
  0x0000000000002000      3.8      228.7            0
  0x0000000000004000      3.3      254.1            0
  0x0000000000008000      2.8      264.4            0
  0x0000000000010000      6.5      296.8            0
  0x0000000000020000      2.4      254.3            0
  0x0000000000040000      3.1      260.9            0
  0x0000000000080000      2.6      228.4            0
  0x0000000000100000      4.5      219.2            0
  0x0000000000200000      6.1      250.1            1
  0x0000000000400000      3.2      274.1            0
  0x0000000000800000      2.5      233.1            0
  0x0000000001000000      3.1      265.0            0
  0x0000000002000000      2.2      241.1            0
  0x0000000004000000     49.7      653.8            0
  0x0000000008000000      3.6      225.6            0
  0x0000000010000000      2.5      199.9            0
  0x0000000020000000      2.4      238.3            0
  0x0000000040000000      3.7      229.5            0
  0x0000000080000000      3.6      293.7            0
  0x0000000100000000      2.9      213.8            0
  0x0000000200000000      2.4      250.7            0
  0x0000000400000000     21.2      412.7            0
  0x0000000800000000      6.4      275.9            2
  0x0000001000000000      2.9      256.3            0
  0x0000002000000000      2.3      252.2            0
  0x0000004000000000      7.9      273.1            0
  0x0000008000000000      2.9      213.5            0
  0x0000010000000000      5.7      233.6            0
  0x0000020000000000      8.6      342.1            0
  0x0000040000000000      5.5      297.0            0
  0x0000080000000000      1.8      276.5            0
  0x0000100000000000      2.5      217.3            0
  0x0000200000000000      3.1      259.6            0
  0x0000400000000000      3.7      253.4            0
  0x0000800000000000      5.8      280.4            0
  0x0001000000000000     12.3      346.4            0
  0x0002000000000000     11.8      279.4            0
  0x0004000000000000      3.3      224.9            0
  0x0008000000000000      2.8      277.0            0
  0x0010000000000000      2.4      257.8            0
  0x0020000000000000      2.3      225.6            0
  0x0040000000000000      1.8      260.7            0
  0x0080000000000000      3.6      270.0            0
  0x0100000000000000      2.1      236.2            0
  0x0200000000000000      2.6      250.0            0
  0x0400000000000000     21.5      253.1            0
  0x0800000000000000      7.9      296.2            0
  0x1000000000000000      7.1      270.8            0
  0x2000000000000000      4.9      298.3            0
  0x4000000000000000      1.9      236.3            0
  0x8000000000000000      2.9      247.2            0
  0x0000000000000003      3.4      275.9            0
  0x0000000000000005      1.9      265.4            0
  0x0000000000000009      2.6      320.0            0
  0x0000000000000011      3.4      253.4            0
  0x8000000000000001      2.4      221.0            0
  0x0000000100000001      3.1      237.2            0
  0xf0f0f0f0f0f0f0f0      2.2      230.6            0
  0xffffffffffffffff      2.7      253.0            0
  0x0000000030000000      3.1      205.9            0
  0x0000000300000000      3.2      274.1            0
  0x3000000000000000      2.9      278.1            0
  0x0000000050000000      2.4      272.6            0
  0x0000000500000000      2.6      304.4            0
  0x5000000000000000      2.6      259.0            0
  0x0000000000000006      2.3      244.8            0
  0x0000000060000000      2.1      237.2            0
  0x0000000600000000      2.6      246.6            0
  0x6000000000000000      2.7      261.3            0
  0x0000000000000007      2.4      221.7            0
  0x0000000070000000      2.1      235.8            0
  0x0000000700000000      3.3      264.2            0
  0x7000000000000000      2.1      266.5            0
  0x0000000090000000     37.1     2291.2            0
  0x0000000900000000      3.4      281.3            0
  0x9000000000000000      2.1      245.8            0
  0x000000000000000a      4.1      261.9            0
  0x00000000a0000000      2.9      236.2            0
  0x0000000a00000000      3.4      258.3            0
  0xa000000000000000      2.4      242.4            0
  0x000000000000000b      2.7      268.7            0
  0x00000000b0000000      2.2      249.5            0
  0x0000000b00000000      2.4      255.7            0
  0xb000000000000000      2.4      267.0            0
  0x000000000000000c      2.8      274.3            0
  0x00000000c0000000      2.4      264.4            0
  0x0000000c00000000      3.0      271.1            0
  0xc000000000000000      2.0      232.1            0
  0x000000000000000d      3.2      225.6            0
  0x00000000d0000000      2.4      247.5            0
  0x0000000d00000000      2.8      249.3            0
  0xd000000000000000      2.8      269.5            0
  0x000000000000000e      2.6      240.0            0
  0x00000000e0000000      2.5      234.3            0
  0x0000000e00000000      2.4      227.3            0
  0xe000000000000000     31.8      645.2            0
  0x000000000000000f      3.2      244.2            0
  0x00000000f0000000      2.0      255.8            0
  0x0000000f00000000      4.1      276.0            0
  0xf000000000000000      3.5      274.2            0
PASS max_repeats=2 max|z|=49.7 (all 115 deltas)
