# key=123456789abcdef0 N=2^22 kill_repeats=10
# null E[repeats/delta] = 2^22 * 2^-64 = 2^-42
# delta                  max|z|  low8_chi2 full_repeats
  0x0000000000000400      2.6      240.8            0
  0x0000000004000000      4.1      274.6            0
  0x0000000000000001      2.8      277.9            0
  0x0000000000000002      2.0      226.5            0
  0x0000000000000004      2.4      242.9            0
  0x0000000000000008      2.9      272.1            0
  0x0000000000000010      2.6      244.9            0
  0x0000000000000020      3.0      275.2            0
  0x0000000000000040      2.9      272.9            0
  0x0000000000000080      2.3      232.4            0
  0x0000000000000100      2.6      247.0            0
  0x0000000000000200      2.7      245.5            0
  0x0000000000000400      2.6      240.8            0
  0x0000000000000800      2.7      237.9            0
  0x0000000000001000      2.3      243.8            0
  0x0000000000002000      2.8      251.2            0
  0x0000000000004000      2.7      253.9            0
  0x0000000000008000      1.8      249.7            0
  0x0000000000010000      2.6      285.3            0
  0x0000000000020000      3.0      284.5            0
  0x0000000000040000      2.5      234.4            0
  0x0000000000080000      2.6      270.3            0
  0x0000000000100000      2.8      240.0            0
  0x0000000000200000      2.7      290.2            0
  0x0000000000400000      2.5      254.8            0
  0x0000000000800000      2.5      245.5            0
  0x0000000001000000      3.2      265.0            0
  0x0000000002000000      3.5      277.9            0
  0x0000000004000000      4.1      274.6            0
  0x0000000008000000      2.4      231.3            0
  0x0000000010000000      2.9      298.5            0
  0x0000000020000000      3.0      237.1            0
  0x0000000040000000      3.8      245.2            0
  0x0000000080000000      2.4      253.4            0
  0x0000000100000000      2.4      267.6            0
  0x0000000200000000      2.6      233.0            0
  0x0000000400000000      3.2      260.8            0
  0x0000000800000000      3.1      227.2            0
  0x0000001000000000      2.5      253.0            0
  0x0000002000000000      2.5      282.8            0
  0x0000004000000000      2.5      219.6            0
  0x0000008000000000      2.9      226.1            0
  0x0000010000000000      2.6      248.9            0
  0x0000020000000000      2.9      240.2            0
  0x0000040000000000      3.5      282.1            0
  0x0000080000000000      2.5      246.8            0
  0x0000100000000000      2.5      280.2            0
  0x0000200000000000      3.2      285.3            0
  0x0000400000000000      3.4      245.7            0
  0x0000800000000000      2.4      232.2            0
  0x0001000000000000      3.0      269.7            0
  0x0002000000000000      2.6      283.5            0
  0x0004000000000000      2.5      250.3            0
  0x0008000000000000      3.0      227.0            0
  0x0010000000000000      2.6      256.4            0
  0x0020000000000000      2.0      275.4            0
  0x0040000000000000      3.3      251.9            0
  0x0080000000000000      2.2      254.2            0
  0x0100000000000000      2.8      230.3            0
  0x0200000000000000      3.1      231.2            0
  0x0400000000000000      2.7      260.5            0
  0x0800000000000000      2.3      267.7            0
  0x1000000000000000      3.5      278.2            0
  0x2000000000000000      3.3      262.3            0
  0x4000000000000000      2.5      250.7            0
  0x8000000000000000      2.5      219.2            0
  0x0000000000000003      2.3      237.1            0
  0x0000000000000005      2.4      218.8            0
  0x0000000000000009      2.8      260.5            0
  0x0000000000000011      2.2      229.4            0
  0x8000000000000001      2.2      283.9            0
  0x0000000100000001      2.3      232.9            0
  0xf0f0f0f0f0f0f0f0      2.0      232.0            0
  0xffffffffffffffff      3.2      256.7            0
  0x0000000030000000      2.6      292.2            0
  0x0000000300000000      2.5      249.8            0
  0x3000000000000000      2.2      213.1            0
  0x0000000050000000      2.2      198.9            0
  0x0000000500000000      2.1      220.9            0
  0x5000000000000000      4.1      238.1            0
  0x0000000000000006      2.8      286.0            0
  0x0000000060000000      2.5      263.1            0
  0x0000000600000000      2.2      214.1            0
  0x6000000000000000      2.5      267.8            0
  0x0000000000000007      3.3      258.3            0
  0x0000000070000000      3.2      297.3            0
  0x0000000700000000      2.8      244.0            0
  0x7000000000000000      2.3      258.9            0
  0x0000000090000000      2.0      254.4            0
  0x0000000900000000      2.6      239.2            0
  0x9000000000000000      2.5      232.1            0
  0x000000000000000a      3.1      271.9            0
  0x00000000a0000000      3.1      271.8            0
  0x0000000a00000000      2.6      250.6            0
  0xa000000000000000      2.7      274.3            0
  0x000000000000000b      2.4      245.4            0
  0x00000000b0000000      3.5      264.3            0
  0x0000000b00000000      2.1      243.0            0
  0xb000000000000000      2.1      263.4            0
  0x000000000000000c      2.6      234.5            0
  0x00000000c0000000      2.8      257.2            0
  0x0000000c00000000      2.5      230.5            0
  0xc000000000000000      2.4      227.7            0
  0x000000000000000d      2.8      251.8            0
  0x00000000d0000000      3.0      272.1            0
  0x0000000d00000000      2.5      256.7            0
  0xd000000000000000      2.8      219.9            0
  0x000000000000000e      3.0      265.8            0
  0x00000000e0000000      3.4      234.9            0
  0x0000000e00000000      2.7      233.7            0
  0xe000000000000000      3.1      253.4            0
  0x000000000000000f      2.4      268.4            0
  0x00000000f0000000      2.6      244.4            0
  0x0000000f00000000      2.9      232.1            0
  0xf000000000000000      2.4      222.7            0
PASS max_repeats=0 max|z|=4.1 (all 115 deltas)
