# key=123456789abcdef0 N=2^22 kill_repeats=10
# null E[repeats/delta] = 2^22 * 2^-64 = 2^-42
# delta                  max|z|  low8_chi2 full_repeats
  0x0000000000000400      6.7      278.1            0
  0x0000000004000000      6.1      294.9            0
  0x0000000000000001     13.8      312.3            0
  0x0000000000000002     14.7      302.7            0
  0x0000000000000004     10.0      222.8            0
  0x0000000000000008     20.3      278.7            0
  0x0000000000000010      8.2      228.6            0
  0x0000000000000020      3.8      245.5            0
  0x0000000000000040      9.0      269.3            0
  0x0000000000000080     20.5      258.3            0
  0x0000000000000100      2.3      280.6            0
  0x0000000000000200      5.0      216.4            0
  0x0000000000000400      6.7      278.1            0
  0x0000000000000800     21.1      301.4            0
  0x0000000000001000      2.5      283.2            0
  0x0000000000002000      2.8      234.1            0
  0x0000000000004000      4.4      289.1            0
  0x0000000000008000      6.8      262.8            0
  0x0000000000010000      4.4      218.6            0
  0x0000000000020000     20.4      312.6            0
  0x0000000000040000     15.0      314.4            0
  0x0000000000080000      5.0      265.4            0
  0x0000000000100000     14.7      468.3            0
  0x0000000000200000      2.4      255.4            0
  0x0000000000400000     28.3      446.2            0
  0x0000000000800000      2.6      266.3            0
  0x0000000001000000      5.4      291.5            0
  0x0000000002000000     30.2      342.3            0
  0x0000000004000000      6.1      294.9            0
  0x0000000008000000      8.5      246.4            0
  0x0000000010000000      3.2      228.0            0
  0x0000000020000000     12.1      269.7            0
  0x0000000040000000     13.0      291.9            0
  0x0000000080000000      8.9      248.4            0
  0x0000000100000000     13.1      335.3            0
  0x0000000200000000     16.8      311.8            0
  0x0000000400000000     15.2      226.4            0
  0x0000000800000000     11.5      276.0            0
  0x0000001000000000      8.6      296.0            0
  0x0000002000000000      8.7      254.3            0
  0x0000004000000000      6.6      276.1            0
  0x0000008000000000      8.7      298.9            0
  0x0000010000000000      8.6      317.4            0
  0x0000020000000000      5.4      241.7            0
  0x0000040000000000      5.9      265.3            0
  0x0000080000000000      7.0      283.7            0
  0x0000100000000000      6.6      346.4            0
  0x0000200000000000      6.6      315.5            0
  0x0000400000000000     12.9      562.6            0
  0x0000800000000000      3.6      279.4            0
  0x0001000000000000      3.6      350.0            0
  0x0002000000000000      4.9      282.5            0
  0x0004000000000000      3.7      235.4            0
  0x0008000000000000      3.3      247.2            0
  0x0010000000000000      6.7      222.7            0
  0x0020000000000000      3.9      245.8            0
  0x0040000000000000      9.2      241.6            0
  0x0080000000000000      4.3      233.6            0
  0x0100000000000000     23.1      386.3            0
  0x0200000000000000     20.8      283.5            0
  0x0400000000000000      5.7      300.1            0
  0x0800000000000000     14.4      261.6            0
  0x1000000000000000     12.9      271.6            0
  0x2000000000000000      5.2      237.5            0
  0x4000000000000000      2.6      247.4            0
  0x8000000000000000      2.7      268.4            0
  0x0000000000000003      2.4      235.1            0
  0x0000000000000005      3.8      269.8            0
  0x0000000000000009      3.6      225.6            0
  0x0000000000000011      3.5      255.3            0
  0x8000000000000001      2.0      280.4            0
  0x0000000100000001      2.1      256.5            0
  0xf0f0f0f0f0f0f0f0      3.1      268.6            0
  0xffffffffffffffff      2.7      254.7            0
  0x0000000030000000      3.0      244.4            0
  0x0000000300000000      2.5      238.1            0
  0x3000000000000000      2.4      230.6            0
  0x0000000050000000      2.4      235.8            0
  0x0000000500000000      3.9      267.2            0
  0x5000000000000000      2.2      260.1            0
  0x0000000000000006      3.6      245.5            0
  0x0000000060000000      2.9      258.1            0
  0x0000000600000000      3.2      265.8            0
  0x6000000000000000      2.8      297.2            0
  0x0000000000000007      2.6      229.5            0
  0x0000000070000000      2.2      233.8            0
  0x0000000700000000      2.6      259.2            0
  0x7000000000000000      2.1      235.7            0
  0x0000000090000000      2.0      210.6            0
  0x0000000900000000      2.4      246.1            0
  0x9000000000000000      2.6      229.0            0
  0x000000000000000a      3.7      276.2            0
  0x00000000a0000000      2.4      247.2            0
  0x0000000a00000000      2.5      275.6            0
  0xa000000000000000      2.7      247.5            0
  0x000000000000000b      2.4      258.0            0
  0x00000000b0000000      2.3      233.9            0
  0x0000000b00000000      2.8      251.4            0
  0xb000000000000000      2.3      210.0            0
  0x000000000000000c      2.4      280.5            0
  0x00000000c0000000      4.3      259.6            0
  0x0000000c00000000      2.7      269.0            0
  0xc000000000000000      2.7      243.0            0
  0x000000000000000d      3.2      239.3            0
  0x00000000d0000000      3.1      253.0            0
  0x0000000d00000000      2.5      255.6            0
  0xd000000000000000      2.0      265.5            0
  0x000000000000000e      2.3      313.3            0
  0x00000000e0000000      2.8      266.9            0
  0x0000000e00000000      2.8      284.3            0
  0xe000000000000000      3.0      274.4            0
  0x000000000000000f      2.1      243.8            0
  0x00000000f0000000      2.8      227.1            0
  0x0000000f00000000      2.7      262.3            0
  0xf000000000000000      3.7      327.9            0
PASS max_repeats=0 max|z|=30.2 (all 115 deltas)
