# key=123456789abcdef0 N=2^22 kill_repeats=10
# null E[repeats/delta] = 2^22 * 2^-64 = 2^-42
# delta                  max|z|  low8_chi2 full_repeats
  0x0000000000000400      4.2      248.9            0
  0x0000000004000000     15.0      521.9            0
  0x0000000000000001      5.2      280.6            0
  0x0000000000000002      4.9      230.4            0
  0x0000000000000004      2.4      311.9            0
  0x0000000000000008      3.6      237.1            0
  0x0000000000000010      4.0      223.5            0
  0x0000000000000020      3.3      241.1            0
  0x0000000000000040      2.9      284.9            0
  0x0000000000000080      3.0      252.7            0
  0x0000000000000100      4.1      252.4            0
  0x0000000000000200      2.8      262.3            0
  0x0000000000000400      4.2      248.9            0
  0x0000000000000800      2.6      277.2            0
  0x0000000000001000      4.7      268.6            0
  0x0000000000002000      3.0      283.4            0
  0x0000000000004000      2.5      258.8            0
  0x0000000000008000      3.0      289.0            0
  0x0000000000010000      2.9      285.9            1
  0x0000000000020000      2.8      243.1            0
  0x0000000000040000      3.3      256.5            0
  0x0000000000080000      2.7      230.3            0
  0x0000000000100000      4.7      312.1            0
  0x0000000000200000      4.1      309.0            0
  0x0000000000400000      5.4      312.5            0
  0x0000000000800000      2.6      278.1            0
  0x0000000001000000      3.1      293.2            0
  0x0000000002000000      1.8      261.0            0
  0x0000000004000000     15.0      521.9            0
  0x0000000008000000      9.9      281.8            0
  0x0000000010000000      7.4      339.5            0
  0x0000000020000000      3.3      248.1            0
  0x0000000040000000     15.1      274.8            0
  0x0000000080000000      2.8      223.9            0
  0x0000000100000000     18.5      704.4            0
  0x0000000200000000      2.4      231.2            0
  0x0000000400000000      5.1      239.2            0
  0x0000000800000000      2.7      288.6            0
  0x0000001000000000      9.5      367.4            0
  0x0000002000000000      2.1      250.0            0
  0x0000004000000000      8.6      315.9            0
  0x0000008000000000      2.3      246.7            0
  0x0000010000000000     14.8      513.1            0
  0x0000020000000000      2.3      242.7            0
  0x0000040000000000     10.0      418.7            0
  0x0000080000000000      1.9      257.6            0
  0x0000100000000000      2.7      245.6            0
  0x0000200000000000      2.3      237.7            0
  0x0000400000000000      2.6      236.2            0
  0x0000800000000000      2.6      248.6            0
  0x0001000000000000      3.0      262.4            0
  0x0002000000000000      2.6      300.5            0
  0x0004000000000000      4.0      265.2            0
  0x0008000000000000      2.4      259.3            0
  0x0010000000000000     12.5      299.6            0
  0x0020000000000000      3.0      232.3            0
  0x0040000000000000      8.2      308.6            0
  0x0080000000000000      2.4      258.5            0
  0x0100000000000000      2.9      229.5            0
  0x0200000000000000      3.4      238.1            0
  0x0400000000000000     12.2      396.5            0
  0x0800000000000000      6.3      333.3            0
  0x1000000000000000      4.1      250.1            0
  0x2000000000000000      7.4      263.6            0
  0x4000000000000000      3.0      218.2            0
  0x8000000000000000      2.9      268.6            0
  0x0000000000000003      2.5      257.3            0
  0x0000000000000005      2.8      291.0            0
  0x0000000000000009      3.1      238.2            0
  0x0000000000000011      2.7      255.0            0
  0x8000000000000001      2.4      218.0            0
  0x0000000100000001      3.5      236.5            0
  0xf0f0f0f0f0f0f0f0      2.4      273.8            0
  0xffffffffffffffff      3.1      247.6            0
  0x0000000030000000      8.1      247.6            0
  0x0000000300000000      5.2      228.1            0
  0x3000000000000000      2.4      283.7            0
  0x0000000050000000      2.8      251.6            0
  0x0000000500000000      2.5      294.3            0
  0x5000000000000000      3.6      245.8            0
  0x0000000000000006      2.5      222.8            0
  0x0000000060000000      2.1      252.7            0
  0x0000000600000000      2.6      267.8            0
  0x6000000000000000      2.6      263.3            0
  0x0000000000000007      2.3      260.1            0
  0x0000000070000000      2.5      255.7            0
  0x0000000700000000      2.0      264.9            0
  0x7000000000000000      3.8      244.1            0
  0x0000000090000000      1.9      242.6            0
  0x0000000900000000      2.5      261.8            0
  0x9000000000000000      2.4      257.6            0
  0x000000000000000a      2.8      252.1            0
  0x00000000a0000000      5.8      250.0            0
  0x0000000a00000000      5.2      267.7            0
  0xa000000000000000      2.3      301.6            0
  0x000000000000000b      2.8      226.0            0
  0x00000000b0000000      2.3      290.7            0
  0x0000000b00000000      2.3      213.2            0
  0xb000000000000000      3.5      238.0            0
  0x000000000000000c      2.6      237.7            0
  0x00000000c0000000      2.5      243.4            0
  0x0000000c00000000      2.2      306.4            0
  0xc000000000000000      2.8      264.1            0
  0x000000000000000d      3.0      261.9            0
  0x00000000d0000000      2.9      263.1            0
  0x0000000d00000000      2.3      238.1            0
  0xd000000000000000     19.3      451.4            0
  0x000000000000000e      3.4      252.6            0
  0x00000000e0000000      3.0      214.9            0
  0x0000000e00000000      2.5      263.1            0
  0xe000000000000000      1.8      225.4            0
  0x000000000000000f      2.5      265.3            0
  0x00000000f0000000      2.0      230.5            0
  0x0000000f00000000      2.6      254.2            0
  0xf000000000000000      3.8      283.4            0
PASS max_repeats=1 max|z|=19.3 (all 115 deltas)
