# key=123456789abcdef0 N=2^22 kill_repeats=10
# null E[repeats/delta] = 2^22 * 2^-64 = 2^-42
# delta                  max|z|  low8_chi2 full_repeats
  0x0000000000000400      2.6      282.5            0
  0x0000000004000000      2.4      260.5            0
  0x0000000000000001      2.7      258.9            0
  0x0000000000000002      2.2      253.1            0
  0x0000000000000004      2.0      221.7            0
  0x0000000000000008      2.5      278.8            0
  0x0000000000000010      2.1      241.3            0
  0x0000000000000020      2.1      279.5            0
  0x0000000000000040      2.5      295.0            0
  0x0000000000000080      2.2      230.7            0
  0x0000000000000100      2.3      270.2            0
  0x0000000000000200      2.6      257.0            0
  0x0000000000000400      2.6      282.5            0
  0x0000000000000800      2.5      284.3            0
  0x0000000000001000      2.8      268.5            0
  0x0000000000002000      2.8      256.2            0
  0x0000000000004000      2.5      265.1            0
  0x0000000000008000      2.8      273.6            0
  0x0000000000010000      2.1      237.2            0
  0x0000000000020000      3.3      239.9            0
  0x0000000000040000      2.4      238.3            0
  0x0000000000080000      2.6      260.4            0
  0x0000000000100000      2.0      259.4            0
  0x0000000000200000      2.5      227.2            0
  0x0000000000400000      2.9      236.4            0
  0x0000000000800000      2.3      249.7            0
  0x0000000001000000      3.4      241.3            0
  0x0000000002000000      2.4      273.5            0
  0x0000000004000000      2.4      260.5            0
  0x0000000008000000      2.6      240.0            0
  0x0000000010000000      3.7      261.5            0
  0x0000000020000000      6.5      247.5            1
  0x0000000040000000      3.0      227.2            0
  0x0000000080000000      2.6      254.3            0
  0x0000000100000000      2.3      248.6            0
  0x0000000200000000      4.0      284.5            0
  0x0000000400000000      2.7      285.7            0
  0x0000000800000000      3.9      244.5            0
  0x0000001000000000      2.4      265.5            0
  0x0000002000000000      4.9      250.5            0
  0x0000004000000000      2.3      241.6            0
  0x0000008000000000      3.0      259.0            0
  0x0000010000000000      2.3      277.1            0
  0x0000020000000000      2.6      275.6            0
  0x0000040000000000      2.3      213.4            0
  0x0000080000000000      2.2      277.8            0
  0x0000100000000000      2.8      261.9            0
  0x0000200000000000      2.2      238.3            0
  0x0000400000000000      2.8      254.0            0
  0x0000800000000000      2.4      264.9            0
  0x0001000000000000      2.3      264.3            0
  0x0002000000000000      3.3      252.5            0
  0x0004000000000000      4.7      232.6            0
  0x0008000000000000      2.9      244.2            0
  0x0010000000000000      2.3      259.1            0
  0x0020000000000000      3.0      298.9            0
  0x0040000000000000      2.7      247.7            0
  0x0080000000000000      2.8      240.8            0
  0x0100000000000000      2.8      253.0            0
  0x0200000000000000      2.4      247.3            0
  0x0400000000000000      2.2      242.6            0
  0x0800000000000000      2.5      229.9            0
  0x1000000000000000      2.5      269.2            0
  0x2000000000000000      2.5      265.7            0
  0x4000000000000000      2.1      236.5            0
  0x8000000000000000      2.2      254.6            0
  0x0000000000000003      2.4      260.1            0
  0x0000000000000005      3.4      229.9            0
  0x0000000000000009      4.1      227.8            0
  0x0000000000000011      2.8      247.8            0
  0x8000000000000001      2.3      253.8            0
  0x0000000100000001      2.3      236.9            0
  0xf0f0f0f0f0f0f0f0      2.4      271.6            0
  0xffffffffffffffff      2.3      293.5            0
  0x0000000030000000      2.6      262.4            0
  0x0000000300000000      3.5      262.1            0
  0x3000000000000000      2.2      230.7            0
  0x0000000050000000      2.7      248.8            0
  0x0000000500000000      2.7      218.5            0
  0x5000000000000000      3.6      264.9            0
  0x0000000000000006      2.8      240.1            0
  0x0000000060000000      3.1      230.2            0
  0x0000000600000000      2.9      288.3            0
  0x6000000000000000      2.3      277.1            0
  0x0000000000000007      3.3      224.7            0
  0x0000000070000000      2.9      233.4            0
  0x0000000700000000      3.2      291.3            0
  0x7000000000000000      2.3      247.0            0
  0x0000000090000000      3.0      280.8            0
  0x0000000900000000      2.4      293.9            0
  0x9000000000000000      2.6      232.3            0
  0x000000000000000a      2.4      252.2            0
  0x00000000a0000000      2.0      273.8            0
  0x0000000a00000000      2.4      258.0            0
  0xa000000000000000      1.9      259.8            0
  0x000000000000000b      2.0      249.7            0
  0x00000000b0000000      2.6      240.3            0
  0x0000000b00000000      2.3      257.6            0
  0xb000000000000000      6.6      290.4            0
  0x000000000000000c      2.5      290.5            0
  0x00000000c0000000      2.1      200.8            0
  0x0000000c00000000      2.8      237.1            0
  0xc000000000000000      2.3      299.4            0
  0x000000000000000d      3.2      230.3            0
  0x00000000d0000000      2.8      293.3            0
  0x0000000d00000000      2.9      252.4            0
  0xd000000000000000      2.7      255.0            0
  0x000000000000000e      3.6      253.5            0
  0x00000000e0000000      2.7      266.7            0
  0x0000000e00000000      2.4      240.8            0
  0xe000000000000000      2.9      247.8            0
  0x000000000000000f      2.2      266.7            0
  0x00000000f0000000      2.0      230.1            0
  0x0000000f00000000      2.5      225.5            0
  0xf000000000000000      2.1      217.9            0
PASS max_repeats=1 max|z|=6.6 (all 115 deltas)
