# key=123456789abcdef0 N=2^22 kill_repeats=10
# null E[repeats/delta] = 2^22 * 2^-64 = 2^-42
# delta                  max|z|  low8_chi2 full_repeats
  0x0000000000000400      3.7      254.7            0
  0x0000000004000000      3.6      232.9            0
  0x0000000000000001      3.7      273.9            0
  0x0000000000000002      4.5      253.7            0
  0x0000000000000004      2.9      234.6            0
  0x0000000000000008      2.9      249.1            0
  0x0000000000000010      2.2      269.7            0
  0x0000000000000020      3.4      252.1            0
  0x0000000000000040      3.4      281.1            0
  0x0000000000000080      2.3      250.5            0
  0x0000000000000100      3.2      264.2            0
  0x0000000000000200      2.6      267.4            0
  0x0000000000000400      3.7      254.7            0
  0x0000000000000800      2.9      269.7            0
  0x0000000000001000      3.2      255.8            0
  0x0000000000002000      2.1      269.6            0
  0x0000000000004000      2.2      220.0            0
  0x0000000000008000      2.9      278.8            0
  0x0000000000010000      3.2      248.5            0
  0x0000000000020000      2.5      287.5            0
  0x0000000000040000      3.5      280.1            0
  0x0000000000080000      2.0      249.2            0
  0x0000000000100000      3.1      294.8            0
  0x0000000000200000      4.7      282.7            0
  0x0000000000400000      3.3      271.4            0
  0x0000000000800000      3.5      246.5            0
  0x0000000001000000      5.3      320.0            0
  0x0000000002000000      2.4      271.1            0
  0x0000000004000000      3.6      232.9            0
  0x0000000008000000      2.6      254.9            0
  0x0000000010000000      2.8      270.6            0
  0x0000000020000000      2.3      242.2            0
  0x0000000040000000      7.7      274.3            0
  0x0000000080000000      2.1      249.9            0
  0x0000000100000000      6.4      274.9            0
  0x0000000200000000      4.4      284.3            0
  0x0000000400000000      2.7      248.6            0
  0x0000000800000000     25.5      301.5            0
  0x0000001000000000      2.5      242.5            0
  0x0000002000000000      3.0      313.2            0
  0x0000004000000000      7.1      240.3            0
  0x0000008000000000     22.5      334.7            0
  0x0000010000000000      2.4      282.4            0
  0x0000020000000000     16.7      404.6            0
  0x0000040000000000      4.7      275.7            0
  0x0000080000000000      3.1      246.3            0
  0x0000100000000000      6.1      282.3            0
  0x0000200000000000      2.9      250.1            0
  0x0000400000000000      2.3      246.2            0
  0x0000800000000000      2.2      266.3            0
  0x0001000000000000      4.6      235.8            0
  0x0002000000000000      6.9      278.8            0
  0x0004000000000000      9.2      369.4            0
  0x0008000000000000      2.3      281.5            0
  0x0010000000000000      3.6      201.6            0
  0x0020000000000000      8.2      244.7            0
  0x0040000000000000      8.7      290.3            0
  0x0080000000000000      2.2      287.6            0
  0x0100000000000000      2.4      278.5            0
  0x0200000000000000      2.3      258.3            0
  0x0400000000000000      4.9      238.9            0
  0x0800000000000000      9.2      302.1            0
  0x1000000000000000     15.4      507.9            0
  0x2000000000000000      2.4      244.9            0
  0x4000000000000000      5.3      239.5            0
  0x8000000000000000      3.3      223.7            0
  0x0000000000000003      3.1      307.2            0
  0x0000000000000005      2.8      286.0            0
  0x0000000000000009      3.1      265.9            0
  0x0000000000000011      2.4      251.3            0
  0x8000000000000001      2.6      287.0            0
  0x0000000100000001      3.1      273.0            0
  0xf0f0f0f0f0f0f0f0      2.9      237.7            0
  0xffffffffffffffff      2.2      242.4            0
  0x0000000030000000      2.4      232.3            0
  0x0000000300000000      2.8      275.2            0
  0x3000000000000000      4.5      258.5            0
  0x0000000050000000      2.5      308.2            0
  0x0000000500000000      2.8      297.5            0
  0x5000000000000000      1.9      252.0            0
  0x0000000000000006      3.4      231.9            0
  0x0000000060000000     21.5      348.7            0
  0x0000000600000000      2.4      244.0            0
  0x6000000000000000     11.9      371.8            0
  0x0000000000000007      2.7      225.4            0
  0x0000000070000000      2.8      277.8            0
  0x0000000700000000      3.0      289.4            0
  0x7000000000000000      2.3      256.1            0
  0x0000000090000000      2.3      215.7            0
  0x0000000900000000      2.8      260.4            0
  0x9000000000000000      2.7      235.1            0
  0x000000000000000a      3.9      267.0            0
  0x00000000a0000000      4.0      240.5            0
  0x0000000a00000000      2.2      249.4            0
  0xa000000000000000      3.2      243.7            0
  0x000000000000000b      2.3      213.2            0
  0x00000000b0000000      2.1      226.1            0
  0x0000000b00000000      3.4      262.5            0
  0xb000000000000000      3.6      264.4            0
  0x000000000000000c      2.2      268.2            0
  0x00000000c0000000      2.3      255.1            0
  0x0000000c00000000      3.4      278.2            0
  0xc000000000000000      2.5      238.8            0
  0x000000000000000d      2.2      223.8            0
  0x00000000d0000000      2.4      267.0            0
  0x0000000d00000000      2.8      255.9            0
  0xd000000000000000      2.6      272.4            0
  0x000000000000000e      2.4      245.6            0
  0x00000000e0000000      2.3      271.4            0
  0x0000000e00000000      2.9      243.4            0
  0xe000000000000000      2.9      239.1            0
  0x000000000000000f      2.6      228.4            0
  0x00000000f0000000      7.7      292.4            0
  0x0000000f00000000      5.0      335.8            0
  0xf000000000000000      2.4      205.0            0
PASS max_repeats=0 max|z|=25.5 (all 115 deltas)
