# key=123456789abcdef0 N=2^22 kill_repeats=10
# null E[repeats/delta] = 2^22 * 2^-64 = 2^-42
# delta                  max|z|  low8_chi2 full_repeats
  0x0000000000000400      2.9      255.5            0
  0x0000000004000000      2.3      266.6            0
  0x0000000000000001      3.0      246.5            0
  0x0000000000000002      2.3      265.0            0
  0x0000000000000004      2.2      231.7            0
  0x0000000000000008      3.2      268.5            0
  0x0000000000000010      2.2      240.4            0
  0x0000000000000020      3.0      240.2            0
  0x0000000000000040      2.4      271.0            0
  0x0000000000000080      2.3      253.8            0
  0x0000000000000100      2.2      292.8            0
  0x0000000000000200      2.7      236.1            0
  0x0000000000000400      2.9      255.5            0
  0x0000000000000800      2.8      249.8            0
  0x0000000000001000      2.5      245.2            0
  0x0000000000002000      3.0      275.1            0
  0x0000000000004000      2.4      250.0            0
  0x0000000000008000      2.3      252.0            0
  0x0000000000010000      2.1      229.4            0
  0x0000000000020000      2.1      250.0            0
  0x0000000000040000      1.9      241.4            0
  0x0000000000080000      2.0      259.2            0
  0x0000000000100000      2.4      273.0            0
  0x0000000000200000      2.8      291.7            0
  0x0000000000400000      2.3      231.7            0
  0x0000000000800000      3.1      250.7            0
  0x0000000001000000      2.3      216.8            0
  0x0000000002000000      2.2      273.9            0
  0x0000000004000000      2.3      266.6            0
  0x0000000008000000      2.1      238.4            0
  0x0000000010000000      3.1      246.2            0
  0x0000000020000000      3.0      249.3            0
  0x0000000040000000      2.8      249.1            0
  0x0000000080000000      3.0      243.9            0
  0x0000000100000000      2.5      247.2            0
  0x0000000200000000      2.3      240.8            0
  0x0000000400000000      2.5      260.8            0
  0x0000000800000000      2.8      287.1            0
  0x0000001000000000      2.8      244.9            0
  0x0000002000000000      2.2      245.0            0
  0x0000004000000000      2.5      265.5            0
  0x0000008000000000      3.0      257.8            0
  0x0000010000000000      2.7      279.4            0
  0x0000020000000000      2.5      230.4            0
  0x0000040000000000      3.9      271.5            0
  0x0000080000000000      2.3      240.0            0
  0x0000100000000000      3.4      237.8            0
  0x0000200000000000      3.4      228.5            0
  0x0000400000000000      2.6      224.6            0
  0x0000800000000000      3.5      219.8            0
  0x0001000000000000      2.5      238.7            0
  0x0002000000000000      3.3      251.8            0
  0x0004000000000000      2.0      289.1            0
  0x0008000000000000      2.5      279.6            0
  0x0010000000000000      2.8      271.3            0
  0x0020000000000000      2.8      237.0            0
  0x0040000000000000      2.1      218.4            0
  0x0080000000000000      2.0      243.5            0
  0x0100000000000000      2.3      272.8            0
  0x0200000000000000      2.9      229.2            0
  0x0400000000000000      2.4      267.4            0
  0x0800000000000000      3.4      246.7            0
  0x1000000000000000      2.5      267.3            0
  0x2000000000000000      3.3      286.0            0
  0x4000000000000000      2.5      264.1            0
  0x8000000000000000      2.5      244.0            0
  0x0000000000000003      2.9      244.4            0
  0x0000000000000005      3.0      276.0            0
  0x0000000000000009      2.9      245.3            0
  0x0000000000000011      2.5      252.8            0
  0x8000000000000001      3.1      238.8            0
  0x0000000100000001      2.7      256.5            0
  0xf0f0f0f0f0f0f0f0      2.5      279.5            0
  0xffffffffffffffff      2.3      226.2            0
  0x0000000030000000      2.3      268.8            0
  0x0000000300000000      2.4      271.0            0
  0x3000000000000000      2.6      289.1            0
  0x0000000050000000      2.8      254.6            0
  0x0000000500000000      2.7      268.6            0
  0x5000000000000000      3.0      232.0            0
  0x0000000000000006      2.2      245.4            0
  0x0000000060000000      2.0      219.6            0
  0x0000000600000000      2.5      227.8            0
  0x6000000000000000      2.5      238.0            0
  0x0000000000000007      2.3      256.9            0
  0x0000000070000000      2.9      238.7            0
  0x0000000700000000      3.0      235.5            0
  0x7000000000000000      2.8      250.9            0
  0x0000000090000000      2.3      197.4            0
  0x0000000900000000      2.6      244.1            0
  0x9000000000000000      2.5      249.4            0
  0x000000000000000a      3.2      262.9            0
  0x00000000a0000000      2.6      219.8            0
  0x0000000a00000000      2.6      264.3            0
  0xa000000000000000      2.2      245.1            0
  0x000000000000000b      2.5      217.1            0
  0x00000000b0000000      3.1      226.4            0
  0x0000000b00000000      2.0      247.8            0
  0xb000000000000000      2.3      260.3            0
  0x000000000000000c      2.3      233.5            0
  0x00000000c0000000      2.7      241.9            0
  0x0000000c00000000      2.6      266.1            0
  0xc000000000000000      2.8      233.9            0
  0x000000000000000d      3.0      242.1            0
  0x00000000d0000000      2.1      232.5            0
  0x0000000d00000000      2.5      280.0            0
  0xd000000000000000      2.0      263.4            0
  0x000000000000000e      2.2      234.3            0
  0x00000000e0000000      2.6      318.1            0
  0x0000000e00000000      2.8      265.1            0
  0xe000000000000000      2.4      242.8            0
  0x000000000000000f      3.0      285.6            0
  0x00000000f0000000      2.6      260.2            0
  0x0000000f00000000      2.5      233.9            0
  0xf000000000000000      2.3      274.6            0
PASS max_repeats=0 max|z|=3.9 (all 115 deltas)
