# key=123456789abcdef0 N=2^22 kill_repeats=10
# null E[repeats/delta] = 2^22 * 2^-64 = 2^-42
# delta                  max|z|  low8_chi2 full_repeats
  0x0000000000000400      2.0      290.6            0
  0x0000000004000000      8.7      253.6            0
  0x0000000000000001      4.4      284.8            0
  0x0000000000000002      3.3      267.4            0
  0x0000000000000004      3.2      246.5            0
  0x0000000000000008      3.2      247.8            0
  0x0000000000000010      3.4      271.3            0
  0x0000000000000020      2.9      239.5            0
  0x0000000000000040      3.1      285.5            0
  0x0000000000000080      2.6      232.2            0
  0x0000000000000100      2.9      240.7            0
  0x0000000000000200      4.7      262.0            0
  0x0000000000000400      2.0      290.6            0
  0x0000000000000800      1.9      266.2            0
  0x0000000000001000      2.6      240.1            0
  0x0000000000002000      3.0      249.0            0
  0x0000000000004000      2.2      297.8            0
  0x0000000000008000      2.8      271.2            0
  0x0000000000010000      5.7      258.6            0
  0x0000000000020000      3.2      259.5            0
  0x0000000000040000      3.3      268.5            0
  0x0000000000080000      3.3      225.4            0
  0x0000000000100000      4.8      248.1            0
  0x0000000000200000      2.1      261.4            0
  0x0000000000400000      3.0      246.2            0
  0x0000000000800000      2.1      246.3            0
  0x0000000001000000      2.5      291.4            0
  0x0000000002000000      4.4      283.5            0
  0x0000000004000000      8.7      253.6            0
  0x0000000008000000      2.3      252.7            0
  0x0000000010000000     15.4      313.3            0
  0x0000000020000000      5.8      280.9            0
  0x0000000040000000      3.0      246.7            0
  0x0000000080000000      2.6      255.4            0
  0x0000000100000000      9.2      346.3            0
  0x0000000200000000      3.8      250.6            0
  0x0000000400000000      2.7      243.7            0
  0x0000000800000000      2.2      221.4            0
  0x0000001000000000     13.8      316.4            0
  0x0000002000000000      6.4      294.2            0
  0x0000004000000000      2.4      276.0            0
  0x0000008000000000      3.0      290.3            0
  0x0000010000000000     10.2      285.9            0
  0x0000020000000000      2.3      262.3            0
  0x0000040000000000      2.8      238.4            0
  0x0000080000000000      2.6      249.8            0
  0x0000100000000000      6.5      246.9            0
  0x0000200000000000      4.1      267.0            0
  0x0000400000000000      7.1      300.9            0
  0x0000800000000000      2.1      212.5            0
  0x0001000000000000      6.5      257.5            0
  0x0002000000000000      2.5      300.7            0
  0x0004000000000000      9.2      245.5            0
  0x0008000000000000      6.4      315.2            0
  0x0010000000000000      7.2      346.3            0
  0x0020000000000000     11.8      430.2            0
  0x0040000000000000      2.5      272.7            0
  0x0080000000000000      4.0      257.2            0
  0x0100000000000000      2.2      268.4            0
  0x0200000000000000      4.5      275.9            0
  0x0400000000000000      4.0      230.1            0
  0x0800000000000000      2.8      226.1            0
  0x1000000000000000      2.6      240.6            0
  0x2000000000000000      3.2      291.8            0
  0x4000000000000000      4.2      228.9            0
  0x8000000000000000      3.2      256.9            0
  0x0000000000000003      3.0      278.5            0
  0x0000000000000005      2.7      227.6            0
  0x0000000000000009      3.1      221.0            0
  0x0000000000000011      2.2      261.1            0
  0x8000000000000001      2.2      210.3            0
  0x0000000100000001      2.3      271.5            0
  0xf0f0f0f0f0f0f0f0      2.3      267.5            0
  0xffffffffffffffff      1.9      266.0            0
  0x0000000030000000      2.7      260.6            0
  0x0000000300000000      2.6      254.9            0
  0x3000000000000000      2.1      239.0            0
  0x0000000050000000      3.9      246.3            0
  0x0000000500000000      2.9      265.1            0
  0x5000000000000000     14.1      410.6            0
  0x0000000000000006      2.3      245.8            0
  0x0000000060000000      2.4      288.4            0
  0x0000000600000000      2.8      234.0            0
  0x6000000000000000      2.8      266.1            0
  0x0000000000000007      3.2      284.7            0
  0x0000000070000000      2.6      239.5            0
  0x0000000700000000      2.7      304.6            0
  0x7000000000000000      2.4      241.5            0
  0x0000000090000000      2.6      262.8            0
  0x0000000900000000      3.5      195.9            0
  0x9000000000000000      4.9      261.5            1
  0x000000000000000a      2.8      242.8            0
  0x00000000a0000000      2.5      276.6            0
  0x0000000a00000000      2.5      244.8            0
  0xa000000000000000      2.5      249.6            0
  0x000000000000000b      2.6      287.9            0
  0x00000000b0000000      2.7      231.0            0
  0x0000000b00000000      2.2      233.4            0
  0xb000000000000000      2.3      248.0            0
  0x000000000000000c      2.1      239.5            0
  0x00000000c0000000      3.2      283.1            0
  0x0000000c00000000      2.8      295.0            0
  0xc000000000000000      9.9      270.4            0
  0x000000000000000d      3.6      263.8            0
  0x00000000d0000000      2.1      243.6            0
  0x0000000d00000000      2.2      239.8            0
  0xd000000000000000      2.7      244.1            0
  0x000000000000000e      2.5      247.3            0
  0x00000000e0000000     21.4      269.3            0
  0x0000000e00000000     27.0      283.7            0
  0xe000000000000000      2.4      271.7            0
  0x000000000000000f      3.3      262.3            0
  0x00000000f0000000      2.3      266.8            0
  0x0000000f00000000      2.4      289.1            0
  0xf000000000000000      2.5      260.0            0
PASS max_repeats=1 max|z|=27.0 (all 115 deltas)
