# key=123456789abcdef0 N=2^22 kill_repeats=10
# null E[repeats/delta] = 2^22 * 2^-64 = 2^-42
# delta                  max|z|  low8_chi2 full_repeats
  0x0000000000000400      4.2      247.4            0
  0x0000000004000000     37.4      317.5            0
  0x0000000000000001      2.9      238.2            0
  0x0000000000000002      2.5      250.1            0
  0x0000000000000004      7.2      264.2            0
  0x0000000000000008      3.0      219.0            0
  0x0000000000000010      3.3      248.0            0
  0x0000000000000020      2.6      261.8            0
  0x0000000000000040      4.1      247.6            0
  0x0000000000000080      2.1      261.7            0
  0x0000000000000100      2.6      245.4            0
  0x0000000000000200      2.7      264.8            0
  0x0000000000000400      4.2      247.4            0
  0x0000000000000800      2.6      284.3            0
  0x0000000000001000      3.0      235.3            0
  0x0000000000002000      2.4      227.3            0
  0x0000000000004000      2.1      279.2            0
  0x0000000000008000      3.1      232.7            0
  0x0000000000010000      2.2      236.4            0
  0x0000000000020000      3.0      275.3            0
  0x0000000000040000      3.2      239.8            0
  0x0000000000080000      2.7      271.6            0
  0x0000000000100000      2.6      233.7            0
  0x0000000000200000      2.7      263.6            0
  0x0000000000400000      7.0      215.7            0
  0x0000000000800000      5.6      262.6            0
  0x0000000001000000      4.1      232.7            0
  0x0000000002000000      1.9      258.0            0
  0x0000000004000000     37.4      317.5            0
  0x0000000008000000      3.0      251.7            0
  0x0000000010000000     22.8      789.0            0
  0x0000000020000000      2.7      261.2            0
  0x0000000040000000      6.5      313.9            0
  0x0000000080000000      3.6      250.9            0
  0x0000000100000000     21.9      792.2            0
  0x0000000200000000      3.0      251.5            0
  0x0000000400000000      3.6      245.8            0
  0x0000000800000000      2.8      255.2            0
  0x0000001000000000     20.1      255.4            0
  0x0000002000000000      2.5      268.1            0
  0x0000004000000000      6.1      250.3            0
  0x0000008000000000      2.4      262.8            0
  0x0000010000000000      2.6      244.9            0
  0x0000020000000000      2.4      273.2            0
  0x0000040000000000      4.3      231.8            0
  0x0000080000000000      5.4      222.1            0
  0x0000100000000000      2.2      257.5            0
  0x0000200000000000      2.3      242.0            0
  0x0000400000000000      2.7      252.1            0
  0x0000800000000000      2.3      250.3            0
  0x0001000000000000      2.3      273.0            0
  0x0002000000000000      2.7      244.0            0
  0x0004000000000000     18.8      488.5            0
  0x0008000000000000      2.6      263.4            0
  0x0010000000000000     32.3      362.4            0
  0x0020000000000000      2.3      195.2            0
  0x0040000000000000      2.6      242.6            0
  0x0080000000000000      3.1      236.8            0
  0x0100000000000000      2.5      255.5            0
  0x0200000000000000      2.9      283.1            0
  0x0400000000000000     24.2      266.8            0
  0x0800000000000000      2.6      271.7            0
  0x1000000000000000      3.8      213.2            0
  0x2000000000000000      3.3      302.9            0
  0x4000000000000000      2.2      238.4            0
  0x8000000000000000     10.3      258.6            0
  0x0000000000000003      3.3      255.4            0
  0x0000000000000005      2.8      231.9            0
  0x0000000000000009      2.2      247.8            0
  0x0000000000000011      3.3      241.6            0
  0x8000000000000001      2.5      258.5            0
  0x0000000100000001      2.3      254.3            0
  0xf0f0f0f0f0f0f0f0      2.6      229.1            0
  0xffffffffffffffff      2.4      238.2            0
  0x0000000030000000      2.5      231.3            0
  0x0000000300000000      2.1      220.2            0
  0x3000000000000000      2.2      275.8            0
  0x0000000050000000      3.2      282.5            0
  0x0000000500000000      2.8      260.0            0
  0x5000000000000000      2.4      295.5            0
  0x0000000000000006      2.5      249.8            0
  0x0000000060000000      7.6      310.2            0
  0x0000000600000000      5.4      294.9            0
  0x6000000000000000      2.6      223.3            0
  0x0000000000000007      2.7      260.7            0
  0x0000000070000000      3.0      251.9            0
  0x0000000700000000      3.0      222.8            0
  0x7000000000000000      2.2      288.4            0
  0x0000000090000000      2.3      267.9            0
  0x0000000900000000      2.1      282.1            0
  0x9000000000000000      3.2      256.7            0
  0x000000000000000a      2.4      260.5            0
  0x00000000a0000000      2.3      260.2            0
  0x0000000a00000000      2.2      278.9            0
  0xa000000000000000      2.7      261.6            0
  0x000000000000000b      1.8      262.7            0
  0x00000000b0000000      3.5      238.5            0
  0x0000000b00000000      2.0      284.3            0
  0xb000000000000000      3.0      271.0            0
  0x000000000000000c      2.8      250.1            0
  0x00000000c0000000      2.4      248.6            0
  0x0000000c00000000      2.9      263.2            0
  0xc000000000000000      2.2      252.0            0
  0x000000000000000d      7.7      250.7            0
  0x00000000d0000000      2.2      227.3            0
  0x0000000d00000000      2.6      258.4            0
  0xd000000000000000      2.4      268.2            0
  0x000000000000000e      3.6      239.0            0
  0x00000000e0000000      2.6      289.6            0
  0x0000000e00000000      7.4      268.8            0
  0xe000000000000000      2.3      269.1            0
  0x000000000000000f      2.2      265.1            0
  0x00000000f0000000      2.7      260.9            0
  0x0000000f00000000      2.7      301.1            0
  0xf000000000000000      2.8      252.3            0
PASS max_repeats=0 max|z|=37.4 (all 115 deltas)
