# key=123456789abcdef0 N=2^22 kill_repeats=10
# null E[repeats/delta] = 2^22 * 2^-64 = 2^-42
# delta                  max|z|  low8_chi2 full_repeats
  0x0000000000000400      2.5      275.2            0
  0x0000000004000000      5.3      211.5            0
  0x0000000000000001      2.6      240.1            0
  0x0000000000000002      4.2      266.3            0
  0x0000000000000004      3.3      339.6            0
  0x0000000000000008      2.1      277.5            0
  0x0000000000000010      3.1      243.7            0
  0x0000000000000020      4.6      287.5            0
  0x0000000000000040      2.2      256.3            0
  0x0000000000000080      2.0      246.1            0
  0x0000000000000100      3.2      267.1            0
  0x0000000000000200      2.7      238.0            0
  0x0000000000000400      2.5      275.2            0
  0x0000000000000800      2.8      264.3            0
  0x0000000000001000      3.6      270.6            0
  0x0000000000002000      2.7      257.1            0
  0x0000000000004000      3.2      305.4            0
  0x0000000000008000      4.5      229.7            0
  0x0000000000010000      3.6      249.1            0
  0x0000000000020000      2.4      280.4            0
  0x0000000000040000      2.4      219.5            0
  0x0000000000080000      2.8      258.7            0
  0x0000000000100000      3.4      192.1            0
  0x0000000000200000      3.1      289.4            0
  0x0000000000400000      4.0      271.9            0
  0x0000000000800000      3.3      279.1            0
  0x0000000001000000     22.6      769.9            0
  0x0000000002000000      2.2      243.3            0
  0x0000000004000000      5.3      211.5            0
  0x0000000008000000      1.9      230.0            0
  0x0000000010000000      5.4      250.2            0
  0x0000000020000000      2.6      245.4            0
  0x0000000040000000     16.0      478.9            0
  0x0000000080000000     21.7      284.9            0
  0x0000000100000000     21.5      597.2            0
  0x0000000200000000      2.5      249.8            0
  0x0000000400000000      5.0      280.6            0
  0x0000000800000000      2.6      252.3            0
  0x0000001000000000      3.2      276.3            0
  0x0000002000000000      2.6      236.9            0
  0x0000004000000000     23.6      494.3            0
  0x0000008000000000     11.5      227.8            0
  0x0000010000000000      5.1      237.7            0
  0x0000020000000000      2.6      218.6            0
  0x0000040000000000      2.5      259.6            0
  0x0000080000000000      3.1      275.6            0
  0x0000100000000000      2.5      256.7            0
  0x0000200000000000     21.0      518.8            0
  0x0000400000000000      3.3      246.0            0
  0x0000800000000000      2.4      252.0            0
  0x0001000000000000      3.0      263.2            0
  0x0002000000000000      3.9      294.2            0
  0x0004000000000000      3.2      264.7            0
  0x0008000000000000      2.6      249.3            0
  0x0010000000000000      8.1      235.5            0
  0x0020000000000000      2.5      249.1            0
  0x0040000000000000      2.7      279.3            0
  0x0080000000000000      2.8      253.0            0
  0x0100000000000000     10.4      280.3            0
  0x0200000000000000      2.0      235.9            0
  0x0400000000000000      3.3      230.7            0
  0x0800000000000000      1.9      266.0            0
  0x1000000000000000      9.8      316.5            0
  0x2000000000000000      2.4      248.7            0
  0x4000000000000000      4.0      245.7            0
  0x8000000000000000      3.1      269.6            0
  0x0000000000000003      3.8      213.5            0
  0x0000000000000005      2.3      236.9            0
  0x0000000000000009      3.0      257.7            0
  0x0000000000000011      1.9      222.4            0
  0x8000000000000001      2.7      278.0            0
  0x0000000100000001      3.5      221.7            0
  0xf0f0f0f0f0f0f0f0      1.9      265.4            0
  0xffffffffffffffff      2.5      246.4            0
  0x0000000030000000      2.6      252.1            0
  0x0000000300000000      8.3      252.8            0
  0x3000000000000000     11.3      322.4            0
  0x0000000050000000      3.2      265.9            0
  0x0000000500000000      2.3      237.4            0
  0x5000000000000000      2.4      264.1            0
  0x0000000000000006      2.0      250.7            0
  0x0000000060000000      3.2      238.2            0
  0x0000000600000000     23.2      290.7            1
  0x6000000000000000      2.6      280.5            0
  0x0000000000000007      3.0      266.6            0
  0x0000000070000000      2.9      207.7            0
  0x0000000700000000      2.4      285.7            0
  0x7000000000000000      4.0      299.7            0
  0x0000000090000000      1.9      263.5            0
  0x0000000900000000      3.1      266.9            0
  0x9000000000000000      2.2      254.6            0
  0x000000000000000a      4.5      260.0            0
  0x00000000a0000000      5.8      247.5            0
  0x0000000a00000000      2.4      268.1            0
  0xa000000000000000      3.0      260.9            0
  0x000000000000000b      2.2      240.8            0
  0x00000000b0000000      3.4      248.7            0
  0x0000000b00000000      1.9      267.0            0
  0xb000000000000000      3.0      189.6            0
  0x000000000000000c      2.4      230.2            0
  0x00000000c0000000      2.7      268.0            0
  0x0000000c00000000      2.5      255.4            0
  0xc000000000000000     14.0      427.3            0
  0x000000000000000d      3.0      246.9            0
  0x00000000d0000000      2.8      240.2            0
  0x0000000d00000000      3.0      255.0            0
  0xd000000000000000      2.2      250.8            0
  0x000000000000000e      2.5      273.4            0
  0x00000000e0000000      3.1      245.1            0
  0x0000000e00000000      3.1      258.3            0
  0xe000000000000000      2.4      248.8            0
  0x000000000000000f      2.8      277.6            0
  0x00000000f0000000      2.8      266.0            0
  0x0000000f00000000      2.2      286.6            0
  0xf000000000000000      2.4      258.5            0
PASS max_repeats=1 max|z|=23.6 (all 115 deltas)
