# key=123456789abcdef0 N=2^22 kill_repeats=10
# null E[repeats/delta] = 2^22 * 2^-64 = 2^-42
# delta                  max|z|  low8_chi2 full_repeats
  0x0000000000000400      2.4      275.2            0
  0x0000000004000000      3.1      245.9            0
  0x0000000000000001      2.5      230.1            0
  0x0000000000000002      2.0      267.4            0
  0x0000000000000004      2.5      245.3            0
  0x0000000000000008      3.5      234.6            0
  0x0000000000000010      2.5      236.0            0
  0x0000000000000020      1.9      252.9            0
  0x0000000000000040      2.3      237.4            0
  0x0000000000000080      2.6      317.3            0
  0x0000000000000100      2.5      287.5            0
  0x0000000000000200      2.5      234.8            0
  0x0000000000000400      2.4      275.2            0
  0x0000000000000800      2.6      282.7            0
  0x0000000000001000      2.7      223.4            0
  0x0000000000002000      2.6      257.0            0
  0x0000000000004000      2.8      256.5            0
  0x0000000000008000      2.4      273.9            0
  0x0000000000010000      1.8      224.6            0
  0x0000000000020000      2.3      270.8            0
  0x0000000000040000      2.0      282.6            0
  0x0000000000080000      2.6      247.6            0
  0x0000000000100000      2.5      214.3            0
  0x0000000000200000      2.5      258.4            0
  0x0000000000400000      2.2      287.4            0
  0x0000000000800000      2.5      281.8            0
  0x0000000001000000      2.3      261.7            0
  0x0000000002000000      2.8      273.0            0
  0x0000000004000000      3.1      245.9            0
  0x0000000008000000      2.9      246.4            0
  0x0000000010000000      3.4      256.7            0
  0x0000000020000000      2.5      241.8            0
  0x0000000040000000      3.1      222.7            0
  0x0000000080000000      6.8      253.4            0
  0x0000000100000000      2.2      282.7            0
  0x0000000200000000      2.3      278.8            0
  0x0000000400000000      2.6      258.6            0
  0x0000000800000000      2.2      244.5            0
  0x0000001000000000      2.1      263.9            0
  0x0000002000000000      2.4      230.4            0
  0x0000004000000000      2.9      271.5            0
  0x0000008000000000      5.6      316.2            0
  0x0000010000000000      2.6      288.8            0
  0x0000020000000000      2.0      279.0            0
  0x0000040000000000      2.3      259.7            0
  0x0000080000000000      2.1      267.6            0
  0x0000100000000000      2.2      277.4            0
  0x0000200000000000      2.4      254.5            0
  0x0000400000000000      2.4      308.0            0
  0x0000800000000000      3.6      262.7            0
  0x0001000000000000      3.5      264.6            0
  0x0002000000000000      2.8      226.9            0
  0x0004000000000000      2.4      249.1            0
  0x0008000000000000      4.1      270.1            0
  0x0010000000000000      2.8      266.6            0
  0x0020000000000000      3.3      306.2            0
  0x0040000000000000      3.1      242.9            0
  0x0080000000000000      2.6      292.5            0
  0x0100000000000000      2.3      283.6            0
  0x0200000000000000      2.4      280.9            0
  0x0400000000000000      2.5      248.3            0
  0x0800000000000000      2.2      266.7            0
  0x1000000000000000      2.7      277.6            0
  0x2000000000000000      3.1      265.3            0
  0x4000000000000000      2.5      242.1            0
  0x8000000000000000      2.5      261.7            0
  0x0000000000000003      2.6      324.9            0
  0x0000000000000005      2.7      230.0            0
  0x0000000000000009      3.2      249.4            0
  0x0000000000000011      3.1      248.0            0
  0x8000000000000001      2.2      226.8            0
  0x0000000100000001      2.6      245.5            0
  0xf0f0f0f0f0f0f0f0      2.3      245.6            0
  0xffffffffffffffff      3.5      297.4            0
  0x0000000030000000      2.5      244.3            0
  0x0000000300000000      2.4      257.5            0
  0x3000000000000000      1.9      252.0            0
  0x0000000050000000      6.4      295.6            0
  0x0000000500000000      2.6      223.8            0
  0x5000000000000000      2.4      226.7            0
  0x0000000000000006      2.4      205.0            0
  0x0000000060000000      3.6      284.9            0
  0x0000000600000000      2.9      282.7            0
  0x6000000000000000      5.8      230.9            0
  0x0000000000000007      2.8      254.7            0
  0x0000000070000000      2.3      247.3            0
  0x0000000700000000      2.4      229.7            0
  0x7000000000000000      2.9      262.1            0
  0x0000000090000000      4.0      303.8            0
  0x0000000900000000      2.8      271.8            0
  0x9000000000000000      2.6      241.4            0
  0x000000000000000a      2.0      262.2            0
  0x00000000a0000000      2.0      280.0            0
  0x0000000a00000000      2.4      270.8            0
  0xa000000000000000      3.1      259.7            0
  0x000000000000000b      2.7      269.5            0
  0x00000000b0000000      2.5      265.8            0
  0x0000000b00000000      3.2      223.1            0
  0xb000000000000000      3.3      231.0            0
  0x000000000000000c      2.7      254.6            0
  0x00000000c0000000      2.3      278.4            0
  0x0000000c00000000      2.3      267.2            0
  0xc000000000000000      2.8      272.8            0
  0x000000000000000d      3.2      246.7            0
  0x00000000d0000000      4.1      252.2            0
  0x0000000d00000000      2.8      271.3            0
  0xd000000000000000      2.3      248.8            0
  0x000000000000000e      2.6      259.0            0
  0x00000000e0000000      2.8      237.3            0
  0x0000000e00000000      2.6      268.9            0
  0xe000000000000000      2.6      234.5            0
  0x000000000000000f      2.6      252.0            0
  0x00000000f0000000      3.2      239.2            0
  0x0000000f00000000      2.3      245.8            0
  0xf000000000000000      2.3      250.8            0
PASS max_repeats=0 max|z|=6.8 (all 115 deltas)
