# key=123456789abcdef0 N=2^22 kill_repeats=10
# null E[repeats/delta] = 2^22 * 2^-64 = 2^-42
# delta                  max|z|  low8_chi2 full_repeats
  0x0000000000000400      2.4      244.6            0
  0x0000000004000000      2.5      240.8            0
  0x0000000000000001      2.1      247.8            0
  0x0000000000000002      3.3      250.9            0
  0x0000000000000004      3.1      258.4            0
  0x0000000000000008      3.4      235.1            0
  0x0000000000000010      2.2      236.8            0
  0x0000000000000020      2.9      259.1            0
  0x0000000000000040      3.5      257.4            0
  0x0000000000000080      2.4      254.0            0
  0x0000000000000100      2.7      265.5            0
  0x0000000000000200      3.0      232.4            0
  0x0000000000000400      2.4      244.6            0
  0x0000000000000800      2.7      255.7            0
  0x0000000000001000      2.7      247.4            0
  0x0000000000002000      3.0      248.0            0
  0x0000000000004000      2.5      214.1            0
  0x0000000000008000      2.2      270.7            0
  0x0000000000010000      2.4      255.4            0
  0x0000000000020000      3.1      248.6            0
  0x0000000000040000      2.6      234.1            0
  0x0000000000080000      2.5      229.7            0
  0x0000000000100000      3.1      236.9            0
  0x0000000000200000      3.1      283.6            0
  0x0000000000400000      2.9      259.5            0
  0x0000000000800000      2.2      266.9            0
  0x0000000001000000      3.6      245.2            0
  0x0000000002000000      2.1      223.6            0
  0x0000000004000000      2.5      240.8            0
  0x0000000008000000      7.4      299.2            0
  0x0000000010000000      2.9      275.1            0
  0x0000000020000000      3.0      297.0            0
  0x0000000040000000      2.7      269.5            0
  0x0000000080000000      2.3      193.7            0
  0x0000000100000000      3.3      249.7            0
  0x0000000200000000      5.3      260.0            0
  0x0000000400000000      3.0      289.9            0
  0x0000000800000000      2.8      277.3            0
  0x0000001000000000      4.7      253.1            0
  0x0000002000000000      7.5      292.1            0
  0x0000004000000000      2.2      232.9            0
  0x0000008000000000      3.3      289.0            0
  0x0000010000000000      5.4      265.4            0
  0x0000020000000000      2.4      249.3            0
  0x0000040000000000      2.1      297.8            0
  0x0000080000000000      2.8      228.9            0
  0x0000100000000000      2.9      271.1            0
  0x0000200000000000      2.5      300.2            0
  0x0000400000000000      3.1      256.3            0
  0x0000800000000000      2.8      274.0            0
  0x0001000000000000      2.1      237.2            0
  0x0002000000000000      2.8      259.7            0
  0x0004000000000000      2.6      234.3            0
  0x0008000000000000      2.1      274.0            0
  0x0010000000000000      3.3      236.0            0
  0x0020000000000000      2.6      228.4            0
  0x0040000000000000      2.7      293.7            0
  0x0080000000000000      2.9      249.8            0
  0x0100000000000000      3.1      266.5            0
  0x0200000000000000      2.6      215.2            0
  0x0400000000000000      2.4      226.1            0
  0x0800000000000000      8.5      260.0            0
  0x1000000000000000      2.7      268.8            0
  0x2000000000000000      3.1      271.6            0
  0x4000000000000000      2.5      245.1            0
  0x8000000000000000      3.7      256.4            0
  0x0000000000000003      2.3      219.3            0
  0x0000000000000005      3.5      236.5            0
  0x0000000000000009      2.6      230.0            0
  0x0000000000000011      2.6      232.3            0
  0x8000000000000001      2.6      259.1            0
  0x0000000100000001      2.4      223.7            0
  0xf0f0f0f0f0f0f0f0      2.6      229.4            0
  0xffffffffffffffff      2.3      242.0            0
  0x0000000030000000      2.3      259.2            0
  0x0000000300000000      2.8      265.1            0
  0x3000000000000000      3.5      273.8            0
  0x0000000050000000      2.4      261.3            0
  0x0000000500000000      2.0      242.4            0
  0x5000000000000000      7.0      295.3            0
  0x0000000000000006      2.1      295.5            0
  0x0000000060000000      2.8      232.2            0
  0x0000000600000000      3.0      225.5            0
  0x6000000000000000      3.0      237.0            0
  0x0000000000000007      2.3      216.5            0
  0x0000000070000000      3.9      251.9            0
  0x0000000700000000      2.7      232.6            0
  0x7000000000000000      3.6      254.2            0
  0x0000000090000000      1.8      245.6            0
  0x0000000900000000      2.4      256.2            0
  0x9000000000000000      2.1      227.6            0
  0x000000000000000a      2.4      250.5            0
  0x00000000a0000000      3.0      264.4            0
  0x0000000a00000000      3.2      235.7            0
  0xa000000000000000      2.3      275.8            0
  0x000000000000000b      2.9      282.4            0
  0x00000000b0000000      3.0      233.3            0
  0x0000000b00000000      2.9      292.5            0
  0xb000000000000000      2.7      260.8            0
  0x000000000000000c      3.2      283.7            0
  0x00000000c0000000      1.9      206.6            0
  0x0000000c00000000      3.2      286.3            0
  0xc000000000000000      2.3      264.2            0
  0x000000000000000d      3.0      266.8            0
  0x00000000d0000000      2.6      233.2            0
  0x0000000d00000000      4.3      276.8            0
  0xd000000000000000      3.2      263.0            0
  0x000000000000000e      2.8      274.6            0
  0x00000000e0000000      2.7      283.8            0
  0x0000000e00000000      2.6      261.2            0
  0xe000000000000000      3.1      248.1            0
  0x000000000000000f      3.3      298.1            0
  0x00000000f0000000      2.7      246.5            0
  0x0000000f00000000      3.8      228.9            0
  0xf000000000000000      7.4      318.5            0
PASS max_repeats=0 max|z|=8.5 (all 115 deltas)
