# key=123456789abcdef0 N=2^22 kill_repeats=10
# null E[repeats/delta] = 2^22 * 2^-64 = 2^-42
# delta                  max|z|  low8_chi2 full_repeats
  0x0000000000000400      3.4      255.6            0
  0x0000000004000000      5.3      248.9            0
  0x0000000000000001      2.2      243.0            0
  0x0000000000000002      2.9      249.5            0
  0x0000000000000004      3.3      279.3            0
  0x0000000000000008      3.0      259.9            0
  0x0000000000000010      2.6      238.8            0
  0x0000000000000020      2.6      231.5            0
  0x0000000000000040      2.5      245.5            0
  0x0000000000000080      3.2      249.2            0
  0x0000000000000100      3.2      236.9            0
  0x0000000000000200      3.3      237.7            0
  0x0000000000000400      3.4      255.6            0
  0x0000000000000800      2.8      224.7            0
  0x0000000000001000      2.7      270.1            0
  0x0000000000002000      3.2      234.0            0
  0x0000000000004000      3.0      239.4            0
  0x0000000000008000      2.3      271.4            0
  0x0000000000010000      2.9      274.9            0
  0x0000000000020000      2.5      292.0            0
  0x0000000000040000      2.7      268.2            0
  0x0000000000080000      2.3      286.0            0
  0x0000000000100000      1.8      260.9            0
  0x0000000000200000      2.5      221.5            0
  0x0000000000400000      2.1      247.4            0
  0x0000000000800000      2.2      242.2            0
  0x0000000001000000      3.3      228.7            0
  0x0000000002000000      2.3      254.0            0
  0x0000000004000000      5.3      248.9            0
  0x0000000008000000      2.2      240.4            0
  0x0000000010000000      2.5      263.4            0
  0x0000000020000000      2.4      254.9            0
  0x0000000040000000      4.5      234.4            0
  0x0000000080000000      3.9      220.7            0
  0x0000000100000000      2.4      271.1            0
  0x0000000200000000      2.7      278.3            0
  0x0000000400000000      2.7      261.9            0
  0x0000000800000000      4.9      253.1            0
  0x0000001000000000      2.4      222.2            0
  0x0000002000000000      3.1      244.5            0
  0x0000004000000000      3.6      218.5            0
  0x0000008000000000      3.2      258.2            0
  0x0000010000000000      2.2      267.6            0
  0x0000020000000000      3.0      223.1            0
  0x0000040000000000      7.5      277.6            0
  0x0000080000000000      3.1      261.2            0
  0x0000100000000000      1.9      233.1            0
  0x0000200000000000      2.4      281.5            0
  0x0000400000000000      3.0      253.3            0
  0x0000800000000000      7.5      281.4            0
  0x0001000000000000      2.5      271.1            0
  0x0002000000000000      3.4      249.9            0
  0x0004000000000000      2.5      200.9            0
  0x0008000000000000      2.3      260.4            0
  0x0010000000000000      2.3      257.2            0
  0x0020000000000000      3.0      247.9            0
  0x0040000000000000      2.5      269.3            0
  0x0080000000000000      2.3      232.4            0
  0x0100000000000000      3.5      269.0            0
  0x0200000000000000      3.0      287.8            0
  0x0400000000000000      9.3      282.3            0
  0x0800000000000000      2.0      245.5            0
  0x1000000000000000      4.8      235.7            0
  0x2000000000000000      5.9      284.5            0
  0x4000000000000000      2.5      230.9            0
  0x8000000000000000      2.8      237.8            0
  0x0000000000000003      3.1      262.5            0
  0x0000000000000005      3.1      280.6            0
  0x0000000000000009      2.2      251.5            0
  0x0000000000000011      2.5      235.7            0
  0x8000000000000001      3.1      234.3            0
  0x0000000100000001      2.5      264.9            0
  0xf0f0f0f0f0f0f0f0      1.9      300.4            0
  0xffffffffffffffff      2.2      220.6            0
  0x0000000030000000      2.6      233.3            0
  0x0000000300000000      2.4      272.4            0
  0x3000000000000000      2.9      228.3            0
  0x0000000050000000      2.4      234.9            0
  0x0000000500000000      3.0      249.6            0
  0x5000000000000000      2.5      273.6            0
  0x0000000000000006      2.3      269.6            0
  0x0000000060000000      2.9      243.1            0
  0x0000000600000000      2.6      217.6            0
  0x6000000000000000      2.1      260.1            0
  0x0000000000000007      2.7      282.9            0
  0x0000000070000000      3.0      317.5            0
  0x0000000700000000      2.1      239.7            0
  0x7000000000000000      2.2      264.9            0
  0x0000000090000000      2.7      227.9            0
  0x0000000900000000      4.2      234.2            0
  0x9000000000000000     12.6      346.2            0
  0x000000000000000a      3.3      260.3            0
  0x00000000a0000000      2.5      271.1            0
  0x0000000a00000000      2.5      234.3            0
  0xa000000000000000      2.3      247.8            0
  0x000000000000000b      2.6      269.3            0
  0x00000000b0000000      2.5      287.8            0
  0x0000000b00000000      2.0      291.2            0
  0xb000000000000000      2.5      235.4            0
  0x000000000000000c      3.1      268.6            0
  0x00000000c0000000      2.2      237.4            0
  0x0000000c00000000      2.2      264.2            0
  0xc000000000000000      2.7      284.3            0
  0x000000000000000d      2.8      262.5            0
  0x00000000d0000000      2.6      295.1            0
  0x0000000d00000000      1.8      248.5            0
  0xd000000000000000      2.4      280.2            0
  0x000000000000000e      2.2      210.8            0
  0x00000000e0000000      3.4      248.5            0
  0x0000000e00000000      2.8      254.6            0
  0xe000000000000000      2.9      258.8            0
  0x000000000000000f      2.9      257.0            0
  0x00000000f0000000      3.3      286.2            0
  0x0000000f00000000      2.6      268.4            0
  0xf000000000000000      2.7      262.4            0
PASS max_repeats=0 max|z|=12.6 (all 115 deltas)
