# key=123456789abcdef0 N=2^22 kill_repeats=10
# null E[repeats/delta] = 2^22 * 2^-64 = 2^-42
# delta                  max|z|  low8_chi2 full_repeats
  0x0000000000000400      2.4      258.0            0
  0x0000000004000000      9.3      254.1            0
  0x0000000000000001      3.4      217.1            0
  0x0000000000000002      2.2      227.6            0
  0x0000000000000004      2.7      225.7            0
  0x0000000000000008      2.9      321.4            0
  0x0000000000000010      3.2      255.7            0
  0x0000000000000020      2.8      238.5            0
  0x0000000000000040      2.7      226.9            0
  0x0000000000000080      2.6      242.2            0
  0x0000000000000100      2.7      271.9            0
  0x0000000000000200      4.3      231.2            0
  0x0000000000000400      2.4      258.0            0
  0x0000000000000800      2.7      273.8            0
  0x0000000000001000      1.9      223.3            0
  0x0000000000002000      2.6      229.5            0
  0x0000000000004000      2.5      271.7            0
  0x0000000000008000      2.8      250.4            0
  0x0000000000010000      3.5      284.8            0
  0x0000000000020000      3.0      274.3            0
  0x0000000000040000      2.6      221.8            0
  0x0000000000080000      3.4      234.1            0
  0x0000000000100000      2.2      246.8            0
  0x0000000000200000      2.8      272.1            0
  0x0000000000400000      3.7      249.6            0
  0x0000000000800000      2.2      253.6            0
  0x0000000001000000      2.4      243.0            0
  0x0000000002000000      3.8      305.0            0
  0x0000000004000000      9.3      254.1            0
  0x0000000008000000      6.1      266.9            0
  0x0000000010000000      3.9      293.4            0
  0x0000000020000000      2.6      282.6            0
  0x0000000040000000      4.0      298.6            0
  0x0000000080000000      3.1      237.9            0
  0x0000000100000000      3.4      257.5            0
  0x0000000200000000      2.3      290.3            0
  0x0000000400000000      7.8      301.9            0
  0x0000000800000000      2.3      217.4            0
  0x0000001000000000      4.9      285.0            0
  0x0000002000000000      2.3      265.9            0
  0x0000004000000000      3.6      274.5            0
  0x0000008000000000      2.6      278.8            0
  0x0000010000000000      2.4      247.4            0
  0x0000020000000000      5.1      260.6            0
  0x0000040000000000      3.6      264.7            0
  0x0000080000000000      3.0      247.7            0
  0x0000100000000000      4.1      247.7            0
  0x0000200000000000      6.7      255.5            0
  0x0000400000000000      2.9      256.7            0
  0x0000800000000000      2.1      281.2            0
  0x0001000000000000      2.5      247.3            0
  0x0002000000000000      3.3      258.5            0
  0x0004000000000000      2.3      241.4            0
  0x0008000000000000      1.7      237.9            0
  0x0010000000000000      3.7      244.6            0
  0x0020000000000000      2.6      260.2            0
  0x0040000000000000      6.8      333.8            1
  0x0080000000000000      2.6      241.3            0
  0x0100000000000000      2.6      227.0            0
  0x0200000000000000      2.4      244.7            0
  0x0400000000000000     13.1      375.6            0
  0x0800000000000000      3.5      232.7            0
  0x1000000000000000      3.6      247.2            0
  0x2000000000000000      3.1      311.1            0
  0x4000000000000000      2.8      258.5            0
  0x8000000000000000      2.9      269.7            0
  0x0000000000000003      2.6      243.0            0
  0x0000000000000005      2.5      258.2            0
  0x0000000000000009      2.0      243.9            0
  0x0000000000000011      2.2      239.6            0
  0x8000000000000001      3.3      271.8            0
  0x0000000100000001      1.9      223.2            0
  0xf0f0f0f0f0f0f0f0      2.8      238.7            0
  0xffffffffffffffff      2.6      262.6            0
  0x0000000030000000      4.9      234.3            1
  0x0000000300000000      6.5      269.5            1
  0x3000000000000000      3.9      248.2            1
  0x0000000050000000      3.0      259.1            0
  0x0000000500000000      2.4      252.0            0
  0x5000000000000000      2.9      253.1            0
  0x0000000000000006      2.8      248.6            0
  0x0000000060000000      2.6      254.0            0
  0x0000000600000000      2.6      290.8            0
  0x6000000000000000      3.0      275.4            0
  0x0000000000000007      2.4      246.4            0
  0x0000000070000000      6.8      247.4            0
  0x0000000700000000      4.8      264.2            0
  0x7000000000000000      7.7      248.8            0
  0x0000000090000000      2.3      222.7            0
  0x0000000900000000      2.7      268.9            0
  0x9000000000000000      4.5      291.7            0
  0x000000000000000a      2.6      241.6            0
  0x00000000a0000000      3.1      213.7            0
  0x0000000a00000000      2.4      247.8            0
  0xa000000000000000      2.8      277.9            0
  0x000000000000000b      2.2      247.6            0
  0x00000000b0000000      2.2      248.0            0
  0x0000000b00000000      3.7      288.0            0
  0xb000000000000000      2.8      230.1            0
  0x000000000000000c      2.5      283.2            0
  0x00000000c0000000      2.9      263.2            0
  0x0000000c00000000      1.9      246.7            0
  0xc000000000000000      3.5      253.0            0
  0x000000000000000d      2.8      236.8            0
  0x00000000d0000000      2.4      278.8            0
  0x0000000d00000000      2.3      246.9            0
  0xd000000000000000      2.2      238.7            0
  0x000000000000000e      2.5      239.3            0
  0x00000000e0000000      2.7      279.5            0
  0x0000000e00000000      2.2      275.2            0
  0xe000000000000000      1.9      234.7            0
  0x000000000000000f      2.5      260.9            0
  0x00000000f0000000      3.1      241.3            0
  0x0000000f00000000      2.0      246.6            0
  0xf000000000000000      2.2      226.7            0
PASS max_repeats=1 max|z|=13.1 (all 115 deltas)
