# key=123456789abcdef0 N=2^22 kill_repeats=10
# null E[repeats/delta] = 2^22 * 2^-64 = 2^-42
# delta                  max|z|  low8_chi2 full_repeats
  0x0000000000000400      2.3      268.0            0
  0x0000000004000000      2.4      276.7            0
  0x0000000000000001      2.4      220.2            0
  0x0000000000000002      2.5      249.1            0
  0x0000000000000004      2.6      280.3            0
  0x0000000000000008      2.7      274.8            0
  0x0000000000000010      2.9      280.4            0
  0x0000000000000020      2.9      204.7            0
  0x0000000000000040      3.0      274.9            0
  0x0000000000000080      2.3      229.8            0
  0x0000000000000100      2.4      261.5            0
  0x0000000000000200      3.0      289.5            0
  0x0000000000000400      2.3      268.0            0
  0x0000000000000800      2.9      273.3            0
  0x0000000000001000      2.7      255.5            0
  0x0000000000002000      2.7      291.8            0
  0x0000000000004000      2.0      257.3            0
  0x0000000000008000      2.6      267.4            0
  0x0000000000010000      2.1      256.4            0
  0x0000000000020000      2.6      284.7            0
  0x0000000000040000      2.1      243.0            0
  0x0000000000080000      3.5      223.8            0
  0x0000000000100000      2.8      297.4            0
  0x0000000000200000      2.6      297.4            0
  0x0000000000400000      3.2      244.8            0
  0x0000000000800000      3.2      285.9            0
  0x0000000001000000      3.2      239.8            0
  0x0000000002000000      2.9      300.4            0
  0x0000000004000000      2.4      276.7            0
  0x0000000008000000      4.3      236.7            0
  0x0000000010000000      2.8      223.7            0
  0x0000000020000000      3.0      276.1            0
  0x0000000040000000      2.2      237.4            0
  0x0000000080000000      2.6      235.5            0
  0x0000000100000000      2.5      230.9            0
  0x0000000200000000      2.8      252.2            0
  0x0000000400000000      2.3      260.3            0
  0x0000000800000000      2.5      272.6            0
  0x0000001000000000      2.2      255.7            0
  0x0000002000000000      3.6      277.8            0
  0x0000004000000000      2.5      236.5            0
  0x0000008000000000      2.6      265.5            0
  0x0000010000000000      1.9      320.2            0
  0x0000020000000000      2.6      255.6            0
  0x0000040000000000      2.4      217.8            0
  0x0000080000000000      4.4      256.4            0
  0x0000100000000000      2.2      229.4            0
  0x0000200000000000      3.0      257.5            0
  0x0000400000000000      2.2      261.3            0
  0x0000800000000000      2.7      271.6            0
  0x0001000000000000      2.7      291.9            0
  0x0002000000000000      1.7      262.4            0
  0x0004000000000000      3.5      263.5            0
  0x0008000000000000      2.9      206.7            0
  0x0010000000000000      2.5      244.2            0
  0x0020000000000000      2.4      263.5            0
  0x0040000000000000      3.6      223.4            0
  0x0080000000000000      2.8      276.4            0
  0x0100000000000000      3.1      280.5            0
  0x0200000000000000      3.5      276.9            0
  0x0400000000000000      2.2      228.6            0
  0x0800000000000000      3.6      274.2            0
  0x1000000000000000      2.7      252.8            0
  0x2000000000000000      2.6      228.6            0
  0x4000000000000000      3.6      267.1            0
  0x8000000000000000      1.9      265.2            0
  0x0000000000000003      2.4      235.3            0
  0x0000000000000005      2.7      214.8            0
  0x0000000000000009      2.6      236.7            0
  0x0000000000000011      2.2      261.1            0
  0x8000000000000001      2.0      257.7            0
  0x0000000100000001      2.4      262.2            0
  0xf0f0f0f0f0f0f0f0      2.3      218.0            0
  0xffffffffffffffff      2.6      260.0            0
  0x0000000030000000      2.6      255.8            0
  0x0000000300000000      2.1      292.0            0
  0x3000000000000000      2.3      229.3            0
  0x0000000050000000      1.9      255.5            0
  0x0000000500000000      2.3      263.0            0
  0x5000000000000000      5.6      284.9            0
  0x0000000000000006      3.6      234.3            0
  0x0000000060000000      3.0      283.4            0
  0x0000000600000000      2.6      245.3            0
  0x6000000000000000      2.3      282.2            0
  0x0000000000000007      2.3      213.4            0
  0x0000000070000000      3.8      261.1            0
  0x0000000700000000      6.6      292.9            0
  0x7000000000000000      3.4      264.6            0
  0x0000000090000000      2.8      274.3            0
  0x0000000900000000      2.5      220.2            0
  0x9000000000000000      2.9      252.4            0
  0x000000000000000a      2.3      273.0            0
  0x00000000a0000000      2.7      243.2            0
  0x0000000a00000000      2.8      236.5            0
  0xa000000000000000      2.6      249.3            0
  0x000000000000000b      3.4      263.3            0
  0x00000000b0000000      2.3      287.4            0
  0x0000000b00000000      2.8      235.7            0
  0xb000000000000000      2.9      244.4            0
  0x000000000000000c      2.4      241.4            0
  0x00000000c0000000      2.4      256.7            0
  0x0000000c00000000      2.6      250.6            0
  0xc000000000000000      3.3      234.6            0
  0x000000000000000d      2.4      229.9            0
  0x00000000d0000000      5.4      295.7            0
  0x0000000d00000000      3.4      247.6            0
  0xd000000000000000      2.5      326.2            0
  0x000000000000000e      2.6      249.8            0
  0x00000000e0000000      2.7      213.6            0
  0x0000000e00000000      2.9      288.3            0
  0xe000000000000000      2.3      265.9            0
  0x000000000000000f      2.0      253.4            0
  0x00000000f0000000      5.0      268.2            0
  0x0000000f00000000      2.3      282.3            0
  0xf000000000000000      5.7      238.6            0
PASS max_repeats=0 max|z|=6.6 (all 115 deltas)
