# key=123456789abcdef0 N=2^22 kill_repeats=10
# null E[repeats/delta] = 2^22 * 2^-64 = 2^-42
# delta                  max|z|  low8_chi2 full_repeats
  0x0000000000000400      2.6      211.6            0
  0x0000000004000000      2.3      275.4            0
  0x0000000000000001      2.5      268.5            0
  0x0000000000000002      2.8      253.5            0
  0x0000000000000004      2.3      287.3            0
  0x0000000000000008      2.7      288.9            0
  0x0000000000000010      2.0      189.4            0
  0x0000000000000020      2.0      258.1            0
  0x0000000000000040      2.7      269.4            0
  0x0000000000000080      2.6      208.0            0
  0x0000000000000100      2.2      257.7            0
  0x0000000000000200      1.8      263.9            0
  0x0000000000000400      2.6      211.6            0
  0x0000000000000800      3.3      231.3            0
  0x0000000000001000      1.9      259.1            0
  0x0000000000002000      2.6      250.3            0
  0x0000000000004000      2.3      245.4            0
  0x0000000000008000      2.7      297.3            0
  0x0000000000010000      2.8      239.3            0
  0x0000000000020000      2.6      264.6            0
  0x0000000000040000      2.0      236.9            0
  0x0000000000080000      2.6      234.8            0
  0x0000000000100000      2.6      245.9            0
  0x0000000000200000      2.6      231.6            0
  0x0000000000400000      2.8      260.7            0
  0x0000000000800000      3.0      241.2            0
  0x0000000001000000      2.3      259.8            0
  0x0000000002000000      2.5      264.2            0
  0x0000000004000000      2.3      275.4            0
  0x0000000008000000      2.5      299.5            0
  0x0000000010000000      2.3      266.7            0
  0x0000000020000000      2.8      235.2            0
  0x0000000040000000      2.6      274.0            0
  0x0000000080000000      8.6      256.9            0
  0x0000000100000000      2.7      241.9            0
  0x0000000200000000      2.2      216.4            0
  0x0000000400000000      2.0      260.9            0
  0x0000000800000000      7.5      260.0            0
  0x0000001000000000      2.6      248.5            0
  0x0000002000000000      2.4      235.4            0
  0x0000004000000000      2.6      261.1            0
  0x0000008000000000     12.2      298.4            0
  0x0000010000000000      2.7      281.6            0
  0x0000020000000000      7.8      343.9            0
  0x0000040000000000      2.8      223.4            0
  0x0000080000000000      2.9      232.2            0
  0x0000100000000000      2.4      290.8            0
  0x0000200000000000      1.9      233.9            0
  0x0000400000000000      3.3      258.2            0
  0x0000800000000000      7.0      360.4            0
  0x0001000000000000      4.1      247.0            0
  0x0002000000000000      9.1      258.8            0
  0x0004000000000000      1.9      225.1            0
  0x0008000000000000      2.3      246.8            0
  0x0010000000000000      2.8      254.7            0
  0x0020000000000000      2.6      252.7            0
  0x0040000000000000      2.5      259.6            0
  0x0080000000000000      2.4      239.2            0
  0x0100000000000000      2.3      237.4            0
  0x0200000000000000      2.6      215.3            0
  0x0400000000000000      3.2      279.1            0
  0x0800000000000000      2.3      276.7            0
  0x1000000000000000      2.4      242.5            0
  0x2000000000000000      2.1      216.6            0
  0x4000000000000000      3.5      256.4            0
  0x8000000000000000      3.2      271.2            0
  0x0000000000000003      2.2      259.7            0
  0x0000000000000005      3.2      285.1            0
  0x0000000000000009      2.7      234.0            0
  0x0000000000000011      2.0      263.9            0
  0x8000000000000001      2.3      200.4            0
  0x0000000100000001      2.3      236.8            0
  0xf0f0f0f0f0f0f0f0      2.5      261.8            0
  0xffffffffffffffff      2.2      212.7            0
  0x0000000030000000      2.7      254.7            0
  0x0000000300000000      2.5      244.1            0
  0x3000000000000000      2.1      221.0            0
  0x0000000050000000      1.8      253.9            0
  0x0000000500000000      3.3      248.3            0
  0x5000000000000000      7.8      262.8            0
  0x0000000000000006      2.5      251.2            0
  0x0000000060000000      2.5      251.2            0
  0x0000000600000000      3.0      243.5            0
  0x6000000000000000      3.7      250.9            0
  0x0000000000000007      2.9      244.8            0
  0x0000000070000000      2.8      252.4            0
  0x0000000700000000      2.5      269.9            0
  0x7000000000000000      2.5      269.8            0
  0x0000000090000000      2.6      309.3            0
  0x0000000900000000      3.0      295.5            0
  0x9000000000000000      2.4      244.2            0
  0x000000000000000a      3.0      242.6            0
  0x00000000a0000000      2.4      246.8            0
  0x0000000a00000000      3.2      229.3            0
  0xa000000000000000      2.9      265.7            0
  0x000000000000000b      1.8      283.2            0
  0x00000000b0000000      2.8      270.4            0
  0x0000000b00000000      2.7      212.9            0
  0xb000000000000000      2.8      268.7            0
  0x000000000000000c      3.3      246.6            0
  0x00000000c0000000      2.4      211.9            0
  0x0000000c00000000      2.8      226.4            0
  0xc000000000000000      2.6      272.7            0
  0x000000000000000d      2.2      238.6            0
  0x00000000d0000000      2.4      224.4            0
  0x0000000d00000000      2.6      235.4            0
  0xd000000000000000      2.7      275.4            0
  0x000000000000000e      2.3      229.5            0
  0x00000000e0000000      2.4      262.2            0
  0x0000000e00000000      3.0      244.6            0
  0xe000000000000000      2.2      265.9            0
  0x000000000000000f      3.2      269.4            0
  0x00000000f0000000      2.4      236.9            0
  0x0000000f00000000      2.2      240.0            0
  0xf000000000000000      2.0      227.3            0
PASS max_repeats=0 max|z|=12.2 (all 115 deltas)
