# key=123456789abcdef0 N=2^22 kill_repeats=10
# null E[repeats/delta] = 2^22 * 2^-64 = 2^-42
# delta                  max|z|  low8_chi2 full_repeats
  0x0000000000000400      2.2      266.9            0
  0x0000000004000000      2.6      271.9            0
  0x0000000000000001      2.1      243.8            0
  0x0000000000000002      3.0      258.6            0
  0x0000000000000004      2.9      265.3            0
  0x0000000000000008      2.8      206.7            0
  0x0000000000000010      2.1      247.8            0
  0x0000000000000020      2.9      246.8            0
  0x0000000000000040      3.1      242.0            0
  0x0000000000000080      2.5      244.0            0
  0x0000000000000100      2.2      291.5            0
  0x0000000000000200      2.4      249.7            0
  0x0000000000000400      2.2      266.9            0
  0x0000000000000800      2.7      216.8            0
  0x0000000000001000      2.4      286.0            0
  0x0000000000002000      2.3      263.5            0
  0x0000000000004000      2.6      269.8            0
  0x0000000000008000      2.3      277.6            0
  0x0000000000010000      3.1      214.9            0
  0x0000000000020000      2.5      258.5            0
  0x0000000000040000      2.7      213.2            0
  0x0000000000080000      2.5      238.5            0
  0x0000000000100000      2.7      272.7            0
  0x0000000000200000      3.3      254.0            0
  0x0000000000400000      2.0      240.8            0
  0x0000000000800000      4.5      274.1            0
  0x0000000001000000      2.7      270.4            0
  0x0000000002000000      2.7      243.7            0
  0x0000000004000000      2.6      271.9            0
  0x0000000008000000      2.4      248.4            0
  0x0000000010000000      2.7      304.8            0
  0x0000000020000000      2.2      250.4            0
  0x0000000040000000      2.6      206.0            0
  0x0000000080000000      3.0      271.5            0
  0x0000000100000000      2.6      239.6            0
  0x0000000200000000      2.6      268.6            0
  0x0000000400000000      3.1      262.7            0
  0x0000000800000000      2.7      287.3            0
  0x0000001000000000      3.3      277.0            0
  0x0000002000000000      2.3      242.5            0
  0x0000004000000000      2.8      260.8            0
  0x0000008000000000      3.1      270.7            0
  0x0000010000000000      3.0      247.7            0
  0x0000020000000000      3.0      303.5            0
  0x0000040000000000      2.8      273.0            0
  0x0000080000000000      2.7      262.3            0
  0x0000100000000000      2.3      285.5            0
  0x0000200000000000      2.7      258.7            0
  0x0000400000000000      2.7      280.7            0
  0x0000800000000000      2.9      226.3            0
  0x0001000000000000      2.0      286.2            0
  0x0002000000000000      3.3      220.8            0
  0x0004000000000000      2.8      283.9            0
  0x0008000000000000      2.5      280.4            0
  0x0010000000000000      2.2      271.8            0
  0x0020000000000000      2.8      291.1            0
  0x0040000000000000      3.5      250.3            0
  0x0080000000000000      2.9      207.9            0
  0x0100000000000000      2.6      304.1            0
  0x0200000000000000      3.0      255.2            0
  0x0400000000000000      2.8      282.9            0
  0x0800000000000000      1.9      271.4            0
  0x1000000000000000      1.8      238.9            0
  0x2000000000000000      2.8      264.2            0
  0x4000000000000000      3.0      246.8            0
  0x8000000000000000      2.5      245.1            0
  0x0000000000000003      2.2      267.2            0
  0x0000000000000005      2.0      279.2            0
  0x0000000000000009      1.9      289.0            0
  0x0000000000000011      2.4      236.0            0
  0x8000000000000001      2.5      285.5            0
  0x0000000100000001      2.7      241.4            0
  0xf0f0f0f0f0f0f0f0      2.0      274.7            0
  0xffffffffffffffff      2.4      230.2            0
  0x0000000030000000      2.6      252.3            0
  0x0000000300000000      2.3      252.1            0
  0x3000000000000000      2.4      233.8            0
  0x0000000050000000      2.2      284.0            0
  0x0000000500000000      2.8      243.1            0
  0x5000000000000000      3.0      303.8            0
  0x0000000000000006      3.3      223.2            0
  0x0000000060000000      2.5      235.3            0
  0x0000000600000000      2.4      282.7            0
  0x6000000000000000      2.7      296.0            0
  0x0000000000000007      2.9      261.1            0
  0x0000000070000000      3.9      239.0            0
  0x0000000700000000      2.8      230.0            0
  0x7000000000000000      2.8      226.0            0
  0x0000000090000000      2.7      251.3            0
  0x0000000900000000      2.5      235.2            0
  0x9000000000000000      2.2      262.9            0
  0x000000000000000a      2.6      259.6            0
  0x00000000a0000000      2.6      260.1            0
  0x0000000a00000000      2.6      287.1            0
  0xa000000000000000      2.6      305.7            0
  0x000000000000000b      2.5      226.0            0
  0x00000000b0000000      2.8      248.2            0
  0x0000000b00000000      3.3      296.5            0
  0xb000000000000000      3.1      254.2            0
  0x000000000000000c      2.6      268.3            0
  0x00000000c0000000      3.2      253.3            0
  0x0000000c00000000      2.3      270.0            0
  0xc000000000000000      2.5      263.8            0
  0x000000000000000d      2.6      252.6            0
  0x00000000d0000000      3.1      253.0            0
  0x0000000d00000000      2.3      232.7            0
  0xd000000000000000      2.0      250.6            0
  0x000000000000000e      2.3      229.6            0
  0x00000000e0000000      2.5      237.9            0
  0x0000000e00000000      2.6      257.4            0
  0xe000000000000000      1.8      235.8            0
  0x000000000000000f      2.5      259.2            0
  0x00000000f0000000      2.3      208.0            0
  0x0000000f00000000      2.0      248.3            0
  0xf000000000000000      2.2      225.2            0
PASS max_repeats=0 max|z|=4.5 (all 115 deltas)
