# key=123456789abcdef0 N=2^22 kill_repeats=10
# null E[repeats/delta] = 2^22 * 2^-64 = 2^-42
# delta                  max|z|  low8_chi2 full_repeats
  0x0000000000000400      2.3      253.2            0
  0x0000000004000000      6.9      246.7            0
  0x0000000000000001      3.1      237.6            0
  0x0000000000000002      2.8      248.6            0
  0x0000000000000004      2.8      227.1            0
  0x0000000000000008      2.6      301.6            0
  0x0000000000000010      2.9      246.0            0
  0x0000000000000020      3.0      228.9            0
  0x0000000000000040      2.4      262.6            0
  0x0000000000000080      2.5      288.5            0
  0x0000000000000100      2.9      254.2            0
  0x0000000000000200      2.8      250.2            0
  0x0000000000000400      2.3      253.2            0
  0x0000000000000800      4.0      229.8            0
  0x0000000000001000      2.5      251.4            0
  0x0000000000002000      3.2      248.4            0
  0x0000000000004000      2.4      252.1            0
  0x0000000000008000      2.7      245.2            0
  0x0000000000010000      2.6      241.1            0
  0x0000000000020000      2.8      225.1            0
  0x0000000000040000      2.3      255.7            0
  0x0000000000080000      3.0      237.8            0
  0x0000000000100000      2.2      250.2            0
  0x0000000000200000      2.2      238.3            0
  0x0000000000400000      2.2      233.6            0
  0x0000000000800000      2.4      227.0            0
  0x0000000001000000      4.0      305.8            0
  0x0000000002000000      2.4      231.1            0
  0x0000000004000000      6.9      246.7            0
  0x0000000008000000      3.0      214.3            0
  0x0000000010000000      2.7      270.7            0
  0x0000000020000000      2.7      271.1            0
  0x0000000040000000      2.3      273.4            0
  0x0000000080000000      3.3      245.0            0
  0x0000000100000000      2.1      258.3            0
  0x0000000200000000      2.9      253.5            0
  0x0000000400000000      2.8      241.3            0
  0x0000000800000000      2.9      263.0            0
  0x0000001000000000      2.2      242.5            0
  0x0000002000000000      2.4      210.3            0
  0x0000004000000000      2.4      277.2            0
  0x0000008000000000      2.4      261.6            0
  0x0000010000000000      3.2      257.2            0
  0x0000020000000000      3.1      239.8            0
  0x0000040000000000      2.6      288.0            0
  0x0000080000000000      2.8      257.2            0
  0x0000100000000000      2.4      274.8            0
  0x0000200000000000      2.5      262.7            0
  0x0000400000000000      2.2      264.3            0
  0x0000800000000000      3.0      202.6            0
  0x0001000000000000      2.7      254.2            0
  0x0002000000000000      2.9      257.9            0
  0x0004000000000000      2.8      226.2            0
  0x0008000000000000      2.4      224.1            0
  0x0010000000000000      2.2      253.8            0
  0x0020000000000000      2.9      301.8            0
  0x0040000000000000      5.0      279.9            0
  0x0080000000000000      6.3      314.9            1
  0x0100000000000000      2.2      264.3            0
  0x0200000000000000      3.0      236.1            0
  0x0400000000000000      5.7      286.2            0
  0x0800000000000000      2.0      250.3            0
  0x1000000000000000      2.7      254.4            0
  0x2000000000000000      2.6      205.6            0
  0x4000000000000000      2.9      252.4            0
  0x8000000000000000      3.0      267.8            0
  0x0000000000000003      2.1      247.2            0
  0x0000000000000005      2.6      257.0            0
  0x0000000000000009      2.7      277.4            0
  0x0000000000000011      3.3      269.6            0
  0x8000000000000001      2.9      232.6            0
  0x0000000100000001      3.1      233.3            0
  0xf0f0f0f0f0f0f0f0      2.4      240.3            0
  0xffffffffffffffff      2.4      252.8            0
  0x0000000030000000      2.4      257.8            0
  0x0000000300000000      2.4      250.1            0
  0x3000000000000000      2.4      262.7            0
  0x0000000050000000      4.3      224.7            0
  0x0000000500000000      2.4      249.5            0
  0x5000000000000000      3.5      254.8            0
  0x0000000000000006      2.8      243.4            0
  0x0000000060000000      2.7      256.5            0
  0x0000000600000000      2.5      299.2            0
  0x6000000000000000      2.4      295.1            0
  0x0000000000000007      3.2      269.7            0
  0x0000000070000000      2.4      249.7            0
  0x0000000700000000      2.2      284.3            0
  0x7000000000000000      3.2      264.5            0
  0x0000000090000000      2.7      256.8            0
  0x0000000900000000      2.9      283.0            0
  0x9000000000000000      5.8      254.0            0
  0x000000000000000a      2.1      320.1            0
  0x00000000a0000000      2.7      266.0            0
  0x0000000a00000000      2.6      250.4            0
  0xa000000000000000      2.0      240.5            0
  0x000000000000000b      2.5      266.6            0
  0x00000000b0000000      2.1      245.3            0
  0x0000000b00000000      2.4      264.4            0
  0xb000000000000000      2.8      238.4            0
  0x000000000000000c      2.9      251.7            0
  0x00000000c0000000      3.9      230.5            0
  0x0000000c00000000      3.2      245.4            0
  0xc000000000000000      2.7      251.1            0
  0x000000000000000d      2.7      255.5            0
  0x00000000d0000000      3.4      293.7            0
  0x0000000d00000000      3.0      270.3            0
  0xd000000000000000      2.9      248.2            0
  0x000000000000000e      1.8      220.1            0
  0x00000000e0000000      2.3      294.1            0
  0x0000000e00000000      1.9      240.1            0
  0xe000000000000000      2.2      262.8            0
  0x000000000000000f      2.6      259.9            0
  0x00000000f0000000      2.8      261.2            0
  0x0000000f00000000      2.4      275.5            0
  0xf000000000000000      2.9      286.2            0
PASS max_repeats=1 max|z|=6.9 (all 115 deltas)
