# key=123456789abcdef0 N=2^22 kill_repeats=10
# null E[repeats/delta] = 2^22 * 2^-64 = 2^-42
# delta                  max|z|  low8_chi2 full_repeats
  0x0000000000000400      3.0      231.3            0
  0x0000000004000000      4.0      252.4            0
  0x0000000000000001      2.4      225.8            0
  0x0000000000000002      2.4      234.4            0
  0x0000000000000004      3.0      267.1            0
  0x0000000000000008      2.8      218.0            0
  0x0000000000000010      2.5      255.6            0
  0x0000000000000020      2.5      223.3            0
  0x0000000000000040      2.6      283.8            0
  0x0000000000000080      3.0      241.8            0
  0x0000000000000100      2.6      276.9            0
  0x0000000000000200      3.1      230.0            0
  0x0000000000000400      3.0      231.3            0
  0x0000000000000800      2.3      293.0            0
  0x0000000000001000      3.0      250.3            0
  0x0000000000002000      3.3      282.9            0
  0x0000000000004000      2.5      257.9            0
  0x0000000000008000      3.4      229.5            0
  0x0000000000010000      2.5      279.3            0
  0x0000000000020000      2.6      221.8            0
  0x0000000000040000      2.8      285.7            0
  0x0000000000080000      2.9      267.5            0
  0x0000000000100000      3.3      286.2            0
  0x0000000000200000      3.4      252.9            0
  0x0000000000400000      7.1      266.6            0
  0x0000000000800000      2.7      245.8            0
  0x0000000001000000      5.2      241.1            0
  0x0000000002000000      2.3      272.4            0
  0x0000000004000000      4.0      252.4            0
  0x0000000008000000      5.1      249.3            0
  0x0000000010000000      2.1      263.8            0
  0x0000000020000000      2.3      304.2            0
  0x0000000040000000     10.6      279.8            0
  0x0000000080000000      2.5      244.7            0
  0x0000000100000000      2.1      250.7            0
  0x0000000200000000      2.4      258.4            0
  0x0000000400000000      4.8      227.3            0
  0x0000000800000000      2.4      254.6            0
  0x0000001000000000      3.3      239.9            0
  0x0000002000000000      2.5      231.1            0
  0x0000004000000000      4.0      278.7            0
  0x0000008000000000      2.9      266.7            0
  0x0000010000000000      2.5      213.3            0
  0x0000020000000000      3.2      228.1            0
  0x0000040000000000      4.4      253.5            0
  0x0000080000000000      2.5      236.7            0
  0x0000100000000000      2.2      238.4            0
  0x0000200000000000      2.5      265.2            0
  0x0000400000000000      2.1      263.4            0
  0x0000800000000000      2.5      259.0            0
  0x0001000000000000      3.6      238.7            0
  0x0002000000000000      2.0      224.4            0
  0x0004000000000000      6.1      260.3            0
  0x0008000000000000      2.2      270.3            0
  0x0010000000000000      2.3      262.0            0
  0x0020000000000000      6.4      217.2            0
  0x0040000000000000      5.4      230.5            0
  0x0080000000000000      2.2      221.8            0
  0x0100000000000000      3.9      228.5            0
  0x0200000000000000      3.9      217.1            0
  0x0400000000000000      2.2      224.3            0
  0x0800000000000000      2.8      270.1            0
  0x1000000000000000      3.4      299.5            0
  0x2000000000000000      3.2      288.2            0
  0x4000000000000000      3.1      295.0            0
  0x8000000000000000      2.6      225.8            0
  0x0000000000000003      2.1      279.8            0
  0x0000000000000005      2.2      225.3            0
  0x0000000000000009      2.3      265.6            0
  0x0000000000000011      2.4      272.0            0
  0x8000000000000001      2.7      203.5            0
  0x0000000100000001      2.8      278.1            0
  0xf0f0f0f0f0f0f0f0      3.2      260.2            0
  0xffffffffffffffff      2.8      290.6            0
  0x0000000030000000      2.1      276.4            0
  0x0000000300000000      2.0      223.9            0
  0x3000000000000000      2.3      232.7            0
  0x0000000050000000      2.1      243.2            0
  0x0000000500000000      3.1      278.2            0
  0x5000000000000000      2.7      275.2            0
  0x0000000000000006      2.9      273.9            0
  0x0000000060000000      2.9      270.2            0
  0x0000000600000000      2.3      238.9            0
  0x6000000000000000      2.8      263.0            0
  0x0000000000000007      2.9      230.5            0
  0x0000000070000000      3.3      238.2            0
  0x0000000700000000      2.1      282.1            0
  0x7000000000000000      3.1      277.9            0
  0x0000000090000000      2.7      228.1            0
  0x0000000900000000      2.3      283.8            0
  0x9000000000000000      2.2      261.5            0
  0x000000000000000a      3.2      207.0            0
  0x00000000a0000000      4.8      309.7            0
  0x0000000a00000000      4.3      304.8            0
  0xa000000000000000      2.1      223.8            0
  0x000000000000000b      2.6      268.2            0
  0x00000000b0000000      2.9      268.3            0
  0x0000000b00000000      2.3      250.5            0
  0xb000000000000000      2.8      260.9            0
  0x000000000000000c      2.2      222.7            0
  0x00000000c0000000      3.0      268.8            0
  0x0000000c00000000      2.8      258.6            0
  0xc000000000000000      2.1      267.4            0
  0x000000000000000d      2.8      270.1            0
  0x00000000d0000000      2.4      256.0            0
  0x0000000d00000000      3.0      256.9            0
  0xd000000000000000      2.6      292.1            0
  0x000000000000000e      2.7      251.8            0
  0x00000000e0000000      2.2      266.0            0
  0x0000000e00000000      2.1      266.1            0
  0xe000000000000000      2.3      246.4            0
  0x000000000000000f      3.4      274.8            0
  0x00000000f0000000      2.3      239.0            0
  0x0000000f00000000      3.6      253.6            0
  0xf000000000000000     12.6      340.0            0
PASS max_repeats=0 max|z|=12.6 (all 115 deltas)
