# key=123456789abcdef0 N=2^22 kill_repeats=10
# null E[repeats/delta] = 2^22 * 2^-64 = 2^-42
# delta                  max|z|  low8_chi2 full_repeats
  0x0000000000000400      2.8      280.1            0
  0x0000000004000000      5.2      286.6            0
  0x0000000000000001      1.9      235.3            0
  0x0000000000000002      4.0      240.7            0
  0x0000000000000004      3.6      265.0            0
  0x0000000000000008      2.1      240.8            0
  0x0000000000000010      3.7      284.7            0
  0x0000000000000020      3.4      239.6            0
  0x0000000000000040      3.8      266.3            0
  0x0000000000000080      2.6      218.8            0
  0x0000000000000100      3.3      248.7            0
  0x0000000000000200      3.1      259.9            0
  0x0000000000000400      2.8      280.1            0
  0x0000000000000800      3.0      234.2            0
  0x0000000000001000      2.5      278.1            0
  0x0000000000002000      2.7      263.8            0
  0x0000000000004000      3.0      260.1            0
  0x0000000000008000      2.2      248.2            0
  0x0000000000010000      2.4      262.8            0
  0x0000000000020000      3.0      245.9            0
  0x0000000000040000      2.8      233.4            0
  0x0000000000080000      3.5      242.3            0
  0x0000000000100000      4.2      283.6            0
  0x0000000000200000      5.1      227.9            0
  0x0000000000400000      2.8      266.6            0
  0x0000000000800000      2.8      195.4            0
  0x0000000001000000      7.4      320.8            0
  0x0000000002000000      2.2      233.6            0
  0x0000000004000000      5.2      286.6            0
  0x0000000008000000      3.0      235.1            0
  0x0000000010000000      5.2      261.0            0
  0x0000000020000000      2.3      312.5            0
  0x0000000040000000      2.8      260.0            0
  0x0000000080000000      6.1      314.7            0
  0x0000000100000000      3.6      295.7            0
  0x0000000200000000      2.4      302.5            0
  0x0000000400000000     10.7      337.5            0
  0x0000000800000000      2.8      245.1            0
  0x0000001000000000      6.4      276.9            0
  0x0000002000000000      2.8      244.2            0
  0x0000004000000000      4.3      292.0            0
  0x0000008000000000      4.0      262.2            0
  0x0000010000000000      3.9      274.7            0
  0x0000020000000000      2.6      264.8            0
  0x0000040000000000      2.9      234.6            0
  0x0000080000000000      2.2      225.6            0
  0x0000100000000000      1.7      227.2            0
  0x0000200000000000      4.6      314.4            0
  0x0000400000000000      2.3      227.4            0
  0x0000800000000000      2.2      266.7            0
  0x0001000000000000      2.9      231.8            0
  0x0002000000000000      5.4      246.5            0
  0x0004000000000000     10.8      237.7            0
  0x0008000000000000      2.9      251.8            0
  0x0010000000000000      3.9      208.0            0
  0x0020000000000000      3.1      262.5            0
  0x0040000000000000      3.4      264.7            0
  0x0080000000000000      3.8      261.9            0
  0x0100000000000000      4.5      261.4            0
  0x0200000000000000      2.8      268.5            0
  0x0400000000000000      4.8      291.7            0
  0x0800000000000000      2.9      298.1            0
  0x1000000000000000     11.4      262.7            0
  0x2000000000000000      2.3      264.6            0
  0x4000000000000000      5.8      258.2            0
  0x8000000000000000      2.6      255.0            0
  0x0000000000000003      2.1      258.7            0
  0x0000000000000005      2.5      219.7            0
  0x0000000000000009      3.0      290.7            0
  0x0000000000000011      2.4      275.7            0
  0x8000000000000001      2.9      293.2            0
  0x0000000100000001      3.2      232.5            0
  0xf0f0f0f0f0f0f0f0      2.5      202.8            0
  0xffffffffffffffff      2.4      251.4            0
  0x0000000030000000      2.2      294.5            0
  0x0000000300000000      8.3      261.3            0
  0x3000000000000000      7.1      243.5            0
  0x0000000050000000      3.3      281.2            0
  0x0000000500000000      3.3      229.3            0
  0x5000000000000000      3.4      233.7            0
  0x0000000000000006      2.3      233.3            0
  0x0000000060000000      2.6      257.1            0
  0x0000000600000000      5.1      233.8            0
  0x6000000000000000      2.6      269.1            0
  0x0000000000000007      2.3      281.7            0
  0x0000000070000000      2.9      230.7            0
  0x0000000700000000      2.6      246.8            0
  0x7000000000000000      2.5      256.9            0
  0x0000000090000000      2.3      245.5            0
  0x0000000900000000      3.3      260.8            0
  0x9000000000000000      2.7      286.9            0
  0x000000000000000a      3.4      250.7            0
  0x00000000a0000000      6.3      264.3            0
  0x0000000a00000000      2.8      272.9            0
  0xa000000000000000      2.3      284.0            0
  0x000000000000000b      2.7      226.7            0
  0x00000000b0000000      3.2      245.4            0
  0x0000000b00000000      2.2      214.0            0
  0xb000000000000000      2.7      248.3            0
  0x000000000000000c      2.9      258.6            0
  0x00000000c0000000     10.7      302.0            1
  0x0000000c00000000     13.7      274.0            0
  0xc000000000000000      3.3      286.3            0
  0x000000000000000d      2.7      261.2            0
  0x00000000d0000000      2.2      269.4            0
  0x0000000d00000000      2.2      251.6            0
  0xd000000000000000      2.7      275.2            0
  0x000000000000000e      2.9      276.0            0
  0x00000000e0000000      2.5      240.4            0
  0x0000000e00000000      2.5      250.2            0
  0xe000000000000000      9.2      304.6            0
  0x000000000000000f      2.7      286.4            0
  0x00000000f0000000      2.9      252.1            0
  0x0000000f00000000      2.4      267.0            0
  0xf000000000000000      2.7      259.5            0
PASS max_repeats=1 max|z|=13.7 (all 115 deltas)
