# key=123456789abcdef0 N=2^22 kill_repeats=10
# null E[repeats/delta] = 2^22 * 2^-64 = 2^-42
# delta                  max|z|  low8_chi2 full_repeats
  0x0000000000000400      2.1      244.0            0
  0x0000000004000000      3.2      239.6            0
  0x0000000000000001      2.8      264.5            0
  0x0000000000000002      3.1      238.3            0
  0x0000000000000004      2.5      271.0            0
  0x0000000000000008      3.7      293.6            0
  0x0000000000000010      3.1      280.5            0
  0x0000000000000020      2.9      250.5            0
  0x0000000000000040      3.3      275.4            0
  0x0000000000000080      4.8      242.8            0
  0x0000000000000100      2.6      276.8            0
  0x0000000000000200      2.7      256.1            0
  0x0000000000000400      2.1      244.0            0
  0x0000000000000800      2.4      263.6            0
  0x0000000000001000      3.1      277.1            0
  0x0000000000002000      4.2      323.6            0
  0x0000000000004000      2.4      274.0            0
  0x0000000000008000      2.7      273.1            0
  0x0000000000010000      2.8      228.1            0
  0x0000000000020000      2.3      247.1            0
  0x0000000000040000      2.6      267.5            0
  0x0000000000080000      4.2      242.0            0
  0x0000000000100000      3.0      275.2            0
  0x0000000000200000      2.8      250.3            0
  0x0000000000400000      2.4      228.2            0
  0x0000000000800000      2.5      238.7            0
  0x0000000001000000      2.2      255.7            0
  0x0000000002000000      2.9      310.2            0
  0x0000000004000000      3.2      239.6            0
  0x0000000008000000      9.7      355.8            0
  0x0000000010000000      2.5      246.5            0
  0x0000000020000000      2.3      244.1            0
  0x0000000040000000      2.4      280.5            0
  0x0000000080000000      6.2      304.2            0
  0x0000000100000000      2.9      272.5            0
  0x0000000200000000      2.7      250.7            0
  0x0000000400000000      2.1      236.1            0
  0x0000000800000000      3.8      234.7            0
  0x0000001000000000      2.0      256.3            0
  0x0000002000000000      2.6      258.7            0
  0x0000004000000000      2.8      241.8            0
  0x0000008000000000     16.9      285.9            0
  0x0000010000000000      3.9      283.1            0
  0x0000020000000000      2.3      249.3            0
  0x0000040000000000      2.6      240.9            0
  0x0000080000000000      2.4      248.5            0
  0x0000100000000000     10.2      264.7            0
  0x0000200000000000      2.5      229.3            0
  0x0000400000000000      2.1      293.3            0
  0x0000800000000000      8.9      278.6            0
  0x0001000000000000      2.1      248.0            0
  0x0002000000000000      2.4      308.5            0
  0x0004000000000000      7.0      275.3            1
  0x0008000000000000      3.4      249.1            0
  0x0010000000000000      3.0      241.0            0
  0x0020000000000000      4.1      256.6            0
  0x0040000000000000      6.7      285.7            0
  0x0080000000000000      2.5      276.0            0
  0x0100000000000000      2.5      220.0            0
  0x0200000000000000      1.8      204.7            0
  0x0400000000000000      2.4      235.2            0
  0x0800000000000000      9.3      271.1            0
  0x1000000000000000     15.7      334.6            0
  0x2000000000000000      2.1      241.5            0
  0x4000000000000000      3.0      309.8            0
  0x8000000000000000      4.3      266.0            0
  0x0000000000000003      2.4      280.2            0
  0x0000000000000005      2.5      276.8            0
  0x0000000000000009      2.2      228.5            0
  0x0000000000000011      2.9      274.4            0
  0x8000000000000001      3.5      301.5            0
  0x0000000100000001      3.3      248.2            0
  0xf0f0f0f0f0f0f0f0      2.2      240.9            0
  0xffffffffffffffff      2.6      227.3            0
  0x0000000030000000      6.4      254.5            0
  0x0000000300000000      8.7      234.8            0
  0x3000000000000000      2.0      254.4            0
  0x0000000050000000      2.4      277.7            0
  0x0000000500000000      2.1      226.6            0
  0x5000000000000000      2.2      227.4            0
  0x0000000000000006      2.9      295.2            0
  0x0000000060000000      2.1      277.0            0
  0x0000000600000000      2.4      237.2            0
  0x6000000000000000      3.0      258.6            0
  0x0000000000000007      3.7      277.8            0
  0x0000000070000000      2.2      269.5            0
  0x0000000700000000      2.5      274.0            0
  0x7000000000000000      2.5      233.0            0
  0x0000000090000000      2.2      270.3            0
  0x0000000900000000      2.5      295.2            0
  0x9000000000000000      3.8      229.3            0
  0x000000000000000a      2.0      245.3            0
  0x00000000a0000000      2.8      243.4            0
  0x0000000a00000000      2.4      258.6            0
  0xa000000000000000      2.6      292.7            0
  0x000000000000000b      2.7      221.1            0
  0x00000000b0000000      4.0      269.7            0
  0x0000000b00000000      3.0      274.3            0
  0xb000000000000000      2.3      230.2            0
  0x000000000000000c      3.4      201.0            0
  0x00000000c0000000      2.6      213.4            0
  0x0000000c00000000      2.1      219.8            0
  0xc000000000000000      2.4      232.9            0
  0x000000000000000d      2.1      227.1            0
  0x00000000d0000000      2.3      254.5            0
  0x0000000d00000000      2.5      256.8            0
  0xd000000000000000      2.8      260.4            0
  0x000000000000000e      2.3      274.7            0
  0x00000000e0000000      2.2      230.8            0
  0x0000000e00000000      3.0      265.3            0
  0xe000000000000000      3.1      279.2            0
  0x000000000000000f      3.2      230.0            0
  0x00000000f0000000      2.3      266.1            0
  0x0000000f00000000      2.7      249.1            0
  0xf000000000000000      3.0      232.7            0
PASS max_repeats=1 max|z|=16.9 (all 115 deltas)
