# key=123456789abcdef0 N=2^22 kill_repeats=10
# null E[repeats/delta] = 2^22 * 2^-64 = 2^-42
# delta                  max|z|  low8_chi2 full_repeats
  0x0000000000000400      1.8      258.5            0
  0x0000000004000000     19.0      374.3            0
  0x0000000000000001      2.8      278.2            0
  0x0000000000000002      3.4      272.9            0
  0x0000000000000004      4.0      266.5            0
  0x0000000000000008      2.7      262.9            0
  0x0000000000000010      3.4      200.7            0
  0x0000000000000020      2.4      259.5            0
  0x0000000000000040      3.1      258.6            0
  0x0000000000000080      2.0      250.7            0
  0x0000000000000100      5.9      234.5            0
  0x0000000000000200      3.6      242.4            0
  0x0000000000000400      1.8      258.5            0
  0x0000000000000800      2.5      253.9            0
  0x0000000000001000      2.9      256.8            0
  0x0000000000002000      2.7      264.6            0
  0x0000000000004000      2.2      230.8            0
  0x0000000000008000      2.5      245.5            0
  0x0000000000010000      3.4      254.3            0
  0x0000000000020000      2.3      264.6            0
  0x0000000000040000      2.7      223.8            0
  0x0000000000080000      2.6      295.1            0
  0x0000000000100000      3.8      250.9            0
  0x0000000000200000      2.8      241.2            0
  0x0000000000400000      2.9      276.6            0
  0x0000000000800000      2.8      253.8            0
  0x0000000001000000      6.0      244.1            0
  0x0000000002000000      3.1      265.1            0
  0x0000000004000000     19.0      374.3            0
  0x0000000008000000      2.1      246.4            0
  0x0000000010000000      2.2      264.4            0
  0x0000000020000000     11.0      371.2            0
  0x0000000040000000      5.4      276.8            0
  0x0000000080000000      3.6      242.1            0
  0x0000000100000000      2.8      213.0            0
  0x0000000200000000     17.8      729.3            0
  0x0000000400000000      6.7      318.0            0
  0x0000000800000000      2.4      237.7            0
  0x0000001000000000      2.9      235.7            0
  0x0000002000000000      8.7      342.5            0
  0x0000004000000000      5.3      282.6            0
  0x0000008000000000      2.5      287.8            0
  0x0000010000000000      2.4      275.8            0
  0x0000020000000000      2.5      252.0            0
  0x0000040000000000      8.1      300.6            1
  0x0000080000000000      2.3      250.9            0
  0x0000100000000000     15.6      304.7            0
  0x0000200000000000      3.0      306.8            0
  0x0000400000000000      2.9      261.6            0
  0x0000800000000000      3.0      257.1            0
  0x0001000000000000     13.4      272.9            0
  0x0002000000000000      2.6      243.0            0
  0x0004000000000000      2.2      262.1            0
  0x0008000000000000      2.4      240.4            0
  0x0010000000000000      2.8      302.7            0
  0x0020000000000000      4.9      241.0            0
  0x0040000000000000      2.9      233.7            0
  0x0080000000000000      2.6      310.6            0
  0x0100000000000000     10.4      373.4            6
  0x0200000000000000      2.6      265.4            0
  0x0400000000000000     11.6      269.7            0
  0x0800000000000000      2.8      226.0            0
  0x1000000000000000      2.7      289.1            0
  0x2000000000000000      8.6      251.6            0
  0x4000000000000000      2.4      248.7            0
  0x8000000000000000      2.7      274.5            0
  0x0000000000000003      2.8      242.7            0
  0x0000000000000005      3.1      237.5            0
  0x0000000000000009      2.3      247.1            0
  0x0000000000000011      2.2      267.2            0
  0x8000000000000001      2.9      249.5            0
  0x0000000100000001      1.8      294.2            0
  0xf0f0f0f0f0f0f0f0      2.2      258.3            0
  0xffffffffffffffff      2.5      287.9            0
  0x0000000030000000      3.2      271.3            0
  0x0000000300000000      2.5      290.4            0
  0x3000000000000000      3.0      265.3            0
  0x0000000050000000      2.5      268.7            0
  0x0000000500000000      3.1      234.1            0
  0x5000000000000000      2.3      255.2            0
  0x0000000000000006      2.0      234.2            0
  0x0000000060000000      2.7      236.8            0
  0x0000000600000000      3.4      265.8            0
  0x6000000000000000      2.3      231.5            0
  0x0000000000000007      2.9      311.9            0
  0x0000000070000000      2.2      261.5            0
  0x0000000700000000      3.7      263.1            0
  0x7000000000000000      2.7      220.2            0
  0x0000000090000000      2.7      268.7            0
  0x0000000900000000      3.4      223.0            0
  0x9000000000000000      2.7      231.1            0
  0x000000000000000a      3.0      247.6            0
  0x00000000a0000000      2.2      258.7            0
  0x0000000a00000000      2.3      265.2            0
  0xa000000000000000     16.2      280.2            0
  0x000000000000000b      2.3      210.8            0
  0x00000000b0000000      3.0      200.0            0
  0x0000000b00000000      3.1      278.5            0
  0xb000000000000000      2.6      229.4            0
  0x000000000000000c      2.4      253.9            0
  0x00000000c0000000      2.4      242.2            0
  0x0000000c00000000      2.4      273.1            0
  0xc000000000000000      2.5      297.5            0
  0x000000000000000d      2.2      243.4            0
  0x00000000d0000000      2.6      252.0            0
  0x0000000d00000000      2.6      307.7            0
  0xd000000000000000      2.4      255.5            0
  0x000000000000000e      3.7      270.3            0
  0x00000000e0000000      2.7      230.7            0
  0x0000000e00000000      2.6      242.4            0
  0xe000000000000000      2.4      218.3            0
  0x000000000000000f      2.2      248.9            0
  0x00000000f0000000      4.2      280.6            0
  0x0000000f00000000      2.9      252.8            0
  0xf000000000000000      2.4      260.6            0
PASS max_repeats=6 max|z|=19.0 (all 115 deltas)
