# key=123456789abcdef0 N=2^22 kill_repeats=10
# null E[repeats/delta] = 2^22 * 2^-64 = 2^-42
# delta                  max|z|  low8_chi2 full_repeats
  0x0000000000000400      2.5      267.2            0
  0x0000000004000000      2.1      302.1            0
  0x0000000000000001      3.0      234.7            0
  0x0000000000000002      2.6      232.6            0
  0x0000000000000004      2.4      271.8            0
  0x0000000000000008      2.3      281.2            0
  0x0000000000000010      3.0      268.1            0
  0x0000000000000020      2.2      259.5            0
  0x0000000000000040      2.7      283.8            0
  0x0000000000000080      2.2      216.4            0
  0x0000000000000100      2.3      202.6            0
  0x0000000000000200      2.5      267.3            0
  0x0000000000000400      2.5      267.2            0
  0x0000000000000800      3.3      254.8            0
  0x0000000000001000      3.2      279.3            0
  0x0000000000002000      2.1      274.2            0
  0x0000000000004000      2.0      250.2            0
  0x0000000000008000      3.5      244.5            0
  0x0000000000010000      2.5      261.5            0
  0x0000000000020000      1.9      265.9            0
  0x0000000000040000      2.8      239.8            0
  0x0000000000080000      2.7      256.1            0
  0x0000000000100000      3.2      277.7            0
  0x0000000000200000      2.0      209.3            0
  0x0000000000400000      2.6      249.6            0
  0x0000000000800000      2.8      242.8            0
  0x0000000001000000      2.3      241.3            0
  0x0000000002000000      2.7      269.1            0
  0x0000000004000000      2.1      302.1            0
  0x0000000008000000      2.2      248.1            0
  0x0000000010000000      2.9      242.4            0
  0x0000000020000000      2.2      255.8            0
  0x0000000040000000      2.5      257.9            0
  0x0000000080000000      2.2      245.5            0
  0x0000000100000000     13.5      263.3            0
  0x0000000200000000      3.4      252.9            0
  0x0000000400000000      2.9      228.2            0
  0x0000000800000000      2.8      260.8            0
  0x0000001000000000      8.9      323.7            0
  0x0000002000000000      2.7      280.5            0
  0x0000004000000000      3.8      239.2            0
  0x0000008000000000      2.1      206.3            0
  0x0000010000000000      7.4      334.5            0
  0x0000020000000000      2.8      276.8            0
  0x0000040000000000      2.7      338.5            0
  0x0000080000000000      2.6      260.2            0
  0x0000100000000000      3.0      255.9            0
  0x0000200000000000      2.4      273.9            0
  0x0000400000000000      3.8      251.0            0
  0x0000800000000000      1.9      261.9            0
  0x0001000000000000      4.2      245.4            0
  0x0002000000000000      2.1      240.6            0
  0x0004000000000000      2.7      267.8            0
  0x0008000000000000      2.3      263.7            0
  0x0010000000000000      2.3      267.7            0
  0x0020000000000000      2.5      212.8            0
  0x0040000000000000      2.4      239.0            0
  0x0080000000000000      4.6      271.9            0
  0x0100000000000000      2.4      251.3            0
  0x0200000000000000      2.2      275.0            0
  0x0400000000000000      1.9      199.5            0
  0x0800000000000000      2.1      247.0            0
  0x1000000000000000      2.3      244.2            0
  0x2000000000000000      3.5      285.2            0
  0x4000000000000000      2.6      290.4            0
  0x8000000000000000      2.3      271.6            0
  0x0000000000000003      2.8      224.1            0
  0x0000000000000005      2.5      256.7            0
  0x0000000000000009      3.3      232.7            0
  0x0000000000000011      2.7      254.0            0
  0x8000000000000001      2.5      232.6            0
  0x0000000100000001      2.2      273.1            0
  0xf0f0f0f0f0f0f0f0      2.4      271.4            0
  0xffffffffffffffff      1.9      290.5            0
  0x0000000030000000      2.2      277.8            0
  0x0000000300000000      3.2      247.1            0
  0x3000000000000000      2.9      272.7            0
  0x0000000050000000      2.1      270.8            0
  0x0000000500000000      3.0      239.0            0
  0x5000000000000000      2.2      239.6            0
  0x0000000000000006      2.2      229.1            0
  0x0000000060000000      2.8      269.0            0
  0x0000000600000000      2.0      261.7            0
  0x6000000000000000      2.6      305.0            0
  0x0000000000000007      3.1      264.0            0
  0x0000000070000000      1.6      261.8            0
  0x0000000700000000      3.0      232.9            0
  0x7000000000000000      3.3      241.4            0
  0x0000000090000000      2.2      281.5            0
  0x0000000900000000      2.9      241.3            0
  0x9000000000000000      1.9      242.9            0
  0x000000000000000a      3.3      215.5            0
  0x00000000a0000000      2.1      298.7            0
  0x0000000a00000000      3.7      276.5            0
  0xa000000000000000      1.8      258.6            0
  0x000000000000000b      2.7      239.0            0
  0x00000000b0000000      2.2      263.9            0
  0x0000000b00000000      2.3      271.9            0
  0xb000000000000000      4.1      270.9            0
  0x000000000000000c      2.7      271.8            0
  0x00000000c0000000      2.1      293.2            0
  0x0000000c00000000      2.8      247.6            0
  0xc000000000000000      6.0      248.6            0
  0x000000000000000d      2.2      256.0            0
  0x00000000d0000000      3.0      292.7            0
  0x0000000d00000000      2.7      257.3            0
  0xd000000000000000      2.4      275.3            0
  0x000000000000000e      2.9      282.7            0
  0x00000000e0000000      2.8      266.0            0
  0x0000000e00000000      2.9      224.1            0
  0xe000000000000000      2.1      250.2            0
  0x000000000000000f      2.4      257.9            0
  0x00000000f0000000      4.3      270.6            0
  0x0000000f00000000      3.1      295.9            0
  0xf000000000000000      3.0      227.3            0
PASS max_repeats=0 max|z|=13.5 (all 115 deltas)
