# key=123456789abcdef0 N=2^22 kill_repeats=10
# null E[repeats/delta] = 2^22 * 2^-64 = 2^-42
# delta                  max|z|  low8_chi2 full_repeats
  0x0000000000000400      2.3      218.2            0
  0x0000000004000000      3.0      192.0            0
  0x0000000000000001      2.7      259.5            0
  0x0000000000000002      2.6      241.1            0
  0x0000000000000004      2.3      223.3            0
  0x0000000000000008      2.4      283.5            0
  0x0000000000000010      2.7      261.5            0
  0x0000000000000020      2.4      277.0            0
  0x0000000000000040      2.6      283.0            0
  0x0000000000000080      3.6      229.8            0
  0x0000000000000100      2.7      238.1            0
  0x0000000000000200      2.3      229.0            0
  0x0000000000000400      2.3      218.2            0
  0x0000000000000800      2.6      279.0            0
  0x0000000000001000      2.1      252.0            0
  0x0000000000002000      2.5      264.7            0
  0x0000000000004000      3.2      278.2            0
  0x0000000000008000      2.3      276.8            0
  0x0000000000010000      2.6      279.8            0
  0x0000000000020000      2.8      229.7            0
  0x0000000000040000      2.5      227.1            0
  0x0000000000080000      2.4      269.9            0
  0x0000000000100000      2.5      254.0            0
  0x0000000000200000      2.7      262.9            0
  0x0000000000400000      2.4      254.2            0
  0x0000000000800000      2.0      237.7            0
  0x0000000001000000      2.2      257.5            0
  0x0000000002000000      2.7      255.9            0
  0x0000000004000000      3.0      192.0            0
  0x0000000008000000      2.5      282.8            0
  0x0000000010000000      3.8      231.4            0
  0x0000000020000000      2.2      288.1            0
  0x0000000040000000      2.8      244.5            0
  0x0000000080000000      2.4      258.3            0
  0x0000000100000000      2.6      251.8            0
  0x0000000200000000      3.2      258.7            0
  0x0000000400000000      2.6      248.1            0
  0x0000000800000000      2.6      251.9            0
  0x0000001000000000      3.4      241.7            0
  0x0000002000000000      2.9      296.5            0
  0x0000004000000000      1.9      274.1            0
  0x0000008000000000      2.3      257.3            0
  0x0000010000000000      3.6      256.1            0
  0x0000020000000000      2.3      248.6            0
  0x0000040000000000      2.7      232.5            0
  0x0000080000000000      2.5      306.4            0
  0x0000100000000000      2.2      274.7            0
  0x0000200000000000      2.1      224.1            0
  0x0000400000000000      2.6      256.9            0
  0x0000800000000000      2.9      294.1            0
  0x0001000000000000      2.6      285.1            0
  0x0002000000000000      2.0      235.8            0
  0x0004000000000000      3.2      245.2            0
  0x0008000000000000      2.9      237.7            0
  0x0010000000000000      2.5      239.9            0
  0x0020000000000000      2.6      279.1            0
  0x0040000000000000      2.4      245.1            0
  0x0080000000000000      2.3      262.8            0
  0x0100000000000000      2.6      240.5            0
  0x0200000000000000      2.9      270.3            0
  0x0400000000000000      3.3      235.1            0
  0x0800000000000000      3.2      230.8            0
  0x1000000000000000      2.0      224.0            0
  0x2000000000000000      2.0      254.3            0
  0x4000000000000000      2.4      282.1            0
  0x8000000000000000      3.4      257.2            0
  0x0000000000000003      3.1      233.0            0
  0x0000000000000005      2.1      237.1            0
  0x0000000000000009      2.3      213.5            0
  0x0000000000000011      2.6      247.6            0
  0x8000000000000001      2.5      247.3            0
  0x0000000100000001      3.0      258.9            0
  0xf0f0f0f0f0f0f0f0      3.5      295.0            0
  0xffffffffffffffff      2.7      221.6            0
  0x0000000030000000      2.8      257.2            0
  0x0000000300000000      2.1      239.3            0
  0x3000000000000000      2.2      229.9            0
  0x0000000050000000      2.1      263.0            0
  0x0000000500000000      1.9      240.9            0
  0x5000000000000000      2.7      239.3            0
  0x0000000000000006      2.3      239.0            0
  0x0000000060000000      3.0      277.5            0
  0x0000000600000000      2.3      272.7            0
  0x6000000000000000      3.7      272.7            0
  0x0000000000000007      2.9      271.7            0
  0x0000000070000000      2.5      281.8            0
  0x0000000700000000      2.7      253.2            0
  0x7000000000000000      3.8      237.6            0
  0x0000000090000000      2.1      230.8            0
  0x0000000900000000      2.1      283.2            0
  0x9000000000000000      2.8      230.0            0
  0x000000000000000a      3.1      239.6            0
  0x00000000a0000000      2.5      246.5            0
  0x0000000a00000000      2.5      250.7            0
  0xa000000000000000      2.0      221.7            0
  0x000000000000000b      2.6      241.5            0
  0x00000000b0000000      3.2      299.1            0
  0x0000000b00000000      3.2      269.5            0
  0xb000000000000000      2.5      221.0            0
  0x000000000000000c      2.8      267.8            0
  0x00000000c0000000      3.2      260.6            0
  0x0000000c00000000      2.6      257.2            0
  0xc000000000000000      2.1      278.9            0
  0x000000000000000d      1.8      249.3            0
  0x00000000d0000000      2.6      237.3            0
  0x0000000d00000000      2.4      290.7            0
  0xd000000000000000      2.4      257.2            0
  0x000000000000000e      4.4      280.5            0
  0x00000000e0000000      3.1      262.7            0
  0x0000000e00000000      2.5      241.4            0
  0xe000000000000000      2.3      228.0            0
  0x000000000000000f      2.6      292.4            0
  0x00000000f0000000      1.9      278.7            0
  0x0000000f00000000      2.4      261.9            0
  0xf000000000000000      2.8      276.1            0
PASS max_repeats=0 max|z|=4.4 (all 115 deltas)
