# key=123456789abcdef0 N=2^22 kill_repeats=10
# null E[repeats/delta] = 2^22 * 2^-64 = 2^-42
# delta                  max|z|  low8_chi2 full_repeats
  0x0000000000000400      9.2      279.5            0
  0x0000000004000000     32.1      480.8            1
  0x0000000000000001      9.3      259.1            0
  0x0000000000000002      2.2      272.4            0
  0x0000000000000004      8.4      327.2            0
  0x0000000000000008      6.0      262.8            0
  0x0000000000000010      8.7      287.3            0
  0x0000000000000020      2.4      260.4            0
  0x0000000000000040      8.1      302.6            0
  0x0000000000000080      3.6      227.9            0
  0x0000000000000100      8.2      340.8            0
  0x0000000000000200      2.5      253.2            0
  0x0000000000000400      9.2      279.5            0
  0x0000000000000800      6.0      224.3            0
  0x0000000000001000      3.7      254.8            0
  0x0000000000002000      3.4      240.7            0
  0x0000000000004000      4.3      268.7            0
  0x0000000000008000      2.4      271.8            0
  0x0000000000010000      8.0      261.2            0
  0x0000000000020000      2.3      278.6            0
  0x0000000000040000      6.5      248.9            0
  0x0000000000080000      4.2      282.1            0
  0x0000000000100000      2.3      244.2            0
  0x0000000000200000      2.9      239.2            0
  0x0000000000400000      6.8      272.6            0
  0x0000000000800000      7.0      295.5            0
  0x0000000001000000      2.5      250.6            0
  0x0000000002000000      2.6      243.9            0
  0x0000000004000000     32.1      480.8            1
  0x0000000008000000      3.1      231.0            0
  0x0000000010000000     37.3     1662.1            0
  0x0000000020000000      7.5      267.5            0
  0x0000000040000000      3.9      236.0            0
  0x0000000080000000      3.3      248.2            0
  0x0000000100000000     26.2      934.8            0
  0x0000000200000000     10.1      236.5            0
  0x0000000400000000      2.2      271.6            0
  0x0000000800000000     10.0      294.3            0
  0x0000001000000000     17.4      335.7            0
  0x0000002000000000      3.9      279.2            0
  0x0000004000000000      2.4      200.9            0
  0x0000008000000000      5.9      267.7            0
  0x0000010000000000      2.3      250.0            0
  0x0000020000000000      2.8      258.8            0
  0x0000040000000000      2.5      311.4            0
  0x0000080000000000      3.6      216.4            0
  0x0000100000000000     33.9      768.5            0
  0x0000200000000000      3.1      274.0            0
  0x0000400000000000      2.7      242.1            0
  0x0000800000000000      4.1      284.7            0
  0x0001000000000000      2.5      232.4            0
  0x0002000000000000      2.5      238.8            0
  0x0004000000000000     31.0      626.6            1
  0x0008000000000000      2.6      287.8            0
  0x0010000000000000     35.3      861.8            1
  0x0020000000000000      3.2      252.8            0
  0x0040000000000000      2.5      260.0            0
  0x0080000000000000      5.0      301.7            0
  0x0100000000000000      2.7      241.7            0
  0x0200000000000000      2.3      239.6            0
  0x0400000000000000     27.5      486.2            0
  0x0800000000000000      2.1      260.7            0
  0x1000000000000000      5.6      296.4            0
  0x2000000000000000      6.7      242.0            0
  0x4000000000000000      2.5      283.7            0
  0x8000000000000000     15.5      319.8            0
  0x0000000000000003      2.6      236.1            0
  0x0000000000000005      2.3      230.3            0
  0x0000000000000009      4.5      274.5            0
  0x0000000000000011      2.6      257.3            0
  0x8000000000000001      2.2      271.2            0
  0x0000000100000001      2.3      251.9            0
  0xf0f0f0f0f0f0f0f0      2.3      245.2            0
  0xffffffffffffffff      2.5      215.0            0
  0x0000000030000000      2.0      264.0            0
  0x0000000300000000      2.2      244.1            0
  0x3000000000000000      2.0      258.3            0
  0x0000000050000000      2.3      273.4            0
  0x0000000500000000      2.2      257.9            0
  0x5000000000000000      2.8      250.5            0
  0x0000000000000006      3.7      238.3            0
  0x0000000060000000      2.3      280.7            0
  0x0000000600000000      2.3      297.3            0
  0x6000000000000000      2.4      260.6            0
  0x0000000000000007      3.4      277.4            0
  0x0000000070000000      2.6      246.5            0
  0x0000000700000000      2.6      283.6            0
  0x7000000000000000      2.5      248.8            0
  0x0000000090000000      2.0      261.1            0
  0x0000000900000000      2.6      285.4            0
  0x9000000000000000      2.1      252.2            0
  0x000000000000000a      2.9      242.8            0
  0x00000000a0000000      2.4      241.9            0
  0x0000000a00000000      2.8      220.2            0
  0xa000000000000000      2.3      266.1            0
  0x000000000000000b      2.4      276.6            0
  0x00000000b0000000      2.5      264.2            0
  0x0000000b00000000      2.8      271.4            0
  0xb000000000000000      2.6      226.1            0
  0x000000000000000c      2.2      295.3            0
  0x00000000c0000000      2.6      233.6            0
  0x0000000c00000000      3.0      272.3            0
  0xc000000000000000      2.6      239.3            0
  0x000000000000000d      3.1      248.7            0
  0x00000000d0000000      2.8      282.0            0
  0x0000000d00000000      2.4      253.7            0
  0xd000000000000000      2.6      209.0            0
  0x000000000000000e      2.3      269.0            0
  0x00000000e0000000      3.2      266.5            0
  0x0000000e00000000      2.1      252.2            0
  0xe000000000000000      2.7      292.4            0
  0x000000000000000f      2.9      216.2            0
  0x00000000f0000000      3.8      249.7            0
  0x0000000f00000000      2.6      248.8            1
  0xf000000000000000      4.4      244.4            0
PASS max_repeats=1 max|z|=37.3 (all 115 deltas)
