# key=123456789abcdef0 N=2^22 kill_repeats=10
# null E[repeats/delta] = 2^22 * 2^-64 = 2^-42
# delta                  max|z|  low8_chi2 full_repeats
  0x0000000000000400      2.5      252.7            0
  0x0000000004000000     10.1      367.3            0
  0x0000000000000001      2.4      284.4            0
  0x0000000000000002      2.0      226.4            0
  0x0000000000000004      2.4      271.2            0
  0x0000000000000008      2.5      264.5            0
  0x0000000000000010      2.6      274.8            0
  0x0000000000000020      4.3      278.9            0
  0x0000000000000040      2.5      255.7            0
  0x0000000000000080      3.1      285.6            0
  0x0000000000000100      2.3      254.6            0
  0x0000000000000200      3.1      255.8            0
  0x0000000000000400      2.5      252.7            0
  0x0000000000000800      2.9      254.3            0
  0x0000000000001000      2.1      254.3            0
  0x0000000000002000      3.5      251.6            0
  0x0000000000004000      2.3      309.0            0
  0x0000000000008000      2.5      241.1            0
  0x0000000000010000      2.5      226.7            0
  0x0000000000020000      2.2      260.9            0
  0x0000000000040000      3.0      256.5            0
  0x0000000000080000      3.3      269.6            0
  0x0000000000100000      3.7      248.3            0
  0x0000000000200000      2.9      272.4            0
  0x0000000000400000      3.0      227.5            0
  0x0000000000800000      2.6      260.3            0
  0x0000000001000000     12.0      254.4            0
  0x0000000002000000      2.6      278.9            0
  0x0000000004000000     10.1      367.3            0
  0x0000000008000000      3.1      276.7            0
  0x0000000010000000      2.4      287.7            0
  0x0000000020000000      2.4      255.2            0
  0x0000000040000000      3.5      258.8            0
  0x0000000080000000      2.7      241.4            0
  0x0000000100000000      3.3      251.1            0
  0x0000000200000000      3.0      289.5            0
  0x0000000400000000      7.7      256.2            0
  0x0000000800000000      2.7      230.8            0
  0x0000001000000000      2.3      228.1            0
  0x0000002000000000      3.5      251.9            0
  0x0000004000000000      3.1      264.9            0
  0x0000008000000000      3.2      258.9            0
  0x0000010000000000      3.1      280.1            0
  0x0000020000000000      2.1      279.6            0
  0x0000040000000000      4.5      298.8            0
  0x0000080000000000      2.9      252.7            0
  0x0000100000000000      4.0      255.8            0
  0x0000200000000000      2.7      248.0            0
  0x0000400000000000      2.3      269.8            0
  0x0000800000000000      3.4      275.0            0
  0x0001000000000000      2.5      205.0            0
  0x0002000000000000      2.8      259.6            0
  0x0004000000000000      4.1      249.3            0
  0x0008000000000000      2.2      272.9            0
  0x0010000000000000      2.6      304.3            0
  0x0020000000000000      4.5      232.3            0
  0x0040000000000000      2.2      231.3            0
  0x0080000000000000      3.2      244.1            0
  0x0100000000000000      3.9      222.9            0
  0x0200000000000000      2.6      289.6            0
  0x0400000000000000      8.1      287.0            0
  0x0800000000000000      4.6      250.5            0
  0x1000000000000000      4.9      231.4            0
  0x2000000000000000      5.8      283.5            0
  0x4000000000000000      2.4      264.6            0
  0x8000000000000000      2.2      269.7            0
  0x0000000000000003      3.5      255.1            0
  0x0000000000000005      2.7      285.3            0
  0x0000000000000009      2.6      220.0            0
  0x0000000000000011      2.8      244.0            0
  0x8000000000000001      2.9      251.1            0
  0x0000000100000001      2.4      250.2            0
  0xf0f0f0f0f0f0f0f0      1.8      253.8            0
  0xffffffffffffffff      2.5      224.1            0
  0x0000000030000000      9.2      417.3            0
  0x0000000300000000      9.3      280.0            0
  0x3000000000000000      2.2      281.9            0
  0x0000000050000000      2.6      233.0            0
  0x0000000500000000      2.2      255.5            0
  0x5000000000000000      2.9      265.0            0
  0x0000000000000006      2.7      262.5            0
  0x0000000060000000      2.3      252.5            0
  0x0000000600000000      2.6      247.2            0
  0x6000000000000000      2.1      251.5            0
  0x0000000000000007      2.8      254.2            0
  0x0000000070000000      8.1      295.7            0
  0x0000000700000000      4.2      250.5            0
  0x7000000000000000      2.6      251.2            0
  0x0000000090000000      3.2      272.7            0
  0x0000000900000000      2.8      258.0            0
  0x9000000000000000      2.5      226.4            0
  0x000000000000000a      2.4      269.8            0
  0x00000000a0000000      3.0      273.9            0
  0x0000000a00000000      3.2      254.4            0
  0xa000000000000000      2.2      244.0            0
  0x000000000000000b      2.3      265.2            0
  0x00000000b0000000      3.2      293.2            0
  0x0000000b00000000      3.1      250.9            0
  0xb000000000000000      2.9      216.9            0
  0x000000000000000c      2.1      229.3            0
  0x00000000c0000000      2.2      290.3            0
  0x0000000c00000000      2.8      220.7            0
  0xc000000000000000      2.6      240.2            0
  0x000000000000000d      3.2      267.6            0
  0x00000000d0000000      2.3      269.5            0
  0x0000000d00000000      2.4      230.0            0
  0xd000000000000000      9.6      317.0            0
  0x000000000000000e      3.0      226.0            0
  0x00000000e0000000      2.6      260.7            0
  0x0000000e00000000      2.2      244.3            0
  0xe000000000000000      2.5      237.0            0
  0x000000000000000f      2.1      246.2            0
  0x00000000f0000000      8.9      242.3            0
  0x0000000f00000000      3.1      287.6            0
  0xf000000000000000      3.2      288.6            0
PASS max_repeats=0 max|z|=12.0 (all 115 deltas)
