# key=123456789abcdef0 N=2^22 kill_repeats=10
# null E[repeats/delta] = 2^22 * 2^-64 = 2^-42
# delta                  max|z|  low8_chi2 full_repeats
  0x0000000000000400      2.5      241.6            0
  0x0000000004000000      2.9      264.4            0
  0x0000000000000001      2.1      253.2            0
  0x0000000000000002      2.3      260.9            0
  0x0000000000000004      2.0      292.8            0
  0x0000000000000008      2.8      230.4            0
  0x0000000000000010      2.6      240.4            0
  0x0000000000000020      3.0      231.9            0
  0x0000000000000040      2.6      263.5            0
  0x0000000000000080      2.2      243.6            0
  0x0000000000000100      2.5      253.0            0
  0x0000000000000200      2.3      248.0            0
  0x0000000000000400      2.5      241.6            0
  0x0000000000000800      2.0      248.0            0
  0x0000000000001000      2.3      242.7            0
  0x0000000000002000      3.2      245.2            0
  0x0000000000004000      2.4      248.3            0
  0x0000000000008000      2.2      284.9            0
  0x0000000000010000      2.1      233.7            0
  0x0000000000020000      3.7      283.6            0
  0x0000000000040000      2.9      287.3            0
  0x0000000000080000      2.8      246.8            0
  0x0000000000100000      3.1      213.2            0
  0x0000000000200000      2.0      283.2            0
  0x0000000000400000      2.6      263.4            0
  0x0000000000800000      3.2      271.0            0
  0x0000000001000000      2.3      243.4            0
  0x0000000002000000      2.4      247.8            0
  0x0000000004000000      2.9      264.4            0
  0x0000000008000000      3.2      287.9            0
  0x0000000010000000      2.6      249.7            0
  0x0000000020000000      2.1      268.5            0
  0x0000000040000000      2.7      231.1            0
  0x0000000080000000      2.7      219.5            0
  0x0000000100000000      2.6      240.3            0
  0x0000000200000000      2.7      207.2            0
  0x0000000400000000      2.6      259.9            0
  0x0000000800000000      2.9      242.3            0
  0x0000001000000000      2.7      270.8            0
  0x0000002000000000      2.5      279.2            0
  0x0000004000000000      2.1      289.7            0
  0x0000008000000000      3.1      225.4            0
  0x0000010000000000      2.5      246.7            0
  0x0000020000000000      2.7      288.5            0
  0x0000040000000000      2.5      265.9            0
  0x0000080000000000      2.3      266.2            0
  0x0000100000000000      2.5      253.1            0
  0x0000200000000000      3.6      220.5            0
  0x0000400000000000      2.9      257.9            0
  0x0000800000000000      2.6      258.7            0
  0x0001000000000000      3.0      266.6            0
  0x0002000000000000      2.8      253.3            0
  0x0004000000000000      2.7      282.6            0
  0x0008000000000000      2.5      231.4            0
  0x0010000000000000      2.3      240.5            0
  0x0020000000000000      3.8      212.8            0
  0x0040000000000000      3.3      248.3            0
  0x0080000000000000      2.9      223.8            0
  0x0100000000000000      3.6      212.4            0
  0x0200000000000000      3.0      218.1            0
  0x0400000000000000      2.7      264.4            0
  0x0800000000000000      3.7      251.8            0
  0x1000000000000000      2.6      289.6            0
  0x2000000000000000      2.5      243.5            0
  0x4000000000000000      1.9      241.4            0
  0x8000000000000000      2.2      248.6            0
  0x0000000000000003      2.9      305.4            0
  0x0000000000000005      2.8      252.7            0
  0x0000000000000009      2.4      262.5            0
  0x0000000000000011      3.3      217.4            0
  0x8000000000000001      2.9      256.6            0
  0x0000000100000001      1.9      241.9            0
  0xf0f0f0f0f0f0f0f0      2.8      270.3            0
  0xffffffffffffffff      2.6      283.0            0
  0x0000000030000000      2.7      252.7            0
  0x0000000300000000      2.9      254.0            0
  0x3000000000000000      2.7      263.9            0
  0x0000000050000000      2.1      287.4            0
  0x0000000500000000      2.5      303.8            0
  0x5000000000000000      2.3      249.0            0
  0x0000000000000006      2.9      273.4            0
  0x0000000060000000      2.4      247.5            0
  0x0000000600000000      3.1      277.2            0
  0x6000000000000000      2.3      241.0            0
  0x0000000000000007      2.7      252.0            0
  0x0000000070000000      2.9      220.4            0
  0x0000000700000000      2.4      260.7            0
  0x7000000000000000      2.4      211.6            0
  0x0000000090000000      2.4      245.8            0
  0x0000000900000000      3.0      261.0            0
  0x9000000000000000      2.8      247.5            0
  0x000000000000000a      2.2      237.6            0
  0x00000000a0000000      2.7      247.3            0
  0x0000000a00000000      1.7      251.1            0
  0xa000000000000000      2.5      290.6            0
  0x000000000000000b      2.2      266.2            0
  0x00000000b0000000      3.6      256.4            0
  0x0000000b00000000      2.3      221.0            0
  0xb000000000000000      2.2      288.6            0
  0x000000000000000c      2.2      217.0            0
  0x00000000c0000000      2.5      259.8            0
  0x0000000c00000000      3.1      235.9            0
  0xc000000000000000      2.2      284.7            0
  0x000000000000000d      2.4      255.8            0
  0x00000000d0000000      2.4      276.0            0
  0x0000000d00000000      2.7      264.2            0
  0xd000000000000000      3.0      281.9            0
  0x000000000000000e      2.8      232.2            0
  0x00000000e0000000      3.7      282.0            0
  0x0000000e00000000      2.1      255.1            0
  0xe000000000000000      2.4      266.9            0
  0x000000000000000f      2.4      267.6            0
  0x00000000f0000000      2.3      266.2            0
  0x0000000f00000000      2.3      279.3            0
  0xf000000000000000      2.4      249.4            0
PASS max_repeats=0 max|z|=3.8 (all 115 deltas)
