# key=123456789abcdef0 N=2^22 kill_repeats=10
# null E[repeats/delta] = 2^22 * 2^-64 = 2^-42
# delta                  max|z|  low8_chi2 full_repeats
  0x0000000000000400      2.6      310.1            0
  0x0000000004000000      5.1      284.2            0
  0x0000000000000001      3.0      261.7            0
  0x0000000000000002      3.1      256.2            0
  0x0000000000000004      2.6      228.1            0
  0x0000000000000008      3.6      223.2            0
  0x0000000000000010      3.8      222.4            0
  0x0000000000000020      2.8      251.3            0
  0x0000000000000040      2.5      280.0            0
  0x0000000000000080      2.5      278.5            0
  0x0000000000000100      2.9      221.5            0
  0x0000000000000200      2.1      243.8            0
  0x0000000000000400      2.6      310.1            0
  0x0000000000000800      2.4      243.7            0
  0x0000000000001000      2.5      228.8            0
  0x0000000000002000      2.4      284.4            0
  0x0000000000004000      2.1      266.2            0
  0x0000000000008000      3.5      245.0            0
  0x0000000000010000      2.9      250.3            0
  0x0000000000020000      3.2      312.8            0
  0x0000000000040000      2.7      247.2            0
  0x0000000000080000      2.5      247.4            0
  0x0000000000100000      2.3      241.4            0
  0x0000000000200000      2.5      301.1            0
  0x0000000000400000      2.3      272.1            0
  0x0000000000800000      2.9      255.3            0
  0x0000000001000000      5.5      297.8            0
  0x0000000002000000      2.8      279.4            0
  0x0000000004000000      5.1      284.2            0
  0x0000000008000000      3.2      229.6            0
  0x0000000010000000      2.2      291.1            0
  0x0000000020000000      7.4      328.5            0
  0x0000000040000000      2.6      264.1            0
  0x0000000080000000      3.4      237.1            0
  0x0000000100000000      2.7      220.1            0
  0x0000000200000000      4.5      252.7            0
  0x0000000400000000      2.0      229.8            0
  0x0000000800000000      3.1      289.9            0
  0x0000001000000000      2.8      217.7            0
  0x0000002000000000      3.1      290.3            0
  0x0000004000000000      2.1      255.8            0
  0x0000008000000000      4.2      213.0            0
  0x0000010000000000      2.2      306.9            0
  0x0000020000000000      2.3      224.8            0
  0x0000040000000000      2.4      256.0            0
  0x0000080000000000      1.9      222.5            0
  0x0000100000000000      5.8      276.7            0
  0x0000200000000000      2.7      278.0            0
  0x0000400000000000      2.5      248.1            0
  0x0000800000000000      5.9      285.6            0
  0x0001000000000000     18.4      679.1            0
  0x0002000000000000      2.5      236.7            0
  0x0004000000000000      3.0      291.6            0
  0x0008000000000000      2.2      249.2            0
  0x0010000000000000      2.8      255.9            0
  0x0020000000000000      2.5      267.6            0
  0x0040000000000000      2.3      272.8            0
  0x0080000000000000      2.4      201.9            0
  0x0100000000000000      8.9      331.2            0
  0x0200000000000000      2.1      242.0            0
  0x0400000000000000      8.5      350.1            0
  0x0800000000000000      2.6      234.0            0
  0x1000000000000000      2.6      265.7            0
  0x2000000000000000      9.0      251.0            0
  0x4000000000000000      2.9      293.5            0
  0x8000000000000000      2.6      256.6            0
  0x0000000000000003      2.2      251.9            0
  0x0000000000000005      2.8      240.9            0
  0x0000000000000009      4.0      291.1            0
  0x0000000000000011      2.3      258.6            0
  0x8000000000000001      2.4      237.0            0
  0x0000000100000001      1.9      240.4            0
  0xf0f0f0f0f0f0f0f0      2.7      258.9            0
  0xffffffffffffffff      2.5      258.8            0
  0x0000000030000000      2.6      227.5            0
  0x0000000300000000      2.3      253.9            0
  0x3000000000000000      2.5      232.2            0
  0x0000000050000000      2.6      249.5            0
  0x0000000500000000      2.3      274.3            0
  0x5000000000000000      4.3      254.8            0
  0x0000000000000006      2.9      262.7            0
  0x0000000060000000      6.5      295.0            0
  0x0000000600000000      3.8      271.2            0
  0x6000000000000000      2.0      265.7            0
  0x0000000000000007      1.9      257.7            0
  0x0000000070000000      2.7      280.0            0
  0x0000000700000000      2.6      275.0            0
  0x7000000000000000      2.2      268.7            0
  0x0000000090000000      2.7      235.4            0
  0x0000000900000000      2.9      252.3            0
  0x9000000000000000      3.3      203.4            0
  0x000000000000000a      3.4      289.1            0
  0x00000000a0000000      2.2      261.0            0
  0x0000000a00000000      2.9      262.2            0
  0xa000000000000000      2.9      270.2            0
  0x000000000000000b      2.3      245.7            0
  0x00000000b0000000      2.9      253.0            0
  0x0000000b00000000      3.1      247.0            0
  0xb000000000000000      2.6      263.7            0
  0x000000000000000c      2.9      274.1            0
  0x00000000c0000000      2.3      265.6            0
  0x0000000c00000000      2.9      240.8            0
  0xc000000000000000     14.7      327.1            0
  0x000000000000000d      3.1      258.0            0
  0x00000000d0000000      2.9      276.4            0
  0x0000000d00000000      2.3      228.3            0
  0xd000000000000000      3.0      276.0            0
  0x000000000000000e      2.9      274.0            0
  0x00000000e0000000      2.6      267.9            0
  0x0000000e00000000      3.2      242.1            0
  0xe000000000000000      2.1      242.9            0
  0x000000000000000f      3.8      282.0            0
  0x00000000f0000000      3.2      243.2            0
  0x0000000f00000000      2.2      256.7            0
  0xf000000000000000      2.4      254.4            0
PASS max_repeats=0 max|z|=18.4 (all 115 deltas)
