# key=123456789abcdef0 N=2^22 kill_repeats=10
# null E[repeats/delta] = 2^22 * 2^-64 = 2^-42
# delta                  max|z|  low8_chi2 full_repeats
  0x0000000000000400      2.9      244.8            0
  0x0000000004000000      7.8      298.9            0
  0x0000000000000001      3.6      283.3            0
  0x0000000000000002      4.0      229.8            0
  0x0000000000000004      3.0      245.8            0
  0x0000000000000008      2.3      278.2            0
  0x0000000000000010      2.7      256.7            0
  0x0000000000000020      3.1      230.5            0
  0x0000000000000040      2.7      289.2            0
  0x0000000000000080      2.6      244.7            0
  0x0000000000000100      2.4      276.7            0
  0x0000000000000200      2.8      267.1            0
  0x0000000000000400      2.9      244.8            0
  0x0000000000000800      2.4      244.0            0
  0x0000000000001000      2.2      307.1            0
  0x0000000000002000      2.4      281.1            0
  0x0000000000004000      2.3      231.6            0
  0x0000000000008000      2.4      266.5            0
  0x0000000000010000      2.7      249.9            0
  0x0000000000020000      3.3      279.9            0
  0x0000000000040000      2.7      225.8            0
  0x0000000000080000      2.1      295.1            0
  0x0000000000100000      3.1      268.5            0
  0x0000000000200000      3.8      267.8            0
  0x0000000000400000      2.2      304.3            0
  0x0000000000800000      3.1      274.3            0
  0x0000000001000000     11.8      426.1            0
  0x0000000002000000      3.2      266.4            0
  0x0000000004000000      7.8      298.9            0
  0x0000000008000000      2.8      302.0            0
  0x0000000010000000      4.5      274.8            0
  0x0000000020000000      2.5      252.9            0
  0x0000000040000000      2.7      227.6            0
  0x0000000080000000      2.2      245.1            0
  0x0000000100000000     16.6      323.2            0
  0x0000000200000000      2.2      298.7            0
  0x0000000400000000      2.7      296.5            0
  0x0000000800000000      3.4      274.4            0
  0x0000001000000000      6.0      236.3            0
  0x0000002000000000      2.8      242.0            0
  0x0000004000000000      2.4      220.6            0
  0x0000008000000000      2.7      291.8            0
  0x0000010000000000      2.0      286.3            0
  0x0000020000000000      2.6      234.6            0
  0x0000040000000000      2.4      251.7            0
  0x0000080000000000      2.4      304.6            0
  0x0000100000000000      3.7      266.4            0
  0x0000200000000000      2.6      244.4            0
  0x0000400000000000      2.1      264.0            0
  0x0000800000000000      2.8      257.6            0
  0x0001000000000000      2.5      233.3            0
  0x0002000000000000      2.9      234.6            0
  0x0004000000000000      2.2      251.2            0
  0x0008000000000000      2.0      297.6            0
  0x0010000000000000      5.5      272.4            0
  0x0020000000000000      2.7      259.8            0
  0x0040000000000000      1.9      224.3            0
  0x0080000000000000      3.3      265.2            0
  0x0100000000000000     14.6      290.5            0
  0x0200000000000000      3.4      254.8            0
  0x0400000000000000      3.5      228.0            0
  0x0800000000000000      2.6      285.1            0
  0x1000000000000000      3.0      283.7            0
  0x2000000000000000     17.5      364.9            0
  0x4000000000000000      2.7      265.5            0
  0x8000000000000000      2.5      245.7            0
  0x0000000000000003      3.7      285.5            0
  0x0000000000000005      4.6      243.2            0
  0x0000000000000009      2.0      282.4            0
  0x0000000000000011      2.5      260.1            0
  0x8000000000000001      2.8      245.4            0
  0x0000000100000001      3.0      258.9            0
  0xf0f0f0f0f0f0f0f0      2.4      250.8            0
  0xffffffffffffffff      2.1      277.8            0
  0x0000000030000000      2.5      250.8            0
  0x0000000300000000      3.0      230.2            0
  0x3000000000000000      2.8      276.4            0
  0x0000000050000000      4.9      290.0            0
  0x0000000500000000      7.2      290.5            0
  0x5000000000000000      3.4      280.9            0
  0x0000000000000006      3.4      258.4            0
  0x0000000060000000      2.6      274.0            0
  0x0000000600000000      2.7      256.0            0
  0x6000000000000000      3.6      269.5            0
  0x0000000000000007      3.4      258.7            0
  0x0000000070000000      3.9      216.5            0
  0x0000000700000000      2.2      277.0            0
  0x7000000000000000      2.4      214.5            0
  0x0000000090000000      3.3      270.5            0
  0x0000000900000000      2.0      262.1            0
  0x9000000000000000      3.2      258.9            0
  0x000000000000000a      3.5      264.0            0
  0x00000000a0000000      2.8      260.5            0
  0x0000000a00000000      2.0      234.8            0
  0xa000000000000000      2.1      260.6            0
  0x000000000000000b      2.3      243.9            0
  0x00000000b0000000      2.6      258.2            0
  0x0000000b00000000      2.3      256.7            0
  0xb000000000000000      3.3      252.2            0
  0x000000000000000c      2.7      245.3            0
  0x00000000c0000000      2.3      228.3            0
  0x0000000c00000000      2.4      261.3            0
  0xc000000000000000      2.1      222.3            0
  0x000000000000000d      3.7      258.9            0
  0x00000000d0000000      2.6      225.3            0
  0x0000000d00000000      2.7      265.7            0
  0xd000000000000000      2.9      248.8            0
  0x000000000000000e      3.5      239.5            0
  0x00000000e0000000      2.2      304.4            0
  0x0000000e00000000      2.9      281.9            0
  0xe000000000000000      3.2      287.4            0
  0x000000000000000f      3.5      267.2            0
  0x00000000f0000000      2.4      281.0            0
  0x0000000f00000000      1.9      213.4            0
  0xf000000000000000      2.8      343.4            0
PASS max_repeats=0 max|z|=17.5 (all 115 deltas)
