# key=123456789abcdef0 N=2^22 kill_repeats=10
# null E[repeats/delta] = 2^22 * 2^-64 = 2^-42
# delta                  max|z|  low8_chi2 full_repeats
  0x0000000000000400      3.8      267.5            0
  0x0000000004000000      3.0      303.0            0
  0x0000000000000001      2.0      279.2            0
  0x0000000000000002      3.5      264.9            0
  0x0000000000000004      2.2      247.3            0
  0x0000000000000008      2.8      242.2            0
  0x0000000000000010      2.2      216.9            0
  0x0000000000000020      2.2      223.4            0
  0x0000000000000040      2.5      238.2            0
  0x0000000000000080      2.1      237.5            0
  0x0000000000000100      2.0      240.0            0
  0x0000000000000200      3.0      294.1            0
  0x0000000000000400      3.8      267.5            0
  0x0000000000000800      2.3      284.6            0
  0x0000000000001000      2.9      215.8            0
  0x0000000000002000      2.8      231.2            0
  0x0000000000004000      2.8      248.7            0
  0x0000000000008000      2.9      245.6            0
  0x0000000000010000      2.6      281.4            0
  0x0000000000020000      2.1      303.3            0
  0x0000000000040000      2.4      269.7            0
  0x0000000000080000      2.5      230.1            0
  0x0000000000100000      2.4      254.3            0
  0x0000000000200000      3.3      277.8            0
  0x0000000000400000      2.7      260.3            0
  0x0000000000800000      2.6      276.0            0
  0x0000000001000000      2.9      236.7            0
  0x0000000002000000      1.9      226.6            0
  0x0000000004000000      3.0      303.0            0
  0x0000000008000000      2.4      258.4            0
  0x0000000010000000      2.0      240.2            0
  0x0000000020000000      2.4      243.5            0
  0x0000000040000000      2.3      217.6            0
  0x0000000080000000      2.1      273.3            0
  0x0000000100000000      2.3      238.9            0
  0x0000000200000000      2.7      212.1            0
  0x0000000400000000      2.2      276.6            0
  0x0000000800000000      3.1      292.4            0
  0x0000001000000000      2.0      232.3            0
  0x0000002000000000      2.3      268.2            0
  0x0000004000000000      2.3      266.6            0
  0x0000008000000000      2.5      293.9            0
  0x0000010000000000      2.7      251.8            0
  0x0000020000000000      2.4      286.7            0
  0x0000040000000000      2.5      229.2            0
  0x0000080000000000      2.4      253.8            0
  0x0000100000000000      3.2      244.9            0
  0x0000200000000000      2.7      246.9            0
  0x0000400000000000      2.5      273.4            0
  0x0000800000000000      2.7      258.6            0
  0x0001000000000000      3.2      258.6            0
  0x0002000000000000      2.7      280.5            0
  0x0004000000000000      3.6      253.7            0
  0x0008000000000000      2.3      299.0            0
  0x0010000000000000      2.3      264.3            0
  0x0020000000000000      2.3      226.0            0
  0x0040000000000000      2.6      270.8            0
  0x0080000000000000      2.1      268.5            0
  0x0100000000000000      2.3      230.7            0
  0x0200000000000000      3.2      254.4            0
  0x0400000000000000      2.9      283.8            0
  0x0800000000000000      2.9      267.8            0
  0x1000000000000000      2.1      202.4            0
  0x2000000000000000      2.5      290.0            0
  0x4000000000000000      2.6      289.5            0
  0x8000000000000000      2.6      275.5            0
  0x0000000000000003      3.0      213.0            0
  0x0000000000000005      2.4      242.5            0
  0x0000000000000009      2.3      235.2            0
  0x0000000000000011      2.0      257.8            0
  0x8000000000000001      2.4      238.2            0
  0x0000000100000001      2.8      240.4            0
  0xf0f0f0f0f0f0f0f0      3.2      225.7            0
  0xffffffffffffffff      2.8      258.8            0
  0x0000000030000000      2.4      224.7            0
  0x0000000300000000      1.9      235.1            0
  0x3000000000000000      2.2      252.0            0
  0x0000000050000000      2.5      230.7            0
  0x0000000500000000      2.2      235.3            0
  0x5000000000000000      2.3      244.2            0
  0x0000000000000006      2.9      245.2            0
  0x0000000060000000      2.5      249.8            0
  0x0000000600000000      2.1      269.5            0
  0x6000000000000000      2.2      246.9            0
  0x0000000000000007      2.2      273.6            0
  0x0000000070000000      2.0      249.9            0
  0x0000000700000000      3.2      242.0            0
  0x7000000000000000      3.1      261.3            0
  0x0000000090000000      2.7      240.6            0
  0x0000000900000000      1.9      243.0            0
  0x9000000000000000      2.7      255.0            0
  0x000000000000000a      2.3      288.2            0
  0x00000000a0000000      3.3      226.6            0
  0x0000000a00000000      2.4      258.1            0
  0xa000000000000000      2.4      246.1            0
  0x000000000000000b      3.0      272.9            0
  0x00000000b0000000      2.7      249.8            0
  0x0000000b00000000      3.1      263.1            0
  0xb000000000000000      3.7      213.4            0
  0x000000000000000c      2.0      265.6            0
  0x00000000c0000000      2.4      279.1            0
  0x0000000c00000000      2.5      227.0            0
  0xc000000000000000      2.6      252.8            0
  0x000000000000000d      2.5      257.2            0
  0x00000000d0000000      3.1      268.3            0
  0x0000000d00000000      3.5      241.8            0
  0xd000000000000000      2.7      241.6            0
  0x000000000000000e      3.0      234.3            0
  0x00000000e0000000      2.9      249.7            0
  0x0000000e00000000      2.7      257.7            0
  0xe000000000000000      2.9      250.3            0
  0x000000000000000f      3.2      249.2            0
  0x00000000f0000000      2.7      224.9            0
  0x0000000f00000000      2.0      228.5            0
  0xf000000000000000      2.8      254.6            0
PASS max_repeats=0 max|z|=3.8 (all 115 deltas)
