# key=123456789abcdef0 N=2^22 kill_repeats=10
# null E[repeats/delta] = 2^22 * 2^-64 = 2^-42
# delta                  max|z|  low8_chi2 full_repeats
  0x0000000000000400      3.2      266.4            0
  0x0000000004000000      2.1      237.3            0
  0x0000000000000001      2.9      240.1            0
  0x0000000000000002      2.3      243.1            0
  0x0000000000000004      2.5      256.6            0
  0x0000000000000008      2.4      253.7            0
  0x0000000000000010      2.4      258.8            0
  0x0000000000000020      3.0      286.7            0
  0x0000000000000040      2.1      260.9            0
  0x0000000000000080      2.1      244.0            0
  0x0000000000000100      2.9      250.7            0
  0x0000000000000200      2.3      223.3            0
  0x0000000000000400      3.2      266.4            0
  0x0000000000000800      2.2      244.8            0
  0x0000000000001000      2.7      236.2            0
  0x0000000000002000      2.4      265.8            0
  0x0000000000004000      1.8      240.8            0
  0x0000000000008000      2.8      275.6            0
  0x0000000000010000      2.7      269.4            0
  0x0000000000020000      2.1      289.5            0
  0x0000000000040000      2.2      262.5            0
  0x0000000000080000      2.4      246.7            0
  0x0000000000100000      2.5      266.0            0
  0x0000000000200000      2.6      259.1            0
  0x0000000000400000      2.5      275.5            0
  0x0000000000800000      3.0      205.0            0
  0x0000000001000000      2.9      243.2            0
  0x0000000002000000      2.7      208.6            0
  0x0000000004000000      2.1      237.3            0
  0x0000000008000000      2.6      225.0            0
  0x0000000010000000      2.7      241.2            0
  0x0000000020000000      2.1      275.8            0
  0x0000000040000000      3.1      240.2            0
  0x0000000080000000      2.7      255.9            0
  0x0000000100000000      2.3      235.3            0
  0x0000000200000000      2.4      255.9            0
  0x0000000400000000      2.6      272.2            0
  0x0000000800000000      3.4      240.0            0
  0x0000001000000000      6.7      436.4            0
  0x0000002000000000      2.8      287.5            0
  0x0000004000000000      2.3      278.7            0
  0x0000008000000000      3.7      280.9            0
  0x0000010000000000      2.1      280.2            0
  0x0000020000000000      2.2      262.1            0
  0x0000040000000000      3.9      270.4            0
  0x0000080000000000      2.5      273.3            0
  0x0000100000000000     11.0      360.3            0
  0x0000200000000000      6.2      250.1            0
  0x0000400000000000      2.4      240.7            0
  0x0000800000000000      3.1      309.9            0
  0x0001000000000000      2.3      239.1            0
  0x0002000000000000      2.2      227.0            0
  0x0004000000000000      2.4      261.4            0
  0x0008000000000000      2.7      233.2            0
  0x0010000000000000      1.9      258.5            0
  0x0020000000000000      3.6      290.6            0
  0x0040000000000000      2.3      229.5            0
  0x0080000000000000      2.4      253.7            0
  0x0100000000000000      2.8      314.4            0
  0x0200000000000000      2.3      255.2            0
  0x0400000000000000      2.3      236.6            0
  0x0800000000000000      2.8      235.1            0
  0x1000000000000000      2.2      279.3            0
  0x2000000000000000      2.6      261.3            0
  0x4000000000000000      2.8      264.9            0
  0x8000000000000000      3.2      252.2            0
  0x0000000000000003      2.2      237.5            0
  0x0000000000000005      1.9      270.9            0
  0x0000000000000009      2.4      219.5            0
  0x0000000000000011      2.4      270.8            0
  0x8000000000000001      3.8      265.7            0
  0x0000000100000001      2.4      220.6            0
  0xf0f0f0f0f0f0f0f0      2.5      271.8            0
  0xffffffffffffffff      3.1      243.0            0
  0x0000000030000000      2.0      245.5            0
  0x0000000300000000      2.5      227.5            0
  0x3000000000000000      2.1      275.4            0
  0x0000000050000000      1.8      230.6            0
  0x0000000500000000      2.4      277.3            0
  0x5000000000000000      2.8      211.5            0
  0x0000000000000006      3.0      242.6            0
  0x0000000060000000      2.5      230.3            0
  0x0000000600000000      3.3      233.0            0
  0x6000000000000000      2.4      279.2            0
  0x0000000000000007      3.2      272.0            0
  0x0000000070000000      2.9      258.0            0
  0x0000000700000000      2.2      276.7            0
  0x7000000000000000      2.4      234.9            0
  0x0000000090000000      2.2      222.3            0
  0x0000000900000000      2.5      275.4            0
  0x9000000000000000      2.4      236.3            0
  0x000000000000000a      2.2      266.0            0
  0x00000000a0000000      2.2      250.9            0
  0x0000000a00000000      3.3      253.2            0
  0xa000000000000000      2.6      249.1            0
  0x000000000000000b      2.4      261.2            0
  0x00000000b0000000      2.6      233.6            0
  0x0000000b00000000      2.6      265.5            0
  0xb000000000000000      2.2      346.6            0
  0x000000000000000c      3.0      264.4            0
  0x00000000c0000000      3.0      269.7            0
  0x0000000c00000000      2.9      293.6            0
  0xc000000000000000      1.8      280.7            0
  0x000000000000000d      2.9      237.7            0
  0x00000000d0000000      2.7      251.8            0
  0x0000000d00000000      2.4      244.2            0
  0xd000000000000000      1.9      240.7            0
  0x000000000000000e      2.5      258.4            0
  0x00000000e0000000      3.7      251.1            0
  0x0000000e00000000      2.8      258.3            0
  0xe000000000000000      2.4      238.7            0
  0x000000000000000f      2.8      264.6            0
  0x00000000f0000000      2.8      257.6            0
  0x0000000f00000000      2.4      246.3            0
  0xf000000000000000      2.2      278.7            0
PASS max_repeats=0 max|z|=11.0 (all 115 deltas)
