# key=123456789abcdef0 N=2^22 kill_repeats=10
# null E[repeats/delta] = 2^22 * 2^-64 = 2^-42
# delta                  max|z|  low8_chi2 full_repeats
  0x0000000000000400      2.3      293.7            0
  0x0000000004000000      5.3      258.2            0
  0x0000000000000001      3.1      285.3            0
  0x0000000000000002      3.3      258.4            0
  0x0000000000000004      2.5      210.2            0
  0x0000000000000008      2.7      277.4            0
  0x0000000000000010      3.6      284.5            0
  0x0000000000000020      2.5      244.5            0
  0x0000000000000040      2.7      305.4            0
  0x0000000000000080      3.6      241.6            0
  0x0000000000000100      3.4      288.0            0
  0x0000000000000200      2.0      223.0            0
  0x0000000000000400      2.3      293.7            0
  0x0000000000000800      3.0      220.9            0
  0x0000000000001000      3.1      276.7            0
  0x0000000000002000      2.4      285.4            0
  0x0000000000004000      2.9      268.6            0
  0x0000000000008000      2.9      216.9            0
  0x0000000000010000      2.7      217.2            0
  0x0000000000020000      1.9      252.2            0
  0x0000000000040000      2.7      279.9            0
  0x0000000000080000      3.6      254.2            0
  0x0000000000100000      2.0      258.2            0
  0x0000000000200000      3.0      241.9            0
  0x0000000000400000      3.1      262.1            0
  0x0000000000800000      3.5      229.0            0
  0x0000000001000000      6.2      297.7            0
  0x0000000002000000      2.2      248.0            0
  0x0000000004000000      5.3      258.2            0
  0x0000000008000000      2.6      268.1            0
  0x0000000010000000      2.9      251.5            0
  0x0000000020000000      2.0      206.3            0
  0x0000000040000000      3.6      314.4            0
  0x0000000080000000      3.1      270.3            0
  0x0000000100000000      3.3      241.6            0
  0x0000000200000000      2.4      282.4            0
  0x0000000400000000      3.1      220.7            0
  0x0000000800000000      2.3      249.1            0
  0x0000001000000000      2.4      239.5            0
  0x0000002000000000      2.5      234.1            0
  0x0000004000000000      3.3      241.9            0
  0x0000008000000000      2.5      227.5            0
  0x0000010000000000      2.4      272.0            0
  0x0000020000000000      2.6      252.3            0
  0x0000040000000000      2.2      270.2            0
  0x0000080000000000      2.7      261.4            0
  0x0000100000000000      6.4      279.3            0
  0x0000200000000000      3.2      274.7            0
  0x0000400000000000      2.6      246.8            0
  0x0000800000000000      2.5      259.5            0
  0x0001000000000000      2.9      274.2            0
  0x0002000000000000      2.3      257.8            0
  0x0004000000000000      2.3      223.2            0
  0x0008000000000000      3.2      240.8            0
  0x0010000000000000      2.5      245.7            0
  0x0020000000000000      2.5      240.9            0
  0x0040000000000000      2.5      312.2            0
  0x0080000000000000      3.1      267.1            0
  0x0100000000000000      2.9      244.2            0
  0x0200000000000000      2.3      258.4            0
  0x0400000000000000      7.6      271.1            0
  0x0800000000000000      2.2      241.0            0
  0x1000000000000000      2.8      284.3            0
  0x2000000000000000      6.5      253.2            0
  0x4000000000000000      2.9      261.3            0
  0x8000000000000000      2.4      241.4            0
  0x0000000000000003      3.1      247.1            0
  0x0000000000000005      2.8      280.2            0
  0x0000000000000009      2.2      249.9            0
  0x0000000000000011      2.2      216.4            0
  0x8000000000000001      2.4      245.8            0
  0x0000000100000001      2.9      282.8            0
  0xf0f0f0f0f0f0f0f0      2.1      211.3            0
  0xffffffffffffffff      2.2      248.1            0
  0x0000000030000000      2.6      258.4            0
  0x0000000300000000      2.8      293.4            0
  0x3000000000000000      2.5      266.1            0
  0x0000000050000000      3.2      264.2            0
  0x0000000500000000      2.6      223.4            0
  0x5000000000000000      2.3      239.1            0
  0x0000000000000006      3.4      255.9            0
  0x0000000060000000      4.5      323.1            0
  0x0000000600000000      4.2      236.0            0
  0x6000000000000000      2.5      263.8            0
  0x0000000000000007      3.1      264.0            0
  0x0000000070000000      2.6      239.3            0
  0x0000000700000000      2.2      260.6            0
  0x7000000000000000      2.1      287.5            0
  0x0000000090000000      2.1      234.7            0
  0x0000000900000000      2.7      257.2            0
  0x9000000000000000      4.1      317.2            0
  0x000000000000000a      2.6      277.0            0
  0x00000000a0000000      2.6      291.6            0
  0x0000000a00000000      2.6      270.4            0
  0xa000000000000000      2.5      267.0            0
  0x000000000000000b      2.7      240.9            0
  0x00000000b0000000      2.7      227.1            0
  0x0000000b00000000      3.5      280.2            0
  0xb000000000000000      2.5      299.1            0
  0x000000000000000c      2.6      296.3            0
  0x00000000c0000000      2.8      282.2            0
  0x0000000c00000000      2.6      252.8            0
  0xc000000000000000      2.4      289.4            0
  0x000000000000000d      3.5      257.2            0
  0x00000000d0000000      5.0      324.6            0
  0x0000000d00000000      2.9      229.6            0
  0xd000000000000000      2.2      245.8            0
  0x000000000000000e      1.9      225.4            0
  0x00000000e0000000      2.9      204.7            0
  0x0000000e00000000      2.4      264.9            0
  0xe000000000000000      3.0      205.6            0
  0x000000000000000f      3.4      239.9            0
  0x00000000f0000000      3.2      269.4            0
  0x0000000f00000000      3.5      259.0            0
  0xf000000000000000      2.3      278.7            0
PASS max_repeats=0 max|z|=7.6 (all 115 deltas)
