# key=123456789abcdef0 N=2^22 kill_repeats=10
# null E[repeats/delta] = 2^22 * 2^-64 = 2^-42
# delta                  max|z|  low8_chi2 full_repeats
  0x0000000000000400      2.9      230.5            0
  0x0000000004000000      2.9      230.4            0
  0x0000000000000001      4.2      281.9            0
  0x0000000000000002      2.6      273.6            0
  0x0000000000000004      2.7      222.3            0
  0x0000000000000008      2.5      277.5            0
  0x0000000000000010      2.4      241.9            0
  0x0000000000000020      2.3      242.6            0
  0x0000000000000040      2.9      250.8            0
  0x0000000000000080      2.6      303.5            0
  0x0000000000000100      2.8      282.7            0
  0x0000000000000200      3.2      233.0            0
  0x0000000000000400      2.9      230.5            0
  0x0000000000000800      2.3      247.6            0
  0x0000000000001000      4.0      287.8            0
  0x0000000000002000      2.5      206.2            0
  0x0000000000004000      3.2      244.1            0
  0x0000000000008000      3.0      287.7            0
  0x0000000000010000      2.3      224.6            0
  0x0000000000020000      2.6      254.7            0
  0x0000000000040000      2.2      278.6            0
  0x0000000000080000      2.5      244.7            0
  0x0000000000100000      2.7      300.3            0
  0x0000000000200000      2.8      276.2            0
  0x0000000000400000      2.1      263.9            0
  0x0000000000800000      2.2      276.4            0
  0x0000000001000000      2.1      288.0            0
  0x0000000002000000      2.6      258.2            0
  0x0000000004000000      2.9      230.4            0
  0x0000000008000000      2.8      283.7            0
  0x0000000010000000      2.1      218.7            0
  0x0000000020000000      6.1      284.9            0
  0x0000000040000000      2.1      252.7            0
  0x0000000080000000      4.3      245.6            0
  0x0000000100000000      2.7      286.3            0
  0x0000000200000000      4.0      261.5            0
  0x0000000400000000      3.0      293.0            0
  0x0000000800000000      2.5      252.5            0
  0x0000001000000000      2.1      242.6            0
  0x0000002000000000      5.8      286.2            0
  0x0000004000000000      5.1      284.7            0
  0x0000008000000000      3.6      261.8            0
  0x0000010000000000      3.1      224.1            0
  0x0000020000000000      2.8      236.5            0
  0x0000040000000000      3.0      237.7            0
  0x0000080000000000      2.1      274.3            0
  0x0000100000000000      3.4      252.2            0
  0x0000200000000000      3.2      276.6            0
  0x0000400000000000      2.9      272.9            0
  0x0000800000000000      4.2      228.8            0
  0x0001000000000000      2.5      267.8            0
  0x0002000000000000      2.2      249.5            0
  0x0004000000000000      2.3      260.1            0
  0x0008000000000000      2.4      236.0            0
  0x0010000000000000      1.9      274.0            0
  0x0020000000000000      3.1      258.2            0
  0x0040000000000000      1.8      270.1            0
  0x0080000000000000      2.0      234.2            0
  0x0100000000000000      2.2      273.6            0
  0x0200000000000000      3.8      259.0            0
  0x0400000000000000      2.5      261.8            0
  0x0800000000000000      2.6      240.1            0
  0x1000000000000000      2.9      258.2            0
  0x2000000000000000      2.9      244.0            0
  0x4000000000000000      2.6      264.3            0
  0x8000000000000000      2.0      226.9            0
  0x0000000000000003      3.1      270.0            0
  0x0000000000000005      2.5      276.4            0
  0x0000000000000009      2.2      269.8            0
  0x0000000000000011      3.4      248.4            0
  0x8000000000000001      2.8      263.8            0
  0x0000000100000001      3.6      261.6            0
  0xf0f0f0f0f0f0f0f0      2.5      274.7            0
  0xffffffffffffffff      2.1      226.2            0
  0x0000000030000000      2.6      245.1            0
  0x0000000300000000      3.6      266.5            0
  0x3000000000000000      2.4      243.8            0
  0x0000000050000000      3.5      255.9            0
  0x0000000500000000      3.1      232.9            0
  0x5000000000000000      3.0      262.8            0
  0x0000000000000006      2.5      205.2            0
  0x0000000060000000      2.5      259.1            0
  0x0000000600000000      3.9      189.3            0
  0x6000000000000000      2.0      252.4            0
  0x0000000000000007      3.2      283.1            0
  0x0000000070000000      2.1      253.8            0
  0x0000000700000000      2.1      236.8            0
  0x7000000000000000      2.0      224.5            0
  0x0000000090000000      2.7      291.1            0
  0x0000000900000000      2.9      225.8            0
  0x9000000000000000      2.1      238.4            0
  0x000000000000000a      2.1      242.3            0
  0x00000000a0000000      2.8      221.3            0
  0x0000000a00000000      2.4      249.0            0
  0xa000000000000000      2.3      253.3            0
  0x000000000000000b      2.4      261.5            0
  0x00000000b0000000      3.1      260.4            0
  0x0000000b00000000      2.2      285.2            0
  0xb000000000000000      2.8      256.4            0
  0x000000000000000c      2.8      252.9            0
  0x00000000c0000000      2.9      253.9            0
  0x0000000c00000000      2.5      237.8            0
  0xc000000000000000      3.7      230.4            0
  0x000000000000000d      2.1      250.4            0
  0x00000000d0000000      2.2      255.0            0
  0x0000000d00000000      2.5      253.3            0
  0xd000000000000000      2.7      266.8            0
  0x000000000000000e      2.5      242.6            0
  0x00000000e0000000      1.9      286.1            0
  0x0000000e00000000      2.7      261.7            0
  0xe000000000000000      3.4      316.7            0
  0x000000000000000f      2.7      289.1            0
  0x00000000f0000000      2.5      263.9            0
  0x0000000f00000000      2.7      302.9            0
  0xf000000000000000      2.8      258.6            0
PASS max_repeats=0 max|z|=6.1 (all 115 deltas)
