# key=123456789abcdef0 N=2^22 kill_repeats=10
# null E[repeats/delta] = 2^22 * 2^-64 = 2^-42
# delta                  max|z|  low8_chi2 full_repeats
  0x0000000000000400      2.3      233.1            0
  0x0000000004000000      2.4      246.1            0
  0x0000000000000001      2.9      270.4            0
  0x0000000000000002      2.8      282.6            0
  0x0000000000000004      2.7      210.8            0
  0x0000000000000008      2.2      300.6            0
  0x0000000000000010      2.1      253.6            0
  0x0000000000000020      3.0      233.2            0
  0x0000000000000040      2.0      216.2            0
  0x0000000000000080      2.0      240.3            0
  0x0000000000000100      2.8      267.2            0
  0x0000000000000200      2.1      235.6            0
  0x0000000000000400      2.3      233.1            0
  0x0000000000000800      2.2      272.0            0
  0x0000000000001000      3.6      269.4            0
  0x0000000000002000      3.6      268.9            0
  0x0000000000004000      3.1      283.8            0
  0x0000000000008000      3.0      274.8            0
  0x0000000000010000      2.4      217.8            0
  0x0000000000020000      2.3      279.9            0
  0x0000000000040000      2.6      211.2            0
  0x0000000000080000      2.8      239.7            0
  0x0000000000100000      2.3      241.5            0
  0x0000000000200000      2.5      256.8            0
  0x0000000000400000      2.8      267.7            0
  0x0000000000800000      2.4      278.8            0
  0x0000000001000000      2.9      247.3            0
  0x0000000002000000      2.7      270.0            0
  0x0000000004000000      2.4      246.1            0
  0x0000000008000000      2.6      273.6            0
  0x0000000010000000      2.2      268.3            0
  0x0000000020000000      2.5      301.6            0
  0x0000000040000000      2.6      250.2            0
  0x0000000080000000      2.7      206.8            0
  0x0000000100000000      3.9      242.1            0
  0x0000000200000000      2.0      244.4            0
  0x0000000400000000      2.6      212.5            0
  0x0000000800000000      1.9      252.3            0
  0x0000001000000000      3.4      297.3            0
  0x0000002000000000      3.1      271.7            0
  0x0000004000000000      2.4      231.3            0
  0x0000008000000000      2.8      255.8            0
  0x0000010000000000      2.7      250.8            0
  0x0000020000000000      2.4      235.0            0
  0x0000040000000000      2.7      271.2            0
  0x0000080000000000      1.8      259.6            0
  0x0000100000000000      2.6      264.2            0
  0x0000200000000000      3.0      251.7            0
  0x0000400000000000      2.4      274.1            0
  0x0000800000000000      2.2      226.6            0
  0x0001000000000000      2.8      283.3            0
  0x0002000000000000      2.6      213.6            0
  0x0004000000000000      3.2      262.0            0
  0x0008000000000000      2.6      259.7            0
  0x0010000000000000      2.7      257.3            0
  0x0020000000000000      2.4      235.7            0
  0x0040000000000000      3.0      276.9            0
  0x0080000000000000      2.9      221.2            0
  0x0100000000000000      2.4      257.1            0
  0x0200000000000000      2.7      244.9            0
  0x0400000000000000      1.9      243.5            0
  0x0800000000000000      2.4      235.0            0
  0x1000000000000000      2.4      267.2            0
  0x2000000000000000      2.2      275.8            0
  0x4000000000000000      3.3      304.3            0
  0x8000000000000000      2.3      261.0            0
  0x0000000000000003      2.5      283.6            0
  0x0000000000000005      2.2      270.9            0
  0x0000000000000009      3.0      267.7            0
  0x0000000000000011      2.4      206.5            0
  0x8000000000000001      2.4      245.5            0
  0x0000000100000001      2.3      253.6            0
  0xf0f0f0f0f0f0f0f0      2.1      274.2            0
  0xffffffffffffffff   2048.0 1069547520.0      4194303
KILL delta=0xffffffffffffffff repeats=4194303 > kill_repeats=10
