# key=123456789abcdef0 N=2^22 kill_repeats=10
# null E[repeats/delta] = 2^22 * 2^-64 = 2^-42
# delta                  max|z|  low8_chi2 full_repeats
  0x0000000000000400      2.4      252.5            0
  0x0000000004000000      8.1      315.1            0
  0x0000000000000001      2.7      275.9            0
  0x0000000000000002      2.7      265.1            0
  0x0000000000000004      2.3      224.6            0
  0x0000000000000008      2.6      197.6            0
  0x0000000000000010      3.8      281.4            0
  0x0000000000000020      2.7      304.3            0
  0x0000000000000040      2.3      292.1            0
  0x0000000000000080      3.9      287.0            0
  0x0000000000000100      3.2      249.8            0
  0x0000000000000200      2.8      260.1            0
  0x0000000000000400      2.4      252.5            0
  0x0000000000000800      3.0      251.4            0
  0x0000000000001000      2.9      262.7            0
  0x0000000000002000      2.6      253.4            0
  0x0000000000004000      2.3      252.4            0
  0x0000000000008000      1.8      230.7            0
  0x0000000000010000      3.0      203.2            0
  0x0000000000020000      2.7      272.1            0
  0x0000000000040000      2.4      246.2            0
  0x0000000000080000      3.0      273.9            0
  0x0000000000100000      4.4      288.8            0
  0x0000000000200000      2.8      259.4            0
  0x0000000000400000      2.4      265.3            0
  0x0000000000800000      2.3      285.4            0
  0x0000000001000000      9.0      416.7            0
  0x0000000002000000      3.2      231.3            0
  0x0000000004000000      8.1      315.1            0
  0x0000000008000000      2.7      243.9            0
  0x0000000010000000      2.1      268.1            0
  0x0000000020000000      6.7      297.2            0
  0x0000000040000000      2.0      237.3            0
  0x0000000080000000      3.4      276.5            0
  0x0000000100000000      2.7      267.8            0
  0x0000000200000000     15.5      375.7            0
  0x0000000400000000      2.4      323.2            0
  0x0000000800000000      3.0      265.9            0
  0x0000001000000000      2.4      232.5            0
  0x0000002000000000      4.3      255.9            0
  0x0000004000000000      2.6      256.2            0
  0x0000008000000000      2.3      236.4            0
  0x0000010000000000      2.9      259.6            0
  0x0000020000000000      2.6      306.9            0
  0x0000040000000000      2.9      251.2            0
  0x0000080000000000      2.2      263.1            0
  0x0000100000000000      7.4      261.5            0
  0x0000200000000000      2.7      237.6            0
  0x0000400000000000      2.3      302.7            0
  0x0000800000000000      3.6      231.2            0
  0x0001000000000000     11.7      368.2            0
  0x0002000000000000      2.4      241.8            0
  0x0004000000000000      2.1      229.1            0
  0x0008000000000000      2.7      255.4            0
  0x0010000000000000      1.7      277.9            0
  0x0020000000000000      2.5      297.4            0
  0x0040000000000000      2.2      238.0            0
  0x0080000000000000      5.1      272.3            0
  0x0100000000000000      8.6      274.2            0
  0x0200000000000000      2.5      225.6            0
  0x0400000000000000     15.0      277.7            0
  0x0800000000000000      2.8      256.1            0
  0x1000000000000000      2.9      268.9            0
  0x2000000000000000      8.8      218.3            0
  0x4000000000000000      1.9      273.6            0
  0x8000000000000000      2.6      243.5            0
  0x0000000000000003      2.3      282.2            0
  0x0000000000000005      2.6      247.7            0
  0x0000000000000009      2.3      252.3            0
  0x0000000000000011      3.2      264.5            0
  0x8000000000000001      2.9      266.7            0
  0x0000000100000001      2.8      240.0            0
  0xf0f0f0f0f0f0f0f0      2.6      256.0            0
  0xffffffffffffffff      2.0      230.7            0
  0x0000000030000000      3.1      289.9            0
  0x0000000300000000      2.9      255.5            0
  0x3000000000000000      2.4      266.8            0
  0x0000000050000000      2.8      253.1            0
  0x0000000500000000      2.5      289.9            0
  0x5000000000000000      3.8      243.9            0
  0x0000000000000006      2.8      261.7            0
  0x0000000060000000      7.9      331.7            0
  0x0000000600000000      4.4      215.9            0
  0x6000000000000000      2.4      277.1            0
  0x0000000000000007      2.6      300.6            0
  0x0000000070000000      2.5      282.8            0
  0x0000000700000000      3.2      258.5            0
  0x7000000000000000      2.4      234.0            0
  0x0000000090000000      2.3      225.8            0
  0x0000000900000000      3.2      249.8            0
  0x9000000000000000      2.4      250.4            0
  0x000000000000000a      2.7      262.1            0
  0x00000000a0000000      2.4      240.9            0
  0x0000000a00000000      2.1      277.5            0
  0xa000000000000000     13.5      382.2            0
  0x000000000000000b      2.2      241.7            0
  0x00000000b0000000      2.0      283.4            0
  0x0000000b00000000      2.2      281.0            0
  0xb000000000000000      2.3      220.8            0
  0x000000000000000c      2.9      255.4            0
  0x00000000c0000000      3.2      266.3            0
  0x0000000c00000000      2.3      233.1            0
  0xc000000000000000      2.9      281.9            0
  0x000000000000000d      2.6      279.1            0
  0x00000000d0000000      2.3      249.0            0
  0x0000000d00000000      2.9      260.9            0
  0xd000000000000000      3.2      228.8            0
  0x000000000000000e      2.5      250.6            0
  0x00000000e0000000      2.4      262.7            0
  0x0000000e00000000      3.1      345.3            0
  0xe000000000000000      2.6      277.4            0
  0x000000000000000f      2.6      249.2            0
  0x00000000f0000000      2.8      269.2            0
  0x0000000f00000000      2.6      252.7            0
  0xf000000000000000      2.6      250.3            0
PASS max_repeats=0 max|z|=15.5 (all 115 deltas)
