# key=123456789abcdef0 N=2^22 kill_repeats=10
# null E[repeats/delta] = 2^22 * 2^-64 = 2^-42
# delta                  max|z|  low8_chi2 full_repeats
  0x0000000000000400      2.4      263.3            0
  0x0000000004000000      2.5      246.9            0
  0x0000000000000001      2.4      225.3            0
  0x0000000000000002      2.5      259.4            0
  0x0000000000000004      2.7      233.3            0
  0x0000000000000008      3.0      246.8            0
  0x0000000000000010      3.1      255.3            0
  0x0000000000000020      2.3      251.4            0
  0x0000000000000040      2.6      275.3            0
  0x0000000000000080      2.7      245.5            0
  0x0000000000000100      3.0      269.3            0
  0x0000000000000200      2.4      252.8            0
  0x0000000000000400      2.4      263.3            0
  0x0000000000000800      3.3      223.5            0
  0x0000000000001000      2.6      239.1            0
  0x0000000000002000      2.8      265.8            0
  0x0000000000004000      2.7      232.9            0
  0x0000000000008000      3.6      252.3            0
  0x0000000000010000      2.4      256.7            0
  0x0000000000020000      2.8      219.8            0
  0x0000000000040000      2.6      236.7            0
  0x0000000000080000      1.9      293.7            0
  0x0000000000100000      2.6      279.7            0
  0x0000000000200000      2.1      277.4            0
  0x0000000000400000      2.4      292.5            0
  0x0000000000800000      3.0      246.4            0
  0x0000000001000000      2.9      239.2            0
  0x0000000002000000      2.6      328.8            0
  0x0000000004000000      2.5      246.9            0
  0x0000000008000000      2.6      248.7            0
  0x0000000010000000      2.2      295.2            0
  0x0000000020000000      3.0      263.1            0
  0x0000000040000000      2.0      265.0            0
  0x0000000080000000      3.3      275.1            0
  0x0000000100000000      2.5      293.7            0
  0x0000000200000000      3.7      267.2            0
  0x0000000400000000      3.0      258.2            0
  0x0000000800000000      4.3      278.5            0
  0x0000001000000000      2.4      242.3            0
  0x0000002000000000      3.0      273.9            0
  0x0000004000000000      3.5      217.5            0
  0x0000008000000000      2.9      270.9            0
  0x0000010000000000      2.5      237.1            0
  0x0000020000000000      2.8      259.7            0
  0x0000040000000000      2.9      312.1            0
  0x0000080000000000      2.8      279.1            0
  0x0000100000000000      3.3      257.7            0
  0x0000200000000000      3.0      245.6            0
  0x0000400000000000      3.2      270.8            0
  0x0000800000000000      2.1      277.6            0
  0x0001000000000000      2.4      257.5            0
  0x0002000000000000      2.0      254.2            0
  0x0004000000000000      2.4      249.1            0
  0x0008000000000000      2.6      265.5            0
  0x0010000000000000      2.4      274.6            0
  0x0020000000000000      2.8      230.4            0
  0x0040000000000000      3.1      260.2            0
  0x0080000000000000      2.7      247.0            0
  0x0100000000000000      2.6      282.7            0
  0x0200000000000000      3.7      238.9            0
  0x0400000000000000      2.5      238.8            0
  0x0800000000000000      3.5      262.6            0
  0x1000000000000000      2.0      223.5            0
  0x2000000000000000      3.2      242.7            0
  0x4000000000000000      2.3      220.7            0
  0x8000000000000000      2.8      278.5            0
  0x0000000000000003      2.8      242.0            0
  0x0000000000000005      3.1      235.3            0
  0x0000000000000009      2.7      279.6            0
  0x0000000000000011      2.3      244.0            0
  0x8000000000000001      2.6      222.7            0
  0x0000000100000001      3.1      238.5            0
  0xf0f0f0f0f0f0f0f0      3.4      257.8            0
  0xffffffffffffffff      2.3      259.3            0
  0x0000000030000000      2.3      235.7            0
  0x0000000300000000      3.0      282.2            0
  0x3000000000000000      3.2      267.1            0
  0x0000000050000000      2.4      217.1            0
  0x0000000500000000      2.7      296.7            0
  0x5000000000000000      2.6      277.8            0
  0x0000000000000006      2.9      226.0            0
  0x0000000060000000      2.2      257.2            0
  0x0000000600000000      2.7      233.6            0
  0x6000000000000000      1.8      233.8            0
  0x0000000000000007      2.5      220.2            0
  0x0000000070000000      4.1      246.2            0
  0x0000000700000000      2.4      276.0            0
  0x7000000000000000      2.5      251.2            0
  0x0000000090000000      2.3      218.5            0
  0x0000000900000000      2.8      229.1            0
  0x9000000000000000      2.2      264.8            0
  0x000000000000000a      2.9      295.6            0
  0x00000000a0000000      2.5      236.2            0
  0x0000000a00000000      3.1      245.6            0
  0xa000000000000000      3.1      275.5            0
  0x000000000000000b      3.2      279.9            0
  0x00000000b0000000      2.4      227.0            0
  0x0000000b00000000      3.0      230.9            0
  0xb000000000000000      1.9      231.5            0
  0x000000000000000c      2.9      212.3            0
  0x00000000c0000000      2.6      239.3            0
  0x0000000c00000000      2.4      229.9            0
  0xc000000000000000      2.9      241.4            0
  0x000000000000000d      2.8      272.8            0
  0x00000000d0000000      2.6      278.4            0
  0x0000000d00000000      2.8      236.3            0
  0xd000000000000000      2.3      194.4            0
  0x000000000000000e      2.5      262.9            0
  0x00000000e0000000      2.6      258.6            0
  0x0000000e00000000      3.2      216.8            0
  0xe000000000000000      1.9      262.5            0
  0x000000000000000f      4.3      270.7            0
  0x00000000f0000000      2.1      228.0            0
  0x0000000f00000000      2.5      222.1            0
  0xf000000000000000      2.3      289.6            0
PASS max_repeats=0 max|z|=4.3 (all 115 deltas)
