# key=123456789abcdef0 N=2^22 kill_repeats=10
# null E[repeats/delta] = 2^22 * 2^-64 = 2^-42
# delta                  max|z|  low8_chi2 full_repeats
  0x0000000000000400      2.7      292.1            0
  0x0000000004000000      3.2      270.4            0
  0x0000000000000001      2.0      281.5            0
  0x0000000000000002      2.9      256.1            0
  0x0000000000000004      2.6      255.4            0
  0x0000000000000008      2.1      245.6            0
  0x0000000000000010      2.3      238.7            0
  0x0000000000000020      2.4      296.4            0
  0x0000000000000040      2.7      287.7            0
  0x0000000000000080      3.6      248.1            0
  0x0000000000000100      2.9      262.0            0
  0x0000000000000200      2.9      240.7            0
  0x0000000000000400      2.7      292.1            0
  0x0000000000000800      2.2      264.4            0
  0x0000000000001000      2.4      259.8            0
  0x0000000000002000      3.4      234.0            0
  0x0000000000004000      2.4      243.2            0
  0x0000000000008000      2.3      253.1            0
  0x0000000000010000      2.6      269.3            0
  0x0000000000020000      2.9      246.5            0
  0x0000000000040000      3.4      261.3            0
  0x0000000000080000      2.8      228.0            0
  0x0000000000100000      2.8      241.2            0
  0x0000000000200000      2.5      258.4            0
  0x0000000000400000      2.8      258.5            0
  0x0000000000800000      1.9      218.5            0
  0x0000000001000000      2.7      223.5            0
  0x0000000002000000      2.8      223.7            0
  0x0000000004000000      3.2      270.4            0
  0x0000000008000000      2.3      276.6            0
  0x0000000010000000      2.0      296.3            0
  0x0000000020000000      2.8      271.6            0
  0x0000000040000000      2.5      263.3            0
  0x0000000080000000      2.3      255.6            0
  0x0000000100000000      2.8      294.1            0
  0x0000000200000000      2.9      210.6            0
  0x0000000400000000      1.9      269.8            0
  0x0000000800000000      2.0      251.9            0
  0x0000001000000000      2.9      231.1            0
  0x0000002000000000      3.2      256.7            0
  0x0000004000000000      2.6      251.3            0
  0x0000008000000000      2.9      249.7            0
  0x0000010000000000      2.9      268.1            0
  0x0000020000000000      2.0      259.5            0
  0x0000040000000000      2.9      292.5            0
  0x0000080000000000      2.9      276.2            0
  0x0000100000000000      3.1      246.6            0
  0x0000200000000000      2.6      259.5            0
  0x0000400000000000      2.9      284.5            0
  0x0000800000000000      2.4      266.2            0
  0x0001000000000000      2.6      296.0            0
  0x0002000000000000      2.1      219.6            0
  0x0004000000000000      2.0      234.1            0
  0x0008000000000000      2.8      264.1            0
  0x0010000000000000      1.8      223.4            0
  0x0020000000000000      2.1      275.7            0
  0x0040000000000000      2.3      232.7            0
  0x0080000000000000      2.6      247.2            0
  0x0100000000000000      2.6      299.7            0
  0x0200000000000000      2.6      272.0            0
  0x0400000000000000      2.4      263.8            0
  0x0800000000000000      2.3      226.7            0
  0x1000000000000000      2.2      243.0            0
  0x2000000000000000      2.4      264.6            0
  0x4000000000000000      2.2      259.2            0
  0x8000000000000000      2.4      270.3            0
  0x0000000000000003      2.3      209.6            0
  0x0000000000000005      2.7      267.3            0
  0x0000000000000009      2.0      270.2            0
  0x0000000000000011      3.3      238.8            0
  0x8000000000000001      2.6      224.1            0
  0x0000000100000001      1.9      244.0            0
  0xf0f0f0f0f0f0f0f0      2.1      242.6            0
  0xffffffffffffffff      1.9      238.0            0
  0x0000000030000000      2.2      269.0            0
  0x0000000300000000      1.9      287.1            0
  0x3000000000000000      2.7      255.2            0
  0x0000000050000000      2.9      263.7            0
  0x0000000500000000      2.4      236.1            0
  0x5000000000000000      3.0      243.8            0
  0x0000000000000006      2.6      242.2            0
  0x0000000060000000      2.5      234.1            0
  0x0000000600000000      2.7      267.9            0
  0x6000000000000000      2.5      261.4            0
  0x0000000000000007      3.1      281.2            0
  0x0000000070000000      2.6      254.1            0
  0x0000000700000000      3.2      230.9            0
  0x7000000000000000      2.3      236.6            0
  0x0000000090000000      2.2      294.3            0
  0x0000000900000000      3.6      245.0            0
  0x9000000000000000      2.5      264.9            0
  0x000000000000000a      3.3      241.1            0
  0x00000000a0000000      2.7      236.1            0
  0x0000000a00000000      3.3      242.6            0
  0xa000000000000000      2.3      260.4            0
  0x000000000000000b      2.1      236.8            0
  0x00000000b0000000      2.8      281.3            0
  0x0000000b00000000      1.9      271.5            0
  0xb000000000000000      2.2      240.3            0
  0x000000000000000c      2.4      254.0            0
  0x00000000c0000000      3.4      221.6            0
  0x0000000c00000000      2.7      225.9            0
  0xc000000000000000      2.1      285.8            0
  0x000000000000000d      2.3      250.8            0
  0x00000000d0000000      2.2      280.5            0
  0x0000000d00000000      1.9      265.7            0
  0xd000000000000000      2.4      288.3            0
  0x000000000000000e      2.8      276.8            0
  0x00000000e0000000      2.1      254.5            0
  0x0000000e00000000      3.0      236.2            0
  0xe000000000000000      3.0      214.3            0
  0x000000000000000f      1.7      223.3            0
  0x00000000f0000000      2.8      291.6            0
  0x0000000f00000000      2.5      260.3            0
  0xf000000000000000      2.8      232.2            0
PASS max_repeats=0 max|z|=3.6 (all 115 deltas)
