# key=123456789abcdef0 N=2^22 kill_repeats=10
# null E[repeats/delta] = 2^22 * 2^-64 = 2^-42
# delta                  max|z|  low8_chi2 full_repeats
  0x0000000000000400      2.4      268.9            0
  0x0000000004000000      5.2      314.0            0
  0x0000000000000001      3.2      273.0            0
  0x0000000000000002      5.8      233.6            0
  0x0000000000000004      3.4      283.7            0
  0x0000000000000008      3.5      268.4            0
  0x0000000000000010      2.7      272.0            0
  0x0000000000000020      2.6      223.8            0
  0x0000000000000040      2.6      243.4            0
  0x0000000000000080      2.3      213.1            0
  0x0000000000000100      2.0      262.5            0
  0x0000000000000200      3.7      255.8            0
  0x0000000000000400      2.4      268.9            0
  0x0000000000000800      2.0      218.6            0
  0x0000000000001000      3.6      268.4            0
  0x0000000000002000      3.0      277.3            0
  0x0000000000004000      3.5      272.0            0
  0x0000000000008000      2.0      264.8            0
  0x0000000000010000      2.7      246.7            0
  0x0000000000020000      2.8      252.8            0
  0x0000000000040000      3.4      267.1            0
  0x0000000000080000      2.5      293.4            0
  0x0000000000100000      3.4      297.9            0
  0x0000000000200000      3.7      230.2            0
  0x0000000000400000      2.5      287.5            0
  0x0000000000800000      2.3      259.7            0
  0x0000000001000000      6.4      237.9            0
  0x0000000002000000      2.9      249.0            0
  0x0000000004000000      5.2      314.0            0
  0x0000000008000000      2.3      245.3            0
  0x0000000010000000      2.8      230.0            0
  0x0000000020000000      3.1      251.8            0
  0x0000000040000000      3.1      271.8            0
  0x0000000080000000      3.1      253.4            0
  0x0000000100000000      2.1      271.5            0
  0x0000000200000000      2.5      256.1            0
  0x0000000400000000      2.6      283.9            0
  0x0000000800000000      2.3      274.5            0
  0x0000001000000000      2.3      239.8            0
  0x0000002000000000      2.4      237.2            0
  0x0000004000000000      3.5      268.9            0
  0x0000008000000000      2.0      279.1            0
  0x0000010000000000      2.1      252.5            0
  0x0000020000000000      3.1      270.0            0
  0x0000040000000000      2.7      212.3            0
  0x0000080000000000      2.7      253.1            0
  0x0000100000000000      7.7      282.7            0
  0x0000200000000000      2.4      289.0            0
  0x0000400000000000      2.1      215.7            0
  0x0000800000000000      2.2      250.8            0
  0x0001000000000000      5.5      280.7            0
  0x0002000000000000      2.9      256.1            0
  0x0004000000000000      3.2      233.9            0
  0x0008000000000000      2.3      262.1            0
  0x0010000000000000      2.9      258.8            0
  0x0020000000000000      4.4      266.3            0
  0x0040000000000000      4.3      266.3            0
  0x0080000000000000      2.9      246.9            0
  0x0100000000000000      7.4      250.5            0
  0x0200000000000000      3.2      246.1            0
  0x0400000000000000      4.8      242.7            0
  0x0800000000000000      2.2      276.3            0
  0x1000000000000000      2.3      221.6            0
  0x2000000000000000     12.1      276.6            0
  0x4000000000000000      3.2      228.7            0
  0x8000000000000000      2.4      232.1            0
  0x0000000000000003      3.4      247.7            0
  0x0000000000000005      2.5      243.3            0
  0x0000000000000009      3.0      274.2            0
  0x0000000000000011      2.2      287.0            0
  0x8000000000000001      1.9      279.3            0
  0x0000000100000001      3.5      228.8            0
  0xf0f0f0f0f0f0f0f0      2.2      282.9            0
  0xffffffffffffffff      2.4      246.9            0
  0x0000000030000000     13.2      378.3            0
  0x0000000300000000      7.6      253.9            0
  0x3000000000000000      2.2      241.6            0
  0x0000000050000000      5.5      299.1            0
  0x0000000500000000      4.3      283.0            0
  0x5000000000000000      3.0      270.0            0
  0x0000000000000006      3.0      286.2            0
  0x0000000060000000      2.4      269.0            0
  0x0000000600000000      2.0      290.8            0
  0x6000000000000000      2.4      230.7            0
  0x0000000000000007      2.9      264.6            0
  0x0000000070000000      2.9      300.4            0
  0x0000000700000000      2.6      247.5            0
  0x7000000000000000      3.1      259.4            0
  0x0000000090000000      2.4      272.8            0
  0x0000000900000000      3.0      263.8            0
  0x9000000000000000      2.5      253.1            0
  0x000000000000000a      2.8      255.7            0
  0x00000000a0000000      3.9      221.7            0
  0x0000000a00000000      3.1      238.6            0
  0xa000000000000000      2.6      251.3            0
  0x000000000000000b      2.7      240.5            0
  0x00000000b0000000      2.8      266.3            0
  0x0000000b00000000      3.1      266.5            0
  0xb000000000000000      7.5      259.7            0
  0x000000000000000c      2.9      254.9            0
  0x00000000c0000000      2.1      279.6            0
  0x0000000c00000000      2.5      289.9            0
  0xc000000000000000      2.2      287.7            0
  0x000000000000000d      2.5      262.1            0
  0x00000000d0000000      2.4      246.0            0
  0x0000000d00000000      2.0      275.6            0
  0xd000000000000000      3.0      260.0            0
  0x000000000000000e      2.8      263.3            0
  0x00000000e0000000      2.7      289.0            0
  0x0000000e00000000      3.6      266.9            0
  0xe000000000000000      2.0      254.8            0
  0x000000000000000f      4.2      241.5            0
  0x00000000f0000000      2.3      247.8            0
  0x0000000f00000000      2.3      230.8            0
  0xf000000000000000      2.3      234.3            0
PASS max_repeats=0 max|z|=13.2 (all 115 deltas)
