# key=123456789abcdef0 N=2^22 kill_repeats=10
# null E[repeats/delta] = 2^22 * 2^-64 = 2^-42
# delta                  max|z|  low8_chi2 full_repeats
  0x0000000000000400      3.0      291.3            0
  0x0000000004000000      2.1      246.2            0
  0x0000000000000001      3.1      244.2            0
  0x0000000000000002      2.6      214.8            0
  0x0000000000000004      2.1      223.6            0
  0x0000000000000008      3.1      232.6            0
  0x0000000000000010      3.1      224.0            0
  0x0000000000000020      1.6      257.5            0
  0x0000000000000040      2.4      289.5            0
  0x0000000000000080      2.4      256.1            0
  0x0000000000000100      2.6      233.5            0
  0x0000000000000200      2.6      226.4            0
  0x0000000000000400      3.0      291.3            0
  0x0000000000000800      3.4      257.1            0
  0x0000000000001000      2.6      270.0            0
  0x0000000000002000      2.7      257.1            0
  0x0000000000004000      3.2      243.6            0
  0x0000000000008000      1.9      284.8            0
  0x0000000000010000      2.6      249.8            0
  0x0000000000020000      2.4      273.7            0
  0x0000000000040000      2.2      281.0            0
  0x0000000000080000      2.4      266.0            0
  0x0000000000100000      2.9      247.7            0
  0x0000000000200000      2.5      271.3            0
  0x0000000000400000      2.6      242.5            0
  0x0000000000800000      3.1      267.3            0
  0x0000000001000000      2.5      240.6            0
  0x0000000002000000      3.2      236.6            0
  0x0000000004000000      2.1      246.2            0
  0x0000000008000000      3.1      294.6            0
  0x0000000010000000      3.3      248.7            0
  0x0000000020000000      4.6      232.2            0
  0x0000000040000000      3.5      285.3            0
  0x0000000080000000      2.0      241.1            0
  0x0000000100000000      2.0      241.0            0
  0x0000000200000000      3.3      225.8            0
  0x0000000400000000      2.3      246.2            0
  0x0000000800000000      2.3      229.7            0
  0x0000001000000000      3.0      255.5            0
  0x0000002000000000      2.9      263.6            0
  0x0000004000000000      2.8      252.4            0
  0x0000008000000000      2.7      282.8            0
  0x0000010000000000      2.6      207.1            0
  0x0000020000000000      2.3      259.2            0
  0x0000040000000000      2.7      285.6            0
  0x0000080000000000      1.9      257.2            0
  0x0000100000000000      2.8      269.5            0
  0x0000200000000000      1.8      238.2            0
  0x0000400000000000      2.9      282.4            0
  0x0000800000000000      3.4      228.0            0
  0x0001000000000000      3.3      255.5            0
  0x0002000000000000      2.4      228.8            0
  0x0004000000000000      3.0      249.5            0
  0x0008000000000000      2.1      245.5            0
  0x0010000000000000      2.5      275.7            0
  0x0020000000000000      3.5      357.2            0
  0x0040000000000000     10.0      285.5            0
  0x0080000000000000      2.7      293.0            0
  0x0100000000000000      2.2      241.5            0
  0x0200000000000000      2.4      242.5            0
  0x0400000000000000      2.4      233.0            0
  0x0800000000000000      2.0      232.5            0
  0x1000000000000000      6.0      311.1            0
  0x2000000000000000      3.7      257.8            0
  0x4000000000000000      2.3      280.5            0
  0x8000000000000000      2.3      252.1            0
  0x0000000000000003      3.7      278.0            0
  0x0000000000000005      2.8      272.6            0
  0x0000000000000009      2.5      209.6            0
  0x0000000000000011      2.6      298.7            0
  0x8000000000000001      2.4      231.5            0
  0x0000000100000001      3.0      244.5            0
  0xf0f0f0f0f0f0f0f0      2.8      252.8            0
  0xffffffffffffffff      2.4      202.2            0
  0x0000000030000000      2.9      244.1            0
  0x0000000300000000      3.3      261.0            0
  0x3000000000000000      2.7      248.6            0
  0x0000000050000000      2.2      267.1            0
  0x0000000500000000      3.0      294.2            0
  0x5000000000000000      3.1      244.9            0
  0x0000000000000006      2.4      254.7            0
  0x0000000060000000      3.1      293.4            0
  0x0000000600000000      2.5      278.9            0
  0x6000000000000000      2.3      219.3            0
  0x0000000000000007      3.1      205.3            0
  0x0000000070000000      2.6      283.1            0
  0x0000000700000000      2.3      295.3            0
  0x7000000000000000      2.7      251.4            0
  0x0000000090000000      2.2      238.9            0
  0x0000000900000000      2.6      267.1            0
  0x9000000000000000      2.6      260.5            0
  0x000000000000000a      3.3      266.8            0
  0x00000000a0000000      9.0      345.0            0
  0x0000000a00000000      9.0      311.7            0
  0xa000000000000000      2.0      244.2            0
  0x000000000000000b      2.2      247.8            0
  0x00000000b0000000      5.3      279.5            1
  0x0000000b00000000      4.4      246.3            1
  0xb000000000000000      2.4      241.3            0
  0x000000000000000c      2.3      258.3            0
  0x00000000c0000000      3.2      264.4            0
  0x0000000c00000000      3.1      268.8            0
  0xc000000000000000      2.8      230.4            0
  0x000000000000000d      2.7      246.7            0
  0x00000000d0000000      3.1      266.8            0
  0x0000000d00000000      3.3      304.9            0
  0xd000000000000000     13.1      321.3            0
  0x000000000000000e      3.3      230.0            0
  0x00000000e0000000      2.3      247.4            0
  0x0000000e00000000      2.8      283.5            0
  0xe000000000000000      2.4      264.5            0
  0x000000000000000f      2.3      249.5            0
  0x00000000f0000000      2.9      229.3            0
  0x0000000f00000000      2.1      239.1            0
  0xf000000000000000      2.2      215.1            0
PASS max_repeats=1 max|z|=13.1 (all 115 deltas)
