# key=123456789abcdef0 N=2^22 kill_repeats=10
# null E[repeats/delta] = 2^22 * 2^-64 = 2^-42
# delta                  max|z|  low8_chi2 full_repeats
  0x0000000000000400      3.0      258.9            0
  0x0000000004000000     16.7      439.3            0
  0x0000000000000001      3.9      243.0            0
  0x0000000000000002      3.2      253.6            0
  0x0000000000000004      3.1      234.2            0
  0x0000000000000008      3.1      248.8            0
  0x0000000000000010      2.8      292.6            0
  0x0000000000000020      3.5      257.5            0
  0x0000000000000040      4.7      238.5            0
  0x0000000000000080      2.9      253.6            0
  0x0000000000000100      3.1      288.0            0
  0x0000000000000200      2.3      262.6            0
  0x0000000000000400      3.0      258.9            0
  0x0000000000000800      2.9      249.9            0
  0x0000000000001000      3.3      248.3            0
  0x0000000000002000      2.8      264.0            0
  0x0000000000004000      2.4      237.3            0
  0x0000000000008000      2.7      269.9            0
  0x0000000000010000      3.3      277.7            0
  0x0000000000020000      2.6      257.5            0
  0x0000000000040000      3.3      246.7            0
  0x0000000000080000      2.4      282.2            0
  0x0000000000100000      2.8      243.3            0
  0x0000000000200000      3.2      262.8            0
  0x0000000000400000      3.9      308.1            0
  0x0000000000800000      5.1      295.4            0
  0x0000000001000000      7.6      261.0            0
  0x0000000002000000      3.5      259.6            0
  0x0000000004000000     16.7      439.3            0
  0x0000000008000000      2.3      246.5            0
  0x0000000010000000     15.6      556.8            0
  0x0000000020000000      2.7      234.5            0
  0x0000000040000000     13.4      343.2            0
  0x0000000080000000      3.3      252.5            0
  0x0000000100000000     13.7      289.0            0
  0x0000000200000000      2.7      277.3            0
  0x0000000400000000     10.3      262.2            0
  0x0000000800000000      2.1      247.9            0
  0x0000001000000000     14.2      308.3            0
  0x0000002000000000      2.8      245.4            0
  0x0000004000000000      6.3      260.5            0
  0x0000008000000000      2.1      258.5            0
  0x0000010000000000      2.6      288.7            0
  0x0000020000000000      7.4      312.4            0
  0x0000040000000000     16.5      346.9            0
  0x0000080000000000      2.8      272.5            0
  0x0000100000000000      3.8      262.3            0
  0x0000200000000000      2.0      272.2            0
  0x0000400000000000      2.2      285.4            0
  0x0000800000000000      2.3      195.8            0
  0x0001000000000000      3.6      272.7            0
  0x0002000000000000      7.4      269.8            0
  0x0004000000000000      2.2      247.2            0
  0x0008000000000000      2.9      275.2            0
  0x0010000000000000     11.2      322.0            0
  0x0020000000000000      2.3      267.2            0
  0x0040000000000000      2.4      209.2            0
  0x0080000000000000      2.4      253.1            0
  0x0100000000000000      9.8      277.5            0
  0x0200000000000000      3.7      252.2            0
  0x0400000000000000     18.9      393.4            0
  0x0800000000000000      2.6      238.7            0
  0x1000000000000000      5.7      299.0            0
  0x2000000000000000      7.7      340.2            0
  0x4000000000000000      2.6      283.5            0
  0x8000000000000000     12.8      355.4            0
  0x0000000000000003      2.8      289.8            0
  0x0000000000000005      3.3      255.4            0
  0x0000000000000009      2.9      247.2            0
  0x0000000000000011      2.2      266.3            0
  0x8000000000000001      3.4      248.0            0
  0x0000000100000001      2.3      268.3            0
  0xf0f0f0f0f0f0f0f0      3.3      258.3            0
  0xffffffffffffffff      2.3      225.0            0
  0x0000000030000000      2.7      243.8            0
  0x0000000300000000      1.8      265.7            0
  0x3000000000000000      2.6      256.2            0
  0x0000000050000000      2.7      244.1            0
  0x0000000500000000      2.7      245.2            0
  0x5000000000000000      2.1      241.4            0
  0x0000000000000006      2.5      298.1            0
  0x0000000060000000      2.3      263.8            0
  0x0000000600000000      3.6      248.4            0
  0x6000000000000000      2.3      248.4            0
  0x0000000000000007      2.8      263.7            0
  0x0000000070000000      3.1      244.0            0
  0x0000000700000000      2.7      270.2            0
  0x7000000000000000      3.2      258.5            0
  0x0000000090000000      4.5      236.6            0
  0x0000000900000000      7.1      252.7            0
  0x9000000000000000      3.7      241.1            0
  0x000000000000000a      3.0      242.4            0
  0x00000000a0000000      2.5      228.4            0
  0x0000000a00000000      2.5      268.0            0
  0xa000000000000000      2.7      217.6            0
  0x000000000000000b      2.9      277.6            0
  0x00000000b0000000      3.0      295.8            0
  0x0000000b00000000      2.2      317.9            0
  0xb000000000000000      2.6      300.1            0
  0x000000000000000c      3.1      225.8            0
  0x00000000c0000000      4.0      301.2            0
  0x0000000c00000000      4.1      245.4            0
  0xc000000000000000      3.5      237.2            0
  0x000000000000000d      2.1      233.8            0
  0x00000000d0000000      2.5      223.6            0
  0x0000000d00000000      2.2      257.0            0
  0xd000000000000000      2.3      300.1            0
  0x000000000000000e      2.8      242.3            0
  0x00000000e0000000      2.0      255.2            0
  0x0000000e00000000      2.1      255.8            0
  0xe000000000000000      2.5      244.6            0
  0x000000000000000f      2.9      221.5            0
  0x00000000f0000000      2.7      252.1            0
  0x0000000f00000000      2.6      273.6            0
  0xf000000000000000      2.9      234.8            0
PASS max_repeats=0 max|z|=18.9 (all 115 deltas)
