# key=123456789abcdef0 N=2^22 kill_repeats=10
# null E[repeats/delta] = 2^22 * 2^-64 = 2^-42
# delta                  max|z|  low8_chi2 full_repeats
  0x0000000000000400      4.1      264.6            0
  0x0000000004000000      7.8      375.5            0
  0x0000000000000001      5.8      281.4            0
  0x0000000000000002      3.1      204.6            0
  0x0000000000000004      5.2      253.4            0
  0x0000000000000008      3.1      287.9            0
  0x0000000000000010      2.6      243.1            0
  0x0000000000000020      2.8      251.1            0
  0x0000000000000040      2.7      245.2            0
  0x0000000000000080      2.4      260.9            0
  0x0000000000000100      5.0      199.7            0
  0x0000000000000200      3.5      286.2            0
  0x0000000000000400      4.1      264.6            0
  0x0000000000000800      2.6      241.7            0
  0x0000000000001000      3.4      229.3            0
  0x0000000000002000      2.7      261.4            0
  0x0000000000004000      3.4      259.0            0
  0x0000000000008000      3.9      289.0            0
  0x0000000000010000      3.5      275.1            0
  0x0000000000020000      2.7      249.5            0
  0x0000000000040000      3.7      245.3            0
  0x0000000000080000      3.0      251.2            0
  0x0000000000100000      2.1      229.7            0
  0x0000000000200000      2.1      253.8            0
  0x0000000000400000      3.3      273.7            0
  0x0000000000800000      3.9      261.2            0
  0x0000000001000000      6.3      273.6            0
  0x0000000002000000      3.2      272.5            0
  0x0000000004000000      7.8      375.5            0
  0x0000000008000000      3.1      274.9            0
  0x0000000010000000     10.3      343.9            0
  0x0000000020000000      2.9      226.9            0
  0x0000000040000000      3.0      249.3            0
  0x0000000080000000      2.7      248.5            0
  0x0000000100000000     15.9      583.7            0
  0x0000000200000000      2.9      223.9            0
  0x0000000400000000      7.7      267.8            0
  0x0000000800000000      2.3      274.7            0
  0x0000001000000000      7.0      289.4            0
  0x0000002000000000      2.2      286.4            0
  0x0000004000000000      4.2      264.1            0
  0x0000008000000000      2.0      306.4            0
  0x0000010000000000      2.1      269.9            0
  0x0000020000000000      2.2      219.7            0
  0x0000040000000000      5.9      279.7            0
  0x0000080000000000      2.3      311.3            0
  0x0000100000000000     18.2      652.8            0
  0x0000200000000000      2.5      277.9            0
  0x0000400000000000      2.2      284.7            0
  0x0000800000000000      3.4      267.6            0
  0x0001000000000000      3.4      242.3            0
  0x0002000000000000      2.3      223.9            0
  0x0004000000000000     14.4      369.0            0
  0x0008000000000000      2.6      245.6            0
  0x0010000000000000     13.7      266.2            0
  0x0020000000000000      5.7      227.5            0
  0x0040000000000000      2.8      270.0            0
  0x0080000000000000      2.5      284.2            0
  0x0100000000000000      3.5      247.0            0
  0x0200000000000000      2.0      215.7            0
  0x0400000000000000      9.2      239.6            0
  0x0800000000000000      2.3      252.6            0
  0x1000000000000000      3.3      269.4            0
  0x2000000000000000      8.0      265.7            0
  0x4000000000000000      2.3      264.8            0
  0x8000000000000000      2.5      242.4            0
  0x0000000000000003      2.9      218.3            0
  0x0000000000000005      2.8      267.5            0
  0x0000000000000009      2.2      224.1            0
  0x0000000000000011      2.5      257.6            0
  0x8000000000000001      2.1      239.2            0
  0x0000000100000001      3.1      231.6            0
  0xf0f0f0f0f0f0f0f0      2.2      259.4            0
  0xffffffffffffffff      2.3      250.3            0
  0x0000000030000000      2.3      224.6            0
  0x0000000300000000      3.1      246.9            0
  0x3000000000000000      2.3      247.5            0
  0x0000000050000000      2.0      266.2            0
  0x0000000500000000      2.2      299.5            0
  0x5000000000000000      2.1      224.3            0
  0x0000000000000006      2.3      243.5            0
  0x0000000060000000      4.0      287.0            0
  0x0000000600000000      4.8      260.7            0
  0x6000000000000000      3.0      270.2            0
  0x0000000000000007      3.7      227.6            0
  0x0000000070000000      2.5      260.4            0
  0x0000000700000000      2.1      255.5            0
  0x7000000000000000      2.6      255.4            0
  0x0000000090000000      2.7      246.6            0
  0x0000000900000000      2.2      236.2            0
  0x9000000000000000      2.4      244.5            0
  0x000000000000000a      3.0      308.0            0
  0x00000000a0000000      2.5      216.3            0
  0x0000000a00000000      2.2      239.0            0
  0xa000000000000000      2.5      259.8            0
  0x000000000000000b      2.2      237.1            0
  0x00000000b0000000      2.0      270.9            0
  0x0000000b00000000      2.2      251.4            0
  0xb000000000000000      2.3      290.7            0
  0x000000000000000c      3.6      255.2            0
  0x00000000c0000000      2.0      281.1            0
  0x0000000c00000000      2.6      275.5            0
  0xc000000000000000      6.9      267.0            0
  0x000000000000000d      2.7      273.2            0
  0x00000000d0000000      2.2      250.1            0
  0x0000000d00000000      2.8      216.0            0
  0xd000000000000000      2.5      250.1            0
  0x000000000000000e      2.1      222.9            0
  0x00000000e0000000      2.9      259.6            0
  0x0000000e00000000      2.5      238.3            0
  0xe000000000000000      2.9      270.0            0
  0x000000000000000f      2.6      252.3            0
  0x00000000f0000000      3.6      265.3            0
  0x0000000f00000000      2.5      255.5            0
  0xf000000000000000      2.5      264.4            0
PASS max_repeats=0 max|z|=18.2 (all 115 deltas)
