# key=123456789abcdef0 N=2^22 kill_repeats=10
# null E[repeats/delta] = 2^22 * 2^-64 = 2^-42
# delta                  max|z|  low8_chi2 full_repeats
  0x0000000000000400      2.7      272.7            0
  0x0000000004000000      2.7      261.2            0
  0x0000000000000001      2.4      230.9            0
  0x0000000000000002      3.1      239.0            0
  0x0000000000000004      2.5      244.6            0
  0x0000000000000008      2.8      247.5            0
  0x0000000000000010      2.9      250.7            0
  0x0000000000000020      3.3      268.3            0
  0x0000000000000040      2.4      255.0            0
  0x0000000000000080      2.4      287.0            0
  0x0000000000000100      2.5      259.7            0
  0x0000000000000200      3.0      248.0            0
  0x0000000000000400      2.7      272.7            0
  0x0000000000000800      3.0      253.5            0
  0x0000000000001000      2.4      234.5            0
  0x0000000000002000      3.3      223.2            0
  0x0000000000004000      3.6      237.2            0
  0x0000000000008000      3.2      276.4            0
  0x0000000000010000      1.9      261.2            0
  0x0000000000020000      2.8      287.3            0
  0x0000000000040000      2.5      291.7            0
  0x0000000000080000      2.6      259.2            0
  0x0000000000100000      2.6      276.9            0
  0x0000000000200000      2.1      255.3            0
  0x0000000000400000      2.4      266.4            0
  0x0000000000800000      2.4      275.3            0
  0x0000000001000000      3.0      262.4            0
  0x0000000002000000      2.6      226.9            0
  0x0000000004000000      2.7      261.2            0
  0x0000000008000000      2.7      274.7            0
  0x0000000010000000      3.0      231.3            0
  0x0000000020000000      2.2      253.4            0
  0x0000000040000000      2.7      219.4            0
  0x0000000080000000      2.3      236.1            0
  0x0000000100000000      4.1      247.9            0
  0x0000000200000000      2.3      260.4            0
  0x0000000400000000      2.8      263.3            0
  0x0000000800000000      2.6      228.5            0
  0x0000001000000000      3.1      240.0            0
  0x0000002000000000      2.0      214.5            0
  0x0000004000000000      2.5      280.6            0
  0x0000008000000000      2.3      248.3            0
  0x0000010000000000      2.0      218.3            0
  0x0000020000000000      2.4      260.0            0
  0x0000040000000000      3.8      247.2            0
  0x0000080000000000      2.4      237.1            0
  0x0000100000000000      2.1      239.0            0
  0x0000200000000000      1.7      242.7            0
  0x0000400000000000      3.1      266.2            0
  0x0000800000000000      3.0      303.8            0
  0x0001000000000000      2.3      252.3            0
  0x0002000000000000      2.1      255.1            0
  0x0004000000000000      3.0      291.8            0
  0x0008000000000000      2.8      251.3            0
  0x0010000000000000      3.2      238.9            0
  0x0020000000000000      2.6      248.0            0
  0x0040000000000000      2.5      227.0            0
  0x0080000000000000      2.6      293.2            0
  0x0100000000000000      2.6      227.1            0
  0x0200000000000000      2.1      253.6            0
  0x0400000000000000      2.6      276.8            0
  0x0800000000000000      2.7      238.8            0
  0x1000000000000000      2.5      270.9            0
  0x2000000000000000      2.3      216.5            0
  0x4000000000000000      2.0      235.7            0
  0x8000000000000000      2.4      275.0            0
  0x0000000000000003      2.6      259.9            0
  0x0000000000000005      2.3      278.3            0
  0x0000000000000009      2.3      234.4            0
  0x0000000000000011      2.7      249.3            0
  0x8000000000000001      2.7      263.6            0
  0x0000000100000001      3.5      231.7            0
  0xf0f0f0f0f0f0f0f0      2.0      234.5            0
  0xffffffffffffffff      2.5      260.1            0
  0x0000000030000000      2.8      215.2            0
  0x0000000300000000      2.1      248.7            0
  0x3000000000000000      2.3      251.1            0
  0x0000000050000000      2.0      239.6            0
  0x0000000500000000      2.5      225.1            0
  0x5000000000000000      3.1      251.1            0
  0x0000000000000006      2.2      242.4            0
  0x0000000060000000      3.2      279.6            0
  0x0000000600000000      2.6      236.3            0
  0x6000000000000000      2.5      224.8            0
  0x0000000000000007      3.0      281.5            0
  0x0000000070000000      2.5      257.9            0
  0x0000000700000000      3.1      286.0            0
  0x7000000000000000      1.6      271.3            0
  0x0000000090000000      3.1      237.8            0
  0x0000000900000000      2.4      260.3            0
  0x9000000000000000      2.2      298.8            0
  0x000000000000000a      2.5      247.7            0
  0x00000000a0000000      2.4      304.0            0
  0x0000000a00000000      2.5      204.1            0
  0xa000000000000000      2.5      263.7            0
  0x000000000000000b      2.0      251.9            0
  0x00000000b0000000      2.3      237.2            0
  0x0000000b00000000      2.3      247.0            0
  0xb000000000000000      2.5      256.4            0
  0x000000000000000c      2.9      239.3            0
  0x00000000c0000000      2.6      268.5            0
  0x0000000c00000000      3.0      260.5            0
  0xc000000000000000      3.0      276.3            0
  0x000000000000000d      2.6      242.6            0
  0x00000000d0000000      2.5      243.0            0
  0x0000000d00000000      2.7      222.4            0
  0xd000000000000000      2.3      249.8            0
  0x000000000000000e      3.7      247.3            0
  0x00000000e0000000      2.8      291.4            0
  0x0000000e00000000      2.4      274.2            0
  0xe000000000000000      2.5      276.1            0
  0x000000000000000f      2.7      254.4            0
  0x00000000f0000000      2.9      241.1            0
  0x0000000f00000000      3.4      259.0            0
  0xf000000000000000      2.5      256.8            0
PASS max_repeats=0 max|z|=4.1 (all 115 deltas)
