# key=123456789abcdef0 N=2^22 kill_repeats=10
# null E[repeats/delta] = 2^22 * 2^-64 = 2^-42
# delta                  max|z|  low8_chi2 full_repeats
  0x0000000000000400      3.1      231.8            0
  0x0000000004000000     12.0      249.9            0
  0x0000000000000001      4.0      231.7            0
  0x0000000000000002      4.1      224.9            0
  0x0000000000000004      6.1      315.2            0
  0x0000000000000008      5.8      273.0            0
  0x0000000000000010      2.8      286.2            0
  0x0000000000000020      3.2      233.8            0
  0x0000000000000040      3.7      300.7            0
  0x0000000000000080      2.3      255.2            0
  0x0000000000000100      3.0      244.8            0
  0x0000000000000200      3.3      242.1            0
  0x0000000000000400      3.1      231.8            0
  0x0000000000000800      3.6      289.7            0
  0x0000000000001000      3.7      241.3            0
  0x0000000000002000      3.3      252.9            0
  0x0000000000004000      2.9      224.5            0
  0x0000000000008000      5.0      270.6            0
  0x0000000000010000      2.6      269.3            0
  0x0000000000020000      2.7      267.1            0
  0x0000000000040000      2.2      225.3            0
  0x0000000000080000      3.8      267.0            0
  0x0000000000100000      3.1      224.3            0
  0x0000000000200000      2.8      244.6            0
  0x0000000000400000      3.9      254.6            0
  0x0000000000800000      2.4      286.7            0
  0x0000000001000000      2.8      251.3            0
  0x0000000002000000      3.4      265.9            0
  0x0000000004000000     12.0      249.9            0
  0x0000000008000000      2.3      293.1            0
  0x0000000010000000      7.7      265.8            0
  0x0000000020000000      2.4      251.6            0
  0x0000000040000000      2.8      214.7            0
  0x0000000080000000      7.2      244.4            0
  0x0000000100000000      2.8      224.7            0
  0x0000000200000000      2.7      246.8            0
  0x0000000400000000      2.3      248.3            0
  0x0000000800000000      9.1      319.8            0
  0x0000001000000000      2.6      230.4            0
  0x0000002000000000      3.4      270.5            0
  0x0000004000000000      3.0      314.8            0
  0x0000008000000000      5.6      269.2            0
  0x0000010000000000     15.4      295.8            0
  0x0000020000000000      2.7      258.0            0
  0x0000040000000000      3.2      207.2            0
  0x0000080000000000      2.5      260.3            0
  0x0000100000000000      2.4      225.3            0
  0x0000200000000000      2.4      259.8            0
  0x0000400000000000      2.3      241.8            0
  0x0000800000000000     23.5      301.4            0
  0x0001000000000000      3.2      241.3            0
  0x0002000000000000      2.7      282.8            0
  0x0004000000000000      9.6      336.3            0
  0x0008000000000000      2.3      267.9            0
  0x0010000000000000      2.8      247.9            0
  0x0020000000000000      2.6      285.4            0
  0x0040000000000000      2.8      278.8            0
  0x0080000000000000      3.0      236.4            0
  0x0100000000000000      3.1      267.6            0
  0x0200000000000000      3.3      257.6            0
  0x0400000000000000     26.8      496.7            0
  0x0800000000000000      2.5      262.6            0
  0x1000000000000000      5.2      244.8            0
  0x2000000000000000      7.1      309.8            0
  0x4000000000000000      2.7      252.0            0
  0x8000000000000000      3.2      286.6            0
  0x0000000000000003      3.5      273.3            0
  0x0000000000000005      2.4      257.7            0
  0x0000000000000009     10.2      258.7            0
  0x0000000000000011      2.7      249.7            0
  0x8000000000000001      2.3      246.9            0
  0x0000000100000001      2.6      266.9            0
  0xf0f0f0f0f0f0f0f0      2.5      260.0            0
  0xffffffffffffffff      2.7      285.9            0
  0x0000000030000000     11.7      310.6            0
  0x0000000300000000      6.6      257.4            0
  0x3000000000000000      2.2      260.9            0
  0x0000000050000000      4.0      231.1            0
  0x0000000500000000      3.3      248.8            0
  0x5000000000000000      2.9      217.3            0
  0x0000000000000006      3.0      241.1            0
  0x0000000060000000      2.5      293.5            0
  0x0000000600000000      2.9      309.7            0
  0x6000000000000000      3.0      280.3            0
  0x0000000000000007      2.6      241.3            0
  0x0000000070000000      2.3      252.7            0
  0x0000000700000000      2.7      256.0            0
  0x7000000000000000      2.2      227.8            0
  0x0000000090000000     11.3      257.0            0
  0x0000000900000000     10.6      299.1            0
  0x9000000000000000     17.8      285.6            0
  0x000000000000000a      2.9      248.9            0
  0x00000000a0000000      2.5      255.2            0
  0x0000000a00000000      2.8      286.4            0
  0xa000000000000000      2.7      252.0            0
  0x000000000000000b      3.3      230.0            0
  0x00000000b0000000      2.2      242.9            0
  0x0000000b00000000      2.8      256.8            0
  0xb000000000000000      2.9      253.5            0
  0x000000000000000c      2.4      285.5            0
  0x00000000c0000000      2.3      251.1            0
  0x0000000c00000000      1.7      257.4            0
  0xc000000000000000      2.4      291.4            0
  0x000000000000000d      6.0      246.9            0
  0x00000000d0000000      2.4      266.6            0
  0x0000000d00000000      3.0      252.4            0
  0xd000000000000000      2.3      216.8            0
  0x000000000000000e      2.3      280.9            0
  0x00000000e0000000      2.6      249.8            0
  0x0000000e00000000      3.6      235.9            0
  0xe000000000000000      2.6      241.7            0
  0x000000000000000f      9.4      254.9            0
  0x00000000f0000000      2.8      261.5            0
  0x0000000f00000000      2.4      239.5            0
  0xf000000000000000      2.6      260.2            0
PASS max_repeats=0 max|z|=26.8 (all 115 deltas)
