# key=123456789abcdef0 N=2^22 kill_repeats=10
# null E[repeats/delta] = 2^22 * 2^-64 = 2^-42
# delta                  max|z|  low8_chi2 full_repeats
  0x0000000000000400      9.1      338.6            0
  0x0000000004000000     39.8      482.1            0
  0x0000000000000001     12.7      407.8            0
  0x0000000000000002      2.0      255.8            0
  0x0000000000000004     11.7      413.1            0
  0x0000000000000008      5.6      281.4            0
  0x0000000000000010      3.4      262.6            0
  0x0000000000000020      2.8      276.4            0
  0x0000000000000040      3.5      249.5            0
  0x0000000000000080      3.3      253.8            0
  0x0000000000000100      8.5      308.6            0
  0x0000000000000200      2.5      245.3            0
  0x0000000000000400      9.1      338.6            0
  0x0000000000000800      3.9      245.4            0
  0x0000000000001000      4.4      239.6            0
  0x0000000000002000      2.4      274.5            0
  0x0000000000004000      4.3      276.1            0
  0x0000000000008000      3.0      265.9            0
  0x0000000000010000      7.7      261.3            0
  0x0000000000020000      2.6      223.2            0
  0x0000000000040000      6.6      280.8            0
  0x0000000000080000      3.7      260.0            0
  0x0000000000100000      4.1      243.9            0
  0x0000000000200000      2.5      257.9            0
  0x0000000000400000      9.4      232.6            0
  0x0000000000800000      5.9      266.9            0
  0x0000000001000000      2.1      272.0            0
  0x0000000002000000      2.3      246.9            0
  0x0000000004000000     39.8      482.1            0
  0x0000000008000000      2.8      241.1            0
  0x0000000010000000     15.6      410.0            1
  0x0000000020000000      1.9      280.9            0
  0x0000000040000000      7.1      331.9            0
  0x0000000080000000      5.5      268.3            0
  0x0000000100000000     61.3     1532.5            1
  0x0000000200000000      3.3      223.2            0
  0x0000000400000000     12.5      274.4            0
  0x0000000800000000      5.8      254.3            0
  0x0000001000000000     13.2      355.5            0
  0x0000002000000000      2.2      219.8            0
  0x0000004000000000     19.7      372.6            0
  0x0000008000000000      6.1      263.9            0
  0x0000010000000000      2.7      274.4            0
  0x0000020000000000      2.8      268.8            0
  0x0000040000000000      8.2      262.9            0
  0x0000080000000000      2.3      270.4            0
  0x0000100000000000     21.9      410.3            0
  0x0000200000000000      4.1      277.6            0
  0x0000400000000000      2.2      248.5            0
  0x0000800000000000      4.8      235.8            0
  0x0001000000000000     15.5      242.0            0
  0x0002000000000000      3.1      263.3            0
  0x0004000000000000     30.7      748.7            0
  0x0008000000000000      2.1      272.6            0
  0x0010000000000000     21.1      255.3            0
  0x0020000000000000     23.5      887.4            0
  0x0040000000000000      7.6      282.9            0
  0x0080000000000000      4.8      289.5            0
  0x0100000000000000      2.9      261.2            0
  0x0200000000000000      2.7      234.3            0
  0x0400000000000000     15.1      310.2            0
  0x0800000000000000      2.5      231.7            0
  0x1000000000000000      9.1      281.0            0
  0x2000000000000000     10.7      261.5            0
  0x4000000000000000      2.0      247.0            0
  0x8000000000000000     12.1      243.9            0
  0x0000000000000003      2.5      265.7            0
  0x0000000000000005      2.4      260.9            0
  0x0000000000000009      5.7      267.2            0
  0x0000000000000011      2.7      256.4            0
  0x8000000000000001      2.3      240.7            0
  0x0000000100000001      2.7      211.9            0
  0xf0f0f0f0f0f0f0f0      2.4      264.6            0
  0xffffffffffffffff      3.0      300.2            0
  0x0000000030000000      2.2      210.7            0
  0x0000000300000000      2.5      233.6            0
  0x3000000000000000      3.0      253.9            0
  0x0000000050000000      2.4      227.3            0
  0x0000000500000000      3.0      256.6            0
  0x5000000000000000      2.2      232.0            0
  0x0000000000000006      5.9      338.8            0
  0x0000000060000000      2.5      283.4            0
  0x0000000600000000      2.6      266.1            0
  0x6000000000000000      2.2      211.4            0
  0x0000000000000007      3.6      270.1            0
  0x0000000070000000      2.5      237.7            0
  0x0000000700000000      3.2      288.8            0
  0x7000000000000000      2.4      241.8            0
  0x0000000090000000      2.4      291.3            0
  0x0000000900000000      2.3      223.4            0
  0x9000000000000000      2.0      210.3            0
  0x000000000000000a      2.8      272.1            0
  0x00000000a0000000      2.6      296.7            0
  0x0000000a00000000      2.7      224.8            0
  0xa000000000000000      3.0      225.6            0
  0x000000000000000b      2.8      239.3            0
  0x00000000b0000000      2.3      269.3            0
  0x0000000b00000000      2.7      275.3            0
  0xb000000000000000      2.8      241.0            0
  0x000000000000000c      2.4      270.8            0
  0x00000000c0000000      2.5      274.0            0
  0x0000000c00000000      9.7      285.8            0
  0xc000000000000000      2.5      240.4            0
  0x000000000000000d      2.8      252.5            0
  0x00000000d0000000      2.1      233.9            0
  0x0000000d00000000      2.3      285.2            0
  0xd000000000000000      3.8      249.6            0
  0x000000000000000e      2.7      259.2            0
  0x00000000e0000000      3.5      250.3            0
  0x0000000e00000000      2.0      221.5            0
  0xe000000000000000      2.3      305.3            0
  0x000000000000000f      2.1      267.8            0
  0x00000000f0000000      2.9      218.4            0
  0x0000000f00000000      3.1      262.4            0
  0xf000000000000000      2.1      263.0            0
PASS max_repeats=1 max|z|=61.3 (all 115 deltas)
