# key=123456789abcdef0 N=2^22 kill_repeats=10
# null E[repeats/delta] = 2^22 * 2^-64 = 2^-42
# delta                  max|z|  low8_chi2 full_repeats
  0x0000000000000400      3.0      254.7            0
  0x0000000004000000      6.0      250.1            0
  0x0000000000000001      3.6      278.9            0
  0x0000000000000002      3.2      234.0            0
  0x0000000000000004      3.7      256.6            0
  0x0000000000000008      3.7      298.6            0
  0x0000000000000010      2.9      257.5            0
  0x0000000000000020      2.6      253.5            0
  0x0000000000000040      3.0      265.6            0
  0x0000000000000080      2.9      218.7            0
  0x0000000000000100      2.6      294.9            0
  0x0000000000000200      4.8      263.4            0
  0x0000000000000400      3.0      254.7            0
  0x0000000000000800      2.1      252.9            0
  0x0000000000001000      3.2      257.3            0
  0x0000000000002000      3.9      291.7            0
  0x0000000000004000      3.0      269.7            0
  0x0000000000008000      2.7      301.2            0
  0x0000000000010000      3.5      252.3            0
  0x0000000000020000      3.4      292.7            0
  0x0000000000040000      2.9      261.5            0
  0x0000000000080000      2.8      274.6            0
  0x0000000000100000      3.1      229.3            0
  0x0000000000200000      3.9      233.1            0
  0x0000000000400000      8.5      223.8            0
  0x0000000000800000      3.9      296.1            0
  0x0000000001000000      9.3      296.8            0
  0x0000000002000000      5.0      327.6            0
  0x0000000004000000      6.0      250.1            0
  0x0000000008000000      3.1      238.2            0
  0x0000000010000000      2.6      251.5            0
  0x0000000020000000      8.0      306.6            0
  0x0000000040000000      2.8      286.2            0
  0x0000000080000000      2.5      257.8            0
  0x0000000100000000      2.4      241.8            0
  0x0000000200000000      4.9      286.1            0
  0x0000000400000000      9.1      361.1            0
  0x0000000800000000      2.4      266.8            0
  0x0000001000000000      2.4      267.2            0
  0x0000002000000000     21.8      375.0            2
  0x0000004000000000      3.9      297.6            0
  0x0000008000000000      2.1      267.2            0
  0x0000010000000000      2.2      300.1            0
  0x0000020000000000      7.4      276.4            0
  0x0000040000000000      6.1      321.9            0
  0x0000080000000000      2.9      285.5            0
  0x0000100000000000     25.3      366.0            0
  0x0000200000000000      3.1      276.8            0
  0x0000400000000000      3.0      237.6            0
  0x0000800000000000      2.7      257.1            0
  0x0001000000000000      2.4      275.2            0
  0x0002000000000000      4.3      254.6            0
  0x0004000000000000      2.4      265.7            0
  0x0008000000000000      2.2      276.2            0
  0x0010000000000000      2.5      253.1            0
  0x0020000000000000      3.2      288.0            0
  0x0040000000000000     13.9      336.6            2
  0x0080000000000000      3.1      294.3            0
  0x0100000000000000     11.3      325.4            0
  0x0200000000000000      3.7      229.8            0
  0x0400000000000000     14.6      292.1            0
  0x0800000000000000      2.5      261.8            0
  0x1000000000000000      4.9      239.1            0
  0x2000000000000000     10.1      307.5            2
  0x4000000000000000      3.0      253.2            0
  0x8000000000000000      2.6      205.6            0
  0x0000000000000003      2.6      268.3            0
  0x0000000000000005      2.5      238.0            0
  0x0000000000000009      2.6      282.0            0
  0x0000000000000011      3.0      290.9            0
  0x8000000000000001      3.0      220.1            0
  0x0000000100000001      2.4      262.5            0
  0xf0f0f0f0f0f0f0f0      2.2      238.5            0
  0xffffffffffffffff      2.2      263.0            0
  0x0000000030000000      2.4      241.1            0
  0x0000000300000000      2.6      258.4            0
  0x3000000000000000      2.3      234.0            0
  0x0000000050000000      2.7      195.5            0
  0x0000000500000000      2.4      242.0            0
  0x5000000000000000      2.3      265.5            0
  0x0000000000000006      2.6      252.8            0
  0x0000000060000000      1.9      238.3            0
  0x0000000600000000      2.9      215.1            0
  0x6000000000000000      2.6      241.0            0
  0x0000000000000007      2.5      243.8            0
  0x0000000070000000      4.3      271.9            0
  0x0000000700000000      3.4      259.5            0
  0x7000000000000000      2.6      252.8            0
  0x0000000090000000      4.6      290.7            0
  0x0000000900000000      5.4      262.6            0
  0x9000000000000000      1.8      291.0            0
  0x000000000000000a      3.1      259.8            0
  0x00000000a0000000      2.9      269.2            0
  0x0000000a00000000      3.0      258.2            0
  0xa000000000000000      2.6      235.4            0
  0x000000000000000b      3.1      268.7            0
  0x00000000b0000000      2.4      271.8            0
  0x0000000b00000000      3.7      263.7            0
  0xb000000000000000      3.6      311.6            0
  0x000000000000000c      2.1      287.4            0
  0x00000000c0000000      3.1      238.7            0
  0x0000000c00000000      2.6      222.3            0
  0xc000000000000000      2.6      266.6            0
  0x000000000000000d      3.2      262.3            0
  0x00000000d0000000      2.6      268.6            0
  0x0000000d00000000      2.6      259.7            0
  0xd000000000000000      2.1      241.7            0
  0x000000000000000e      2.6      277.3            0
  0x00000000e0000000      2.2      254.4            0
  0x0000000e00000000      2.7      252.5            0
  0xe000000000000000     11.8      366.9            0
  0x000000000000000f      2.2      229.4            0
  0x00000000f0000000      3.1      258.4            1
  0x0000000f00000000      2.6      284.8            0
  0xf000000000000000      4.7      259.0            0
PASS max_repeats=2 max|z|=25.3 (all 115 deltas)
