# key=123456789abcdef0 N=2^22 kill_repeats=10
# null E[repeats/delta] = 2^22 * 2^-64 = 2^-42
# delta                  max|z|  low8_chi2 full_repeats
  0x0000000000000400      3.0      264.4            0
  0x0000000004000000     16.2      464.2            0
  0x0000000000000001      3.4      269.5            0
  0x0000000000000002      3.1      226.8            0
  0x0000000000000004      2.4      278.9            0
  0x0000000000000008      3.5      265.0            0
  0x0000000000000010      1.9      232.9            0
  0x0000000000000020      2.7      275.7            0
  0x0000000000000040      2.8      259.6            0
  0x0000000000000080      3.0      266.5            0
  0x0000000000000100      2.9      254.3            0
  0x0000000000000200      4.1      265.0            0
  0x0000000000000400      3.0      264.4            0
  0x0000000000000800      3.4      300.2            0
  0x0000000000001000      3.7      258.2            0
  0x0000000000002000      2.7      268.3            0
  0x0000000000004000      3.2      255.0            0
  0x0000000000008000      2.2      292.1            0
  0x0000000000010000      3.3      259.6            0
  0x0000000000020000      2.8      202.2            0
  0x0000000000040000      2.6      261.1            0
  0x0000000000080000      2.6      220.9            0
  0x0000000000100000      4.0      275.9            0
  0x0000000000200000      2.1      277.2            0
  0x0000000000400000      3.1      264.4            0
  0x0000000000800000      2.9      227.4            0
  0x0000000001000000      3.4      270.0            0
  0x0000000002000000      2.9      232.1            0
  0x0000000004000000     16.2      464.2            0
  0x0000000008000000      3.7      259.6            0
  0x0000000010000000      2.3      248.4            0
  0x0000000020000000      1.7      233.3            0
  0x0000000040000000      3.0      225.1            0
  0x0000000080000000      2.3      239.3            0
  0x0000000100000000      3.2      308.6            0
  0x0000000200000000      2.5      265.8            0
  0x0000000400000000      9.6      265.8            0
  0x0000000800000000      2.6      225.2            0
  0x0000001000000000      2.2      275.0            0
  0x0000002000000000      2.5      250.8            0
  0x0000004000000000      3.0      240.7            0
  0x0000008000000000      2.8      272.9            0
  0x0000010000000000      2.9      254.5            0
  0x0000020000000000      2.9      230.3            0
  0x0000040000000000      3.1      274.3            0
  0x0000080000000000      2.3      225.4            0
  0x0000100000000000      2.7      270.3            0
  0x0000200000000000      2.8      249.4            0
  0x0000400000000000      2.5      284.4            0
  0x0000800000000000      2.3      240.3            0
  0x0001000000000000     12.4      314.3            0
  0x0002000000000000      2.1      235.4            0
  0x0004000000000000      5.3      274.0            0
  0x0008000000000000      2.7      285.1            0
  0x0010000000000000      2.7      253.4            0
  0x0020000000000000     11.7      375.1            0
  0x0040000000000000     11.8      247.9            0
  0x0080000000000000      2.7      246.7            0
  0x0100000000000000      5.8      311.6            0
  0x0200000000000000      3.1      262.6            0
  0x0400000000000000     14.4      450.2            0
  0x0800000000000000      3.2      269.1            0
  0x1000000000000000      4.6      277.7            0
  0x2000000000000000      5.5      247.8            0
  0x4000000000000000      2.6      238.9            0
  0x8000000000000000      3.2      289.5            0
  0x0000000000000003      2.9      263.5            0
  0x0000000000000005      2.7      222.4            0
  0x0000000000000009      2.7      263.0            0
  0x0000000000000011      2.8      265.5            0
  0x8000000000000001      2.4      273.4            0
  0x0000000100000001      2.3      251.0            0
  0xf0f0f0f0f0f0f0f0      1.9      246.2            0
  0xffffffffffffffff      3.1      259.0            0
  0x0000000030000000      3.0      302.9            0
  0x0000000300000000      2.7      269.2            0
  0x3000000000000000      2.8      257.0            0
  0x0000000050000000      3.2      258.4            0
  0x0000000500000000      1.9      290.5            0
  0x5000000000000000      2.9      229.1            0
  0x0000000000000006      3.1      276.1            0
  0x0000000060000000      6.0      277.8            0
  0x0000000600000000      4.4      243.8            0
  0x6000000000000000      2.3      238.9            0
  0x0000000000000007      2.4      262.6            0
  0x0000000070000000      3.4      275.7            0
  0x0000000700000000      2.8      238.7            0
  0x7000000000000000      2.6      233.9            0
  0x0000000090000000      2.4      261.3            0
  0x0000000900000000      3.1      247.3            0
  0x9000000000000000      2.0      245.5            0
  0x000000000000000a      3.5      268.0            0
  0x00000000a0000000      4.3      266.7            0
  0x0000000a00000000      7.6      245.0            0
  0xa000000000000000      1.9      281.8            0
  0x000000000000000b      2.4      262.5            0
  0x00000000b0000000      2.1      241.2            0
  0x0000000b00000000      2.7      260.2            0
  0xb000000000000000      2.9      276.6            0
  0x000000000000000c      2.7      311.5            0
  0x00000000c0000000      2.6      261.9            0
  0x0000000c00000000      2.4      217.7            0
  0xc000000000000000      2.5      291.3            0
  0x000000000000000d      2.3      270.7            0
  0x00000000d0000000      3.3      300.8            0
  0x0000000d00000000      2.4      237.7            0
  0xd000000000000000      3.0      246.2            0
  0x000000000000000e      1.9      240.2            0
  0x00000000e0000000      2.0      251.6            0
  0x0000000e00000000      3.0      351.5            0
  0xe000000000000000      2.2      227.8            0
  0x000000000000000f      3.1      268.4            0
  0x00000000f0000000     20.0      264.3            0
  0x0000000f00000000      9.4      258.8            0
  0xf000000000000000     14.5      321.0            0
PASS max_repeats=0 max|z|=20.0 (all 115 deltas)
