# key=123456789abcdef0 N=2^22 kill_repeats=10
# null E[repeats/delta] = 2^22 * 2^-64 = 2^-42
# delta                  max|z|  low8_chi2 full_repeats
  0x0000000000000400      1.9      258.5            0
  0x0000000004000000     19.5      246.5            0
  0x0000000000000001      2.8      267.5            0
  0x0000000000000002      2.0      219.5            0
  0x0000000000000004      3.3      244.2            0
  0x0000000000000008      3.7      242.7            0
  0x0000000000000010      2.4      258.0            0
  0x0000000000000020      2.2      251.0            0
  0x0000000000000040      3.0      257.0            0
  0x0000000000000080      3.4      231.1            0
  0x0000000000000100      3.2      254.8            0
  0x0000000000000200      2.5      257.3            0
  0x0000000000000400      1.9      258.5            0
  0x0000000000000800      2.5      266.8            0
  0x0000000000001000      2.1      266.7            0
  0x0000000000002000      3.6      262.5            0
  0x0000000000004000      2.6      208.7            0
  0x0000000000008000      2.4      253.0            0
  0x0000000000010000      2.6      221.2            0
  0x0000000000020000      2.5      283.7            0
  0x0000000000040000      3.1      257.9            0
  0x0000000000080000      2.6      247.6            0
  0x0000000000100000      2.7      259.5            0
  0x0000000000200000      2.6      264.2            0
  0x0000000000400000      3.1      271.2            0
  0x0000000000800000      4.4      293.1            0
  0x0000000001000000      7.9      253.4            0
  0x0000000002000000      1.9      273.4            0
  0x0000000004000000     19.5      246.5            0
  0x0000000008000000      2.1      274.0            0
  0x0000000010000000     11.2      411.6            0
  0x0000000020000000      3.4      250.4            0
  0x0000000040000000      3.0      243.2            0
  0x0000000080000000      7.5      226.6            0
  0x0000000100000000     14.9      519.6            0
  0x0000000200000000      3.6      239.4            0
  0x0000000400000000      2.2      298.9            0
  0x0000000800000000      2.4      282.5            0
  0x0000001000000000      5.7      378.5            0
  0x0000002000000000      4.7      260.0            0
  0x0000004000000000      1.9      215.6            0
  0x0000008000000000      2.9      265.5            0
  0x0000010000000000      2.0      223.7            0
  0x0000020000000000      2.3      238.1            0
  0x0000040000000000      2.8      245.4            0
  0x0000080000000000      3.7      260.9            0
  0x0000100000000000      3.6      235.4            0
  0x0000200000000000      2.4      219.3            0
  0x0000400000000000      3.6      267.9            0
  0x0000800000000000      3.3      241.3            0
  0x0001000000000000      2.6      260.1            0
  0x0002000000000000      2.6      230.0            0
  0x0004000000000000     15.3      436.2            0
  0x0008000000000000      2.6      230.9            0
  0x0010000000000000      9.9      275.9            0
  0x0020000000000000      2.4      255.6            0
  0x0040000000000000      2.7      283.9            0
  0x0080000000000000      2.8      255.3            0
  0x0100000000000000      5.5      269.0            0
  0x0200000000000000      2.0      262.5            0
  0x0400000000000000     14.0      326.0            0
  0x0800000000000000      2.6      240.8            0
  0x1000000000000000      2.2      243.2            0
  0x2000000000000000      3.6      232.4            0
  0x4000000000000000      2.4      243.5            0
  0x8000000000000000      3.3      283.5            0
  0x0000000000000003      2.4      271.4            0
  0x0000000000000005      2.3      288.7            0
  0x0000000000000009      2.7      240.7            0
  0x0000000000000011      2.9      281.2            0
  0x8000000000000001      2.8      264.8            0
  0x0000000100000001      3.2      247.7            0
  0xf0f0f0f0f0f0f0f0      2.3      257.3            0
  0xffffffffffffffff      2.1      240.0            0
  0x0000000030000000      2.6      229.9            0
  0x0000000300000000      3.1      247.2            0
  0x3000000000000000      2.5      252.5            0
  0x0000000050000000      2.9      255.4            0
  0x0000000500000000      3.1      243.9            0
  0x5000000000000000      2.7      275.3            0
  0x0000000000000006      3.1      273.4            0
  0x0000000060000000      1.9      283.8            0
  0x0000000600000000      2.9      248.9            0
  0x6000000000000000      2.1      230.7            0
  0x0000000000000007      2.7      264.0            0
  0x0000000070000000      1.9      206.9            0
  0x0000000700000000      2.6      211.3            0
  0x7000000000000000      2.5      256.0            0
  0x0000000090000000      1.9      247.0            0
  0x0000000900000000      2.6      255.8            0
  0x9000000000000000      2.5      252.5            0
  0x000000000000000a      2.2      234.0            0
  0x00000000a0000000      3.0      250.0            0
  0x0000000a00000000      2.8      254.3            0
  0xa000000000000000      3.0      277.1            0
  0x000000000000000b      2.1      276.5            0
  0x00000000b0000000      2.0      297.4            0
  0x0000000b00000000      3.0      223.8            0
  0xb000000000000000      2.3      251.7            0
  0x000000000000000c      2.4      281.8            0
  0x00000000c0000000      2.8      230.1            0
  0x0000000c00000000      2.1      244.0            0
  0xc000000000000000      4.2      275.9            0
  0x000000000000000d      3.1      277.3            0
  0x00000000d0000000      2.4      226.4            0
  0x0000000d00000000      2.4      228.1            0
  0xd000000000000000      2.3      241.0            0
  0x000000000000000e      2.7      246.0            0
  0x00000000e0000000      2.0      234.5            0
  0x0000000e00000000      2.2      243.6            0
  0xe000000000000000      3.2      252.3            0
  0x000000000000000f      2.9      241.6            0
  0x00000000f0000000      3.0      262.3            0
  0x0000000f00000000      3.0      233.5            0
  0xf000000000000000      2.3      267.7            0
PASS max_repeats=0 max|z|=19.5 (all 115 deltas)
