# key=123456789abcdef0 N=2^22 kill_repeats=10
# null E[repeats/delta] = 2^22 * 2^-64 = 2^-42
# delta                  max|z|  low8_chi2 full_repeats
  0x0000000000000400      2.2      233.3            0
  0x0000000004000000      2.8      253.3            0
  0x0000000000000001      2.7      252.7            0
  0x0000000000000002      2.4      272.0            0
  0x0000000000000004      3.0      234.6            0
  0x0000000000000008      3.2      238.3            0
  0x0000000000000010      2.4      280.4            0
  0x0000000000000020      2.4      252.9            0
  0x0000000000000040      2.4      250.1            0
  0x0000000000000080      3.0      244.0            0
  0x0000000000000100      2.6      270.0            0
  0x0000000000000200      2.4      258.3            0
  0x0000000000000400      2.2      233.3            0
  0x0000000000000800      2.3      248.5            0
  0x0000000000001000      2.8      270.4            0
  0x0000000000002000      3.4      252.7            0
  0x0000000000004000      2.4      263.9            0
  0x0000000000008000      2.3      261.8            0
  0x0000000000010000      2.6      253.7            0
  0x0000000000020000      2.8      252.3            0
  0x0000000000040000      2.9      252.3            0
  0x0000000000080000      2.5      310.1            0
  0x0000000000100000      2.4      238.8            0
  0x0000000000200000      2.1      222.4            0
  0x0000000000400000      3.2      233.7            0
  0x0000000000800000      2.3      256.9            0
  0x0000000001000000      2.4      263.1            0
  0x0000000002000000      2.9      248.5            1
  0x0000000004000000      2.8      253.3            0
  0x0000000008000000      2.6      232.1            0
  0x0000000010000000      2.8      215.8            0
  0x0000000020000000      3.1      231.2            0
  0x0000000040000000      2.7      283.8            0
  0x0000000080000000      1.9      264.0            0
  0x0000000100000000      2.5      247.9            0
  0x0000000200000000      2.3      237.9            0
  0x0000000400000000      2.2      258.4            0
  0x0000000800000000      2.7      253.2            0
  0x0000001000000000      2.0      258.9            0
  0x0000002000000000      2.3      275.6            0
  0x0000004000000000      1.8      262.1            0
  0x0000008000000000      3.1      247.0            0
  0x0000010000000000      2.4      259.2            0
  0x0000020000000000      2.6      243.3            0
  0x0000040000000000      2.5      246.6            0
  0x0000080000000000      2.2      284.7            0
  0x0000100000000000      4.0      255.8            0
  0x0000200000000000      3.1      212.2            0
  0x0000400000000000      3.0      226.0            0
  0x0000800000000000      2.1      212.4            0
  0x0001000000000000      2.2      217.2            0
  0x0002000000000000      3.1      211.0            0
  0x0004000000000000      2.4      254.6            0
  0x0008000000000000      2.3      238.4            0
  0x0010000000000000      2.7      270.1            0
  0x0020000000000000      2.9      260.2            0
  0x0040000000000000      2.2      226.0            0
  0x0080000000000000      2.9      239.7            0
  0x0100000000000000      2.7      256.6            0
  0x0200000000000000      2.3      224.1            0
  0x0400000000000000      3.1      248.7            0
  0x0800000000000000      2.3      211.9            0
  0x1000000000000000      2.7      256.4            0
  0x2000000000000000      2.9      247.9            0
  0x4000000000000000      1.7      275.8            0
  0x8000000000000000      2.1      256.5            0
  0x0000000000000003      2.8      280.1            0
  0x0000000000000005      2.9      267.0            0
  0x0000000000000009      2.5      247.2            0
  0x0000000000000011      2.1      240.6            0
  0x8000000000000001      2.7      244.1            0
  0x0000000100000001      3.4      234.7            0
  0xf0f0f0f0f0f0f0f0      2.4      246.9            0
  0xffffffffffffffff      2.5      299.6            0
  0x0000000030000000      2.6      255.2            0
  0x0000000300000000      2.6      285.0            0
  0x3000000000000000      2.4      239.9            0
  0x0000000050000000      2.5      257.7            0
  0x0000000500000000      2.6      307.9            0
  0x5000000000000000      3.1      257.3            0
  0x0000000000000006      2.4      280.9            0
  0x0000000060000000      2.5      287.4            0
  0x0000000600000000      2.3      230.5            0
  0x6000000000000000      2.0      254.1            0
  0x0000000000000007      2.6      249.7            0
  0x0000000070000000      1.8      299.4            0
  0x0000000700000000      3.0      271.8            0
  0x7000000000000000      2.4      234.9            0
  0x0000000090000000      2.8      231.9            0
  0x0000000900000000      3.1      262.3            0
  0x9000000000000000      3.1      259.7            0
  0x000000000000000a      2.6      254.5            0
  0x00000000a0000000      2.0      269.9            0
  0x0000000a00000000      2.2      241.0            0
  0xa000000000000000      2.6      257.2            0
  0x000000000000000b      1.8      267.8            0
  0x00000000b0000000      2.2      307.3            0
  0x0000000b00000000      2.7      230.8            0
  0xb000000000000000      2.5      250.7            0
  0x000000000000000c      2.5      260.7            0
  0x00000000c0000000      2.2      249.6            0
  0x0000000c00000000      3.2      274.5            0
  0xc000000000000000      3.0      257.6            0
  0x000000000000000d      3.2      219.9            0
  0x00000000d0000000      2.6      273.4            0
  0x0000000d00000000      2.5      248.1            0
  0xd000000000000000      2.4      269.3            0
  0x000000000000000e      3.2      216.5            0
  0x00000000e0000000      2.1      257.7            0
  0x0000000e00000000      3.0      256.5            0
  0xe000000000000000      2.4      244.1            0
  0x000000000000000f      2.2      273.1            0
  0x00000000f0000000      2.3      311.3            0
  0x0000000f00000000      2.9      306.3            0
  0xf000000000000000      2.6      294.7            0
PASS max_repeats=1 max|z|=4.0 (all 115 deltas)
