# key=123456789abcdef0 N=2^22 kill_repeats=10
# null E[repeats/delta] = 2^22 * 2^-64 = 2^-42
# delta                  max|z|  low8_chi2 full_repeats
  0x0000000000000400      3.0      239.0            0
  0x0000000004000000      3.1      217.6            0
  0x0000000000000001      3.3      283.0            0
  0x0000000000000002      3.7      316.0            0
  0x0000000000000004      3.9      289.4            0
  0x0000000000000008      2.4      269.7            0
  0x0000000000000010      2.6      287.4            0
  0x0000000000000020      3.4      289.1            0
  0x0000000000000040      2.5      224.2            0
  0x0000000000000080      2.6      221.0            0
  0x0000000000000100      3.9      264.7            0
  0x0000000000000200      2.8      245.2            0
  0x0000000000000400      3.0      239.0            0
  0x0000000000000800      2.9      289.8            0
  0x0000000000001000      3.7      252.0            0
  0x0000000000002000      2.5      268.5            0
  0x0000000000004000      3.5      260.6            0
  0x0000000000008000      2.6      275.2            0
  0x0000000000010000      2.6      288.1            0
  0x0000000000020000      2.9      253.2            0
  0x0000000000040000      2.3      239.5            0
  0x0000000000080000      2.4      259.1            0
  0x0000000000100000      2.1      272.8            0
  0x0000000000200000      2.7      242.4            0
  0x0000000000400000      3.7      307.3            0
  0x0000000000800000      2.8      208.1            0
  0x0000000001000000      2.6      244.7            0
  0x0000000002000000      2.7      264.8            0
  0x0000000004000000      3.1      217.6            0
  0x0000000008000000     12.9      316.1            0
  0x0000000010000000      3.0      258.5            0
  0x0000000020000000      2.8      215.7            0
  0x0000000040000000      3.1      267.6            0
  0x0000000080000000      5.5      257.7            0
  0x0000000100000000      2.3      248.6            0
  0x0000000200000000      2.4      254.3            0
  0x0000000400000000      2.1      228.2            0
  0x0000000800000000      3.5      281.8            0
  0x0000001000000000      2.3      231.9            0
  0x0000002000000000      3.1      284.3            0
  0x0000004000000000      2.6      244.9            0
  0x0000008000000000      2.3      225.6            0
  0x0000010000000000     12.3      341.8            0
  0x0000020000000000      4.9      273.6            0
  0x0000040000000000      2.2      217.9            0
  0x0000080000000000      2.3      229.6            0
  0x0000100000000000      3.5      294.5            0
  0x0000200000000000      3.2      239.0            0
  0x0000400000000000      2.3      241.7            0
  0x0000800000000000      3.4      307.2            0
  0x0001000000000000      2.5      261.9            0
  0x0002000000000000      4.3      235.0            0
  0x0004000000000000      8.0      256.2            0
  0x0008000000000000      2.8      285.9            0
  0x0010000000000000      2.7      277.9            0
  0x0020000000000000      2.3      248.6            0
  0x0040000000000000      8.7      332.4            1
  0x0080000000000000      5.5      239.5            0
  0x0100000000000000      2.8      263.1            0
  0x0200000000000000      3.4      277.0            0
  0x0400000000000000      2.4      241.1            0
  0x0800000000000000      9.0      240.2            0
  0x1000000000000000      3.3      258.8            0
  0x2000000000000000      7.5      279.2            0
  0x4000000000000000      2.9      226.3            0
  0x8000000000000000      2.9      243.9            0
  0x0000000000000003      1.9      242.1            0
  0x0000000000000005      2.5      257.5            0
  0x0000000000000009      2.4      235.7            0
  0x0000000000000011      2.8      274.1            0
  0x8000000000000001      3.5      282.8            0
  0x0000000100000001      2.8      267.6            0
  0xf0f0f0f0f0f0f0f0      1.9      242.7            0
  0xffffffffffffffff      4.0      227.2            0
  0x0000000030000000      2.4      260.6            0
  0x0000000300000000      3.1      246.3            0
  0x3000000000000000      2.2      268.0            0
  0x0000000050000000      2.8      247.7            0
  0x0000000500000000      2.2      233.1            0
  0x5000000000000000      9.3      303.9            0
  0x0000000000000006      3.5      218.9            0
  0x0000000060000000      5.1      252.1            0
  0x0000000600000000      6.2      273.8            0
  0x6000000000000000      4.6      291.8            0
  0x0000000000000007      3.4      242.8            0
  0x0000000070000000      2.5      235.5            0
  0x0000000700000000      2.4      244.0            0
  0x7000000000000000      2.9      270.1            0
  0x0000000090000000      2.3      287.7            0
  0x0000000900000000      2.1      223.7            0
  0x9000000000000000      3.0      301.0            0
  0x000000000000000a      2.4      250.8            0
  0x00000000a0000000      4.0      259.7            0
  0x0000000a00000000      9.1      311.4            0
  0xa000000000000000      3.2      246.2            0
  0x000000000000000b      2.1      253.0            0
  0x00000000b0000000      3.1      260.5            0
  0x0000000b00000000      3.5      337.0            0
  0xb000000000000000      3.3      298.0            0
  0x000000000000000c      2.8      245.4            0
  0x00000000c0000000      2.5      222.3            0
  0x0000000c00000000      2.8      237.8            0
  0xc000000000000000      2.4      235.3            0
  0x000000000000000d      3.0      265.7            0
  0x00000000d0000000      3.0      286.7            0
  0x0000000d00000000      2.8      263.8            0
  0xd000000000000000      2.8      195.0            0
  0x000000000000000e      2.4      236.4            0
  0x00000000e0000000     10.2      312.6            0
  0x0000000e00000000      5.4      253.5            0
  0xe000000000000000      3.5      220.8            0
  0x000000000000000f      2.3      297.0            0
  0x00000000f0000000      3.6      240.3            0
  0x0000000f00000000      2.6      295.4            0
  0xf000000000000000      1.9      237.3            0
PASS max_repeats=1 max|z|=12.9 (all 115 deltas)
