# key=123456789abcdef0 N=2^22 kill_repeats=10
# null E[repeats/delta] = 2^22 * 2^-64 = 2^-42
# delta                  max|z|  low8_chi2 full_repeats
  0x0000000000000400      2.8      247.4            0
  0x0000000004000000      8.8      331.4            0
  0x0000000000000001      2.2      275.3            0
  0x0000000000000002      2.1      272.4            0
  0x0000000000000004      2.6      261.1            0
  0x0000000000000008      2.3      267.0            0
  0x0000000000000010      2.8      287.0            0
  0x0000000000000020      2.0      247.9            0
  0x0000000000000040      2.2      284.7            0
  0x0000000000000080      2.4      259.1            0
  0x0000000000000100      2.6      237.0            0
  0x0000000000000200      2.4      257.0            0
  0x0000000000000400      2.8      247.4            0
  0x0000000000000800      2.3      246.2            0
  0x0000000000001000      2.2      209.1            0
  0x0000000000002000      2.7      264.8            0
  0x0000000000004000      2.6      227.5            0
  0x0000000000008000      1.8      239.6            0
  0x0000000000010000      1.9      232.7            0
  0x0000000000020000      2.8      220.2            0
  0x0000000000040000      2.1      254.1            0
  0x0000000000080000      2.1      253.2            0
  0x0000000000100000      2.7      245.2            0
  0x0000000000200000      3.6      273.1            0
  0x0000000000400000      2.8      260.6            0
  0x0000000000800000      2.6      263.8            0
  0x0000000001000000      4.1      232.1            0
  0x0000000002000000      2.7      280.8            0
  0x0000000004000000      8.8      331.4            0
  0x0000000008000000      2.1      247.2            0
  0x0000000010000000      3.1      248.1            0
  0x0000000020000000      2.7      245.5            0
  0x0000000040000000      2.4      206.7            0
  0x0000000080000000      3.3      231.2            0
  0x0000000100000000      2.7      259.4            0
  0x0000000200000000      2.7      273.9            0
  0x0000000400000000      3.6      255.9            0
  0x0000000800000000      3.5      241.2            0
  0x0000001000000000      2.7      276.3            0
  0x0000002000000000      2.5      234.8            0
  0x0000004000000000      2.4      263.8            0
  0x0000008000000000      2.7      244.5            0
  0x0000010000000000      2.6      260.0            0
  0x0000020000000000      2.7      262.7            0
  0x0000040000000000      2.9      212.5            0
  0x0000080000000000      2.4      268.4            0
  0x0000100000000000      3.0      241.3            0
  0x0000200000000000      2.6      224.0            0
  0x0000400000000000      2.4      264.9            0
  0x0000800000000000      5.0      267.4            0
  0x0001000000000000      2.7      236.2            0
  0x0002000000000000      1.9      286.4            0
  0x0004000000000000      2.7      247.0            0
  0x0008000000000000      2.8      265.9            0
  0x0010000000000000      2.2      276.1            0
  0x0020000000000000      3.7      243.1            0
  0x0040000000000000      2.0      217.9            0
  0x0080000000000000      5.2      293.4            0
  0x0100000000000000      2.4      252.5            0
  0x0200000000000000      2.6      287.0            0
  0x0400000000000000      8.2      296.4            0
  0x0800000000000000      2.3      250.8            0
  0x1000000000000000      3.2      231.4            0
  0x2000000000000000      3.8      280.2            0
  0x4000000000000000      2.3      281.0            0
  0x8000000000000000      2.2      225.5            0
  0x0000000000000003      2.5      238.0            0
  0x0000000000000005      2.2      233.6            0
  0x0000000000000009      2.4      249.5            0
  0x0000000000000011      2.2      231.5            0
  0x8000000000000001      2.8      280.4            0
  0x0000000100000001      3.3      270.2            0
  0xf0f0f0f0f0f0f0f0      3.2      226.1            0
  0xffffffffffffffff      3.1      253.6            0
  0x0000000030000000      3.9      267.7            0
  0x0000000300000000      2.7      248.6            0
  0x3000000000000000      3.0      244.2            0
  0x0000000050000000      3.4      237.7            0
  0x0000000500000000      2.1      245.9            0
  0x5000000000000000      2.2      278.1            0
  0x0000000000000006      3.2      259.9            0
  0x0000000060000000      2.6      245.8            0
  0x0000000600000000      2.8      261.1            0
  0x6000000000000000      2.4      288.6            0
  0x0000000000000007      3.6      283.5            0
  0x0000000070000000      5.9      326.6            0
  0x0000000700000000      5.3      267.2            0
  0x7000000000000000      2.5      231.6            0
  0x0000000090000000      2.4      252.0            0
  0x0000000900000000      2.3      287.6            0
  0x9000000000000000     10.4      311.8            1
  0x000000000000000a      2.6      280.8            0
  0x00000000a0000000      2.5      233.1            0
  0x0000000a00000000      3.0      261.9            0
  0xa000000000000000      2.8      237.1            0
  0x000000000000000b      2.7      249.3            0
  0x00000000b0000000      2.6      245.2            0
  0x0000000b00000000      2.3      258.5            0
  0xb000000000000000      2.4      246.8            0
  0x000000000000000c      2.0      261.8            0
  0x00000000c0000000      3.2      235.7            0
  0x0000000c00000000      2.5      266.6            0
  0xc000000000000000      2.3      257.5            0
  0x000000000000000d      2.8      257.4            0
  0x00000000d0000000      2.8      265.4            0
  0x0000000d00000000      1.9      258.7            0
  0xd000000000000000      2.7      250.5            0
  0x000000000000000e      2.7      224.5            0
  0x00000000e0000000      2.6      223.4            0
  0x0000000e00000000      2.8      258.1            0
  0xe000000000000000      2.0      265.5            0
  0x000000000000000f      2.2      243.4            0
  0x00000000f0000000      3.6      286.6            0
  0x0000000f00000000      3.3      276.5            0
  0xf000000000000000      3.0      292.9            0
PASS max_repeats=1 max|z|=10.4 (all 115 deltas)
