# key=123456789abcdef0 N=2^22 kill_repeats=10
# null E[repeats/delta] = 2^22 * 2^-64 = 2^-42
# delta                  max|z|  low8_chi2 full_repeats
  0x0000000000000400      3.1      235.0            0
  0x0000000004000000      7.5      290.8            0
  0x0000000000000001      2.5      246.0            0
  0x0000000000000002      3.0      249.6            0
  0x0000000000000004      2.5      241.3            0
  0x0000000000000008      3.3      288.5            0
  0x0000000000000010      2.7      246.9            0
  0x0000000000000020      3.4      250.9            0
  0x0000000000000040      2.4      271.0            0
  0x0000000000000080      3.9      239.9            0
  0x0000000000000100      2.9      273.3            0
  0x0000000000000200      1.9      237.4            0
  0x0000000000000400      3.1      235.0            0
  0x0000000000000800      2.9      296.7            0
  0x0000000000001000      2.4      244.1            0
  0x0000000000002000      3.3      253.6            0
  0x0000000000004000      4.1      235.0            0
  0x0000000000008000      2.7      227.8            0
  0x0000000000010000      2.0      294.0            0
  0x0000000000020000      3.5      245.1            0
  0x0000000000040000      2.5      211.5            0
  0x0000000000080000      3.2      273.7            0
  0x0000000000100000      2.8      218.6            0
  0x0000000000200000      3.8      297.5            0
  0x0000000000400000      3.1      237.6            0
  0x0000000000800000      2.4      268.5            0
  0x0000000001000000      2.3      254.0            0
  0x0000000002000000      1.9      255.2            0
  0x0000000004000000      7.5      290.8            0
  0x0000000008000000      2.1      257.7            0
  0x0000000010000000      7.2      286.3            0
  0x0000000020000000      4.2      269.1            0
  0x0000000040000000      2.1      263.2            0
  0x0000000080000000      2.1      246.2            0
  0x0000000100000000      7.1      284.9            0
  0x0000000200000000      3.8      244.6            0
  0x0000000400000000      2.2      272.7            0
  0x0000000800000000      3.5      238.6            0
  0x0000001000000000     10.4      301.8            0
  0x0000002000000000      4.9      240.4            0
  0x0000004000000000      2.5      219.8            0
  0x0000008000000000      3.0      271.5            0
  0x0000010000000000      2.4      264.3            0
  0x0000020000000000      7.2      228.5            0
  0x0000040000000000      2.0      259.2            0
  0x0000080000000000      3.4      267.1            0
  0x0000100000000000      2.3      235.6            0
  0x0000200000000000      2.7      232.2            0
  0x0000400000000000      9.7      250.6            0
  0x0000800000000000      3.3      284.5            0
  0x0001000000000000      2.8      234.8            0
  0x0002000000000000     11.8      353.0            0
  0x0004000000000000      2.8      255.7            0
  0x0008000000000000      4.6      281.7            0
  0x0010000000000000      4.1      249.0            0
  0x0020000000000000      2.6      236.0            0
  0x0040000000000000      2.1      249.4            0
  0x0080000000000000      4.0      242.1            0
  0x0100000000000000      2.0      265.3            0
  0x0200000000000000      2.5      266.2            0
  0x0400000000000000      6.3      320.5            0
  0x0800000000000000      2.8      277.5            0
  0x1000000000000000      2.2      287.0            0
  0x2000000000000000      6.3      302.2            0
  0x4000000000000000      3.4      262.1            0
  0x8000000000000000      2.7      262.5            0
  0x0000000000000003      3.1      220.1            0
  0x0000000000000005      4.0      233.8            0
  0x0000000000000009      3.0      251.7            0
  0x0000000000000011      2.9      273.4            0
  0x8000000000000001      2.5      294.0            0
  0x0000000100000001      2.3      266.5            0
  0xf0f0f0f0f0f0f0f0      2.3      270.9            0
  0xffffffffffffffff      2.6      263.8            0
  0x0000000030000000      2.6      285.2            0
  0x0000000300000000      2.3      262.5            0
  0x3000000000000000     10.2      328.7            0
  0x0000000050000000      2.5      230.2            0
  0x0000000500000000      2.6      239.0            0
  0x5000000000000000      2.6      248.6            0
  0x0000000000000006      2.5      250.0            0
  0x0000000060000000      3.1      254.9            0
  0x0000000600000000      2.7      270.5            0
  0x6000000000000000      2.2      284.8            0
  0x0000000000000007      2.9      251.6            0
  0x0000000070000000      2.3      303.6            0
  0x0000000700000000      3.4      261.1            0
  0x7000000000000000      2.8      279.7            0
  0x0000000090000000      2.4      262.1            0
  0x0000000900000000      2.9      262.6            0
  0x9000000000000000      2.1      253.2            0
  0x000000000000000a      3.0      269.9            0
  0x00000000a0000000      5.3      261.9            0
  0x0000000a00000000      2.8      303.6            0
  0xa000000000000000      2.7      214.6            0
  0x000000000000000b      2.5      250.8            0
  0x00000000b0000000      3.8      243.9            0
  0x0000000b00000000      2.7      234.5            0
  0xb000000000000000      2.5      272.5            0
  0x000000000000000c      4.0      244.8            0
  0x00000000c0000000      1.9      245.7            0
  0x0000000c00000000      2.5      244.1            0
  0xc000000000000000      3.8      262.5            0
  0x000000000000000d      3.1      240.9            0
  0x00000000d0000000      2.6      207.9            0
  0x0000000d00000000      2.2      267.3            0
  0xd000000000000000      2.6      266.9            0
  0x000000000000000e      2.4      261.4            0
  0x00000000e0000000      2.8      280.9            0
  0x0000000e00000000      2.4      229.5            0
  0xe000000000000000      1.8      253.0            0
  0x000000000000000f      3.3      257.2            0
  0x00000000f0000000      2.9      239.0            0
  0x0000000f00000000      2.2      220.8            0
  0xf000000000000000      2.5      233.7            0
PASS max_repeats=0 max|z|=11.8 (all 115 deltas)
