# key=123456789abcdef0 N=2^22 kill_repeats=10
# null E[repeats/delta] = 2^22 * 2^-64 = 2^-42
# delta                  max|z|  low8_chi2 full_repeats
  0x0000000000000400      3.4      266.6            0
  0x0000000004000000      7.6      235.1            0
  0x0000000000000001      2.3      282.9            0
  0x0000000000000002      2.7      244.5            0
  0x0000000000000004      2.0      252.4            0
  0x0000000000000008      3.1      270.1            0
  0x0000000000000010      2.8      269.9            0
  0x0000000000000020      1.9      207.6            0
  0x0000000000000040      2.1      265.7            0
  0x0000000000000080      2.6      266.9            0
  0x0000000000000100      2.7      240.3            0
  0x0000000000000200      2.9      300.5            0
  0x0000000000000400      3.4      266.6            0
  0x0000000000000800      3.2      260.4            0
  0x0000000000001000      2.7      269.2            0
  0x0000000000002000      3.0      257.0            0
  0x0000000000004000      2.2      255.0            0
  0x0000000000008000      2.7      259.8            0
  0x0000000000010000      2.7      268.8            0
  0x0000000000020000      3.0      245.1            0
  0x0000000000040000      3.1      274.3            0
  0x0000000000080000      3.1      261.9            0
  0x0000000000100000      2.0      302.7            0
  0x0000000000200000      2.6      248.2            0
  0x0000000000400000      2.7      256.5            0
  0x0000000000800000      2.8      261.3            0
  0x0000000001000000      7.8      261.0            0
  0x0000000002000000      1.7      314.6            0
  0x0000000004000000      7.6      235.1            0
  0x0000000008000000      2.7      258.0            0
  0x0000000010000000      9.4      379.5            0
  0x0000000020000000      2.3      263.1            0
  0x0000000040000000      2.5      269.9            0
  0x0000000080000000      2.7      269.9            0
  0x0000000100000000      6.5      282.5            0
  0x0000000200000000      2.6      214.7            0
  0x0000000400000000      3.7      293.3            0
  0x0000000800000000      2.4      239.0            0
  0x0000001000000000      5.7      269.6            0
  0x0000002000000000      3.0      223.0            0
  0x0000004000000000      2.8      224.7            0
  0x0000008000000000      2.8      300.1            0
  0x0000010000000000      2.7      245.7            0
  0x0000020000000000      5.2      290.7            0
  0x0000040000000000      2.8      240.9            0
  0x0000080000000000      2.2      252.5            0
  0x0000100000000000      2.5      229.3            0
  0x0000200000000000      2.4      248.6            0
  0x0000400000000000      2.7      222.2            0
  0x0000800000000000      2.3      241.3            0
  0x0001000000000000      2.5      258.2            0
  0x0002000000000000      3.9      290.1            0
  0x0004000000000000      3.0      275.3            0
  0x0008000000000000      2.8      251.6            0
  0x0010000000000000      6.8      319.0            0
  0x0020000000000000      3.7      258.9            0
  0x0040000000000000      2.7      249.4            0
  0x0080000000000000      3.0      237.7            0
  0x0100000000000000      2.8      252.6            0
  0x0200000000000000      2.2      231.2            0
  0x0400000000000000      2.5      307.0            0
  0x0800000000000000      2.9      262.4            0
  0x1000000000000000      2.7      264.7            0
  0x2000000000000000      3.2      247.8            0
  0x4000000000000000      3.4      267.1            0
  0x8000000000000000      2.7      267.3            0
  0x0000000000000003      2.6      256.2            0
  0x0000000000000005      2.6      310.2            0
  0x0000000000000009      2.4      220.5            0
  0x0000000000000011      2.2      238.6            0
  0x8000000000000001      2.6      237.7            0
  0x0000000100000001      2.1      218.4            0
  0xf0f0f0f0f0f0f0f0      2.6      228.0            0
  0xffffffffffffffff      2.9      250.7            0
  0x0000000030000000      2.9      265.5            0
  0x0000000300000000      2.1      293.4            0
  0x3000000000000000      3.1      241.1            0
  0x0000000050000000      2.0      257.7            0
  0x0000000500000000      3.5      221.2            0
  0x5000000000000000      3.3      257.0            0
  0x0000000000000006      2.8      247.3            0
  0x0000000060000000      5.5      258.0            0
  0x0000000600000000      2.9      242.1            0
  0x6000000000000000      2.6      264.4            0
  0x0000000000000007      4.2      281.6            0
  0x0000000070000000      2.5      262.0            0
  0x0000000700000000      2.5      245.0            0
  0x7000000000000000      4.4      269.5            0
  0x0000000090000000      3.3      259.0            0
  0x0000000900000000      3.5      237.6            0
  0x9000000000000000      3.1      203.9            0
  0x000000000000000a      2.8      239.2            0
  0x00000000a0000000      2.4      231.3            0
  0x0000000a00000000      2.3      256.1            0
  0xa000000000000000      3.0      228.3            0
  0x000000000000000b      1.9      256.9            0
  0x00000000b0000000      2.3      263.8            0
  0x0000000b00000000      2.0      224.8            0
  0xb000000000000000      5.0      314.8            0
  0x000000000000000c      2.9      203.9            0
  0x00000000c0000000      2.2      266.0            0
  0x0000000c00000000      3.0      259.2            0
  0xc000000000000000      2.3      264.1            0
  0x000000000000000d      3.3      291.0            0
  0x00000000d0000000      3.0      294.4            0
  0x0000000d00000000      8.9      324.4            0
  0xd000000000000000     12.6      347.4            0
  0x000000000000000e      3.1      254.2            0
  0x00000000e0000000     13.0      297.3            0
  0x0000000e00000000      4.4      255.5            0
  0xe000000000000000      2.3      274.8            0
  0x000000000000000f      4.1      238.5            0
  0x00000000f0000000      2.5      257.5            0
  0x0000000f00000000      3.1      224.9            0
  0xf000000000000000      2.6      231.9            0
PASS max_repeats=0 max|z|=13.0 (all 115 deltas)
