# key=123456789abcdef0 N=2^22 kill_repeats=10
# null E[repeats/delta] = 2^22 * 2^-64 = 2^-42
# delta                  max|z|  low8_chi2 full_repeats
  0x0000000000000400      3.4      225.8            0
  0x0000000004000000      3.1      275.6            0
  0x0000000000000001     16.4      272.6            0
  0x0000000000000002      7.6      307.5            0
  0x0000000000000004      4.3      257.5            0
  0x0000000000000008      2.8      272.7            0
  0x0000000000000010      6.7      236.9            0
  0x0000000000000020      9.2      245.7            0
  0x0000000000000040      6.0      336.8            0
  0x0000000000000080      8.3      258.4            0
  0x0000000000000100      6.2      234.7            0
  0x0000000000000200     13.4      303.4            0
  0x0000000000000400      3.4      225.8            0
  0x0000000000000800      6.0      326.3            0
  0x0000000000001000     19.5      231.7            0
  0x0000000000002000      3.5      251.5            0
  0x0000000000004000      2.6      233.0            0
  0x0000000000008000      5.4      258.8            0
  0x0000000000010000      5.4      250.1            0
  0x0000000000020000      2.4      244.8            0
  0x0000000000040000      3.6      271.3            0
  0x0000000000080000      3.9      263.7            0
  0x0000000000100000     17.3      516.9            0
  0x0000000000200000      3.6      284.8            0
  0x0000000000400000     29.6      273.2            0
  0x0000000000800000      2.4      202.9            0
  0x0000000001000000      6.6      314.2            0
  0x0000000002000000     90.3      413.3            0
  0x0000000004000000      3.1      275.6            0
  0x0000000008000000      5.2      218.2            0
  0x0000000010000000     22.8      805.1            0
  0x0000000020000000     31.8     1376.5            0
  0x0000000040000000      4.1      231.2            0
  0x0000000080000000     14.4      356.4            0
  0x0000000100000000     13.5      229.5            0
  0x0000000200000000     90.3      310.3            0
  0x0000000400000000     18.7      300.0            0
  0x0000000800000000     42.2      433.3            0
  0x0000001000000000      6.7      251.2            0
  0x0000002000000000      2.6      282.9            0
  0x0000004000000000     18.9      243.0            0
  0x0000008000000000      3.0      294.7            0
  0x0000010000000000     23.4      250.7            0
  0x0000020000000000      9.2      284.9            0
  0x0000040000000000     36.0      234.5            0
  0x0000080000000000      3.2      275.6            0
  0x0000100000000000    111.6     2443.3            0
  0x0000200000000000     42.1      260.1            0
  0x0000400000000000    113.2    17043.8            0
  0x0000800000000000     48.6      335.3            0
  0x0001000000000000     48.5      877.9            0
  0x0002000000000000     66.5      271.4            0
  0x0004000000000000     47.5     2513.8            0
  0x0008000000000000     17.7      257.9            0
  0x0010000000000000      5.8      288.7            0
  0x0020000000000000     18.8      266.3            0
  0x0040000000000000      6.4      237.5            0
  0x0080000000000000     37.8      241.6            0
  0x0100000000000000      3.8      240.3            0
  0x0200000000000000     52.5      301.8            0
  0x0400000000000000     15.1      241.6            0
  0x0800000000000000     25.3      239.0            0
  0x1000000000000000     50.3      226.2            0
  0x2000000000000000      3.5      262.8            0
  0x4000000000000000     19.2      282.9            0
  0x8000000000000000     36.6      295.6            0
  0x0000000000000003      2.0      231.8            0
  0x0000000000000005      2.3      260.1            0
  0x0000000000000009      2.4      268.0            0
  0x0000000000000011      2.5      295.0            0
  0x8000000000000001      2.2      291.5            0
  0x0000000100000001      3.6      212.2            0
  0xf0f0f0f0f0f0f0f0      2.5      243.4            0
  0xffffffffffffffff      2.2      245.4            0
  0x0000000030000000     35.0     1484.6            0
  0x0000000300000000     10.3      238.8            0
  0x3000000000000000      2.4      283.5            0
  0x0000000050000000      3.5      271.6            0
  0x0000000500000000      2.8      244.0            0
  0x5000000000000000     12.8      400.2            0
  0x0000000000000006      3.0      255.7            0
  0x0000000060000000      3.2      236.6            0
  0x0000000600000000      3.5      246.1            0
  0x6000000000000000      3.7      245.6            0
  0x0000000000000007      2.9      255.4            0
  0x0000000070000000      2.4      245.9            0
  0x0000000700000000      3.2      231.5            0
  0x7000000000000000      3.5      239.7            0
  0x0000000090000000      3.0      261.3            0
  0x0000000900000000      8.3      273.7            0
  0x9000000000000000      5.1      266.7            0
  0x000000000000000a      2.8      246.5            0
  0x00000000a0000000      2.8      277.0            0
  0x0000000a00000000      2.8      278.8            0
  0xa000000000000000      2.2      273.4            0
  0x000000000000000b      2.4      257.7            0
  0x00000000b0000000      2.6      240.3            0
  0x0000000b00000000      1.8      242.6            0
  0xb000000000000000      2.1      270.8            0
  0x000000000000000c      2.6      229.3            0
  0x00000000c0000000      8.4      263.0            0
  0x0000000c00000000      2.8      241.8            0
  0xc000000000000000      2.2      256.0            0
  0x000000000000000d      3.8      305.8            0
  0x00000000d0000000      2.3      243.2            0
  0x0000000d00000000      2.5      239.7            0
  0xd000000000000000      2.7      277.1            0
  0x000000000000000e      2.2      286.9            0
  0x00000000e0000000      7.0      344.7            0
  0x0000000e00000000      2.7      219.1            0
  0xe000000000000000      3.9      284.4            0
  0x000000000000000f      2.1      245.8            0
  0x00000000f0000000      1.9      262.5            0
  0x0000000f00000000      2.4      206.4            0
  0xf000000000000000      2.6      237.0            0
PASS max_repeats=0 max|z|=113.2 (all 115 deltas)
