# key=123456789abcdef0 N=2^22 kill_repeats=10
# null E[repeats/delta] = 2^22 * 2^-64 = 2^-42
# delta                  max|z|  low8_chi2 full_repeats
  0x0000000000000400      2.3      236.0            0
  0x0000000004000000      6.5      270.0            0
  0x0000000000000001      2.8      265.6            0
  0x0000000000000002      2.4      289.4            0
  0x0000000000000004      2.6      249.2            0
  0x0000000000000008      2.6      294.3            0
  0x0000000000000010      2.1      255.4            0
  0x0000000000000020      2.5      240.2            0
  0x0000000000000040      2.8      304.6            0
  0x0000000000000080      2.0      245.0            0
  0x0000000000000100      2.4      272.6            0
  0x0000000000000200      2.5      266.1            0
  0x0000000000000400      2.3      236.0            0
  0x0000000000000800      3.2      238.9            0
  0x0000000000001000      2.1      246.6            0
  0x0000000000002000      3.5      293.4            0
  0x0000000000004000      3.3      269.0            0
  0x0000000000008000      2.7      233.4            0
  0x0000000000010000      1.8      255.4            0
  0x0000000000020000      2.1      262.9            0
  0x0000000000040000      2.6      270.1            0
  0x0000000000080000      2.6      240.0            0
  0x0000000000100000      3.2      296.4            0
  0x0000000000200000      2.7      257.4            0
  0x0000000000400000      2.7      256.0            0
  0x0000000000800000      2.3      258.1            0
  0x0000000001000000      2.5      231.6            0
  0x0000000002000000      2.8      239.1            0
  0x0000000004000000      6.5      270.0            0
  0x0000000008000000      2.0      251.4            0
  0x0000000010000000      4.9      246.3            0
  0x0000000020000000      2.0      285.5            0
  0x0000000040000000      3.3      293.6            0
  0x0000000080000000      6.2      269.7            0
  0x0000000100000000      5.5      238.5            0
  0x0000000200000000      2.4      254.4            0
  0x0000000400000000      3.0      253.1            0
  0x0000000800000000      3.3      246.8            0
  0x0000001000000000      4.6      282.5            0
  0x0000002000000000      2.2      309.2            0
  0x0000004000000000      2.5      239.0            0
  0x0000008000000000      3.5      239.5            0
  0x0000010000000000      2.3      254.0            0
  0x0000020000000000      6.1      273.1            0
  0x0000040000000000      2.6      256.4            0
  0x0000080000000000      2.9      267.3            0
  0x0000100000000000      3.3      232.4            0
  0x0000200000000000      2.8      276.3            0
  0x0000400000000000      3.4      235.9            0
  0x0000800000000000      5.6      265.9            0
  0x0001000000000000      3.2      253.1            0
  0x0002000000000000      3.5      254.6            0
  0x0004000000000000      3.1      317.5            0
  0x0008000000000000      2.0      279.9            0
  0x0010000000000000      6.7      247.2            0
  0x0020000000000000      2.4      252.0            0
  0x0040000000000000      2.6      274.8            0
  0x0080000000000000      2.7      249.0            0
  0x0100000000000000      2.8      300.9            0
  0x0200000000000000      2.4      205.8            0
  0x0400000000000000      6.5      292.8            0
  0x0800000000000000      2.7      284.0            0
  0x1000000000000000      4.5      259.2            0
  0x2000000000000000      4.0      277.8            0
  0x4000000000000000      3.4      307.0            0
  0x8000000000000000      2.7      259.7            0
  0x0000000000000003      2.6      272.9            0
  0x0000000000000005      2.7      255.5            0
  0x0000000000000009      3.8      264.6            0
  0x0000000000000011      2.9      238.7            0
  0x8000000000000001      2.2      265.6            0
  0x0000000100000001      2.3      233.1            0
  0xf0f0f0f0f0f0f0f0      2.6      260.2            0
  0xffffffffffffffff      2.6      233.5            0
  0x0000000030000000      2.6      277.0            0
  0x0000000300000000      3.1      236.7            0
  0x3000000000000000      4.9      231.6            0
  0x0000000050000000      2.8      249.8            0
  0x0000000500000000      2.9      259.3            0
  0x5000000000000000      2.1      267.6            0
  0x0000000000000006      3.1      217.7            0
  0x0000000060000000      2.5      216.5            0
  0x0000000600000000      2.3      240.8            0
  0x6000000000000000      3.1      243.7            0
  0x0000000000000007      2.3      272.2            0
  0x0000000070000000      2.4      230.9            0
  0x0000000700000000      2.2      225.6            0
  0x7000000000000000      2.0      249.5            0
  0x0000000090000000      2.9      248.8            0
  0x0000000900000000      2.5      252.0            0
  0x9000000000000000      2.5      248.2            0
  0x000000000000000a      2.6      201.9            0
  0x00000000a0000000      2.2      299.9            0
  0x0000000a00000000      2.3      239.5            0
  0xa000000000000000      2.7      295.2            0
  0x000000000000000b      2.4      251.1            0
  0x00000000b0000000      2.9      257.2            0
  0x0000000b00000000      2.6      241.0            0
  0xb000000000000000      2.7      229.9            0
  0x000000000000000c      2.3      252.4            0
  0x00000000c0000000      2.4      255.0            0
  0x0000000c00000000      2.8      251.1            0
  0xc000000000000000      3.5      264.8            0
  0x000000000000000d      2.8      288.7            0
  0x00000000d0000000      2.9      258.6            0
  0x0000000d00000000      3.3      262.9            0
  0xd000000000000000      2.1      237.8            0
  0x000000000000000e      2.8      257.0            0
  0x00000000e0000000      3.1      270.1            0
  0x0000000e00000000      2.6      255.1            0
  0xe000000000000000      3.1      300.4            0
  0x000000000000000f      2.3      246.6            0
  0x00000000f0000000      3.2      290.5            0
  0x0000000f00000000      2.4      288.4            0
  0xf000000000000000      2.2      281.0            0
PASS max_repeats=0 max|z|=6.7 (all 115 deltas)
