# key=123456789abcdef0 N=2^22 kill_repeats=10
# null E[repeats/delta] = 2^22 * 2^-64 = 2^-42
# delta                  max|z|  low8_chi2 full_repeats
  0x0000000000000400      3.0      256.1            0
  0x0000000004000000      6.0      253.5            0
  0x0000000000000001      4.2      281.8            0
  0x0000000000000002      3.6      216.2            0
  0x0000000000000004      4.3      272.4            0
  0x0000000000000008      2.6      257.0            0
  0x0000000000000010      5.3      293.3            0
  0x0000000000000020      5.2      276.8            0
  0x0000000000000040      5.8      265.5            0
  0x0000000000000080      2.3      236.7            0
  0x0000000000000100      4.7      243.4            0
  0x0000000000000200      3.5      296.0            0
  0x0000000000000400      3.0      256.1            0
  0x0000000000000800      3.1      266.9            0
  0x0000000000001000      4.1      247.3            0
  0x0000000000002000      3.1      258.8            0
  0x0000000000004000      3.1      229.0            0
  0x0000000000008000      2.8      214.5            0
  0x0000000000010000      6.4      239.3            0
  0x0000000000020000      3.4      230.8            0
  0x0000000000040000      3.0      253.6            0
  0x0000000000080000      1.8      266.2            0
  0x0000000000100000      3.7      239.6            0
  0x0000000000200000      2.5      290.0            0
  0x0000000000400000      3.7      238.7            0
  0x0000000000800000      3.6      291.5            0
  0x0000000001000000      8.7      293.5            0
  0x0000000002000000      3.0      281.1            0
  0x0000000004000000      6.0      253.5            0
  0x0000000008000000      3.1      287.1            0
  0x0000000010000000      2.7      257.2            0
  0x0000000020000000      3.1      238.9            0
  0x0000000040000000     17.3      616.2            0
  0x0000000080000000      2.1      224.8            0
  0x0000000100000000      3.1      220.0            0
  0x0000000200000000      2.6      300.5            0
  0x0000000400000000      6.7      319.5            0
  0x0000000800000000      2.3      265.2            0
  0x0000001000000000      2.9      235.6            0
  0x0000002000000000      3.4      187.3            0
  0x0000004000000000     15.4      743.2            0
  0x0000008000000000      3.1      233.8            0
  0x0000010000000000      5.1      277.8            0
  0x0000020000000000      2.4      265.6            0
  0x0000040000000000      3.9      297.6            0
  0x0000080000000000      2.8      281.5            0
  0x0000100000000000      3.5      260.1            0
  0x0000200000000000      2.2      272.2            0
  0x0000400000000000      2.5      277.9            0
  0x0000800000000000      2.4      267.5            0
  0x0001000000000000      9.9      233.3            0
  0x0002000000000000      2.4      269.6            0
  0x0004000000000000      4.7      279.4            0
  0x0008000000000000      2.6      267.5            0
  0x0010000000000000      2.4      270.2            0
  0x0020000000000000     17.9      285.4            0
  0x0040000000000000      8.3      273.7            0
  0x0080000000000000      3.2      228.6            0
  0x0100000000000000      4.0      273.2            0
  0x0200000000000000      2.7      244.4            0
  0x0400000000000000     12.3      259.5            0
  0x0800000000000000      5.0      274.1            0
  0x1000000000000000      4.2      279.4            0
  0x2000000000000000     26.2      901.0            0
  0x4000000000000000      2.3      229.4            0
  0x8000000000000000      3.5      277.4            0
  0x0000000000000003      2.8      275.5            0
  0x0000000000000005      2.3      229.9            0
  0x0000000000000009      2.7      276.7            0
  0x0000000000000011      2.6      238.4            0
  0x8000000000000001      3.3      268.6            0
  0x0000000100000001      3.7      216.0            0
  0xf0f0f0f0f0f0f0f0      1.9      274.9            0
  0xffffffffffffffff      2.6      236.6            0
  0x0000000030000000      3.1      273.4            0
  0x0000000300000000      2.2      270.4            0
  0x3000000000000000      2.0      257.8            0
  0x0000000050000000      2.6      249.4            0
  0x0000000500000000      3.7      232.8            0
  0x5000000000000000      2.9      254.0            0
  0x0000000000000006      2.4      254.4            0
  0x0000000060000000      4.3      269.4            0
  0x0000000600000000      5.4      244.3            0
  0x6000000000000000      2.9      250.3            0
  0x0000000000000007      3.0      239.3            0
  0x0000000070000000      2.3      205.8            0
  0x0000000700000000      2.9      249.4            0
  0x7000000000000000      2.6      265.4            0
  0x0000000090000000      2.3      249.9            0
  0x0000000900000000      2.7      252.5            0
  0x9000000000000000      2.7      272.4            0
  0x000000000000000a      3.8      263.2            0
  0x00000000a0000000      9.5      274.9            0
  0x0000000a00000000      8.1      418.0            0
  0xa000000000000000      2.9      223.3            0
  0x000000000000000b      2.9      239.8            0
  0x00000000b0000000      2.2      293.0            0
  0x0000000b00000000      2.4      250.3            0
  0xb000000000000000      2.3      232.1            0
  0x000000000000000c      2.7      275.1            0
  0x00000000c0000000      2.2      289.3            0
  0x0000000c00000000      2.5      250.1            0
  0xc000000000000000      2.5      241.3            0
  0x000000000000000d      2.3      285.0            0
  0x00000000d0000000      2.6      277.3            0
  0x0000000d00000000      2.4      239.4            0
  0xd000000000000000      2.8      266.4            0
  0x000000000000000e      3.0      266.4            0
  0x00000000e0000000      2.9      239.1            0
  0x0000000e00000000      2.3      282.1            0
  0xe000000000000000      2.6      249.1            0
  0x000000000000000f      2.7      265.6            0
  0x00000000f0000000     20.1      289.8            0
  0x0000000f00000000      5.1      308.1            0
  0xf000000000000000     16.7      256.6            0
PASS max_repeats=0 max|z|=26.2 (all 115 deltas)
