# key=123456789abcdef0 N=2^22 kill_repeats=10
# null E[repeats/delta] = 2^22 * 2^-64 = 2^-42
# delta                  max|z|  low8_chi2 full_repeats
  0x0000000000000400      2.7      244.3            0
  0x0000000004000000      4.4      263.0            0
  0x0000000000000001      4.2      264.5            0
  0x0000000000000002      3.6      270.5            0
  0x0000000000000004      2.6      231.9            0
  0x0000000000000008      2.5      262.6            0
  0x0000000000000010      2.6      231.8            0
  0x0000000000000020      3.3      251.6            0
  0x0000000000000040      2.8      243.2            0
  0x0000000000000080      3.6      255.2            0
  0x0000000000000100      3.1      267.6            0
  0x0000000000000200      3.1      235.5            0
  0x0000000000000400      2.7      244.3            0
  0x0000000000000800      2.4      222.0            0
  0x0000000000001000      2.5      241.4            0
  0x0000000000002000      2.2      269.3            0
  0x0000000000004000      2.6      235.4            0
  0x0000000000008000      3.4      215.3            0
  0x0000000000010000      2.8      275.3            0
  0x0000000000020000      2.6      270.1            0
  0x0000000000040000      2.4      269.9            0
  0x0000000000080000      3.0      294.5            0
  0x0000000000100000      2.7      245.4            0
  0x0000000000200000      3.5      279.7            0
  0x0000000000400000      2.0      272.8            0
  0x0000000000800000      2.2      228.9            0
  0x0000000001000000     12.9      489.4            1
  0x0000000002000000      2.3      232.9            0
  0x0000000004000000      4.4      263.0            0
  0x0000000008000000      5.3      221.3            0
  0x0000000010000000      2.7      282.3            0
  0x0000000020000000      2.9      279.1            0
  0x0000000040000000      2.3      246.8            0
  0x0000000080000000      1.8      274.3            0
  0x0000000100000000     18.3      383.2            0
  0x0000000200000000      2.5      236.2            0
  0x0000000400000000      2.3      238.1            0
  0x0000000800000000      1.9      272.0            0
  0x0000001000000000      4.5      283.2            0
  0x0000002000000000      3.1      211.7            0
  0x0000004000000000      2.2      298.9            0
  0x0000008000000000      2.5      252.9            0
  0x0000010000000000      2.2      247.9            0
  0x0000020000000000      2.4      246.9            0
  0x0000040000000000      3.0      269.7            0
  0x0000080000000000      2.3      293.8            0
  0x0000100000000000      5.7      267.3            0
  0x0000200000000000      2.5      302.1            0
  0x0000400000000000      2.2      279.3            0
  0x0000800000000000      2.5      250.0            0
  0x0001000000000000      3.2      225.7            0
  0x0002000000000000      2.2      275.6            0
  0x0004000000000000      2.5      269.8            0
  0x0008000000000000      2.2      223.1            0
  0x0010000000000000      2.6      251.3            0
  0x0020000000000000      2.2      232.4            0
  0x0040000000000000      2.7      219.6            0
  0x0080000000000000      1.9      237.3            0
  0x0100000000000000     16.1      251.6            0
  0x0200000000000000      2.6      234.4            0
  0x0400000000000000      5.1      255.2            0
  0x0800000000000000      3.1      331.2            0
  0x1000000000000000      2.7      243.4            0
  0x2000000000000000     17.7      347.3            0
  0x4000000000000000      2.6      274.9            0
  0x8000000000000000      2.5      222.5            0
  0x0000000000000003      2.8      231.6            0
  0x0000000000000005      4.3      241.7            0
  0x0000000000000009      3.0      213.9            0
  0x0000000000000011      2.2      258.7            0
  0x8000000000000001      2.6      205.8            0
  0x0000000100000001      2.5      215.7            0
  0xf0f0f0f0f0f0f0f0      2.2      252.9            0
  0xffffffffffffffff      2.3      257.7            0
  0x0000000030000000      2.7      237.9            0
  0x0000000300000000      2.9      282.6            0
  0x3000000000000000      3.1      229.6            0
  0x0000000050000000      8.6      247.5            0
  0x0000000500000000      6.9      347.3            0
  0x5000000000000000      2.7      325.0            0
  0x0000000000000006      3.0      243.2            0
  0x0000000060000000      2.1      263.5            0
  0x0000000600000000      2.2      240.4            0
  0x6000000000000000      2.2      265.7            0
  0x0000000000000007      2.7      264.2            0
  0x0000000070000000      1.9      222.4            0
  0x0000000700000000      2.4      283.3            0
  0x7000000000000000      3.1      256.0            0
  0x0000000090000000      2.5      258.9            0
  0x0000000900000000      3.0      263.4            0
  0x9000000000000000      2.6      221.2            0
  0x000000000000000a      3.6      223.9            0
  0x00000000a0000000      2.8      200.2            0
  0x0000000a00000000      2.6      233.5            0
  0xa000000000000000      2.8      252.0            0
  0x000000000000000b      2.8      257.2            0
  0x00000000b0000000      2.6      255.5            0
  0x0000000b00000000      2.5      239.5            0
  0xb000000000000000      2.8      277.2            0
  0x000000000000000c      2.5      264.7            0
  0x00000000c0000000      1.8      281.3            0
  0x0000000c00000000      2.7      196.6            0
  0xc000000000000000      2.9      266.2            0
  0x000000000000000d      2.3      271.4            0
  0x00000000d0000000      3.0      261.1            0
  0x0000000d00000000      3.3      264.1            0
  0xd000000000000000      4.4      291.8            0
  0x000000000000000e      3.2      260.5            0
  0x00000000e0000000      2.2      239.3            0
  0x0000000e00000000      2.9      227.2            0
  0xe000000000000000      3.0      210.8            0
  0x000000000000000f      3.0      276.0            0
  0x00000000f0000000      2.6      266.7            0
  0x0000000f00000000      3.1      283.5            0
  0xf000000000000000      2.6      269.7            0
PASS max_repeats=1 max|z|=18.3 (all 115 deltas)
