RNG_test using PractRand version 0.96
RNG = RNG_file64("/tmp/_gen_8GB.bin"), seed = unknown
test set = core, folding = standard (64 bit)

rng=RNG_file64("/tmp/_gen_8GB.bin"), seed=unknown
length= 64 megabytes (2^26 bytes), time= 3.5 seconds
  no anomalies in 172 test result(s)

rng=RNG_file64("/tmp/_gen_8GB.bin"), seed=unknown
length= 128 megabytes (2^27 bytes), time= 7.3 seconds
  no anomalies in 185 test result(s)

rng=RNG_file64("/tmp/_gen_8GB.bin"), seed=unknown
length= 256 megabytes (2^28 bytes), time= 8.7 seconds
  no anomalies in 199 test result(s)

rng=RNG_file64("/tmp/_gen_8GB.bin"), seed=unknown
length= 512 megabytes (2^29 bytes), time= 11.3 seconds
  no anomalies in 213 test result(s)

rng=RNG_file64("/tmp/_gen_8GB.bin"), seed=unknown
length= 1 gigabyte (2^30 bytes), time= 16.0 seconds
  no anomalies in 227 test result(s)

rng=RNG_file64("/tmp/_gen_8GB.bin"), seed=unknown
length= 2 gigabytes (2^31 bytes), time= 25.3 seconds
  no anomalies in 242 test result(s)

rng=RNG_file64("/tmp/_gen_8GB.bin"), seed=unknown
length= 4 gigabytes (2^32 bytes), time= 41.9 seconds
  no anomalies in 256 test result(s)

rng=RNG_file64("/tmp/_gen_8GB.bin"), seed=unknown
length= 8 gigabytes (2^33 bytes), time= 77.0 seconds
  Test Name                         Raw       Processed     Evaluation       
  [Low1/64]FPF/16:all               R=  +6.9  p =  5.7e-6   mildly suspicious
  [Low1/64]FPF/16:cross             R=  +5.1  p =  1.0e-4   unusual          
  ...and 268 test result(s) without anomalies

error reading from file
