RNG_test using PractRand version 0.96
RNG = RNG_stdin64, seed = unknown
test set = core, folding = standard (64 bit)

rng=RNG_stdin64, seed=unknown
length= 256 megabytes (2^28 bytes), time= 3.0 seconds
  Test Name                         Raw       Processed     Evaluation       
  [Low1/64]FPF/16:all               R=  +5.9  p =  6.5e-5   unusual          
  ...and 198 test result(s) without anomalies

rng=RNG_stdin64, seed=unknown
length= 512 megabytes (2^29 bytes), time= 6.4 seconds
  no anomalies in 213 test result(s)

rng=RNG_stdin64, seed=unknown
length= 1 gigabyte (2^30 bytes), time= 12.8 seconds
  no anomalies in 227 test result(s)

rng=RNG_stdin64, seed=unknown
length= 2 gigabytes (2^31 bytes), time= 25.1 seconds
  Test Name                         Raw       Processed     Evaluation       
  [Low1/64]FPF/16:(0,14-0)          R=  +8.2  p =  3.6e-7   mildly suspicious
  [Low1/64]FPF/16:all               R= +11.8  p =  1.4e-10   VERY SUSPICIOUS 
  ...and 240 test result(s) without anomalies

error reading from file
