# key=123456789abcdef0 N=2^22 kill_repeats=10
# null E[repeats/delta] = 2^22 * 2^-64 = 2^-42
# delta                  max|z|  low8_chi2 full_repeats
  0x0000000000000400      2.4      261.1            0
  0x0000000004000000      5.3      336.1            0
  0x0000000000000001      2.6      257.7            0
  0x0000000000000002      2.2      270.2            0
  0x0000000000000004      2.1      279.2            0
  0x0000000000000008      2.6      271.9            0
  0x0000000000000010      2.2      271.7            0
  0x0000000000000020      2.6      286.3            0
  0x0000000000000040      2.4      276.1            0
  0x0000000000000080      2.7      237.6            0
  0x0000000000000100      2.0      230.2            0
  0x0000000000000200      2.3      226.3            0
  0x0000000000000400      2.4      261.1            0
  0x0000000000000800      3.1      263.6            0
  0x0000000000001000      2.3      267.2            0
  0x0000000000002000      2.3      228.3            0
  0x0000000000004000      3.0      283.9            0
  0x0000000000008000      2.8      276.1            0
  0x0000000000010000      2.5      243.1            0
  0x0000000000020000      3.1      238.8            0
  0x0000000000040000      2.0      252.9            0
  0x0000000000080000      2.3      226.1            0
  0x0000000000100000      2.4      242.1            0
  0x0000000000200000      2.6      224.7            0
  0x0000000000400000      2.6      243.1            0
  0x0000000000800000      2.7      277.1            0
  0x0000000001000000      5.1      304.2            0
  0x0000000002000000      2.7      252.4            0
  0x0000000004000000      5.3      336.1            0
  0x0000000008000000      2.3      298.2            0
  0x0000000010000000      3.1      282.2            0
  0x0000000020000000      2.8      235.2            0
  0x0000000040000000      2.3      276.5            0
  0x0000000080000000      3.9      279.2            0
  0x0000000100000000      3.9      253.1            1
  0x0000000200000000      3.1      227.7            0
  0x0000000400000000      3.3      280.0            0
  0x0000000800000000      4.6      309.5            0
  0x0000001000000000      3.9      233.5            0
  0x0000002000000000      1.9      226.2            0
  0x0000004000000000      2.4      218.6            0
  0x0000008000000000      2.6      265.2            0
  0x0000010000000000      2.6      251.2            0
  0x0000020000000000      2.9      233.1            0
  0x0000040000000000      2.7      239.3            0
  0x0000080000000000      2.6      282.5            0
  0x0000100000000000      2.1      248.8            0
  0x0000200000000000      2.6      258.5            0
  0x0000400000000000      2.7      252.5            0
  0x0000800000000000      3.1      291.7            0
  0x0001000000000000      2.5      257.7            0
  0x0002000000000000      3.0      287.3            0
  0x0004000000000000      4.2      266.6            0
  0x0008000000000000      2.2      220.9            0
  0x0010000000000000      3.0      296.4            0
  0x0020000000000000      2.6      258.2            0
  0x0040000000000000      7.2      260.2            0
  0x0080000000000000      2.7      227.6            0
  0x0100000000000000      2.8      233.9            0
  0x0200000000000000      2.0      238.4            0
  0x0400000000000000      4.3      269.6            0
  0x0800000000000000      2.2      257.2            0
  0x1000000000000000      2.8      253.8            0
  0x2000000000000000      3.9      232.5            0
  0x4000000000000000      2.7      245.6            0
  0x8000000000000000      2.3      245.4            0
  0x0000000000000003      1.8      265.9            0
  0x0000000000000005      3.1      267.8            0
  0x0000000000000009      2.8      290.0            0
  0x0000000000000011      3.1      266.9            0
  0x8000000000000001      2.1      272.1            0
  0x0000000100000001      2.6      227.8            0
  0xf0f0f0f0f0f0f0f0      2.1      253.5            0
  0xffffffffffffffff      2.8      243.6            0
  0x0000000030000000      2.9      287.3            0
  0x0000000300000000      2.6      217.6            0
  0x3000000000000000      3.0      257.9            0
  0x0000000050000000      2.5      244.8            0
  0x0000000500000000      2.0      248.4            0
  0x5000000000000000      2.9      280.0            0
  0x0000000000000006      2.2      281.1            0
  0x0000000060000000      3.7      246.4            0
  0x0000000600000000      2.1      239.4            0
  0x6000000000000000      2.2      226.9            0
  0x0000000000000007      3.5      246.4            0
  0x0000000070000000      8.7      293.9            0
  0x0000000700000000      8.2      269.6            0
  0x7000000000000000      2.8      223.6            0
  0x0000000090000000      2.7      272.3            0
  0x0000000900000000      2.8      302.2            0
  0x9000000000000000      3.7      244.2            0
  0x000000000000000a      3.3      260.9            0
  0x00000000a0000000      2.5      236.5            0
  0x0000000a00000000      2.1      237.3            0
  0xa000000000000000      2.4      259.5            0
  0x000000000000000b      2.1      251.6            0
  0x00000000b0000000      3.4      259.3            0
  0x0000000b00000000      2.3      225.3            0
  0xb000000000000000      2.9      252.4            0
  0x000000000000000c      2.5      298.9            0
  0x00000000c0000000      2.5      217.6            0
  0x0000000c00000000      2.6      256.7            0
  0xc000000000000000      2.3      232.2            0
  0x000000000000000d      2.4      243.0            0
  0x00000000d0000000      2.2      236.0            0
  0x0000000d00000000      3.3      283.8            0
  0xd000000000000000      2.4      255.7            0
  0x000000000000000e      2.2      234.5            0
  0x00000000e0000000      2.2      256.9            0
  0x0000000e00000000      2.2      263.6            0
  0xe000000000000000      2.9      283.8            0
  0x000000000000000f      2.2      302.1            0
  0x00000000f0000000      2.3      243.1            0
  0x0000000f00000000      2.9      250.6            0
  0xf000000000000000      2.5      248.2            0
PASS max_repeats=1 max|z|=8.7 (all 115 deltas)
