# key=123456789abcdef0 N=2^22 kill_repeats=10
# null E[repeats/delta] = 2^22 * 2^-64 = 2^-42
# delta                  max|z|  low8_chi2 full_repeats
  0x0000000000000400      2.0      316.8            0
  0x0000000004000000      3.7      294.8            0
  0x0000000000000001      2.4      242.4            0
  0x0000000000000002      3.5      272.6            0
  0x0000000000000004      3.4      283.6            0
  0x0000000000000008      2.3      226.9            0
  0x0000000000000010      2.4      242.6            0
  0x0000000000000020      2.3      232.5            0
  0x0000000000000040      2.7      252.4            0
  0x0000000000000080      2.3      260.0            0
  0x0000000000000100      3.4      272.8            0
  0x0000000000000200      2.6      282.3            0
  0x0000000000000400      2.0      316.8            0
  0x0000000000000800      2.1      211.2            0
  0x0000000000001000      2.5      273.8            0
  0x0000000000002000      3.0      252.5            0
  0x0000000000004000      2.5      259.3            0
  0x0000000000008000      2.5      247.3            0
  0x0000000000010000      4.8      237.6            0
  0x0000000000020000      2.7      293.0            0
  0x0000000000040000      3.0      222.4            0
  0x0000000000080000      2.7      276.6            0
  0x0000000000100000      2.7      275.4            0
  0x0000000000200000      3.3      208.4            0
  0x0000000000400000      2.6      233.5            0
  0x0000000000800000      2.3      233.0            0
  0x0000000001000000      3.1      221.1            0
  0x0000000002000000      2.7      278.3            0
  0x0000000004000000      3.7      294.8            0
  0x0000000008000000      2.3      223.5            0
  0x0000000010000000      2.2      246.4            0
  0x0000000020000000      2.4      241.2            0
  0x0000000040000000      2.9      279.1            0
  0x0000000080000000      2.3      237.0            0
  0x0000000100000000      2.3      209.8            0
  0x0000000200000000      2.6      238.6            0
  0x0000000400000000      2.2      248.2            0
  0x0000000800000000      3.1      225.0            0
  0x0000001000000000      3.1      275.4            0
  0x0000002000000000      2.5      270.8            0
  0x0000004000000000      3.0      245.1            0
  0x0000008000000000      2.6      273.3            0
  0x0000010000000000      6.6      281.0            0
  0x0000020000000000      2.9      236.8            0
  0x0000040000000000      2.6      262.1            0
  0x0000080000000000      2.6      262.8            0
  0x0000100000000000      2.8      251.9            0
  0x0000200000000000      2.9      241.3            0
  0x0000400000000000      3.1      271.1            0
  0x0000800000000000      2.4      226.8            0
  0x0001000000000000      2.9      259.2            0
  0x0002000000000000      3.0      271.9            0
  0x0004000000000000      2.5      277.9            0
  0x0008000000000000      3.2      274.5            0
  0x0010000000000000      2.4      243.4            0
  0x0020000000000000      2.5      249.9            0
  0x0040000000000000      2.7      301.8            0
  0x0080000000000000      7.1      257.0            0
  0x0100000000000000      2.7      254.2            0
  0x0200000000000000      3.2      243.7            0
  0x0400000000000000      2.6      239.0            0
  0x0800000000000000      4.3      281.9            0
  0x1000000000000000      2.7      271.1            0
  0x2000000000000000      2.6      294.0            0
  0x4000000000000000      2.7      246.9            0
  0x8000000000000000      3.1      213.9            0
  0x0000000000000003      2.7      221.8            0
  0x0000000000000005      2.0      249.5            0
  0x0000000000000009      2.8      263.5            0
  0x0000000000000011      2.8      221.8            0
  0x8000000000000001      2.9      268.4            0
  0x0000000100000001      2.5      256.6            0
  0xf0f0f0f0f0f0f0f0      2.2      234.4            0
  0xffffffffffffffff      3.3      251.4            0
  0x0000000030000000      2.1      224.9            0
  0x0000000300000000      3.2      262.2            0
  0x3000000000000000      2.2      269.8            0
  0x0000000050000000      2.2      216.2            0
  0x0000000500000000      2.6      279.4            0
  0x5000000000000000      7.8      323.0            0
  0x0000000000000006      2.6      218.6            0
  0x0000000060000000      2.5      271.3            0
  0x0000000600000000      2.7      244.2            0
  0x6000000000000000      2.6      257.3            0
  0x0000000000000007      2.6      243.9            0
  0x0000000070000000      2.8      266.5            0
  0x0000000700000000      2.3      265.6            0
  0x7000000000000000      2.1      264.5            0
  0x0000000090000000      2.2      252.1            0
  0x0000000900000000      2.8      249.1            0
  0x9000000000000000      2.7      248.3            0
  0x000000000000000a      2.1      276.4            0
  0x00000000a0000000      2.5      240.9            0
  0x0000000a00000000      2.6      219.1            0
  0xa000000000000000      2.6      263.7            0
  0x000000000000000b      2.6      250.2            0
  0x00000000b0000000      2.8      220.2            0
  0x0000000b00000000      2.8      245.8            0
  0xb000000000000000      2.3      252.6            0
  0x000000000000000c      3.7      279.9            0
  0x00000000c0000000      7.2      345.4            0
  0x0000000c00000000      3.3      249.4            0
  0xc000000000000000      2.9      267.7            0
  0x000000000000000d      2.2      196.1            0
  0x00000000d0000000      3.4      246.9            0
  0x0000000d00000000      2.5      235.5            0
  0xd000000000000000      2.5      229.8            0
  0x000000000000000e      2.5      277.7            0
  0x00000000e0000000      2.2      253.4            0
  0x0000000e00000000      2.9      250.0            0
  0xe000000000000000      2.1      218.1            0
  0x000000000000000f      3.8      272.2            0
  0x00000000f0000000      2.4      272.2            0
  0x0000000f00000000      2.1      277.9            0
  0xf000000000000000      3.2      227.6            0
PASS max_repeats=0 max|z|=7.8 (all 115 deltas)
