# key=123456789abcdef0 N=2^22 kill_repeats=10
# null E[repeats/delta] = 2^22 * 2^-64 = 2^-42
# delta                  max|z|  low8_chi2 full_repeats
  0x0000000000000400      9.1      305.0            0
  0x0000000004000000      3.2      238.7            0
  0x0000000000000001      3.9      241.7            0
  0x0000000000000002      2.7      242.7            0
  0x0000000000000004      6.8      277.4            1
  0x0000000000000008      2.6      212.3            0
  0x0000000000000010      5.7      277.0            0
  0x0000000000000020      3.7      299.6            0
  0x0000000000000040      3.1      254.5            0
  0x0000000000000080      2.9      291.4            0
  0x0000000000000100      4.4      261.0            0
  0x0000000000000200      2.2      246.0            0
  0x0000000000000400      9.1      305.0            0
  0x0000000000000800      2.4      287.5            0
  0x0000000000001000      3.0      250.6            0
  0x0000000000002000      3.0      233.6            0
  0x0000000000004000      2.3      252.0            0
  0x0000000000008000      2.9      208.6            0
  0x0000000000010000      6.4      337.3            0
  0x0000000000020000      2.4      249.0            0
  0x0000000000040000      6.1      328.2            0
  0x0000000000080000      5.6      309.8            0
  0x0000000000100000      4.9      310.5            0
  0x0000000000200000      3.2      259.8            0
  0x0000000000400000      3.8      264.9            0
  0x0000000000800000      2.6      268.5            0
  0x0000000001000000     11.1      336.3            0
  0x0000000002000000      2.5      279.8            0
  0x0000000004000000      3.2      238.7            0
  0x0000000008000000      2.9      272.6            0
  0x0000000010000000      6.2      267.8            1
  0x0000000020000000      2.4      237.7            0
  0x0000000040000000      4.3      229.0            0
  0x0000000080000000      5.4      241.3            0
  0x0000000100000000      9.0      305.0            0
  0x0000000200000000      2.0      231.4            0
  0x0000000400000000     14.1      288.4            2
  0x0000000800000000      2.4      221.9            0
  0x0000001000000000      5.1      239.6            0
  0x0000002000000000      2.6      232.4            0
  0x0000004000000000      4.2      260.4            0
  0x0000008000000000      6.2      252.0            0
  0x0000010000000000      3.2      257.8            0
  0x0000020000000000      2.6      298.3            0
  0x0000040000000000      2.6      244.7            0
  0x0000080000000000      2.4      260.2            0
  0x0000100000000000      2.8      247.2            0
  0x0000200000000000     10.2      276.1            0
  0x0000400000000000      1.9      246.5            0
  0x0000800000000000      2.6      246.0            0
  0x0001000000000000      3.5      253.3            0
  0x0002000000000000      6.6      267.7            0
  0x0004000000000000     12.3      496.7            0
  0x0008000000000000      2.3      262.2            0
  0x0010000000000000      6.9      241.3            0
  0x0020000000000000      1.9      240.5            0
  0x0040000000000000      2.4      297.2            0
  0x0080000000000000      2.9      270.3            0
  0x0100000000000000     12.1      475.5            0
  0x0200000000000000      2.9      252.4            0
  0x0400000000000000      3.8      299.5            0
  0x0800000000000000      3.0      256.5            0
  0x1000000000000000      4.5      235.6            0
  0x2000000000000000      2.3      237.6            0
  0x4000000000000000      7.3      331.4            0
  0x8000000000000000      2.7      247.0            0
  0x0000000000000003      2.4      250.4            0
  0x0000000000000005      3.6      250.3            0
  0x0000000000000009      2.8      231.0            0
  0x0000000000000011      2.3      260.4            0
  0x8000000000000001      3.0      239.7            0
  0x0000000100000001      2.6      289.5            0
  0xf0f0f0f0f0f0f0f0      1.9      247.9            0
  0xffffffffffffffff      3.0      245.7            0
  0x0000000030000000      2.8      238.8            0
  0x0000000300000000      4.5      242.2            0
  0x3000000000000000      9.7      294.5            0
  0x0000000050000000      2.4      256.1            0
  0x0000000500000000      3.0      278.5            0
  0x5000000000000000      2.9      248.7            0
  0x0000000000000006      3.3      271.3            0
  0x0000000060000000      2.0      219.7            0
  0x0000000600000000      6.0      246.6            0
  0x6000000000000000      2.1      214.4            0
  0x0000000000000007      2.2      267.9            0
  0x0000000070000000      3.1      266.0            0
  0x0000000700000000      2.7      255.0            0
  0x7000000000000000      2.5      253.9            0
  0x0000000090000000      2.5      255.4            0
  0x0000000900000000      2.8      271.2            0
  0x9000000000000000      2.6      278.3            0
  0x000000000000000a      4.6      246.9            0
  0x00000000a0000000     10.4      276.3            1
  0x0000000a00000000      2.5      260.6            0
  0xa000000000000000      2.6      247.8            0
  0x000000000000000b      2.2      244.1            0
  0x00000000b0000000      1.8      263.4            0
  0x0000000b00000000      2.8      241.9            0
  0xb000000000000000      2.4      242.2            0
  0x000000000000000c      2.8      284.5            0
  0x00000000c0000000      2.7      236.6            0
  0x0000000c00000000      2.6      264.7            0
  0xc000000000000000      8.3      283.4            0
  0x000000000000000d      2.3      270.3            0
  0x00000000d0000000      3.0      227.0            0
  0x0000000d00000000      2.4      255.3            0
  0xd000000000000000      2.6      254.3            0
  0x000000000000000e      3.6      238.3            0
  0x00000000e0000000      2.0      264.8            0
  0x0000000e00000000      2.4      264.0            0
  0xe000000000000000      3.2      281.2            0
  0x000000000000000f      4.3      255.1            0
  0x00000000f0000000      2.0      227.6            0
  0x0000000f00000000      2.5      244.7            0
  0xf000000000000000      2.4      222.8            0
PASS max_repeats=2 max|z|=14.1 (all 115 deltas)
