# key=123456789abcdef0 N=2^22 kill_repeats=10
# null E[repeats/delta] = 2^22 * 2^-64 = 2^-42
# delta                  max|z|  low8_chi2 full_repeats
  0x0000000000000400      3.2      246.8            0
  0x0000000004000000     18.6      216.2            0
  0x0000000000000001      3.9      252.4            0
  0x0000000000000002      3.5      257.1            0
  0x0000000000000004      9.5      356.8            0
  0x0000000000000008      9.8      292.1            0
  0x0000000000000010      6.6      281.7            0
  0x0000000000000020      2.8      281.5            0
  0x0000000000000040      2.6      240.6            0
  0x0000000000000080      4.2      264.9            0
  0x0000000000000100      2.5      226.2            0
  0x0000000000000200      3.4      268.3            0
  0x0000000000000400      3.2      246.8            0
  0x0000000000000800      2.8      273.8            0
  0x0000000000001000      5.0      231.3            0
  0x0000000000002000      9.9      255.6            0
  0x0000000000004000      4.8      263.8            0
  0x0000000000008000      4.2      274.7            0
  0x0000000000010000      2.6      245.7            0
  0x0000000000020000      3.8      237.0            0
  0x0000000000040000     12.0      304.6            0
  0x0000000000080000      5.4      249.4            0
  0x0000000000100000      9.5      250.9            0
  0x0000000000200000      4.6      268.4            0
  0x0000000000400000      6.3      288.5            0
  0x0000000000800000      3.8      239.7            0
  0x0000000001000000     10.4      234.3            0
  0x0000000002000000     20.5      228.7            0
  0x0000000004000000     18.6      216.2            0
  0x0000000008000000      2.4      226.6            0
  0x0000000010000000     24.3      230.4            0
  0x0000000020000000     10.6      336.6            0
  0x0000000040000000     36.0      315.7            0
  0x0000000080000000      4.4      256.8            0
  0x0000000100000000     15.9      284.0            0
  0x0000000200000000     17.3      236.4            0
  0x0000000400000000      2.4      248.3            0
  0x0000000800000000     15.5      509.2            0
  0x0000001000000000     25.4      270.2            0
  0x0000002000000000      4.9      292.6            0
  0x0000004000000000     26.8      267.3            0
  0x0000008000000000      6.6      259.4            0
  0x0000010000000000      4.2      287.2            0
  0x0000020000000000     16.0      273.9            0
  0x0000040000000000      7.0      246.9            0
  0x0000080000000000     18.6      458.2            0
  0x0000100000000000     31.9     1279.8            0
  0x0000200000000000     12.9      257.5            0
  0x0000400000000000      3.6      301.5            0
  0x0000800000000000     42.6      270.0            0
  0x0001000000000000     13.5      258.8            0
  0x0002000000000000      5.6      308.0            0
  0x0004000000000000      3.5      222.9            0
  0x0008000000000000     64.4      644.1            0
  0x0010000000000000     63.2      928.3            0
  0x0020000000000000     12.6      268.5            0
  0x0040000000000000      3.5      246.9            0
  0x0080000000000000     25.7      454.9            0
  0x0100000000000000      3.8      281.0            0
  0x0200000000000000     31.8      244.2            0
  0x0400000000000000      5.0      255.0            0
  0x0800000000000000     27.1      401.9            0
  0x1000000000000000     13.4      254.6            0
  0x2000000000000000      9.9      284.5            0
  0x4000000000000000     11.9      239.5            0
  0x8000000000000000      5.1      256.4            0
  0x0000000000000003      2.6      243.2            0
  0x0000000000000005      2.6      244.3            0
  0x0000000000000009      5.1      250.1            0
  0x0000000000000011      3.3      257.9            0
  0x8000000000000001      4.3      288.1            0
  0x0000000100000001      2.1      234.8            0
  0xf0f0f0f0f0f0f0f0      2.7      205.7            0
  0xffffffffffffffff      2.5      254.2            0
  0x0000000030000000      2.3      271.1            0
  0x0000000300000000      2.6      252.6            0
  0x3000000000000000      2.7      237.6            0
  0x0000000050000000      2.6      235.9            0
  0x0000000500000000      2.2      261.2            0
  0x5000000000000000      1.9      273.4            0
  0x0000000000000006      3.3      227.6            0
  0x0000000060000000      2.3      229.0            0
  0x0000000600000000      2.2      260.0            0
  0x6000000000000000      3.0      307.4            0
  0x0000000000000007      2.4      233.2            0
  0x0000000070000000      2.3      248.9            0
  0x0000000700000000      1.9      263.5            0
  0x7000000000000000      2.8      286.0            0
  0x0000000090000000     11.1      237.6            0
  0x0000000900000000      5.1      229.3            0
  0x9000000000000000      3.9      253.6            0
  0x000000000000000a      3.6      246.2            0
  0x00000000a0000000      2.4      212.9            0
  0x0000000a00000000     12.8      241.2            0
  0xa000000000000000      2.4      246.0            0
  0x000000000000000b      2.2      263.2            0
  0x00000000b0000000      2.3      238.8            0
  0x0000000b00000000      2.4      239.7            0
  0xb000000000000000      2.9      239.2            0
  0x000000000000000c      2.3      245.8            0
  0x00000000c0000000      2.4      260.6            0
  0x0000000c00000000      2.4      227.7            0
  0xc000000000000000      2.7      298.4            0
  0x000000000000000d      3.2      255.1            0
  0x00000000d0000000      2.7      234.1            0
  0x0000000d00000000      2.5      252.0            0
  0xd000000000000000      2.3      228.9            0
  0x000000000000000e      2.5      258.1            0
  0x00000000e0000000      2.5      242.0            0
  0x0000000e00000000      2.7      242.1            0
  0xe000000000000000      2.3      272.3            0
  0x000000000000000f      3.2      247.1            0
  0x00000000f0000000      2.9      301.0            0
  0x0000000f00000000      3.3      282.5            0
  0xf000000000000000      2.9      265.4            0
PASS max_repeats=0 max|z|=64.4 (all 115 deltas)
