# key=123456789abcdef0 N=2^22 kill_repeats=10
# null E[repeats/delta] = 2^22 * 2^-64 = 2^-42
# delta                  max|z|  low8_chi2 full_repeats
  0x0000000000000400      1.8      236.5            0
  0x0000000004000000      2.3      213.4            0
  0x0000000000000001      2.4      234.3            0
  0x0000000000000002      2.0      224.3            0
  0x0000000000000004      3.0      241.2            0
  0x0000000000000008      2.3      274.7            0
  0x0000000000000010      2.4      234.3            0
  0x0000000000000020      2.4      261.3            0
  0x0000000000000040      1.9      251.3            0
  0x0000000000000080      2.2      268.2            0
  0x0000000000000100      2.1      221.2            0
  0x0000000000000200      2.4      225.3            0
  0x0000000000000400      1.8      236.5            0
  0x0000000000000800      2.6      255.2            0
  0x0000000000001000      2.5      308.2            0
  0x0000000000002000      2.3      202.8            0
  0x0000000000004000      2.6      250.2            0
  0x0000000000008000      2.8      280.0            0
  0x0000000000010000      2.4      216.5            0
  0x0000000000020000      2.4      240.0            0
  0x0000000000040000      4.1      244.4            0
  0x0000000000080000      1.8      198.6            0
  0x0000000000100000      2.0      194.8            0
  0x0000000000200000      2.7      251.8            0
  0x0000000000400000      2.4      237.9            0
  0x0000000000800000      2.1      262.3            0
  0x0000000001000000      2.9      266.3            0
  0x0000000002000000      3.0      257.6            0
  0x0000000004000000      2.3      213.4            0
  0x0000000008000000      2.8      227.0            0
  0x0000000010000000      2.2      280.1            0
  0x0000000020000000      2.2      203.3            0
  0x0000000040000000      2.3      247.7            0
  0x0000000080000000      3.0      272.8            0
  0x0000000100000000      2.7      230.2            0
  0x0000000200000000      2.2      261.0            0
  0x0000000400000000      1.9      268.3            0
  0x0000000800000000      2.6      277.1            0
  0x0000001000000000      2.2      268.2            0
  0x0000002000000000      2.3      231.7            0
  0x0000004000000000      2.4      261.5            0
  0x0000008000000000      2.5      264.0            0
  0x0000010000000000      2.6      273.0            0
  0x0000020000000000      2.3      268.0            0
  0x0000040000000000      2.4      280.2            0
  0x0000080000000000      2.4      256.9            0
  0x0000100000000000      2.7      260.6            0
  0x0000200000000000      2.1      303.6            0
  0x0000400000000000      2.7      276.5            0
  0x0000800000000000      2.5      252.5            0
  0x0001000000000000      2.9      245.6            0
  0x0002000000000000      2.0      245.6            0
  0x0004000000000000      2.1      297.3            0
  0x0008000000000000      3.2      268.4            0
  0x0010000000000000      2.7      285.7            0
  0x0020000000000000      2.0      241.6            0
  0x0040000000000000      2.0      254.5            0
  0x0080000000000000      2.5      282.9            0
  0x0100000000000000      3.4      244.6            0
  0x0200000000000000      2.6      217.8            0
  0x0400000000000000      2.7      256.5            0
  0x0800000000000000      2.1      233.8            0
  0x1000000000000000      2.7      248.8            0
  0x2000000000000000      2.4      278.7            0
  0x4000000000000000      2.9      239.0            0
  0x8000000000000000      2.7      227.8            0
  0x0000000000000003      2.1      200.8            0
  0x0000000000000005      2.1      261.4            0
  0x0000000000000009      3.0      229.7            0
  0x0000000000000011      2.0      243.1            0
  0x8000000000000001      2.5      228.8            0
  0x0000000100000001      3.2      240.3            0
  0xf0f0f0f0f0f0f0f0      3.0      229.5            0
  0xffffffffffffffff      2.2      250.5            0
  0x0000000030000000      2.6      262.4            0
  0x0000000300000000      3.2      258.1            0
  0x3000000000000000      3.2      251.4            0
  0x0000000050000000      2.7      287.3            0
  0x0000000500000000      2.9      248.4            0
  0x5000000000000000      2.5      265.0            0
  0x0000000000000006      2.7      255.4            0
  0x0000000060000000      2.4      245.1            0
  0x0000000600000000      2.2      269.3            0
  0x6000000000000000      2.5      211.7            0
  0x0000000000000007      2.6      264.1            0
  0x0000000070000000      3.1      347.9            0
  0x0000000700000000      2.6      279.2            0
  0x7000000000000000      2.5      230.8            0
  0x0000000090000000      1.8      271.7            0
  0x0000000900000000      2.5      299.3            0
  0x9000000000000000      2.7      246.1            0
  0x000000000000000a      3.0      269.9            0
  0x00000000a0000000      3.2      219.3            0
  0x0000000a00000000      2.2      290.6            0
  0xa000000000000000      3.2      251.0            0
  0x000000000000000b      2.5      273.5            0
  0x00000000b0000000      3.2      221.5            0
  0x0000000b00000000      2.4      277.4            0
  0xb000000000000000      2.3      233.8            0
  0x000000000000000c      2.3      241.9            0
  0x00000000c0000000      3.1      253.4            0
  0x0000000c00000000      2.2      315.1            0
  0xc000000000000000      2.4      260.7            0
  0x000000000000000d      2.7      235.0            0
  0x00000000d0000000      3.4      277.1            0
  0x0000000d00000000      2.6      268.4            0
  0xd000000000000000      2.8      270.6            0
  0x000000000000000e      2.4      278.0            0
  0x00000000e0000000      3.5      259.0            0
  0x0000000e00000000      3.3      213.5            0
  0xe000000000000000      2.8      239.9            0
  0x000000000000000f      2.3      235.9            0
  0x00000000f0000000      2.3      258.8            0
  0x0000000f00000000      2.3      252.5            0
  0xf000000000000000      2.3      260.3            0
PASS max_repeats=0 max|z|=4.1 (all 115 deltas)
