# key=123456789abcdef0 N=2^22 kill_repeats=10
# null E[repeats/delta] = 2^22 * 2^-64 = 2^-42
# delta                  max|z|  low8_chi2 full_repeats
  0x0000000000000400      2.8      283.1            0
  0x0000000004000000     10.1      308.6            0
  0x0000000000000001      2.4      234.5            0
  0x0000000000000002      2.5      217.3            0
  0x0000000000000004      2.8      192.7            0
  0x0000000000000008      2.5      270.7            0
  0x0000000000000010      3.1      264.3            0
  0x0000000000000020      2.4      232.1            0
  0x0000000000000040      3.6      266.0            0
  0x0000000000000080      2.6      258.7            0
  0x0000000000000100      3.3      302.8            0
  0x0000000000000200      2.9      234.6            0
  0x0000000000000400      2.8      283.1            0
  0x0000000000000800      2.1      238.3            0
  0x0000000000001000      3.7      253.8            0
  0x0000000000002000      3.3      258.2            0
  0x0000000000004000      3.2      275.1            0
  0x0000000000008000      3.9      231.6            0
  0x0000000000010000      3.1      253.2            0
  0x0000000000020000      2.6      248.6            0
  0x0000000000040000      3.4      270.0            0
  0x0000000000080000      3.4      251.2            0
  0x0000000000100000      2.4      223.6            0
  0x0000000000200000      5.9      262.7            0
  0x0000000000400000      3.3      235.6            0
  0x0000000000800000      3.3      229.5            0
  0x0000000001000000     14.5      463.1            0
  0x0000000002000000      2.5      242.3            0
  0x0000000004000000     10.1      308.6            0
  0x0000000008000000      2.8      313.5            0
  0x0000000010000000     22.6      690.4            0
  0x0000000020000000      2.6      231.1            0
  0x0000000040000000      3.7      253.3            0
  0x0000000080000000      4.3      218.3            0
  0x0000000100000000      3.0      258.1            0
  0x0000000200000000      2.5      253.1            0
  0x0000000400000000     22.8      340.6            0
  0x0000000800000000      3.0      221.2            0
  0x0000001000000000      8.7      334.1            0
  0x0000002000000000      2.9      234.0            0
  0x0000004000000000      2.5      204.5            0
  0x0000008000000000      2.3      234.9            0
  0x0000010000000000     18.5      282.1            0
  0x0000020000000000     10.4      326.8            0
  0x0000040000000000     23.8      329.2            1
  0x0000080000000000      2.5      336.2            0
  0x0000100000000000      4.4      304.5            0
  0x0000200000000000      3.6      232.9            0
  0x0000400000000000      2.6      226.2            0
  0x0000800000000000      5.5      327.8            0
  0x0001000000000000      2.5      263.5            0
  0x0002000000000000     18.5      356.3            0
  0x0004000000000000      2.8      219.3            0
  0x0008000000000000      1.9      265.9            0
  0x0010000000000000      2.4      286.3            0
  0x0020000000000000      2.7      270.0            0
  0x0040000000000000      3.5      279.5            0
  0x0080000000000000     11.3      295.6            0
  0x0100000000000000      9.5      273.4            0
  0x0200000000000000      2.7      252.2            0
  0x0400000000000000      4.4      275.6            0
  0x0800000000000000      2.0      247.7            0
  0x1000000000000000      7.9      371.6            0
  0x2000000000000000      2.7      284.6            0
  0x4000000000000000      4.1      247.6            0
  0x8000000000000000      2.5      256.6            0
  0x0000000000000003      3.1      246.2            0
  0x0000000000000005      2.9      241.4            0
  0x0000000000000009      3.1      237.7            0
  0x0000000000000011      2.0      224.8            0
  0x8000000000000001      2.4      261.0            0
  0x0000000100000001      2.5      231.2            0
  0xf0f0f0f0f0f0f0f0      2.4      232.4            0
  0xffffffffffffffff      3.0      261.0            0
  0x0000000030000000      2.5      228.4            0
  0x0000000300000000      2.3      268.5            0
  0x3000000000000000     14.3      275.9            0
  0x0000000050000000      2.2      258.4            0
  0x0000000500000000      2.1      285.5            0
  0x5000000000000000      3.5      283.9            0
  0x0000000000000006      2.3      227.8            0
  0x0000000060000000      2.3      258.3            0
  0x0000000600000000      2.9      278.2            0
  0x6000000000000000     10.8      349.6            0
  0x0000000000000007      2.6      246.6            0
  0x0000000070000000      2.2      260.9            0
  0x0000000700000000      2.3      238.4            0
  0x7000000000000000      2.4      277.4            0
  0x0000000090000000      2.9      301.0            0
  0x0000000900000000      2.7      252.4            0
  0x9000000000000000      2.6      259.9            0
  0x000000000000000a      2.6      236.3            0
  0x00000000a0000000      2.4      246.3            0
  0x0000000a00000000      3.4      280.5            0
  0xa000000000000000      2.3      243.6            0
  0x000000000000000b      2.0      235.0            0
  0x00000000b0000000      2.8      232.6            0
  0x0000000b00000000      2.7      220.8            0
  0xb000000000000000      2.5      247.3            0
  0x000000000000000c      3.0      314.8            0
  0x00000000c0000000      2.1      238.5            0
  0x0000000c00000000      3.9      261.5            0
  0xc000000000000000      2.9      263.8            0
  0x000000000000000d      2.8      253.1            0
  0x00000000d0000000      3.1      272.2            0
  0x0000000d00000000      2.7      263.5            0
  0xd000000000000000      2.1      233.9            0
  0x000000000000000e      2.0      225.9            0
  0x00000000e0000000      4.6      224.2            0
  0x0000000e00000000      3.0      265.9            0
  0xe000000000000000      2.8      290.1            0
  0x000000000000000f      2.3      255.6            0
  0x00000000f0000000      4.9      212.8            0
  0x0000000f00000000      3.3      224.2            0
  0xf000000000000000      2.5      257.2            0
PASS max_repeats=1 max|z|=23.8 (all 115 deltas)
