# key=123456789abcdef0 N=2^22 kill_repeats=10
# null E[repeats/delta] = 2^22 * 2^-64 = 2^-42
# delta                  max|z|  low8_chi2 full_repeats
  0x0000000000000400      2.5      244.2            0
  0x0000000004000000      3.0      259.9            0
  0x0000000000000001      2.5      283.7            0
  0x0000000000000002      2.2      259.7            0
  0x0000000000000004      2.3      268.1            0
  0x0000000000000008      1.9      275.7            0
  0x0000000000000010      2.2      276.6            0
  0x0000000000000020      4.0      291.9            0
  0x0000000000000040      2.4      279.9            0
  0x0000000000000080      2.3      263.1            0
  0x0000000000000100      2.5      238.7            0
  0x0000000000000200      2.9      247.5            0
  0x0000000000000400      2.5      244.2            0
  0x0000000000000800      2.3      245.8            0
  0x0000000000001000      2.3      235.4            0
  0x0000000000002000      3.2      269.8            0
  0x0000000000004000      2.5      280.6            0
  0x0000000000008000      2.6      291.4            0
  0x0000000000010000      2.8      250.5            0
  0x0000000000020000      2.3      240.8            0
  0x0000000000040000      3.0      227.0            0
  0x0000000000080000      2.9      290.9            0
  0x0000000000100000      2.6      261.7            0
  0x0000000000200000      2.9      270.8            0
  0x0000000000400000      2.7      253.3            0
  0x0000000000800000      2.8      247.1            0
  0x0000000001000000      3.1      261.7            0
  0x0000000002000000      2.0      236.0            0
  0x0000000004000000      3.0      259.9            0
  0x0000000008000000      2.5      289.8            0
  0x0000000010000000      2.8      245.6            0
  0x0000000020000000      3.6      233.3            0
  0x0000000040000000      2.5      265.8            0
  0x0000000080000000     12.4      341.8            0
  0x0000000100000000      2.6      248.9            0
  0x0000000200000000      2.3      273.9            0
  0x0000000400000000      2.9      250.2            0
  0x0000000800000000      3.7      268.3            0
  0x0000001000000000      2.4      217.1            0
  0x0000002000000000      2.8      244.4            0
  0x0000004000000000      2.1      229.7            0
  0x0000008000000000      3.6      253.6            0
  0x0000010000000000      3.1      278.2            0
  0x0000020000000000      3.0      237.5            0
  0x0000040000000000      2.8      245.2            0
  0x0000080000000000      2.5      205.0            0
  0x0000100000000000      2.8      293.0            0
  0x0000200000000000      2.2      251.7            0
  0x0000400000000000      2.4      242.8            0
  0x0000800000000000      9.7      338.5            0
  0x0001000000000000      2.9      238.6            0
  0x0002000000000000      3.0      269.5            0
  0x0004000000000000      2.8      297.5            0
  0x0008000000000000      2.8      245.3            0
  0x0010000000000000      2.3      212.4            0
  0x0020000000000000      2.6      281.2            0
  0x0040000000000000      2.3      273.4            0
  0x0080000000000000      2.6      252.8            0
  0x0100000000000000      2.4      244.0            0
  0x0200000000000000      2.5      240.9            0
  0x0400000000000000      2.5      245.4            0
  0x0800000000000000      2.6      271.0            0
  0x1000000000000000      3.6      261.4            0
  0x2000000000000000      2.4      250.4            0
  0x4000000000000000      2.6      268.9            0
  0x8000000000000000      2.0      211.0            0
  0x0000000000000003      2.7      242.6            0
  0x0000000000000005      2.8      249.6            0
  0x0000000000000009      2.7      265.4            0
  0x0000000000000011      3.3      225.4            0
  0x8000000000000001      2.8      275.5            0
  0x0000000100000001      2.8      233.4            0
  0xf0f0f0f0f0f0f0f0      2.3      296.0            0
  0xffffffffffffffff      3.1      227.8            0
  0x0000000030000000      3.5      241.0            0
  0x0000000300000000      3.0      265.9            0
  0x3000000000000000      2.2      261.5            0
  0x0000000050000000      3.0      270.9            0
  0x0000000500000000      2.9      296.0            0
  0x5000000000000000      3.0      211.5            0
  0x0000000000000006      2.3      257.6            0
  0x0000000060000000      2.6      294.5            0
  0x0000000600000000      3.0      259.3            0
  0x6000000000000000      2.1      271.0            0
  0x0000000000000007      2.3      252.0            0
  0x0000000070000000      3.2      225.5            0
  0x0000000700000000      2.8      255.8            0
  0x7000000000000000      2.7      278.4            0
  0x0000000090000000      2.9      268.4            0
  0x0000000900000000      2.3      255.9            0
  0x9000000000000000      2.5      225.9            0
  0x000000000000000a      2.3      251.1            0
  0x00000000a0000000      2.8      237.7            0
  0x0000000a00000000      2.4      272.1            0
  0xa000000000000000      2.2      206.7            0
  0x000000000000000b      3.4      260.9            0
  0x00000000b0000000      2.5      277.6            0
  0x0000000b00000000      2.2      272.7            0
  0xb000000000000000      2.7      259.7            0
  0x000000000000000c      2.5      230.2            0
  0x00000000c0000000      2.8      262.1            0
  0x0000000c00000000      2.4      257.8            0
  0xc000000000000000      2.9      265.3            0
  0x000000000000000d      2.4      261.6            0
  0x00000000d0000000      2.7      271.6            0
  0x0000000d00000000      2.7      226.0            0
  0xd000000000000000      3.2      257.2            0
  0x000000000000000e      2.4      244.5            0
  0x00000000e0000000      2.7      248.5            0
  0x0000000e00000000      1.7      272.5            0
  0xe000000000000000      6.6      228.1            0
  0x000000000000000f      2.1      272.6            0
  0x00000000f0000000      3.1      245.4            0
  0x0000000f00000000      3.3      269.0            0
  0xf000000000000000      3.1      240.1            0
PASS max_repeats=0 max|z|=12.4 (all 115 deltas)
