# key=123456789abcdef0 N=2^22 kill_repeats=10
# null E[repeats/delta] = 2^22 * 2^-64 = 2^-42
# delta                  max|z|  low8_chi2 full_repeats
  0x0000000000000400      3.4      277.0            0
  0x0000000004000000     11.3      275.8            0
  0x0000000000000001      3.2      254.0            0
  0x0000000000000002      2.6      272.9            0
  0x0000000000000004      4.5      248.3            0
  0x0000000000000008      2.4      221.5            0
  0x0000000000000010      2.8      224.0            0
  0x0000000000000020      2.9      240.2            0
  0x0000000000000040      2.9      222.6            0
  0x0000000000000080      2.6      278.6            0
  0x0000000000000100      4.2      247.6            0
  0x0000000000000200      3.4      279.7            0
  0x0000000000000400      3.4      277.0            0
  0x0000000000000800      2.2      240.8            0
  0x0000000000001000      2.5      295.9            0
  0x0000000000002000      2.4      283.4            0
  0x0000000000004000      2.9      249.5            0
  0x0000000000008000      2.3      231.3            0
  0x0000000000010000      3.0      276.5            0
  0x0000000000020000      3.2      246.3            0
  0x0000000000040000      2.9      255.3            0
  0x0000000000080000      2.5      260.3            0
  0x0000000000100000      3.7      249.6            0
  0x0000000000200000      2.3      275.8            0
  0x0000000000400000      2.9      277.6            0
  0x0000000000800000      2.2      250.6            0
  0x0000000001000000      6.6      337.1            0
  0x0000000002000000      3.1      273.1            0
  0x0000000004000000     11.3      275.8            0
  0x0000000008000000      3.2      297.3            0
  0x0000000010000000      2.5      263.9            0
  0x0000000020000000     10.8      374.7            0
  0x0000000040000000      5.2      251.5            0
  0x0000000080000000      2.3      284.5            0
  0x0000000100000000      2.4      240.7            0
  0x0000000200000000     16.2      544.2            0
  0x0000000400000000      4.4      305.3            0
  0x0000000800000000      2.6      221.3            0
  0x0000001000000000      3.3      270.6            0
  0x0000002000000000      9.0      317.0            0
  0x0000004000000000      3.7      250.5            1
  0x0000008000000000      2.6      264.3            0
  0x0000010000000000      2.0      275.1            0
  0x0000020000000000      2.8      281.1            0
  0x0000040000000000      4.8      281.9            0
  0x0000080000000000      2.5      248.9            0
  0x0000100000000000     14.9      282.1            0
  0x0000200000000000      2.3      250.0            0
  0x0000400000000000      2.3      234.8            0
  0x0000800000000000      2.0      289.2            0
  0x0001000000000000     14.4      251.6            0
  0x0002000000000000      2.6      270.5            0
  0x0004000000000000      2.3      246.8            0
  0x0008000000000000      2.8      245.0            0
  0x0010000000000000      3.1      263.0            0
  0x0020000000000000      2.9      273.7            0
  0x0040000000000000      2.8      255.1            0
  0x0080000000000000      3.2      251.7            0
  0x0100000000000000     11.5      291.0            1
  0x0200000000000000      2.9      266.0            0
  0x0400000000000000      7.6      251.2            0
  0x0800000000000000      2.9      226.4            0
  0x1000000000000000      2.8      252.6            0
  0x2000000000000000      7.7      237.2            0
  0x4000000000000000      2.3      220.4            0
  0x8000000000000000      4.4      288.9            0
  0x0000000000000003      2.8      268.7            0
  0x0000000000000005      2.4      239.5            0
  0x0000000000000009      2.2      290.9            0
  0x0000000000000011      2.3      284.2            0
  0x8000000000000001      2.9      290.0            0
  0x0000000100000001      3.2      231.8            0
  0xf0f0f0f0f0f0f0f0      2.5      231.7            0
  0xffffffffffffffff      2.5      282.6            0
  0x0000000030000000      2.1      258.7            0
  0x0000000300000000      2.8      256.8            0
  0x3000000000000000      2.3      269.2            0
  0x0000000050000000      2.6      243.3            0
  0x0000000500000000      3.6      262.3            0
  0x5000000000000000      2.5      245.1            0
  0x0000000000000006      2.8      241.5            0
  0x0000000060000000      3.3      232.7            0
  0x0000000600000000      3.3      253.8            0
  0x6000000000000000      2.3      272.9            0
  0x0000000000000007      2.2      291.8            0
  0x0000000070000000      2.6      270.8            0
  0x0000000700000000      2.1      295.5            0
  0x7000000000000000      2.2      258.6            0
  0x0000000090000000      2.6      268.6            0
  0x0000000900000000      2.6      242.0            0
  0x9000000000000000      2.0      258.2            0
  0x000000000000000a      3.5      261.4            0
  0x00000000a0000000      3.9      298.0            0
  0x0000000a00000000      2.8      307.3            0
  0xa000000000000000     10.7      328.7            0
  0x000000000000000b      3.1      259.6            0
  0x00000000b0000000      3.3      231.6            0
  0x0000000b00000000      2.6      231.9            0
  0xb000000000000000      2.6      265.4            0
  0x000000000000000c      2.6      288.2            0
  0x00000000c0000000      3.2      261.3            0
  0x0000000c00000000      3.0      235.0            0
  0xc000000000000000      2.9      251.7            0
  0x000000000000000d      2.5      318.9            0
  0x00000000d0000000      3.7      270.2            0
  0x0000000d00000000      2.0      252.1            0
  0xd000000000000000      2.2      266.6            0
  0x000000000000000e      2.5      281.2            0
  0x00000000e0000000      2.7      238.3            0
  0x0000000e00000000      3.0      304.4            0
  0xe000000000000000      3.0      244.4            0
  0x000000000000000f      2.2      256.1            0
  0x00000000f0000000      3.3      230.2            0
  0x0000000f00000000      2.9      279.2            0
  0xf000000000000000      2.6      267.8            0
PASS max_repeats=1 max|z|=16.2 (all 115 deltas)
