# key=123456789abcdef0 N=2^22 kill_repeats=10
# null E[repeats/delta] = 2^22 * 2^-64 = 2^-42
# delta                  max|z|  low8_chi2 full_repeats
  0x0000000000000400      2.1      255.3            0
  0x0000000004000000     13.3      271.4            0
  0x0000000000000001      2.8      254.4            0
  0x0000000000000002      2.4      267.2            0
  0x0000000000000004      2.4      221.8            0
  0x0000000000000008      3.0      243.6            0
  0x0000000000000010      3.0      294.7            0
  0x0000000000000020      2.5      247.5            0
  0x0000000000000040      2.6      249.2            0
  0x0000000000000080      2.9      275.9            0
  0x0000000000000100      3.0      221.3            0
  0x0000000000000200      2.6      245.9            0
  0x0000000000000400      2.1      255.3            0
  0x0000000000000800      2.4      217.2            0
  0x0000000000001000      2.7      223.9            0
  0x0000000000002000      2.6      277.0            0
  0x0000000000004000      3.2      240.1            0
  0x0000000000008000      2.6      263.8            0
  0x0000000000010000      2.6      241.6            0
  0x0000000000020000      2.3      236.2            0
  0x0000000000040000      3.2      250.1            0
  0x0000000000080000      3.2      230.9            0
  0x0000000000100000      2.6      279.4            0
  0x0000000000200000      2.8      261.2            0
  0x0000000000400000      2.3      282.6            0
  0x0000000000800000      2.4      211.3            0
  0x0000000001000000      3.4      251.7            0
  0x0000000002000000      2.3      245.4            0
  0x0000000004000000     13.3      271.4            0
  0x0000000008000000      3.0      231.3            0
  0x0000000010000000      2.3      257.1            0
  0x0000000020000000      4.0      248.0            0
  0x0000000040000000      2.1      265.0            0
  0x0000000080000000      2.0      236.8            0
  0x0000000100000000      2.4      301.7            0
  0x0000000200000000      3.5      278.3            0
  0x0000000400000000      2.7      289.1            0
  0x0000000800000000      2.8      231.3            0
  0x0000001000000000      2.0      247.8            0
  0x0000002000000000      4.1      217.9            0
  0x0000004000000000      2.5      210.6            0
  0x0000008000000000      2.6      235.0            0
  0x0000010000000000      2.5      246.0            0
  0x0000020000000000      3.5      226.8            0
  0x0000040000000000      3.0      231.2            0
  0x0000080000000000      2.5      283.6            0
  0x0000100000000000     13.3      245.9            0
  0x0000200000000000      2.5      268.1            0
  0x0000400000000000      2.6      220.2            0
  0x0000800000000000      3.3      290.8            0
  0x0001000000000000      2.5      262.7            0
  0x0002000000000000      1.9      236.3            0
  0x0004000000000000      2.6      221.9            0
  0x0008000000000000      2.7      281.0            0
  0x0010000000000000      3.6      232.8            0
  0x0020000000000000      2.8      250.0            0
  0x0040000000000000      4.7      246.7            0
  0x0080000000000000      3.7      244.9            0
  0x0100000000000000     10.4      220.3            0
  0x0200000000000000      2.3      254.0            0
  0x0400000000000000     12.0      391.1            0
  0x0800000000000000      2.7      259.8            0
  0x1000000000000000      2.5      268.2            0
  0x2000000000000000      2.8      287.1            0
  0x4000000000000000      2.3      245.4            0
  0x8000000000000000      3.2      277.5            0
  0x0000000000000003      3.0      243.4            0
  0x0000000000000005      2.2      238.1            0
  0x0000000000000009      3.9      291.2            0
  0x0000000000000011      2.6      218.3            0
  0x8000000000000001      2.1      260.8            0
  0x0000000100000001      2.2      222.3            0
  0xf0f0f0f0f0f0f0f0      2.2      252.1            0
  0xffffffffffffffff      3.2      289.3            0
  0x0000000030000000      2.8      276.7            0
  0x0000000300000000      2.7      240.5            0
  0x3000000000000000      3.0      303.5            0
  0x0000000050000000      7.9      278.4            0
  0x0000000500000000      7.7      298.4            0
  0x5000000000000000      2.9      263.1            0
  0x0000000000000006      2.5      278.7            0
  0x0000000060000000      3.3      276.2            0
  0x0000000600000000      2.5      258.7            0
  0x6000000000000000      2.1      274.6            0
  0x0000000000000007      2.7      237.6            0
  0x0000000070000000      4.4      258.2            0
  0x0000000700000000      5.4      281.1            0
  0x7000000000000000      2.5      226.6            0
  0x0000000090000000      3.1      261.7            0
  0x0000000900000000      2.4      282.5            0
  0x9000000000000000      5.0      254.2            0
  0x000000000000000a      2.2      280.8            0
  0x00000000a0000000      2.2      215.6            0
  0x0000000a00000000      2.3      224.0            0
  0xa000000000000000      3.1      246.1            0
  0x000000000000000b      2.0      278.6            0
  0x00000000b0000000      2.1      275.2            0
  0x0000000b00000000      2.1      267.5            0
  0xb000000000000000      2.2      229.7            0
  0x000000000000000c      2.8      250.5            0
  0x00000000c0000000      2.4      212.4            0
  0x0000000c00000000      3.0      250.9            0
  0xc000000000000000      2.7      285.0            0
  0x000000000000000d      2.4      269.2            0
  0x00000000d0000000      2.6      233.7            0
  0x0000000d00000000      3.2      224.2            0
  0xd000000000000000      2.0      255.4            0
  0x000000000000000e      2.4      255.7            0
  0x00000000e0000000      2.6      232.3            0
  0x0000000e00000000      2.4      267.4            0
  0xe000000000000000      2.4      265.1            0
  0x000000000000000f      3.1      233.8            0
  0x00000000f0000000      2.4      286.2            0
  0x0000000f00000000      3.1      219.1            0
  0xf000000000000000      3.0      257.6            0
PASS max_repeats=0 max|z|=13.3 (all 115 deltas)
