# key=123456789abcdef0 N=2^22 kill_repeats=10
# null E[repeats/delta] = 2^22 * 2^-64 = 2^-42
# delta                  max|z|  low8_chi2 full_repeats
  0x0000000000000400      2.3      241.1            0
  0x0000000004000000      2.3      280.8            0
  0x0000000000000001      2.8      250.9            0
  0x0000000000000002      2.4      274.7            0
  0x0000000000000004      3.2      264.5            0
  0x0000000000000008      3.0      213.0            0
  0x0000000000000010      2.6      265.4            0
  0x0000000000000020      2.7      236.0            0
  0x0000000000000040      2.9      321.4            0
  0x0000000000000080      2.5      337.1            0
  0x0000000000000100      2.8      255.3            0
  0x0000000000000200      2.5      225.5            0
  0x0000000000000400      2.3      241.1            0
  0x0000000000000800      2.7      234.5            0
  0x0000000000001000      2.8      292.5            0
  0x0000000000002000      2.9      252.1            0
  0x0000000000004000      2.7      266.6            0
  0x0000000000008000      2.1      251.4            0
  0x0000000000010000      3.0      224.3            0
  0x0000000000020000      2.4      239.0            0
  0x0000000000040000      3.1      292.8            0
  0x0000000000080000      2.4      260.8            0
  0x0000000000100000      2.8      311.7            0
  0x0000000000200000      2.6      275.2            0
  0x0000000000400000      2.5      245.2            0
  0x0000000000800000      3.3      235.1            0
  0x0000000001000000      2.7      291.0            0
  0x0000000002000000      2.6      261.3            0
  0x0000000004000000      2.3      280.8            0
  0x0000000008000000      2.0      271.9            0
  0x0000000010000000      2.0      282.3            0
  0x0000000020000000      1.9      292.3            0
  0x0000000040000000      2.5      195.6            0
  0x0000000080000000      3.1      297.7            0
  0x0000000100000000      2.7      224.2            0
  0x0000000200000000      2.4      240.9            0
  0x0000000400000000      2.6      221.0            0
  0x0000000800000000      2.5      196.9            0
  0x0000001000000000      3.2      255.0            0
  0x0000002000000000      2.4      266.2            0
  0x0000004000000000      2.9      272.8            0
  0x0000008000000000      1.9      243.9            0
  0x0000010000000000      3.5      278.2            0
  0x0000020000000000      2.3      238.0            0
  0x0000040000000000      3.0      265.6            0
  0x0000080000000000      2.5      241.1            0
  0x0000100000000000      2.5      313.3            0
  0x0000200000000000      2.5      238.1            0
  0x0000400000000000      2.6      229.4            0
  0x0000800000000000      3.4      253.9            0
  0x0001000000000000      3.2      244.6            0
  0x0002000000000000      3.6      267.0            0
  0x0004000000000000      2.7      265.1            0
  0x0008000000000000      2.5      266.6            0
  0x0010000000000000      2.2      254.1            0
  0x0020000000000000      2.4      256.7            0
  0x0040000000000000      2.4      271.8            0
  0x0080000000000000      3.6      309.1            0
  0x0100000000000000      2.5      259.1            0
  0x0200000000000000      2.6      273.8            0
  0x0400000000000000      3.2      192.7            0
  0x0800000000000000      3.1      234.6            0
  0x1000000000000000      2.4      247.7            0
  0x2000000000000000      2.0      259.0            0
  0x4000000000000000      2.0      236.7            0
  0x8000000000000000      3.0      281.4            0
  0x0000000000000003      2.4      229.4            0
  0x0000000000000005      3.1      246.4            0
  0x0000000000000009      3.0      318.2            0
  0x0000000000000011      2.7      196.4            0
  0x8000000000000001      2.3      293.2            0
  0x0000000100000001      2.4      231.2            0
  0xf0f0f0f0f0f0f0f0      3.2      251.6            0
  0xffffffffffffffff      2.3      244.8            0
  0x0000000030000000      3.1      196.7            0
  0x0000000300000000      2.4      278.7            0
  0x3000000000000000      2.4      286.8            0
  0x0000000050000000      2.7      228.5            0
  0x0000000500000000      2.6      251.3            0
  0x5000000000000000      2.1      270.4            0
  0x0000000000000006      3.2      225.8            0
  0x0000000060000000      2.9      284.2            0
  0x0000000600000000      3.2      253.7            0
  0x6000000000000000      2.3      250.7            0
  0x0000000000000007      3.1      222.2            0
  0x0000000070000000      2.9      219.7            0
  0x0000000700000000      3.0      254.9            0
  0x7000000000000000      2.6      268.4            0
  0x0000000090000000      2.6      228.2            0
  0x0000000900000000      2.7      220.1            0
  0x9000000000000000      3.3      250.7            0
  0x000000000000000a      1.8      264.8            0
  0x00000000a0000000      2.0      231.0            0
  0x0000000a00000000      2.8      251.5            0
  0xa000000000000000      2.7      258.2            0
  0x000000000000000b      2.5      268.9            0
  0x00000000b0000000      2.0      223.2            0
  0x0000000b00000000      2.7      259.4            0
  0xb000000000000000      2.2      257.2            0
  0x000000000000000c      2.9      302.0            0
  0x00000000c0000000      2.4      216.4            0
  0x0000000c00000000      2.5      228.5            0
  0xc000000000000000      2.3      244.3            0
  0x000000000000000d      2.8      267.2            0
  0x00000000d0000000      2.6      223.0            0
  0x0000000d00000000      2.8      268.5            0
  0xd000000000000000      2.4      253.2            0
  0x000000000000000e      3.4      270.4            0
  0x00000000e0000000      3.0      277.6            0
  0x0000000e00000000      2.7      258.1            0
  0xe000000000000000      2.8      242.4            0
  0x000000000000000f      2.6      235.2            0
  0x00000000f0000000      2.1      273.2            0
  0x0000000f00000000      2.7      231.9            0
  0xf000000000000000      1.8      235.2            0
PASS max_repeats=0 max|z|=3.6 (all 115 deltas)
