# key=123456789abcdef0 N=2^22 kill_repeats=10
# null E[repeats/delta] = 2^22 * 2^-64 = 2^-42
# delta                  max|z|  low8_chi2 full_repeats
  0x0000000000000400      2.6      265.3            0
  0x0000000004000000     13.9      424.9            0
  0x0000000000000001      3.7      267.3            0
  0x0000000000000002      3.4      274.5            0
  0x0000000000000004      2.7      287.2            0
  0x0000000000000008      2.7      237.4            0
  0x0000000000000010      2.9      308.3            0
  0x0000000000000020      2.5      236.1            0
  0x0000000000000040      3.0      221.1            0
  0x0000000000000080      2.5      266.0            0
  0x0000000000000100      3.2      255.8            0
  0x0000000000000200      3.2      250.8            0
  0x0000000000000400      2.6      265.3            0
  0x0000000000000800      2.5      271.2            0
  0x0000000000001000      2.6      285.4            0
  0x0000000000002000      2.7      237.0            0
  0x0000000000004000      2.3      226.5            0
  0x0000000000008000      2.8      242.8            0
  0x0000000000010000      2.9      248.9            0
  0x0000000000020000      2.7      244.7            0
  0x0000000000040000      2.7      285.3            0
  0x0000000000080000      3.1      264.3            0
  0x0000000000100000      6.6      236.2            0
  0x0000000000200000      1.8      262.5            0
  0x0000000000400000      2.5      247.4            0
  0x0000000000800000      5.0      258.7            0
  0x0000000001000000     14.1      331.3            0
  0x0000000002000000      2.5      253.8            0
  0x0000000004000000     13.9      424.9            0
  0x0000000008000000      2.5      202.2            0
  0x0000000010000000      2.9      252.4            0
  0x0000000020000000     16.3      496.1            0
  0x0000000040000000      2.7      250.5            0
  0x0000000080000000      2.5      273.0            0
  0x0000000100000000      2.4      285.5            0
  0x0000000200000000      8.1      267.0            0
  0x0000000400000000      2.6      248.8            0
  0x0000000800000000      2.8      250.7            0
  0x0000001000000000      2.1      219.0            0
  0x0000002000000000      7.5      309.4            0
  0x0000004000000000      2.3      259.1            0
  0x0000008000000000      1.9      251.4            0
  0x0000010000000000      3.1      266.5            0
  0x0000020000000000      3.2      272.1            0
  0x0000040000000000      2.4      267.6            0
  0x0000080000000000      2.8      253.3            0
  0x0000100000000000      2.9      277.5            0
  0x0000200000000000      2.6      246.4            0
  0x0000400000000000      2.4      272.7            0
  0x0000800000000000      5.6      254.3            0
  0x0001000000000000     31.7     1363.9            0
  0x0002000000000000      3.0      228.5            0
  0x0004000000000000      2.2      247.7            0
  0x0008000000000000      2.3      259.7            0
  0x0010000000000000      2.2      253.9            0
  0x0020000000000000      2.9      256.8            0
  0x0040000000000000      2.3      256.2            0
  0x0080000000000000     14.9      294.5            0
  0x0100000000000000     12.2      387.0            0
  0x0200000000000000      2.4      210.2            0
  0x0400000000000000     12.6      331.6            0
  0x0800000000000000      2.9      280.2            0
  0x1000000000000000      4.3      288.0            0
  0x2000000000000000     10.5      304.1            0
  0x4000000000000000      3.1      262.1            0
  0x8000000000000000      3.8      247.1            0
  0x0000000000000003      2.9      258.2            0
  0x0000000000000005      2.7      227.3            0
  0x0000000000000009      4.0      238.5            0
  0x0000000000000011      3.0      235.2            0
  0x8000000000000001      1.9      271.3            0
  0x0000000100000001      2.0      227.8            0
  0xf0f0f0f0f0f0f0f0      2.3      245.7            0
  0xffffffffffffffff      2.5      268.3            0
  0x0000000030000000      2.7      237.1            0
  0x0000000300000000      2.9      283.2            0
  0x3000000000000000      2.5      277.6            0
  0x0000000050000000      2.9      252.1            0
  0x0000000500000000      2.6      213.4            0
  0x5000000000000000      3.0      253.9            0
  0x0000000000000006      2.4      253.6            0
  0x0000000060000000      6.2      296.8            0
  0x0000000600000000      8.5      350.3            0
  0x6000000000000000      2.2      253.0            0
  0x0000000000000007      4.5      237.5            0
  0x0000000070000000      2.3      234.4            0
  0x0000000700000000      2.1      298.3            0
  0x7000000000000000      2.7      276.4            0
  0x0000000090000000      2.2      241.9            0
  0x0000000900000000      2.5      284.2            0
  0x9000000000000000      2.6      237.1            0
  0x000000000000000a      2.5      285.5            0
  0x00000000a0000000      2.0      266.2            0
  0x0000000a00000000      2.8      197.5            0
  0xa000000000000000      2.6      238.6            0
  0x000000000000000b      2.8      274.4            0
  0x00000000b0000000      3.0      247.9            0
  0x0000000b00000000      2.4      287.3            0
  0xb000000000000000      2.0      249.4            0
  0x000000000000000c      2.4      257.6            0
  0x00000000c0000000      2.2      235.0            0
  0x0000000c00000000      2.4      274.5            0
  0xc000000000000000     17.0      357.4            0
  0x000000000000000d      2.9      240.7            0
  0x00000000d0000000      2.2      237.7            0
  0x0000000d00000000      2.3      261.3            0
  0xd000000000000000      2.7      262.2            0
  0x000000000000000e      2.2      267.1            0
  0x00000000e0000000      4.1      277.3            0
  0x0000000e00000000      2.2      244.0            0
  0xe000000000000000      2.9      299.7            0
  0x000000000000000f      2.5      252.5            0
  0x00000000f0000000      3.0      245.2            0
  0x0000000f00000000      2.5      274.7            0
  0xf000000000000000      2.3      233.5            0
PASS max_repeats=0 max|z|=31.7 (all 115 deltas)
