# key=123456789abcdef0 N=2^22 kill_repeats=10
# null E[repeats/delta] = 2^22 * 2^-64 = 2^-42
# delta                  max|z|  low8_chi2 full_repeats
  0x0000000000000400      2.7      298.0            0
  0x0000000004000000      5.6      270.0            0
  0x0000000000000001      3.9      251.0            0
  0x0000000000000002      8.6      262.8            0
  0x0000000000000004      4.7      260.8            0
  0x0000000000000008      2.7      273.5            0
  0x0000000000000010     16.4      285.7            0
  0x0000000000000020      4.7      286.3            0
  0x0000000000000040      6.9      280.9            0
  0x0000000000000080      2.5      227.5            0
  0x0000000000000100      2.4      249.5            0
  0x0000000000000200      2.4      238.5            0
  0x0000000000000400      2.7      298.0            0
  0x0000000000000800      2.0      255.2            0
  0x0000000000001000      2.9      261.9            0
  0x0000000000002000      5.7      270.6            0
  0x0000000000004000      6.7      245.2            0
  0x0000000000008000      4.5      279.0            0
  0x0000000000010000      5.0      232.2            0
  0x0000000000020000      4.4      274.4            0
  0x0000000000040000     15.6      261.3            0
  0x0000000000080000      2.0      275.5            0
  0x0000000000100000     17.0      220.4            0
  0x0000000000200000      2.5      275.4            0
  0x0000000000400000      2.1      274.8            0
  0x0000000000800000      5.3      253.2            0
  0x0000000001000000      5.3      284.4            0
  0x0000000002000000      3.2      192.6            0
  0x0000000004000000      5.6      270.0            0
  0x0000000008000000      6.1      272.6            0
  0x0000000010000000     10.1      242.1            0
  0x0000000020000000      2.8      231.3            0
  0x0000000040000000      3.2      234.5            0
  0x0000000080000000      8.8      265.5            0
  0x0000000100000000      2.8      262.2            0
  0x0000000200000000     20.8      299.7            0
  0x0000000400000000     11.6      247.0            0
  0x0000000800000000      4.0      254.0            0
  0x0000001000000000      7.4      245.5            0
  0x0000002000000000     12.9      247.1            0
  0x0000004000000000      7.0      243.9            0
  0x0000008000000000     13.0      281.1            0
  0x0000010000000000      2.6      232.1            0
  0x0000020000000000     12.0      241.5            0
  0x0000040000000000     14.2      264.9            0
  0x0000080000000000     13.4      309.1            0
  0x0000100000000000      7.9      245.4            0
  0x0000200000000000     19.9      237.2            0
  0x0000400000000000     17.0      258.7            0
  0x0000800000000000     14.3      248.2            0
  0x0001000000000000     31.2      248.2            0
  0x0002000000000000     32.4      261.0            0
  0x0004000000000000      2.8      245.4            0
  0x0008000000000000      3.4      245.8            0
  0x0010000000000000     13.1      242.7            0
  0x0020000000000000     32.5      240.1            0
  0x0040000000000000      5.1      238.1            0
  0x0080000000000000     32.2      232.9            0
  0x0100000000000000      6.2      232.3            0
  0x0200000000000000     20.7      247.0            0
  0x0400000000000000      2.8      225.4            0
  0x0800000000000000      3.1      274.7            0
  0x1000000000000000      6.0      255.7            0
  0x2000000000000000      6.7      264.5            0
  0x4000000000000000      4.2      262.8            0
  0x8000000000000000      2.7      228.4            0
  0x0000000000000003      2.9      266.0            0
  0x0000000000000005      2.4      266.7            0
  0x0000000000000009      2.5      267.9            0
  0x0000000000000011      2.9      227.5            0
  0x8000000000000001      3.2      320.9            0
  0x0000000100000001      2.9      277.2            0
  0xf0f0f0f0f0f0f0f0      3.1      260.9            0
  0xffffffffffffffff      2.2      227.4            0
  0x0000000030000000      2.7      254.1            0
  0x0000000300000000      2.3      316.3            0
  0x3000000000000000      2.4      261.5            0
  0x0000000050000000      2.9      300.4            0
  0x0000000500000000      2.5      265.0            0
  0x5000000000000000      2.5      311.6            0
  0x0000000000000006      2.9      235.3            0
  0x0000000060000000      2.6      254.5            0
  0x0000000600000000      2.3      266.9            0
  0x6000000000000000      2.5      299.4            0
  0x0000000000000007      2.7      275.6            0
  0x0000000070000000      2.5      231.9            0
  0x0000000700000000      2.3      268.6            0
  0x7000000000000000      2.6      267.0            0
  0x0000000090000000      2.8      279.7            0
  0x0000000900000000      2.7      243.9            0
  0x9000000000000000      2.0      263.2            0
  0x000000000000000a      2.5      258.7            0
  0x00000000a0000000      2.1      238.9            0
  0x0000000a00000000      2.8      266.1            0
  0xa000000000000000      2.6      294.7            0
  0x000000000000000b      2.3      243.6            0
  0x00000000b0000000      3.0      256.4            0
  0x0000000b00000000      2.3      235.7            0
  0xb000000000000000      3.1      258.6            0
  0x000000000000000c      3.4      218.3            0
  0x00000000c0000000      2.4      309.9            0
  0x0000000c00000000      2.6      244.2            0
  0xc000000000000000      2.3      227.9            0
  0x000000000000000d      2.4      250.4            0
  0x00000000d0000000      2.4      297.4            0
  0x0000000d00000000      2.3      274.8            0
  0xd000000000000000      2.0      241.0            0
  0x000000000000000e      3.1      232.2            0
  0x00000000e0000000      3.1      246.9            0
  0x0000000e00000000      2.6      273.9            0
  0xe000000000000000      2.3      297.1            0
  0x000000000000000f      2.7      258.3            0
  0x00000000f0000000      3.2      251.2            0
  0x0000000f00000000      2.9      254.5            0
  0xf000000000000000      2.6      263.5            0
PASS max_repeats=0 max|z|=32.5 (all 115 deltas)
