# key=123456789abcdef0 N=2^22 kill_repeats=10
# null E[repeats/delta] = 2^22 * 2^-64 = 2^-42
# delta                  max|z|  low8_chi2 full_repeats
  0x0000000000000400      2.6      245.6            0
  0x0000000004000000      3.8      284.2            0
  0x0000000000000001      8.8      253.9            0
  0x0000000000000002      3.5      232.2            0
  0x0000000000000004      7.4      279.9            0
  0x0000000000000008      2.0      276.7            0
  0x0000000000000010      3.3      284.5            0
  0x0000000000000020      2.2      258.3            0
  0x0000000000000040      3.5      234.8            0
  0x0000000000000080      3.2      214.7            0
  0x0000000000000100      2.1      258.6            0
  0x0000000000000200      2.8      236.1            0
  0x0000000000000400      2.6      245.6            0
  0x0000000000000800      3.6      266.7            0
  0x0000000000001000      3.0      225.2            0
  0x0000000000002000      3.3      302.9            0
  0x0000000000004000      4.0      292.5            0
  0x0000000000008000      2.2      242.0            0
  0x0000000000010000      2.4      241.2            0
  0x0000000000020000      3.2      251.2            0
  0x0000000000040000      2.4      265.1            0
  0x0000000000080000      2.8      268.0            0
  0x0000000000100000      5.8      294.7            0
  0x0000000000200000      2.6      265.2            0
  0x0000000000400000      3.7      211.4            0
  0x0000000000800000      3.6      272.7            0
  0x0000000001000000      2.5      274.6            0
  0x0000000002000000     18.3      721.0            1
  0x0000000004000000      3.8      284.2            0
  0x0000000008000000      2.6      270.3            0
  0x0000000010000000      7.7      273.9            0
  0x0000000020000000     12.9      325.7            0
  0x0000000040000000      2.6      236.7            0
  0x0000000080000000      2.2      216.4            0
  0x0000000100000000      4.0      283.6            0
  0x0000000200000000     10.5      344.4            0
  0x0000000400000000      2.0      258.3            0
  0x0000000800000000      2.5      244.4            0
  0x0000001000000000      3.3      273.8            0
  0x0000002000000000      6.5      244.1            0
  0x0000004000000000      2.1      296.0            0
  0x0000008000000000      2.4      251.8            0
  0x0000010000000000      5.7      291.3            0
  0x0000020000000000      2.6      227.7            0
  0x0000040000000000      2.9      238.4            0
  0x0000080000000000      2.6      271.6            0
  0x0000100000000000      4.7      288.7            0
  0x0000200000000000      7.5      270.5            0
  0x0000400000000000      7.1      255.2            0
  0x0000800000000000      2.4      248.9            0
  0x0001000000000000      4.6      257.8            0
  0x0002000000000000      2.8      247.4            0
  0x0004000000000000      3.8      238.7            0
  0x0008000000000000      7.8      253.6            0
  0x0010000000000000      3.6      238.5            0
  0x0020000000000000      5.9      259.3            0
  0x0040000000000000      3.2      274.6            0
  0x0080000000000000      8.2      383.1            0
  0x0100000000000000      2.9      220.8            0
  0x0200000000000000     12.9      315.0            1
  0x0400000000000000      3.8      260.3            0
  0x0800000000000000      2.3      250.9            0
  0x1000000000000000      2.3      216.2            0
  0x2000000000000000      3.3      238.7            0
  0x4000000000000000      2.7      245.9            0
  0x8000000000000000      2.7      256.9            0
  0x0000000000000003      2.7      257.0            0
  0x0000000000000005      2.5      286.5            0
  0x0000000000000009      5.3      279.0            0
  0x0000000000000011      2.2      234.8            0
  0x8000000000000001      2.1      263.2            0
  0x0000000100000001      3.1      232.6            0
  0xf0f0f0f0f0f0f0f0      2.7      249.7            0
  0xffffffffffffffff      2.2      224.0            0
  0x0000000030000000      2.4      227.7            0
  0x0000000300000000      2.7      274.5            0
  0x3000000000000000      2.2      271.8            0
  0x0000000050000000      5.0      331.2            0
  0x0000000500000000      6.4      293.0            0
  0x5000000000000000      7.1      285.4            0
  0x0000000000000006      3.2      258.5            0
  0x0000000060000000      2.3      302.2            0
  0x0000000600000000      2.7      258.8            0
  0x6000000000000000      2.5      290.4            0
  0x0000000000000007      2.3      277.8            0
  0x0000000070000000      2.2      235.3            0
  0x0000000700000000      2.5      255.3            0
  0x7000000000000000      2.7      231.6            0
  0x0000000090000000      2.8      288.8            0
  0x0000000900000000      2.0      271.6            0
  0x9000000000000000     12.8      445.9            0
  0x000000000000000a      2.1      275.1            0
  0x00000000a0000000      2.4      256.9            0
  0x0000000a00000000      2.2      272.6            0
  0xa000000000000000      2.7      248.4            0
  0x000000000000000b      2.7      228.6            0
  0x00000000b0000000      2.5      231.5            0
  0x0000000b00000000      2.4      270.6            0
  0xb000000000000000      3.2      314.4            0
  0x000000000000000c      6.5      265.5            0
  0x00000000c0000000      2.9      287.4            0
  0x0000000c00000000      2.8      244.9            0
  0xc000000000000000      3.7      299.7            0
  0x000000000000000d      2.3      215.0            0
  0x00000000d0000000      2.5      261.3            0
  0x0000000d00000000      2.1      294.5            0
  0xd000000000000000      2.5      228.3            0
  0x000000000000000e      2.6      256.9            0
  0x00000000e0000000      9.6      260.2            0
  0x0000000e00000000      6.3      281.9            0
  0xe000000000000000      3.4      235.8            0
  0x000000000000000f      2.2      267.9            0
  0x00000000f0000000      2.7      256.2            0
  0x0000000f00000000      3.2      241.5            0
  0xf000000000000000      2.1      251.4            0
PASS max_repeats=1 max|z|=18.3 (all 115 deltas)
