# key=123456789abcdef0 N=2^22 kill_repeats=10
# null E[repeats/delta] = 2^22 * 2^-64 = 2^-42
# delta                  max|z|  low8_chi2 full_repeats
  0x0000000000000400      3.2      231.2            0
  0x0000000004000000      9.4      279.4            0
  0x0000000000000001      2.6      264.7            0
  0x0000000000000002      3.0      244.5            0
  0x0000000000000004      3.2      265.5            0
  0x0000000000000008      3.4      261.2            0
  0x0000000000000010      3.0      235.1            0
  0x0000000000000020      2.5      209.2            0
  0x0000000000000040      2.5      251.9            0
  0x0000000000000080      2.8      240.2            0
  0x0000000000000100      3.5      237.9            0
  0x0000000000000200      3.3      262.8            0
  0x0000000000000400      3.2      231.2            0
  0x0000000000000800      2.8      213.9            0
  0x0000000000001000      2.5      256.7            0
  0x0000000000002000      2.6      232.1            0
  0x0000000000004000      2.4      234.3            0
  0x0000000000008000      1.9      251.5            0
  0x0000000000010000      3.0      280.7            0
  0x0000000000020000      3.1      227.7            0
  0x0000000000040000      2.4      246.4            0
  0x0000000000080000      2.1      246.5            0
  0x0000000000100000      2.3      252.0            0
  0x0000000000200000      2.7      205.5            0
  0x0000000000400000      3.0      228.5            0
  0x0000000000800000      2.6      266.8            0
  0x0000000001000000      8.6      282.0            0
  0x0000000002000000      2.9      265.5            0
  0x0000000004000000      9.4      279.4            0
  0x0000000008000000      2.9      275.5            0
  0x0000000010000000      6.2      254.1            0
  0x0000000020000000      3.4      290.3            0
  0x0000000040000000      2.9      251.4            0
  0x0000000080000000      2.1      246.9            0
  0x0000000100000000      3.7      252.8            0
  0x0000000200000000      3.2      223.7            0
  0x0000000400000000      2.4      229.9            0
  0x0000000800000000      3.1      290.8            0
  0x0000001000000000      7.1      220.9            0
  0x0000002000000000      4.0      228.9            0
  0x0000004000000000      2.5      291.6            0
  0x0000008000000000      3.0      245.7            0
  0x0000010000000000      3.2      244.8            0
  0x0000020000000000      2.8      239.0            0
  0x0000040000000000      2.9      251.7            0
  0x0000080000000000      2.5      200.4            0
  0x0000100000000000      2.7      253.3            0
  0x0000200000000000      2.2      240.4            0
  0x0000400000000000      2.6      275.7            0
  0x0000800000000000      2.7      203.3            0
  0x0001000000000000      2.9      220.5            0
  0x0002000000000000      2.6      263.5            0
  0x0004000000000000      2.7      240.5            0
  0x0008000000000000      2.4      245.9            0
  0x0010000000000000      8.4      274.3            0
  0x0020000000000000      2.0      262.6            0
  0x0040000000000000      3.7      225.4            0
  0x0080000000000000      8.0      313.3            1
  0x0100000000000000      5.5      300.5            0
  0x0200000000000000      3.4      259.6            0
  0x0400000000000000      7.1      305.6            0
  0x0800000000000000      2.6      270.5            0
  0x1000000000000000      3.4      266.9            0
  0x2000000000000000      4.6      283.9            0
  0x4000000000000000      3.0      235.6            0
  0x8000000000000000      1.9      257.2            0
  0x0000000000000003      2.3      227.5            0
  0x0000000000000005      3.2      200.6            0
  0x0000000000000009      2.4      250.2            0
  0x0000000000000011      2.6      287.3            0
  0x8000000000000001      2.8      287.7            0
  0x0000000100000001      2.5      235.7            0
  0xf0f0f0f0f0f0f0f0      3.0      260.3            0
  0xffffffffffffffff      2.4      229.0            0
  0x0000000030000000      3.4      265.6            0
  0x0000000300000000      3.0      221.8            0
  0x3000000000000000      2.1      251.0            0
  0x0000000050000000      2.2      282.1            0
  0x0000000500000000      2.7      301.4            0
  0x5000000000000000      3.6      255.5            0
  0x0000000000000006      2.4      300.1            0
  0x0000000060000000      2.4      250.3            0
  0x0000000600000000      1.9      257.1            0
  0x6000000000000000      2.5      209.6            0
  0x0000000000000007      2.6      224.6            0
  0x0000000070000000      4.2      290.7            0
  0x0000000700000000      4.7      236.9            0
  0x7000000000000000      2.9      210.9            0
  0x0000000090000000      3.1      277.1            0
  0x0000000900000000      2.3      257.3            0
  0x9000000000000000      4.4      295.3            0
  0x000000000000000a      1.9      260.0            0
  0x00000000a0000000      1.9      243.2            0
  0x0000000a00000000      2.1      262.5            0
  0xa000000000000000      2.0      243.8            0
  0x000000000000000b      3.3      226.7            0
  0x00000000b0000000      2.9      227.4            0
  0x0000000b00000000      2.6      280.5            0
  0xb000000000000000      2.6      301.4            0
  0x000000000000000c      2.9      246.3            0
  0x00000000c0000000      2.3      276.6            0
  0x0000000c00000000      3.0      231.8            0
  0xc000000000000000      2.6      261.7            0
  0x000000000000000d      2.8      245.4            0
  0x00000000d0000000      3.6      237.1            0
  0x0000000d00000000      2.3      251.4            0
  0xd000000000000000      2.2      270.9            0
  0x000000000000000e      3.2      243.2            0
  0x00000000e0000000      2.2      257.7            0
  0x0000000e00000000      2.2      277.5            0
  0xe000000000000000      1.9      262.9            0
  0x000000000000000f      2.5      236.6            0
  0x00000000f0000000      3.2      270.3            0
  0x0000000f00000000      2.6      308.4            0
  0xf000000000000000      3.0      266.2            0
PASS max_repeats=1 max|z|=9.4 (all 115 deltas)
