# key=123456789abcdef0 N=2^22 kill_repeats=10
# null E[repeats/delta] = 2^22 * 2^-64 = 2^-42
# delta                  max|z|  low8_chi2 full_repeats
  0x0000000000000400      3.1      266.7            0
  0x0000000004000000     17.5      387.8            0
  0x0000000000000001      2.8      223.8            0
  0x0000000000000002      2.4      259.0            0
  0x0000000000000004      2.4      273.2            0
  0x0000000000000008      3.4      260.6            0
  0x0000000000000010      2.6      309.1            0
  0x0000000000000020      3.0      266.6            0
  0x0000000000000040      2.3      253.6            0
  0x0000000000000080      2.6      280.6            0
  0x0000000000000100      3.3      267.0            0
  0x0000000000000200      2.9      244.9            0
  0x0000000000000400      3.1      266.7            0
  0x0000000000000800      2.5      253.5            0
  0x0000000000001000      3.1      246.4            0
  0x0000000000002000      3.1      228.5            0
  0x0000000000004000      3.8      224.2            0
  0x0000000000008000      2.4      260.0            0
  0x0000000000010000      3.0      221.5            0
  0x0000000000020000      3.4      305.1            0
  0x0000000000040000      2.5      272.5            0
  0x0000000000080000      3.1      231.4            0
  0x0000000000100000      8.0      263.4            0
  0x0000000000200000      2.7      291.8            0
  0x0000000000400000      2.4      264.9            0
  0x0000000000800000      2.8      258.5            0
  0x0000000001000000      6.4      294.8            0
  0x0000000002000000      2.8      219.3            0
  0x0000000004000000     17.5      387.8            0
  0x0000000008000000      2.6      210.3            0
  0x0000000010000000      2.4      268.8            0
  0x0000000020000000     13.3      449.0            0
  0x0000000040000000      2.9      260.8            0
  0x0000000080000000      2.6      251.8            0
  0x0000000100000000      2.2      262.5            0
  0x0000000200000000     11.5      355.8            0
  0x0000000400000000      2.7      288.3            0
  0x0000000800000000      2.6      225.0            0
  0x0000001000000000      2.7      261.5            0
  0x0000002000000000      4.7      284.2            0
  0x0000004000000000      2.9      256.2            0
  0x0000008000000000      2.3      238.2            0
  0x0000010000000000      2.9      226.4            0
  0x0000020000000000      2.4      250.1            0
  0x0000040000000000      2.4      275.4            0
  0x0000080000000000      2.3      260.8            0
  0x0000100000000000      2.4      270.6            0
  0x0000200000000000      2.1      236.0            0
  0x0000400000000000      2.2      219.6            0
  0x0000800000000000      1.7      240.0            0
  0x0001000000000000     16.0      529.1            0
  0x0002000000000000      2.5      241.6            0
  0x0004000000000000      2.7      270.6            0
  0x0008000000000000      3.0      239.9            0
  0x0010000000000000      2.2      281.9            0
  0x0020000000000000      2.2      235.4            0
  0x0040000000000000      2.4      238.0            0
  0x0080000000000000      8.9      266.6            0
  0x0100000000000000     10.9      332.9            0
  0x0200000000000000      3.4      231.2            0
  0x0400000000000000     12.8      345.4            0
  0x0800000000000000      2.0      247.3            0
  0x1000000000000000      3.1      226.6            0
  0x2000000000000000      8.1      274.9            1
  0x4000000000000000      2.3      282.3            0
  0x8000000000000000      2.7      245.4            0
  0x0000000000000003      2.5      250.8            0
  0x0000000000000005      2.3      261.1            0
  0x0000000000000009      3.3      257.7            0
  0x0000000000000011      2.6      270.6            0
  0x8000000000000001      2.4      285.8            0
  0x0000000100000001      2.8      259.4            0
  0xf0f0f0f0f0f0f0f0      2.2      267.4            0
  0xffffffffffffffff      2.8      265.9            0
  0x0000000030000000      2.4      284.9            0
  0x0000000300000000      3.1      226.7            0
  0x3000000000000000      2.9      217.8            0
  0x0000000050000000      2.5      248.2            0
  0x0000000500000000      2.4      230.4            0
  0x5000000000000000      2.1      238.2            0
  0x0000000000000006      2.8      237.9            0
  0x0000000060000000      9.9      272.8            0
  0x0000000600000000      6.4      272.4            0
  0x6000000000000000      2.9      226.1            0
  0x0000000000000007      2.3      245.8            0
  0x0000000070000000      2.6      230.2            0
  0x0000000700000000      1.9      263.4            0
  0x7000000000000000      3.1      260.3            0
  0x0000000090000000      2.5      286.4            0
  0x0000000900000000      2.4      246.8            0
  0x9000000000000000      2.3      246.0            0
  0x000000000000000a      3.1      257.0            0
  0x00000000a0000000      2.3      254.7            0
  0x0000000a00000000      2.7      275.9            0
  0xa000000000000000      9.1      337.3            0
  0x000000000000000b      3.5      250.0            0
  0x00000000b0000000      2.0      220.7            0
  0x0000000b00000000      2.3      266.3            0
  0xb000000000000000      2.4      252.0            0
  0x000000000000000c      2.3      240.1            0
  0x00000000c0000000      2.7      222.8            0
  0x0000000c00000000      2.6      280.2            0
  0xc000000000000000      2.8      239.5            0
  0x000000000000000d      3.0      257.2            0
  0x00000000d0000000      3.5      239.5            0
  0x0000000d00000000      2.9      263.8            0
  0xd000000000000000      2.5      235.1            0
  0x000000000000000e      3.0      259.7            0
  0x00000000e0000000      3.2      262.7            0
  0x0000000e00000000      2.9      325.3            0
  0xe000000000000000      2.7      245.3            0
  0x000000000000000f      2.3      272.4            0
  0x00000000f0000000      2.4      233.9            0
  0x0000000f00000000      2.5      228.6            0
  0xf000000000000000      2.8      240.0            0
PASS max_repeats=1 max|z|=17.5 (all 115 deltas)
