# key=123456789abcdef0 N=2^22 kill_repeats=10
# null E[repeats/delta] = 2^22 * 2^-64 = 2^-42
# delta                  max|z|  low8_chi2 full_repeats
  0x0000000000000400     10.7      228.3            0
  0x0000000004000000     17.1      267.0            0
  0x0000000000000001     24.5      261.3            0
  0x0000000000000002     27.8      232.1            0
  0x0000000000000004     12.6      270.0            0
  0x0000000000000008      3.3      249.9            0
  0x0000000000000010     12.9      289.5            0
  0x0000000000000020      9.6      219.0            0
  0x0000000000000040     30.1      265.8            0
  0x0000000000000080     14.4      232.7            0
  0x0000000000000100     13.5      240.8            0
  0x0000000000000200      7.8      274.7            0
  0x0000000000000400     10.7      228.3            0
  0x0000000000000800      9.4      258.8            0
  0x0000000000001000     24.7      308.7            0
  0x0000000000002000     15.2      267.4            0
  0x0000000000004000      7.3      254.8            0
  0x0000000000008000      7.8      253.4            0
  0x0000000000010000     11.4      257.4            0
  0x0000000000020000     16.5      328.2            0
  0x0000000000040000     20.4      237.8            0
  0x0000000000080000     26.7      255.5            0
  0x0000000000100000      7.7      235.5            0
  0x0000000000200000     24.0      333.5            0
  0x0000000000400000      2.7      283.9            0
  0x0000000000800000     42.4      466.8            0
  0x0000000001000000      8.7      249.9            0
  0x0000000002000000     23.1      232.6            0
  0x0000000004000000     17.1      267.0            0
  0x0000000008000000     94.1     1300.9            0
  0x0000000010000000      2.7      227.4            0
  0x0000000020000000     35.6      981.6            0
  0x0000000040000000     13.0      256.8            0
  0x0000000080000000      1.9      277.8            0
  0x0000000100000000      8.0      226.8            0
  0x0000000200000000      6.4      285.0            0
  0x0000000400000000      3.0      263.5            0
  0x0000000800000000     16.1      421.1            0
  0x0000001000000000    195.3    43603.1            0
  0x0000002000000000     78.0      329.8            0
  0x0000004000000000      4.2      275.5            0
  0x0000008000000000     37.3      255.1            0
  0x0000010000000000     15.4      470.4            0
  0x0000020000000000      2.8      246.2            0
  0x0000040000000000     70.2      311.7            0
  0x0000080000000000     12.7      396.4            0
  0x0000100000000000     21.9      277.0            0
  0x0000200000000000     55.7      286.5            0
  0x0000400000000000     71.9     8817.2            0
  0x0000800000000000      2.6      280.2            0
  0x0001000000000000     64.7     3892.8            0
  0x0002000000000000      4.1      277.6            0
  0x0004000000000000      2.3      273.1            0
  0x0008000000000000     17.6      738.4            0
  0x0010000000000000    141.7     1126.4            0
  0x0020000000000000     35.5     1562.3            0
  0x0040000000000000     19.3      690.3            0
  0x0080000000000000     16.3      549.3            0
  0x0100000000000000     27.2      273.2            0
  0x0200000000000000     15.5      264.6            0
  0x0400000000000000    161.6      501.5            0
  0x0800000000000000     16.6      262.2            0
  0x1000000000000000     47.6      338.5            0
  0x2000000000000000     21.6      317.6            0
  0x4000000000000000     84.5      257.2            0
  0x8000000000000000      3.8      315.1            0
  0x0000000000000003      6.6      224.5            0
  0x0000000000000005      2.8      240.6            0
  0x0000000000000009      2.9      274.6            0
  0x0000000000000011      4.9      323.9            0
  0x8000000000000001      3.9      242.7            0
  0x0000000100000001      2.3      270.7            0
  0xf0f0f0f0f0f0f0f0      3.0      265.0            0
  0xffffffffffffffff      2.6      266.8            0
  0x0000000030000000      3.6      256.6            0
  0x0000000300000000      2.1      222.6            0
  0x3000000000000000     11.1      204.5            0
  0x0000000050000000      4.0      249.1            0
  0x0000000500000000      3.4      263.2            0
  0x5000000000000000      3.9      271.2            0
  0x0000000000000006      4.0      261.2            0
  0x0000000060000000      3.1      216.3            0
  0x0000000600000000      2.4      234.7            0
  0x6000000000000000      2.5      254.8            0
  0x0000000000000007      3.4      267.3            0
  0x0000000070000000      2.9      263.9            0
  0x0000000700000000      2.9      244.9            0
  0x7000000000000000      2.8      244.9            0
  0x0000000090000000      3.1      224.1            0
  0x0000000900000000      2.0      259.4            0
  0x9000000000000000      2.6      244.9            0
  0x000000000000000a      3.4      252.9            0
  0x00000000a0000000      3.1      236.6            0
  0x0000000a00000000      2.6      261.0            0
  0xa000000000000000      2.4      275.0            0
  0x000000000000000b      3.0      245.8            0
  0x00000000b0000000      2.5      256.9            0
  0x0000000b00000000      2.5      267.6            0
  0xb000000000000000      2.4      249.5            0
  0x000000000000000c      2.8      273.9            0
  0x00000000c0000000      6.0      201.7            0
  0x0000000c00000000      3.2      260.7            0
  0xc000000000000000      2.5      242.5            0
  0x000000000000000d      3.5      199.9            0
  0x00000000d0000000      2.4      235.0            0
  0x0000000d00000000      2.6      235.9            0
  0xd000000000000000      2.3      288.2            0
  0x000000000000000e      2.4      282.5            0
  0x00000000e0000000      3.3      259.3            0
  0x0000000e00000000      2.5      252.1            0
  0xe000000000000000      2.7      248.1            0
  0x000000000000000f      2.7      216.3            0
  0x00000000f0000000      2.7      257.4            0
  0x0000000f00000000      3.6      246.0            0
  0xf000000000000000      3.2      222.7            0
PASS max_repeats=0 max|z|=195.3 (all 115 deltas)
