# key=123456789abcdef0 N=2^22 kill_repeats=10
# null E[repeats/delta] = 2^22 * 2^-64 = 2^-42
# delta                  max|z|  low8_chi2 full_repeats
  0x0000000000000400      3.5      266.1            0
  0x0000000004000000      2.6      261.9            0
  0x0000000000000001      2.4      285.2            0
  0x0000000000000002      2.2      219.4            0
  0x0000000000000004      2.9      218.6            0
  0x0000000000000008      2.1      231.0            0
  0x0000000000000010      2.4      215.3            0
  0x0000000000000020      2.6      264.3            0
  0x0000000000000040      2.5      235.1            0
  0x0000000000000080      3.2      239.1            0
  0x0000000000000100      2.8      280.3            0
  0x0000000000000200      2.1      241.3            0
  0x0000000000000400      3.5      266.1            0
  0x0000000000000800      2.3      253.0            0
  0x0000000000001000      3.2      256.5            0
  0x0000000000002000      2.4      235.2            0
  0x0000000000004000      2.1      264.7            0
  0x0000000000008000      2.4      296.2            0
  0x0000000000010000      1.8      231.8            0
  0x0000000000020000      2.2      236.0            0
  0x0000000000040000      2.5      249.8            0
  0x0000000000080000      2.9      231.9            0
  0x0000000000100000      1.9      262.3            0
  0x0000000000200000      2.9      253.7            0
  0x0000000000400000      3.9      283.1            0
  0x0000000000800000      3.9      277.8            0
  0x0000000001000000      3.7      240.8            0
  0x0000000002000000      2.2      207.4            0
  0x0000000004000000      2.6      261.9            0
  0x0000000008000000      3.2      299.1            0
  0x0000000010000000      2.2      237.5            0
  0x0000000020000000      2.2      268.7            0
  0x0000000040000000      2.7      241.8            0
  0x0000000080000000      2.7      235.9            0
  0x0000000100000000      2.8      263.5            0
  0x0000000200000000      3.2      286.7            0
  0x0000000400000000      2.4      289.5            0
  0x0000000800000000      2.6      271.8            0
  0x0000001000000000      2.6      265.2            0
  0x0000002000000000      3.0      242.7            0
  0x0000004000000000      2.3      252.8            0
  0x0000008000000000      2.5      257.0            0
  0x0000010000000000      2.7      287.4            0
  0x0000020000000000      2.6      219.3            0
  0x0000040000000000      2.3      273.9            0
  0x0000080000000000      2.9      261.9            0
  0x0000100000000000      3.1      246.4            0
  0x0000200000000000      3.4      235.0            0
  0x0000400000000000      2.4      338.0            0
  0x0000800000000000      3.3      237.9            0
  0x0001000000000000      2.8      250.2            0
  0x0002000000000000      3.2      257.0            0
  0x0004000000000000      2.3      205.6            0
  0x0008000000000000      2.4      247.8            0
  0x0010000000000000      2.4      239.1            0
  0x0020000000000000      2.7      189.3            0
  0x0040000000000000      2.2      236.5            0
  0x0080000000000000      2.4      262.6            0
  0x0100000000000000      1.9      268.7            0
  0x0200000000000000      2.3      229.9            0
  0x0400000000000000      2.3      270.3            0
  0x0800000000000000      2.3      262.9            0
  0x1000000000000000      2.9      320.6            0
  0x2000000000000000      2.6      286.7            0
  0x4000000000000000      2.8      242.3            0
  0x8000000000000000      2.2      269.9            0
  0x0000000000000003      3.2      260.3            0
  0x0000000000000005      3.1      267.4            0
  0x0000000000000009      2.7      300.5            0
  0x0000000000000011      3.0      224.8            0
  0x8000000000000001      2.7      255.1            0
  0x0000000100000001      2.4      252.0            0
  0xf0f0f0f0f0f0f0f0      2.0      252.7            0
  0xffffffffffffffff      2.5      241.8            0
  0x0000000030000000      2.6      268.4            0
  0x0000000300000000      2.3      264.4            0
  0x3000000000000000      2.5      266.1            0
  0x0000000050000000      3.7      291.9            0
  0x0000000500000000      3.2      282.9            0
  0x5000000000000000      2.3      225.1            0
  0x0000000000000006      2.1      242.5            0
  0x0000000060000000      2.5      232.0            0
  0x0000000600000000      2.9      259.2            0
  0x6000000000000000      2.8      261.2            0
  0x0000000000000007      2.6      206.9            0
  0x0000000070000000      2.6      253.8            0
  0x0000000700000000      1.9      286.3            0
  0x7000000000000000      2.7      267.4            0
  0x0000000090000000      2.0      266.3            0
  0x0000000900000000      2.2      273.8            0
  0x9000000000000000      2.8      252.1            0
  0x000000000000000a      2.3      255.6            0
  0x00000000a0000000      2.9      228.9            0
  0x0000000a00000000      2.1      253.0            0
  0xa000000000000000      2.9      281.5            0
  0x000000000000000b      2.5      253.4            0
  0x00000000b0000000      2.3      251.1            0
  0x0000000b00000000      2.7      280.3            0
  0xb000000000000000      2.8      294.4            0
  0x000000000000000c      2.5      277.7            0
  0x00000000c0000000      2.3      254.5            0
  0x0000000c00000000      2.6      246.6            0
  0xc000000000000000      2.6      256.4            0
  0x000000000000000d      2.9      308.1            0
  0x00000000d0000000      2.7      213.8            0
  0x0000000d00000000      2.4      217.8            0
  0xd000000000000000      2.6      276.3            0
  0x000000000000000e      2.5      264.3            0
  0x00000000e0000000      2.3      274.4            0
  0x0000000e00000000      2.4      264.0            0
  0xe000000000000000      2.0      260.6            0
  0x000000000000000f      3.3      265.2            0
  0x00000000f0000000      2.5      205.5            0
  0x0000000f00000000      2.2      282.1            0
  0xf000000000000000      2.5      254.5            0
PASS max_repeats=0 max|z|=3.9 (all 115 deltas)
