# key=123456789abcdef0 N=2^22 kill_repeats=10
# null E[repeats/delta] = 2^22 * 2^-64 = 2^-42
# delta                  max|z|  low8_chi2 full_repeats
  0x0000000000000400      7.6      250.2            0
  0x0000000004000000      8.2      287.2            0
  0x0000000000000001      9.3      247.6            0
  0x0000000000000002     18.0      246.3            0
  0x0000000000000004      4.2      277.2            0
  0x0000000000000008      5.7      286.2            0
  0x0000000000000010      2.6      285.6            0
  0x0000000000000020     11.3      272.1            0
  0x0000000000000040      6.6      209.0            0
  0x0000000000000080      4.1      237.3            0
  0x0000000000000100     14.0      259.1            0
  0x0000000000000200      8.1      269.2            0
  0x0000000000000400      7.6      250.2            0
  0x0000000000000800      8.0      262.5            0
  0x0000000000001000      3.0      272.6            0
  0x0000000000002000     13.4      255.5            0
  0x0000000000004000      4.3      276.1            0
  0x0000000000008000     17.6      539.2            0
  0x0000000000010000      3.1      233.5            0
  0x0000000000020000     20.1      607.0            0
  0x0000000000040000      4.1      248.0            0
  0x0000000000080000      3.1      261.1            0
  0x0000000000100000      3.4      230.1            0
  0x0000000000200000      8.0      327.3            0
  0x0000000000400000      8.1      317.8            0
  0x0000000000800000     97.9     1325.8            0
  0x0000000001000000      2.9      304.4            0
  0x0000000002000000     32.8     1348.7            0
  0x0000000004000000      8.2      287.2            0
  0x0000000008000000     30.7      342.4            0
  0x0000000010000000     28.3      226.8            0
  0x0000000020000000      2.8      236.2            0
  0x0000000040000000     48.0      296.2            0
  0x0000000080000000     15.3      325.9            0
  0x0000000100000000      5.8      289.7            0
  0x0000000200000000     30.9      291.2            0
  0x0000000400000000     80.4     1277.8            0
  0x0000000800000000     63.9     1284.4            0
  0x0000001000000000     22.9      255.0            0
  0x0000002000000000     20.3      274.6            0
  0x0000004000000000     47.3      228.1            0
  0x0000008000000000      8.7      279.9            0
  0x0000010000000000     14.3      257.3            0
  0x0000020000000000     21.3     1466.2            0
  0x0000040000000000      9.5      302.6            0
  0x0000080000000000     45.9      323.2            0
  0x0000100000000000     23.5      332.2            0
  0x0000200000000000      6.8      246.9            0
  0x0000400000000000     41.2      255.1            0
  0x0000800000000000     32.3      244.8            0
  0x0001000000000000    148.9     6696.0            0
  0x0002000000000000     34.9      626.4            0
  0x0004000000000000    119.0    16129.4            0
  0x0008000000000000     13.1      262.3            0
  0x0010000000000000     45.4      270.9            0
  0x0020000000000000     34.9      254.6            0
  0x0040000000000000     24.1      281.8            0
  0x0080000000000000     39.0      315.3            0
  0x0100000000000000     18.8      231.6            0
  0x0200000000000000     33.4     1334.2            0
  0x0400000000000000     16.4      388.1            0
  0x0800000000000000     86.3      271.2            0
  0x1000000000000000     30.8      294.4            0
  0x2000000000000000     16.0      315.4            0
  0x4000000000000000     30.1      240.0            0
  0x8000000000000000     18.5      278.9            0
  0x0000000000000003      2.7      279.6            0
  0x0000000000000005      2.6      214.1            0
  0x0000000000000009      2.7      245.7            0
  0x0000000000000011      2.9      229.8            0
  0x8000000000000001      2.9      281.3            0
  0x0000000100000001      2.5      288.5            0
  0xf0f0f0f0f0f0f0f0      2.7      235.2            0
  0xffffffffffffffff      3.0      214.6            0
  0x0000000030000000      5.8      301.4            0
  0x0000000300000000      3.3      277.3            0
  0x3000000000000000      2.4      282.9            0
  0x0000000050000000      2.1      267.8            0
  0x0000000500000000      3.3      246.7            0
  0x5000000000000000      4.3      229.8            0
  0x0000000000000006      2.6      283.7            0
  0x0000000060000000      6.3      309.9            0
  0x0000000600000000      8.1      246.7            0
  0x6000000000000000     28.7     1080.6            0
  0x0000000000000007      2.6      239.2            0
  0x0000000070000000      3.0      257.8            0
  0x0000000700000000      2.5      238.7            0
  0x7000000000000000      2.7      270.4            0
  0x0000000090000000      8.8      261.7            0
  0x0000000900000000      2.9      255.4            0
  0x9000000000000000      4.2      263.1            0
  0x000000000000000a      2.6      316.4            0
  0x00000000a0000000      3.1      277.5            0
  0x0000000a00000000      6.8      246.6            0
  0xa000000000000000      2.0      217.3            0
  0x000000000000000b      2.2      300.0            0
  0x00000000b0000000      3.5      222.2            0
  0x0000000b00000000      3.2      267.7            0
  0xb000000000000000      2.7      274.3            0
  0x000000000000000c      2.9      270.3            0
  0x00000000c0000000      6.1      250.0            0
  0x0000000c00000000      7.6      218.3            0
  0xc000000000000000      2.8      277.4            0
  0x000000000000000d      1.9      228.6            0
  0x00000000d0000000      2.6      247.4            0
  0x0000000d00000000      2.3      285.9            0
  0xd000000000000000      3.1      243.8            0
  0x000000000000000e      2.4      228.1            0
  0x00000000e0000000      3.1      268.4            0
  0x0000000e00000000      4.9      261.4            0
  0xe000000000000000      5.9      275.0            0
  0x000000000000000f      2.7      283.6            0
  0x00000000f0000000      2.7      244.2            0
  0x0000000f00000000      6.8      292.5            0
  0xf000000000000000      3.0      265.1            0
PASS max_repeats=0 max|z|=148.9 (all 115 deltas)
