# key=123456789abcdef0 N=2^22 kill_repeats=10
# null E[repeats/delta] = 2^22 * 2^-64 = 2^-42
# delta                  max|z|  low8_chi2 full_repeats
  0x0000000000000400      2.8      250.0            0
  0x0000000004000000      9.8      278.9            0
  0x0000000000000001      2.0      262.1            0
  0x0000000000000002      2.3      236.6            0
  0x0000000000000004      3.2      255.6            0
  0x0000000000000008      3.3      263.4            0
  0x0000000000000010      2.4      242.0            0
  0x0000000000000020      2.8      209.6            0
  0x0000000000000040      3.3      248.8            0
  0x0000000000000080      2.4      225.2            0
  0x0000000000000100      2.8      258.0            0
  0x0000000000000200      2.3      241.9            0
  0x0000000000000400      2.8      250.0            0
  0x0000000000000800      2.3      253.8            0
  0x0000000000001000      2.3      240.6            0
  0x0000000000002000      3.1      251.1            0
  0x0000000000004000      2.4      248.7            0
  0x0000000000008000      2.2      258.8            0
  0x0000000000010000      2.5      266.8            0
  0x0000000000020000      1.7      251.6            0
  0x0000000000040000      3.7      232.7            0
  0x0000000000080000      2.2      257.0            0
  0x0000000000100000      2.4      256.3            0
  0x0000000000200000      2.7      256.4            0
  0x0000000000400000      3.9      277.5            0
  0x0000000000800000      5.0      278.9            0
  0x0000000001000000      2.5      256.3            0
  0x0000000002000000      3.0      282.0            0
  0x0000000004000000      9.8      278.9            0
  0x0000000008000000      2.6      276.4            0
  0x0000000010000000      8.9      364.0            0
  0x0000000020000000      2.5      223.4            0
  0x0000000040000000      2.1      253.6            0
  0x0000000080000000      2.3      222.6            0
  0x0000000100000000     11.9      346.7            0
  0x0000000200000000      2.2      281.2            0
  0x0000000400000000      2.3      232.8            0
  0x0000000800000000      2.4      310.0            0
  0x0000001000000000      8.1      288.5            0
  0x0000002000000000      2.9      267.8            0
  0x0000004000000000      2.9      256.1            0
  0x0000008000000000      2.9      235.6            0
  0x0000010000000000      2.2      248.8            0
  0x0000020000000000      2.2      215.2            0
  0x0000040000000000      3.4      250.8            0
  0x0000080000000000      2.5      257.9            0
  0x0000100000000000      2.8      270.7            0
  0x0000200000000000      3.5      306.6            0
  0x0000400000000000      2.4      216.4            0
  0x0000800000000000      2.8      249.3            0
  0x0001000000000000      4.1      238.2            0
  0x0002000000000000      1.9      238.6            0
  0x0004000000000000     10.4      273.0            0
  0x0008000000000000      2.8      228.3            0
  0x0010000000000000     12.5      295.7            0
  0x0020000000000000      3.3      251.7            0
  0x0040000000000000      2.2      223.1            0
  0x0080000000000000      2.0      236.4            0
  0x0100000000000000      2.5      257.6            0
  0x0200000000000000      2.5      275.3            0
  0x0400000000000000     11.7      297.8            0
  0x0800000000000000      2.9      249.9            0
  0x1000000000000000      3.2      228.2            0
  0x2000000000000000      2.5      255.0            0
  0x4000000000000000      3.0      255.4            0
  0x8000000000000000      4.5      232.5            0
  0x0000000000000003      2.7      252.8            0
  0x0000000000000005      2.4      230.7            0
  0x0000000000000009      2.6      247.7            0
  0x0000000000000011      3.7      245.0            0
  0x8000000000000001      2.1      247.2            0
  0x0000000100000001      2.2      232.7            0
  0xf0f0f0f0f0f0f0f0      3.1      272.7            0
  0xffffffffffffffff      1.9      265.9            0
  0x0000000030000000      2.6      262.0            0
  0x0000000300000000      2.6      210.0            0
  0x3000000000000000      3.2      268.3            0
  0x0000000050000000      2.4      249.4            0
  0x0000000500000000      2.0      254.3            0
  0x5000000000000000      3.5      266.6            0
  0x0000000000000006      2.3      238.7            0
  0x0000000060000000      3.4      267.6            0
  0x0000000600000000      2.7      263.2            0
  0x6000000000000000      2.7      251.7            0
  0x0000000000000007      2.0      251.7            0
  0x0000000070000000      2.3      242.1            0
  0x0000000700000000      2.8      276.7            0
  0x7000000000000000      2.3      273.6            0
  0x0000000090000000      2.4      275.9            0
  0x0000000900000000      2.0      248.6            0
  0x9000000000000000      2.5      268.7            0
  0x000000000000000a      2.6      235.5            0
  0x00000000a0000000      2.8      242.6            0
  0x0000000a00000000      2.8      269.1            0
  0xa000000000000000      2.7      259.9            0
  0x000000000000000b      2.0      256.0            0
  0x00000000b0000000      2.2      259.8            0
  0x0000000b00000000      3.5      249.9            0
  0xb000000000000000      2.1      266.4            0
  0x000000000000000c      3.9      260.0            0
  0x00000000c0000000      2.9      238.4            0
  0x0000000c00000000      2.1      271.3            0
  0xc000000000000000      2.5      266.7            0
  0x000000000000000d      2.0      258.6            0
  0x00000000d0000000      2.6      237.3            0
  0x0000000d00000000      2.1      229.9            0
  0xd000000000000000      2.3      233.7            0
  0x000000000000000e      2.7      266.4            0
  0x00000000e0000000      2.0      282.7            0
  0x0000000e00000000      2.2      292.4            0
  0xe000000000000000      2.6      234.2            0
  0x000000000000000f      2.3      241.5            0
  0x00000000f0000000      3.5      223.2            0
  0x0000000f00000000      2.5      262.7            0
  0xf000000000000000      3.1      232.7            0
PASS max_repeats=0 max|z|=12.5 (all 115 deltas)
