# key=123456789abcdef0 N=2^22 kill_repeats=10
# null E[repeats/delta] = 2^22 * 2^-64 = 2^-42
# delta                  max|z|  low8_chi2 full_repeats
  0x0000000000000400      3.7      323.5            0
  0x0000000004000000      4.7      263.2            0
  0x0000000000000001      2.9      207.5            0
  0x0000000000000002      2.8      291.8            0
  0x0000000000000004      2.5      280.1            0
  0x0000000000000008      2.4      281.4            0
  0x0000000000000010      2.7      253.4            0
  0x0000000000000020      3.3      244.6            0
  0x0000000000000040      2.8      262.0            0
  0x0000000000000080      3.0      216.2            0
  0x0000000000000100      2.6      272.9            0
  0x0000000000000200      2.3      221.3            0
  0x0000000000000400      3.7      323.5            0
  0x0000000000000800      2.5      258.9            0
  0x0000000000001000      3.0      228.2            0
  0x0000000000002000      2.9      252.1            0
  0x0000000000004000      2.5      242.6            0
  0x0000000000008000      2.3      221.9            0
  0x0000000000010000      2.4      238.4            0
  0x0000000000020000      2.4      287.6            0
  0x0000000000040000      3.0      246.4            0
  0x0000000000080000      1.8      221.5            0
  0x0000000000100000      1.8      253.9            0
  0x0000000000200000      2.6      269.9            0
  0x0000000000400000      3.2      294.4            0
  0x0000000000800000      3.0      283.8            0
  0x0000000001000000      4.5      299.1            0
  0x0000000002000000      2.5      291.8            0
  0x0000000004000000      4.7      263.2            0
  0x0000000008000000      2.3      258.3            0
  0x0000000010000000      2.3      243.7            0
  0x0000000020000000      2.6      260.6            0
  0x0000000040000000      2.4      292.9            0
  0x0000000080000000      2.2      293.3            0
  0x0000000100000000      2.0      269.3            0
  0x0000000200000000      3.3      253.0            0
  0x0000000400000000      2.7      251.4            0
  0x0000000800000000      2.8      267.3            0
  0x0000001000000000      3.1      282.5            0
  0x0000002000000000      2.7      264.3            0
  0x0000004000000000      2.2      238.1            0
  0x0000008000000000      2.2      248.4            0
  0x0000010000000000      3.0      246.7            0
  0x0000020000000000      3.6      243.0            0
  0x0000040000000000      2.4      230.6            0
  0x0000080000000000      2.5      210.6            0
  0x0000100000000000      6.9      296.9            0
  0x0000200000000000      2.2      260.0            0
  0x0000400000000000      2.7      228.5            0
  0x0000800000000000      2.6      255.3            0
  0x0001000000000000      2.1      253.3            0
  0x0002000000000000      2.6      260.0            0
  0x0004000000000000      2.6      231.5            0
  0x0008000000000000      2.3      297.2            0
  0x0010000000000000      2.7      217.1            0
  0x0020000000000000      2.3      229.1            0
  0x0040000000000000      3.9      247.1            0
  0x0080000000000000      3.0      251.6            0
  0x0100000000000000      2.6      277.1            0
  0x0200000000000000      2.0      256.3            0
  0x0400000000000000      5.6      305.2            0
  0x0800000000000000      3.7      234.5            0
  0x1000000000000000      2.9      288.3            0
  0x2000000000000000      2.7      217.0            0
  0x4000000000000000      1.9      242.1            0
  0x8000000000000000      3.1      288.9            0
  0x0000000000000003      3.0      240.4            0
  0x0000000000000005      4.2      280.3            0
  0x0000000000000009      2.6      243.2            0
  0x0000000000000011      2.6      292.8            0
  0x8000000000000001      2.2      237.1            0
  0x0000000100000001      2.3      250.5            0
  0xf0f0f0f0f0f0f0f0      2.7      316.6            0
  0xffffffffffffffff      2.8      251.8            0
  0x0000000030000000      3.1      255.9            0
  0x0000000300000000      2.0      263.0            0
  0x3000000000000000      2.6      230.9            0
  0x0000000050000000      2.6      217.8            0
  0x0000000500000000      2.1      290.3            0
  0x5000000000000000      2.5      265.7            0
  0x0000000000000006      2.5      279.8            0
  0x0000000060000000      4.8      273.6            0
  0x0000000600000000      4.8      289.8            0
  0x6000000000000000      2.5      233.7            0
  0x0000000000000007      2.5      255.4            0
  0x0000000070000000      2.3      246.3            0
  0x0000000700000000      2.8      255.4            0
  0x7000000000000000      3.1      221.7            0
  0x0000000090000000      2.9      254.7            0
  0x0000000900000000      2.3      287.6            0
  0x9000000000000000      5.3      319.8            0
  0x000000000000000a      2.7      232.8            0
  0x00000000a0000000      2.3      253.4            0
  0x0000000a00000000      2.5      263.1            0
  0xa000000000000000      2.3      216.6            0
  0x000000000000000b      3.4      188.9            0
  0x00000000b0000000      2.6      239.6            0
  0x0000000b00000000      3.0      219.9            0
  0xb000000000000000      3.1      309.9            0
  0x000000000000000c      2.5      292.7            0
  0x00000000c0000000      2.8      276.0            0
  0x0000000c00000000      2.3      243.8            0
  0xc000000000000000      2.8      233.4            0
  0x000000000000000d      2.1      302.7            0
  0x00000000d0000000      3.8      294.3            0
  0x0000000d00000000      6.0      319.8            0
  0xd000000000000000      1.8      310.3            0
  0x000000000000000e      1.8      262.9            0
  0x00000000e0000000      2.6      257.9            0
  0x0000000e00000000      3.0      278.4            0
  0xe000000000000000      2.5      240.1            0
  0x000000000000000f      1.8      246.1            0
  0x00000000f0000000      1.9      268.3            0
  0x0000000f00000000      2.9      271.0            0
  0xf000000000000000      3.0      287.3            0
PASS max_repeats=0 max|z|=6.9 (all 115 deltas)
