# key=123456789abcdef0 N=2^22 kill_repeats=10
# null E[repeats/delta] = 2^22 * 2^-64 = 2^-42
# delta                  max|z|  low8_chi2 full_repeats
  0x0000000000000400      2.6      237.6            0
  0x0000000004000000     11.5      365.3            0
  0x0000000000000001      3.1      260.2            0
  0x0000000000000002      2.4      252.4            0
  0x0000000000000004      2.4      248.0            0
  0x0000000000000008      3.1      246.7            0
  0x0000000000000010      2.6      261.7            0
  0x0000000000000020      2.5      263.7            0
  0x0000000000000040      2.9      242.3            0
  0x0000000000000080      3.8      244.3            0
  0x0000000000000100      3.0      268.8            0
  0x0000000000000200      2.7      266.9            0
  0x0000000000000400      2.6      237.6            0
  0x0000000000000800      2.8      212.8            0
  0x0000000000001000      3.5      256.3            0
  0x0000000000002000      2.7      225.7            0
  0x0000000000004000      2.1      255.5            0
  0x0000000000008000      2.9      276.7            0
  0x0000000000010000      2.2      255.0            0
  0x0000000000020000      2.2      263.5            0
  0x0000000000040000      3.1      240.0            0
  0x0000000000080000      2.4      287.8            0
  0x0000000000100000      2.3      217.3            0
  0x0000000000200000      2.4      274.3            0
  0x0000000000400000      2.9      304.6            0
  0x0000000000800000      2.7      248.7            0
  0x0000000001000000      8.1      247.6            0
  0x0000000002000000      2.2      280.8            0
  0x0000000004000000     11.5      365.3            0
  0x0000000008000000      3.0      244.7            0
  0x0000000010000000      7.3      287.6            0
  0x0000000020000000      2.8      259.5            0
  0x0000000040000000      3.6      268.5            0
  0x0000000080000000      5.0      227.9            0
  0x0000000100000000      4.2      289.7            0
  0x0000000200000000      2.7      246.2            0
  0x0000000400000000      2.5      274.6            0
  0x0000000800000000      2.8      246.6            0
  0x0000001000000000      6.8      328.1            0
  0x0000002000000000      1.9      278.7            0
  0x0000004000000000      2.3      242.5            0
  0x0000008000000000      3.9      250.5            0
  0x0000010000000000      2.9      244.6            0
  0x0000020000000000      2.5      239.0            0
  0x0000040000000000      2.4      240.0            0
  0x0000080000000000      2.6      259.4            0
  0x0000100000000000      2.5      244.6            0
  0x0000200000000000      2.7      270.5            0
  0x0000400000000000      2.7      280.9            0
  0x0000800000000000      4.1      291.8            0
  0x0001000000000000      2.4      314.1            0
  0x0002000000000000      3.8      241.1            0
  0x0004000000000000      3.2      235.2            0
  0x0008000000000000      2.4      252.1            0
  0x0010000000000000     10.3      365.1            0
  0x0020000000000000     12.3      375.2            0
  0x0040000000000000      2.4      245.2            0
  0x0080000000000000      2.7      276.7            0
  0x0100000000000000      3.2      292.7            0
  0x0200000000000000      2.7      225.3            0
  0x0400000000000000      8.7      363.5            0
  0x0800000000000000      2.6      289.1            0
  0x1000000000000000      4.0      274.8            0
  0x2000000000000000      3.7      265.3            0
  0x4000000000000000      2.2      254.9            0
  0x8000000000000000      1.9      265.2            0
  0x0000000000000003      2.6      255.7            0
  0x0000000000000005      2.8      253.2            0
  0x0000000000000009      2.4      236.7            0
  0x0000000000000011      2.4      256.5            0
  0x8000000000000001      2.5      307.7            0
  0x0000000100000001      2.7      299.5            0
  0xf0f0f0f0f0f0f0f0      2.4      284.4            0
  0xffffffffffffffff      2.4      219.7            0
  0x0000000030000000      2.2      254.8            0
  0x0000000300000000      1.9      233.0            0
  0x3000000000000000      2.2      277.0            0
  0x0000000050000000      2.2      270.5            0
  0x0000000500000000      3.7      271.2            0
  0x5000000000000000      1.8      248.8            0
  0x0000000000000006      2.3      249.9            0
  0x0000000060000000      2.1      230.0            0
  0x0000000600000000      2.3      263.7            0
  0x6000000000000000      3.3      275.9            0
  0x0000000000000007      3.5      287.5            0
  0x0000000070000000      2.6      250.0            0
  0x0000000700000000      2.8      227.0            0
  0x7000000000000000      2.7      269.2            0
  0x0000000090000000      5.7      233.4            0
  0x0000000900000000      7.0      258.4            0
  0x9000000000000000      7.3      251.4            0
  0x000000000000000a      2.5      223.4            0
  0x00000000a0000000      2.5      215.6            0
  0x0000000a00000000      1.8      269.2            0
  0xa000000000000000      3.1      249.1            0
  0x000000000000000b      2.6      255.8            0
  0x00000000b0000000      2.6      261.7            0
  0x0000000b00000000      3.1      292.7            0
  0xb000000000000000      2.6      272.0            0
  0x000000000000000c      2.6      278.8            0
  0x00000000c0000000      2.6      283.3            0
  0x0000000c00000000      2.6      262.8            0
  0xc000000000000000      3.4      241.5            0
  0x000000000000000d      2.8      252.4            0
  0x00000000d0000000      2.5      286.9            0
  0x0000000d00000000      2.8      255.2            0
  0xd000000000000000      2.5      227.6            0
  0x000000000000000e      2.9      218.8            0
  0x00000000e0000000      3.2      307.8            0
  0x0000000e00000000      2.8      252.7            0
  0xe000000000000000      2.7      243.0            0
  0x000000000000000f      2.4      242.5            0
  0x00000000f0000000      2.9      272.5            0
  0x0000000f00000000      2.8      294.2            0
  0xf000000000000000      2.8      283.5            0
PASS max_repeats=0 max|z|=12.3 (all 115 deltas)
