# key=123456789abcdef0 N=2^22 kill_repeats=10
# null E[repeats/delta] = 2^22 * 2^-64 = 2^-42
# delta                  max|z|  low8_chi2 full_repeats
  0x0000000000000400      2.1      265.5            0
  0x0000000004000000      7.0      259.1            0
  0x0000000000000001      2.8      271.7            0
  0x0000000000000002      2.9      293.5            0
  0x0000000000000004      2.2      275.0            0
  0x0000000000000008      2.8      284.4            0
  0x0000000000000010      2.6      249.5            0
  0x0000000000000020      3.0      241.7            0
  0x0000000000000040      3.0      259.2            0
  0x0000000000000080      3.0      252.3            0
  0x0000000000000100      2.4      248.5            0
  0x0000000000000200      2.3      253.5            0
  0x0000000000000400      2.1      265.5            0
  0x0000000000000800      2.8      269.1            0
  0x0000000000001000      2.8      246.8            0
  0x0000000000002000      2.2      249.6            0
  0x0000000000004000      2.5      264.2            0
  0x0000000000008000      2.4      266.6            0
  0x0000000000010000      2.5      206.4            0
  0x0000000000020000      2.7      259.8            0
  0x0000000000040000      3.1      261.7            0
  0x0000000000080000      3.0      236.7            0
  0x0000000000100000      2.3      231.9            0
  0x0000000000200000      2.6      269.9            0
  0x0000000000400000      4.4      301.5            0
  0x0000000000800000      2.6      316.7            0
  0x0000000001000000      3.2      266.2            0
  0x0000000002000000      3.7      272.7            0
  0x0000000004000000      7.0      259.1            0
  0x0000000008000000      2.4      223.6            0
  0x0000000010000000      3.0      265.1            0
  0x0000000020000000      3.2      217.3            0
  0x0000000040000000      5.4      306.4            0
  0x0000000080000000      2.8      255.6            0
  0x0000000100000000      2.3      231.3            0
  0x0000000200000000      2.8      238.4            0
  0x0000000400000000      4.4      244.9            0
  0x0000000800000000      2.2      285.4            0
  0x0000001000000000      2.7      236.6            0
  0x0000002000000000      2.5      251.0            0
  0x0000004000000000     10.6      247.4            0
  0x0000008000000000      3.1      237.2            0
  0x0000010000000000      2.7      254.7            0
  0x0000020000000000      1.9      257.8            0
  0x0000040000000000      6.2      241.5            0
  0x0000080000000000      2.3      249.7            0
  0x0000100000000000      2.5      262.5            0
  0x0000200000000000      2.0      266.7            0
  0x0000400000000000      2.7      271.1            0
  0x0000800000000000      2.2      234.5            0
  0x0001000000000000      2.7      260.4            0
  0x0002000000000000      2.4      269.4            0
  0x0004000000000000      4.4      236.3            0
  0x0008000000000000      2.3      201.2            0
  0x0010000000000000      2.8      214.0            0
  0x0020000000000000      2.0      282.0            0
  0x0040000000000000      2.6      269.7            0
  0x0080000000000000      2.8      253.9            0
  0x0100000000000000      7.1      229.4            0
  0x0200000000000000      2.1      264.9            0
  0x0400000000000000      4.5      224.2            0
  0x0800000000000000      3.2      255.3            0
  0x1000000000000000     17.5      239.0            0
  0x2000000000000000      4.2      216.9            0
  0x4000000000000000      2.2      273.9            0
  0x8000000000000000      2.4      261.8            0
  0x0000000000000003      2.4      254.7            0
  0x0000000000000005      2.2      258.5            0
  0x0000000000000009      3.2      284.2            0
  0x0000000000000011      2.9      224.2            0
  0x8000000000000001      3.1      234.7            0
  0x0000000100000001      2.7      230.4            0
  0xf0f0f0f0f0f0f0f0      2.6      295.7            0
  0xffffffffffffffff      1.8      312.1            0
  0x0000000030000000      5.1      261.4            0
  0x0000000300000000      5.0      303.0            0
  0x3000000000000000      2.8      238.3            0
  0x0000000050000000      3.4      260.5            0
  0x0000000500000000      2.3      246.6            0
  0x5000000000000000      2.0      259.7            0
  0x0000000000000006      3.0      249.7            0
  0x0000000060000000      2.7      277.1            0
  0x0000000600000000      2.7      230.7            0
  0x6000000000000000      2.8      304.6            0
  0x0000000000000007      2.7      244.1            0
  0x0000000070000000      3.1      274.0            0
  0x0000000700000000      5.9      314.6            0
  0x7000000000000000      2.4      280.4            0
  0x0000000090000000      2.6      271.1            0
  0x0000000900000000      2.2      232.0            0
  0x9000000000000000      2.4      268.6            0
  0x000000000000000a      2.2      240.7            0
  0x00000000a0000000      3.4      257.7            0
  0x0000000a00000000      2.4      250.1            0
  0xa000000000000000      3.5      244.1            0
  0x000000000000000b      2.4      245.9            0
  0x00000000b0000000      2.3      219.4            0
  0x0000000b00000000      2.7      279.5            0
  0xb000000000000000      2.2      294.6            0
  0x000000000000000c      2.9      254.5            0
  0x00000000c0000000      2.9      218.5            0
  0x0000000c00000000      2.6      265.0            0
  0xc000000000000000      2.2      270.6            0
  0x000000000000000d      2.2      261.7            0
  0x00000000d0000000      3.2      207.8            0
  0x0000000d00000000      2.9      250.1            0
  0xd000000000000000      2.7      254.4            0
  0x000000000000000e      3.2      261.8            0
  0x00000000e0000000      2.3      250.8            0
  0x0000000e00000000      3.1      268.1            0
  0xe000000000000000      2.6      258.1            0
  0x000000000000000f      2.5      234.8            0
  0x00000000f0000000      3.1      251.8            0
  0x0000000f00000000      2.4      241.2            0
  0xf000000000000000      2.8      277.6            0
PASS max_repeats=0 max|z|=17.5 (all 115 deltas)
