# key=123456789abcdef0 N=2^22 kill_repeats=10
# null E[repeats/delta] = 2^22 * 2^-64 = 2^-42
# delta                  max|z|  low8_chi2 full_repeats
  0x0000000000000400      2.3      250.6            0
  0x0000000004000000      3.1      241.5            0
  0x0000000000000001      2.6      250.7            0
  0x0000000000000002      2.8      275.9            0
  0x0000000000000004      2.2      243.6            0
  0x0000000000000008      2.4      291.9            0
  0x0000000000000010      2.3      244.0            0
  0x0000000000000020      2.5      208.4            0
  0x0000000000000040      2.6      186.9            0
  0x0000000000000080      2.7      269.0            0
  0x0000000000000100      2.0      274.9            0
  0x0000000000000200      2.7      269.2            0
  0x0000000000000400      2.3      250.6            0
  0x0000000000000800      3.3      268.4            0
  0x0000000000001000      2.9      247.2            0
  0x0000000000002000      2.6      237.2            0
  0x0000000000004000      2.4      208.8            0
  0x0000000000008000      2.6      266.6            0
  0x0000000000010000      2.6      234.0            0
  0x0000000000020000      2.1      288.1            0
  0x0000000000040000      2.6      298.5            0
  0x0000000000080000      3.2      260.7            0
  0x0000000000100000      2.1      263.1            0
  0x0000000000200000      2.3      268.6            0
  0x0000000000400000      2.2      244.1            0
  0x0000000000800000      2.5      244.0            0
  0x0000000001000000      2.0      227.0            0
  0x0000000002000000      2.8      231.8            0
  0x0000000004000000      3.1      241.5            0
  0x0000000008000000      2.7      247.7            0
  0x0000000010000000      2.1      265.0            0
  0x0000000020000000      2.3      233.0            0
  0x0000000040000000      2.8      255.4            0
  0x0000000080000000      2.6      249.4            0
  0x0000000100000000      2.3      301.7            0
  0x0000000200000000      2.4      243.0            0
  0x0000000400000000      2.6      255.1            0
  0x0000000800000000      2.7      281.1            0
  0x0000001000000000      2.4      252.1            0
  0x0000002000000000      2.1      242.1            0
  0x0000004000000000      3.5      234.8            0
  0x0000008000000000      2.4      275.5            0
  0x0000010000000000      2.5      260.0            0
  0x0000020000000000      2.1      267.7            0
  0x0000040000000000      2.4      270.5            0
  0x0000080000000000      2.3      225.2            0
  0x0000100000000000      2.7      268.4            0
  0x0000200000000000      2.4      275.1            0
  0x0000400000000000      2.6      277.1            0
  0x0000800000000000      3.3      257.2            0
  0x0001000000000000      2.6      232.8            0
  0x0002000000000000      2.4      247.2            0
  0x0004000000000000      2.8      238.7            0
  0x0008000000000000      2.1      293.3            0
  0x0010000000000000      1.8      234.5            0
  0x0020000000000000      3.1      247.0            0
  0x0040000000000000      2.9      289.2            0
  0x0080000000000000      2.4      235.5            0
  0x0100000000000000      3.8      248.3            0
  0x0200000000000000      1.8      256.0            0
  0x0400000000000000      3.2      266.3            0
  0x0800000000000000      3.0      272.6            0
  0x1000000000000000      2.7      246.5            0
  0x2000000000000000      2.5      254.7            0
  0x4000000000000000      2.9      242.5            0
  0x8000000000000000      2.2      302.9            0
  0x0000000000000003      3.1      265.8            0
  0x0000000000000005      2.2      266.8            0
  0x0000000000000009      2.0      299.6            0
  0x0000000000000011      2.7      240.4            0
  0x8000000000000001      3.1      235.1            0
  0x0000000100000001      2.6      254.9            0
  0xf0f0f0f0f0f0f0f0      2.3      260.8            0
  0xffffffffffffffff      1.8      239.4            0
  0x0000000030000000      2.9      229.7            0
  0x0000000300000000      2.7      219.3            0
  0x3000000000000000      2.2      247.2            0
  0x0000000050000000      2.3      267.2            0
  0x0000000500000000      2.2      260.7            0
  0x5000000000000000      2.7      299.3            0
  0x0000000000000006      2.3      272.1            0
  0x0000000060000000      3.4      281.0            0
  0x0000000600000000      2.6      248.2            0
  0x6000000000000000      2.5      233.8            0
  0x0000000000000007      2.9      230.3            0
  0x0000000070000000      2.1      243.0            0
  0x0000000700000000      2.2      264.8            0
  0x7000000000000000      2.6      263.3            0
  0x0000000090000000      3.0      277.5            0
  0x0000000900000000      2.9      266.5            0
  0x9000000000000000      2.4      269.5            0
  0x000000000000000a      1.9      251.1            0
  0x00000000a0000000      2.7      251.9            0
  0x0000000a00000000      2.2      272.5            0
  0xa000000000000000      3.2      276.8            0
  0x000000000000000b      2.5      242.4            0
  0x00000000b0000000      2.1      266.6            0
  0x0000000b00000000      2.4      219.9            0
  0xb000000000000000      2.5      268.3            0
  0x000000000000000c      2.5      242.5            0
  0x00000000c0000000      2.5      236.6            0
  0x0000000c00000000      2.7      301.6            0
  0xc000000000000000      2.0      293.8            0
  0x000000000000000d      2.1      248.0            0
  0x00000000d0000000      2.7      228.8            0
  0x0000000d00000000      2.9      265.4            0
  0xd000000000000000      2.1      241.4            0
  0x000000000000000e      2.7      226.8            0
  0x00000000e0000000      2.2      257.8            0
  0x0000000e00000000      2.6      239.5            0
  0xe000000000000000      2.2      226.1            0
  0x000000000000000f      3.7      304.5            0
  0x00000000f0000000      2.7      256.4            0
  0x0000000f00000000      2.3      297.0            0
  0xf000000000000000      2.0      259.5            0
PASS max_repeats=0 max|z|=3.8 (all 115 deltas)
