# key=123456789abcdef0 N=2^22 kill_repeats=10
# null E[repeats/delta] = 2^22 * 2^-64 = 2^-42
# delta                  max|z|  low8_chi2 full_repeats
  0x0000000000000400      2.6      231.7            0
  0x0000000004000000      7.8      282.0            0
  0x0000000000000001      3.1      282.9            0
  0x0000000000000002      2.9      287.5            0
  0x0000000000000004      3.2      246.0            0
  0x0000000000000008      3.5      255.7            0
  0x0000000000000010      2.6      222.5            0
  0x0000000000000020      3.2      272.7            0
  0x0000000000000040      2.9      203.0            0
  0x0000000000000080      3.3      218.7            0
  0x0000000000000100      2.8      299.6            0
  0x0000000000000200      2.7      262.8            0
  0x0000000000000400      2.6      231.7            0
  0x0000000000000800      3.4      311.6            0
  0x0000000000001000      3.0      324.2            0
  0x0000000000002000      3.5      232.0            0
  0x0000000000004000      6.9      260.3            0
  0x0000000000008000      2.3      237.5            0
  0x0000000000010000      2.5      248.2            0
  0x0000000000020000      3.4      270.4            0
  0x0000000000040000      3.2      232.6            0
  0x0000000000080000      2.4      266.8            0
  0x0000000000100000      2.6      227.6            0
  0x0000000000200000      5.8      280.8            0
  0x0000000000400000      5.4      246.8            0
  0x0000000000800000      3.2      246.9            0
  0x0000000001000000      7.3      236.2            0
  0x0000000002000000      3.3      241.2            0
  0x0000000004000000      7.8      282.0            0
  0x0000000008000000      2.2      286.2            0
  0x0000000010000000      2.9      273.9            0
  0x0000000020000000      2.7      233.0            0
  0x0000000040000000      2.7      263.6            0
  0x0000000080000000      6.0      258.2            0
  0x0000000100000000      2.7      285.3            0
  0x0000000200000000      2.7      231.0            0
  0x0000000400000000      6.2      251.6            0
  0x0000000800000000      2.5      289.2            0
  0x0000001000000000      5.0      316.7            0
  0x0000002000000000      2.0      265.7            0
  0x0000004000000000      3.0      317.5            0
  0x0000008000000000      3.0      266.3            0
  0x0000010000000000      9.5      270.1            0
  0x0000020000000000      4.2      274.6            0
  0x0000040000000000      5.1      242.7            1
  0x0000080000000000      3.1      275.7            0
  0x0000100000000000      3.4      263.3            0
  0x0000200000000000      6.9      229.0            0
  0x0000400000000000      2.5      283.8            0
  0x0000800000000000      9.4      391.7            0
  0x0001000000000000      2.7      224.7            0
  0x0002000000000000      4.6      251.7            0
  0x0004000000000000      8.8      288.9            0
  0x0008000000000000      2.3      264.9            0
  0x0010000000000000      2.9      236.9            0
  0x0020000000000000     21.5      455.8            0
  0x0040000000000000     13.5      299.0            0
  0x0080000000000000      3.0      256.3            0
  0x0100000000000000      4.0      270.6            0
  0x0200000000000000      2.7      239.1            0
  0x0400000000000000      4.3      223.8            0
  0x0800000000000000      3.3      278.0            0
  0x1000000000000000      3.1      282.7            0
  0x2000000000000000      2.5      300.3            0
  0x4000000000000000      4.9      274.9            0
  0x8000000000000000      2.2      239.5            0
  0x0000000000000003      2.9      280.2            0
  0x0000000000000005      2.8      248.3            0
  0x0000000000000009      2.5      239.6            0
  0x0000000000000011      2.5      227.8            0
  0x8000000000000001      1.9      251.3            0
  0x0000000100000001      2.5      260.3            0
  0xf0f0f0f0f0f0f0f0      2.2      311.3            0
  0xffffffffffffffff      2.3      272.6            0
  0x0000000030000000      2.4      213.0            0
  0x0000000300000000      2.3      264.2            0
  0x3000000000000000     10.1      247.0            0
  0x0000000050000000      2.6      293.9            0
  0x0000000500000000     10.3      280.9            2
  0x5000000000000000      1.6      266.1            0
  0x0000000000000006      2.4      205.9            0
  0x0000000060000000      2.2      224.2            0
  0x0000000600000000      3.2      258.6            0
  0x6000000000000000      3.8      278.2            0
  0x0000000000000007      2.2      254.3            0
  0x0000000070000000      2.7      256.9            0
  0x0000000700000000      2.2      248.7            0
  0x7000000000000000      2.2      277.5            0
  0x0000000090000000     10.7      291.9            0
  0x0000000900000000      2.6      228.0            0
  0x9000000000000000      2.4      267.1            0
  0x000000000000000a      3.0      247.5            0
  0x00000000a0000000      2.1      232.7            0
  0x0000000a00000000     10.5      306.1            0
  0xa000000000000000      2.8      268.4            0
  0x000000000000000b      2.5      214.4            0
  0x00000000b0000000      3.3      235.4            0
  0x0000000b00000000      2.5      266.4            0
  0xb000000000000000      2.6      235.0            0
  0x000000000000000c      2.4      220.5            0
  0x00000000c0000000      2.6      200.0            0
  0x0000000c00000000      3.7      258.7            0
  0xc000000000000000      8.0      277.2            0
  0x000000000000000d      3.3      266.0            0
  0x00000000d0000000      2.7      252.5            0
  0x0000000d00000000      2.8      251.3            0
  0xd000000000000000      2.6      244.4            0
  0x000000000000000e      2.7      313.6            0
  0x00000000e0000000      6.0      270.8            0
  0x0000000e00000000      4.9      272.5            0
  0xe000000000000000      2.4      279.7            0
  0x000000000000000f      2.1      247.1            0
  0x00000000f0000000     11.4      335.7            0
  0x0000000f00000000      3.2      276.3            0
  0xf000000000000000      2.0      217.8            0
PASS max_repeats=2 max|z|=21.5 (all 115 deltas)
