# key=123456789abcdef0 N=2^22 kill_repeats=10
# null E[repeats/delta] = 2^22 * 2^-64 = 2^-42
# delta                  max|z|  low8_chi2 full_repeats
  0x0000000000000400      2.1      266.3            0
  0x0000000004000000      2.9      259.3            0
  0x0000000000000001      2.8      261.2            0
  0x0000000000000002      2.1      264.3            0
  0x0000000000000004      2.8      282.8            0
  0x0000000000000008      2.3      228.7            0
  0x0000000000000010      2.3      287.4            0
  0x0000000000000020      2.7      256.2            0
  0x0000000000000040      2.5      281.8            0
  0x0000000000000080      2.9      252.4            0
  0x0000000000000100      2.6      228.2            0
  0x0000000000000200      2.4      249.6            0
  0x0000000000000400      2.1      266.3            0
  0x0000000000000800      2.8      234.2            0
  0x0000000000001000      2.9      227.8            0
  0x0000000000002000      2.9      270.6            0
  0x0000000000004000      3.1      266.9            0
  0x0000000000008000      2.5      246.0            0
  0x0000000000010000      2.8      239.4            0
  0x0000000000020000      2.6      252.9            0
  0x0000000000040000      2.6      249.2            0
  0x0000000000080000      2.8      276.4            0
  0x0000000000100000      2.9      241.4            0
  0x0000000000200000      2.3      236.1            0
  0x0000000000400000      2.1      269.0            0
  0x0000000000800000      3.4      263.5            0
  0x0000000001000000      2.8      247.9            0
  0x0000000002000000      2.3      285.6            0
  0x0000000004000000      2.9      259.3            0
  0x0000000008000000      2.3      219.0            0
  0x0000000010000000      2.9      234.3            0
  0x0000000020000000      2.6      242.6            0
  0x0000000040000000      2.3      265.6            0
  0x0000000080000000      2.9      237.5            0
  0x0000000100000000      2.5      245.6            0
  0x0000000200000000      3.0      226.8            0
  0x0000000400000000      3.2      271.4            0
  0x0000000800000000      3.0      235.3            0
  0x0000001000000000      3.6      287.2            0
  0x0000002000000000      2.3      240.3            0
  0x0000004000000000      3.3      268.9            0
  0x0000008000000000      2.0      286.5            0
  0x0000010000000000      2.3      269.2            0
  0x0000020000000000      2.8      238.3            0
  0x0000040000000000      2.2      265.3            0
  0x0000080000000000      2.2      255.8            0
  0x0000100000000000      3.0      267.9            0
  0x0000200000000000      2.7      243.2            0
  0x0000400000000000      2.4      231.8            0
  0x0000800000000000      2.7      229.4            0
  0x0001000000000000      3.5      233.2            0
  0x0002000000000000      2.9      250.3            0
  0x0004000000000000      3.3      276.1            0
  0x0008000000000000      3.1      293.3            0
  0x0010000000000000      3.5      238.4            0
  0x0020000000000000      2.3      272.4            0
  0x0040000000000000      2.4      246.8            0
  0x0080000000000000      3.1      277.1            0
  0x0100000000000000      2.7      221.0            0
  0x0200000000000000      2.3      259.1            0
  0x0400000000000000      2.7      255.2            0
  0x0800000000000000      2.4      254.2            0
  0x1000000000000000      3.3      227.1            0
  0x2000000000000000      3.1      287.3            0
  0x4000000000000000      2.6      264.3            0
  0x8000000000000000      2.7      250.7            0
  0x0000000000000003      2.9      227.5            0
  0x0000000000000005      2.0      251.4            0
  0x0000000000000009      2.6      244.0            0
  0x0000000000000011      2.5      218.9            0
  0x8000000000000001      3.7      261.8            0
  0x0000000100000001      2.9      251.0            0
  0xf0f0f0f0f0f0f0f0      3.3      257.0            0
  0xffffffffffffffff      3.2      228.0            0
  0x0000000030000000      2.3      224.7            0
  0x0000000300000000      2.3      272.0            0
  0x3000000000000000      2.6      249.1            0
  0x0000000050000000      3.2      227.9            0
  0x0000000500000000      2.5      231.0            0
  0x5000000000000000      2.3      262.5            0
  0x0000000000000006      2.9      236.1            0
  0x0000000060000000      2.4      299.0            0
  0x0000000600000000      2.6      258.5            0
  0x6000000000000000      3.5      271.6            0
  0x0000000000000007      2.8      280.3            0
  0x0000000070000000      2.3      259.1            0
  0x0000000700000000      3.7      208.9            0
  0x7000000000000000      2.8      299.4            0
  0x0000000090000000      2.4      223.1            0
  0x0000000900000000      2.7      250.5            0
  0x9000000000000000      2.0      239.3            0
  0x000000000000000a      2.2      271.5            0
  0x00000000a0000000      2.6      257.1            0
  0x0000000a00000000      2.8      260.1            0
  0xa000000000000000      2.9      221.2            0
  0x000000000000000b      3.1      260.8            0
  0x00000000b0000000      2.6      290.8            0
  0x0000000b00000000      2.5      259.1            0
  0xb000000000000000      2.6      253.2            0
  0x000000000000000c      2.6      269.5            0
  0x00000000c0000000      2.7      265.2            0
  0x0000000c00000000      3.3      274.0            0
  0xc000000000000000      3.5      244.6            0
  0x000000000000000d      2.8      263.7            0
  0x00000000d0000000      3.0      263.9            0
  0x0000000d00000000      2.7      270.2            0
  0xd000000000000000      2.6      270.0            0
  0x000000000000000e      2.3      257.5            0
  0x00000000e0000000      2.3      304.5            0
  0x0000000e00000000      3.0      311.4            0
  0xe000000000000000      2.4      220.2            0
  0x000000000000000f      2.0      266.0            0
  0x00000000f0000000      2.2      209.0            0
  0x0000000f00000000      2.7      237.9            0
  0xf000000000000000      3.3      249.0            0
PASS max_repeats=0 max|z|=3.7 (all 115 deltas)
