# key=123456789abcdef0 N=2^22 kill_repeats=10
# null E[repeats/delta] = 2^22 * 2^-64 = 2^-42
# delta                  max|z|  low8_chi2 full_repeats
  0x0000000000000400      2.6      258.0            0
  0x0000000004000000      2.6      274.0            0
  0x0000000000000001      2.6      288.3            0
  0x0000000000000002      2.2      258.4            0
  0x0000000000000004      2.8      244.8            0
  0x0000000000000008      2.8      298.9            0
  0x0000000000000010      3.0      240.7            0
  0x0000000000000020      2.2      239.5            0
  0x0000000000000040      2.9      258.4            0
  0x0000000000000080      2.8      257.7            0
  0x0000000000000100      2.5      266.6            0
  0x0000000000000200      2.6      255.3            0
  0x0000000000000400      2.6      258.0            0
  0x0000000000000800      2.5      255.5            0
  0x0000000000001000      2.7      251.8            0
  0x0000000000002000      2.7      256.8            0
  0x0000000000004000      2.1      218.5            0
  0x0000000000008000      2.4      217.7            0
  0x0000000000010000      2.8      254.9            0
  0x0000000000020000      2.7      238.4            0
  0x0000000000040000      2.0      253.2            0
  0x0000000000080000      2.1      267.1            0
  0x0000000000100000      2.9      214.5            0
  0x0000000000200000      2.5      249.3            0
  0x0000000000400000      2.4      296.4            0
  0x0000000000800000      2.4      285.8            0
  0x0000000001000000      2.9      228.1            0
  0x0000000002000000      2.2      278.7            0
  0x0000000004000000      2.6      274.0            0
  0x0000000008000000      2.6      254.7            0
  0x0000000010000000      2.6      246.4            0
  0x0000000020000000      2.5      249.3            0
  0x0000000040000000      2.6      266.5            0
  0x0000000080000000      2.8      229.1            0
  0x0000000100000000     15.1      262.2            0
  0x0000000200000000      2.5      251.8            0
  0x0000000400000000      2.1      296.4            0
  0x0000000800000000      2.1      264.6            0
  0x0000001000000000      7.9      312.6            0
  0x0000002000000000      2.2      262.6            0
  0x0000004000000000      3.7      273.8            0
  0x0000008000000000      3.1      229.1            0
  0x0000010000000000      7.8      282.4            0
  0x0000020000000000      2.1      231.6            0
  0x0000040000000000      2.7      252.5            0
  0x0000080000000000      3.5      231.1            0
  0x0000100000000000      3.0      213.9            0
  0x0000200000000000      2.6      238.7            0
  0x0000400000000000      2.7      247.9            0
  0x0000800000000000      2.5      255.7            0
  0x0001000000000000      2.8      235.5            0
  0x0002000000000000      2.2      253.3            0
  0x0004000000000000      2.6      281.7            0
  0x0008000000000000      2.1      238.0            0
  0x0010000000000000      2.6      269.9            0
  0x0020000000000000      2.7      254.2            0
  0x0040000000000000      2.7      223.3            0
  0x0080000000000000      3.6      262.8            0
  0x0100000000000000      2.6      267.9            0
  0x0200000000000000      3.5      258.9            0
  0x0400000000000000      2.5      220.1            0
  0x0800000000000000      2.6      255.7            0
  0x1000000000000000      2.8      266.0            0
  0x2000000000000000      2.4      266.1            0
  0x4000000000000000      2.4      246.0            0
  0x8000000000000000      2.8      278.7            0
  0x0000000000000003      2.7      246.9            0
  0x0000000000000005      2.2      256.7            0
  0x0000000000000009      2.6      205.9            0
  0x0000000000000011      2.5      230.6            0
  0x8000000000000001      2.5      262.7            0
  0x0000000100000001      3.0      261.4            0
  0xf0f0f0f0f0f0f0f0      2.8      281.4            0
  0xffffffffffffffff      2.9      235.9            0
  0x0000000030000000      1.8      214.3            0
  0x0000000300000000      3.3      245.0            0
  0x3000000000000000      2.2      229.6            0
  0x0000000050000000      2.8      290.3            0
  0x0000000500000000      2.8      290.1            0
  0x5000000000000000      3.1      267.7            0
  0x0000000000000006      1.9      269.3            0
  0x0000000060000000      3.1      306.1            0
  0x0000000600000000      3.1      267.6            0
  0x6000000000000000      2.7      262.1            0
  0x0000000000000007      3.1      215.4            0
  0x0000000070000000      2.9      272.9            0
  0x0000000700000000      2.4      231.0            0
  0x7000000000000000      3.0      265.7            0
  0x0000000090000000      2.7      216.2            0
  0x0000000900000000      2.2      282.3            0
  0x9000000000000000      2.4      261.4            0
  0x000000000000000a      2.7      244.2            0
  0x00000000a0000000      2.2      228.0            0
  0x0000000a00000000      2.9      257.0            0
  0xa000000000000000      2.4      259.0            0
  0x000000000000000b      2.4      250.8            0
  0x00000000b0000000      2.4      281.5            0
  0x0000000b00000000      2.0      236.2            0
  0xb000000000000000      2.1      231.5            0
  0x000000000000000c      2.3      239.1            0
  0x00000000c0000000      2.0      262.6            0
  0x0000000c00000000      2.6      236.9            0
  0xc000000000000000      8.2      277.8            0
  0x000000000000000d      1.9      225.6            0
  0x00000000d0000000      3.6      213.2            0
  0x0000000d00000000      2.5      289.1            0
  0xd000000000000000      2.6      245.3            0
  0x000000000000000e      2.6      231.9            0
  0x00000000e0000000      2.8      240.3            0
  0x0000000e00000000      2.1      249.0            0
  0xe000000000000000      2.5      258.7            0
  0x000000000000000f      2.9      243.8            0
  0x00000000f0000000      4.2      296.9            0
  0x0000000f00000000      3.1      266.2            0
  0xf000000000000000      2.3      299.7            0
PASS max_repeats=0 max|z|=15.1 (all 115 deltas)
