# key=123456789abcdef0 N=2^22 kill_repeats=10
# null E[repeats/delta] = 2^22 * 2^-64 = 2^-42
# delta                  max|z|  low8_chi2 full_repeats
  0x0000000000000400      2.6      233.6            0
  0x0000000004000000      8.0      308.4            0
  0x0000000000000001      3.2      273.8            0
  0x0000000000000002      4.4      267.5            0
  0x0000000000000004      2.6      260.9            0
  0x0000000000000008      3.5      205.3            0
  0x0000000000000010      3.0      276.4            0
  0x0000000000000020      2.6      263.4            1
  0x0000000000000040      2.5      215.5            0
  0x0000000000000080      3.0      220.9            0
  0x0000000000000100      2.8      209.8            0
  0x0000000000000200      4.3      263.6            0
  0x0000000000000400      2.6      233.6            0
  0x0000000000000800      3.0      212.4            0
  0x0000000000001000      2.9      230.9            0
  0x0000000000002000      3.0      243.4            0
  0x0000000000004000      3.4      291.4            0
  0x0000000000008000      3.2      271.8            0
  0x0000000000010000      2.8      246.8            0
  0x0000000000020000      2.9      232.2            0
  0x0000000000040000      4.2      287.3            0
  0x0000000000080000      2.5      270.9            0
  0x0000000000100000      8.6      323.6            0
  0x0000000000200000      2.4      242.9            0
  0x0000000000400000      3.0      263.1            0
  0x0000000000800000      3.1      229.7            0
  0x0000000001000000     13.7      420.2            0
  0x0000000002000000      3.0      259.6            0
  0x0000000004000000      8.0      308.4            0
  0x0000000008000000      2.5      247.5            0
  0x0000000010000000      2.9      243.9            0
  0x0000000020000000      5.2      302.7            0
  0x0000000040000000      2.3      236.1            0
  0x0000000080000000      6.4      372.6            0
  0x0000000100000000      2.1      263.7            0
  0x0000000200000000      4.1      271.0            1
  0x0000000400000000      3.1      271.9            0
  0x0000000800000000     11.7      281.9            0
  0x0000001000000000      3.0      305.7            0
  0x0000002000000000      3.2      252.0            0
  0x0000004000000000      2.3      238.1            0
  0x0000008000000000     11.4      307.2            0
  0x0000010000000000     11.5      416.8            0
  0x0000020000000000      3.2      252.9            0
  0x0000040000000000      2.3      233.6            0
  0x0000080000000000      2.7      258.1            0
  0x0000100000000000      3.1      254.6            0
  0x0000200000000000      2.6      293.0            0
  0x0000400000000000      2.8      224.2            0
  0x0000800000000000      4.6      271.8            0
  0x0001000000000000      2.6      251.0            0
  0x0002000000000000      2.5      246.6            0
  0x0004000000000000      2.9      268.0            0
  0x0008000000000000      2.8      252.5            0
  0x0010000000000000      3.3      279.1            0
  0x0020000000000000      2.9      273.3            0
  0x0040000000000000      8.7      329.1            0
  0x0080000000000000      7.4      258.1            0
  0x0100000000000000     11.9      381.0            0
  0x0200000000000000      2.5      258.5            0
  0x0400000000000000      8.7      269.6            0
  0x0800000000000000      2.4      211.7            0
  0x1000000000000000      2.4      242.3            0
  0x2000000000000000      9.8      333.1            0
  0x4000000000000000      3.3      271.2            0
  0x8000000000000000      2.5      253.5            0
  0x0000000000000003      2.6      274.7            0
  0x0000000000000005      3.3      244.4            0
  0x0000000000000009      3.0      253.4            0
  0x0000000000000011      2.6      308.0            0
  0x8000000000000001      3.1      267.8            0
  0x0000000100000001      2.5      248.7            0
  0xf0f0f0f0f0f0f0f0      2.6      218.5            0
  0xffffffffffffffff      2.1      258.6            0
  0x0000000030000000      2.4      263.7            0
  0x0000000300000000      2.6      233.9            0
  0x3000000000000000      3.0      206.8            0
  0x0000000050000000      3.2      290.5            0
  0x0000000500000000      2.4      296.3            0
  0x5000000000000000      3.2      258.4            0
  0x0000000000000006      2.5      261.4            0
  0x0000000060000000      2.9      254.7            0
  0x0000000600000000      1.8      245.8            0
  0x6000000000000000      2.3      264.0            0
  0x0000000000000007      3.7      267.4            0
  0x0000000070000000      2.9      252.4            0
  0x0000000700000000      2.7      217.1            0
  0x7000000000000000      2.8      290.2            0
  0x0000000090000000      3.9      281.0            0
  0x0000000900000000      5.0      224.9            0
  0x9000000000000000      9.8      285.7            1
  0x000000000000000a      2.5      225.0            0
  0x00000000a0000000      2.5      241.6            0
  0x0000000a00000000      2.1      232.4            0
  0xa000000000000000      2.1      251.6            0
  0x000000000000000b      2.6      296.5            0
  0x00000000b0000000      2.7      261.6            0
  0x0000000b00000000      2.3      235.2            0
  0xb000000000000000      3.0      234.4            0
  0x000000000000000c      2.6      246.3            0
  0x00000000c0000000      4.7      235.6            0
  0x0000000c00000000      4.3      274.8            0
  0xc000000000000000      2.4      275.9            0
  0x000000000000000d      2.1      257.0            0
  0x00000000d0000000      2.6      239.0            0
  0x0000000d00000000      1.9      210.5            0
  0xd000000000000000      2.7      299.8            0
  0x000000000000000e      2.7      304.2            0
  0x00000000e0000000      2.0      234.5            0
  0x0000000e00000000      2.0      240.6            0
  0xe000000000000000      2.1      268.2            0
  0x000000000000000f      2.6      267.0            0
  0x00000000f0000000      2.0      241.3            0
  0x0000000f00000000      3.0      240.8            0
  0xf000000000000000      2.3      232.9            0
PASS max_repeats=1 max|z|=13.7 (all 115 deltas)
