# key=123456789abcdef0 N=2^22 kill_repeats=10
# null E[repeats/delta] = 2^22 * 2^-64 = 2^-42
# delta                  max|z|  low8_chi2 full_repeats
  0x0000000000000400      2.4      262.6            0
  0x0000000004000000      7.3      284.2            0
  0x0000000000000001      3.1      236.5            0
  0x0000000000000002      3.9      232.3            0
  0x0000000000000004      3.1      221.9            0
  0x0000000000000008      2.0      268.9            0
  0x0000000000000010      3.3      257.9            0
  0x0000000000000020      2.4      281.0            0
  0x0000000000000040      3.0      301.1            0
  0x0000000000000080      2.3      225.1            0
  0x0000000000000100      2.4      236.6            0
  0x0000000000000200      2.6      209.1            0
  0x0000000000000400      2.4      262.6            0
  0x0000000000000800      2.2      253.6            0
  0x0000000000001000      3.3      265.0            0
  0x0000000000002000      2.6      262.6            0
  0x0000000000004000      2.4      245.6            0
  0x0000000000008000      2.3      248.7            0
  0x0000000000010000      2.4      285.6            0
  0x0000000000020000      3.4      244.5            0
  0x0000000000040000      2.2      267.1            0
  0x0000000000080000      2.3      246.7            0
  0x0000000000100000      3.6      273.4            0
  0x0000000000200000      2.1      258.9            0
  0x0000000000400000      3.1      222.3            0
  0x0000000000800000      2.5      252.0            0
  0x0000000001000000      3.6      288.3            0
  0x0000000002000000      2.5      223.0            0
  0x0000000004000000      7.3      284.2            0
  0x0000000008000000      4.2      251.8            0
  0x0000000010000000      2.5      258.1            0
  0x0000000020000000      2.9      248.5            0
  0x0000000040000000      2.6      247.2            0
  0x0000000080000000      2.6      240.9            0
  0x0000000100000000      2.3      247.2            0
  0x0000000200000000      2.2      275.4            0
  0x0000000400000000      2.2      252.4            0
  0x0000000800000000      2.3      258.3            0
  0x0000001000000000      2.5      209.5            0
  0x0000002000000000      2.5      251.4            0
  0x0000004000000000      2.2      251.5            0
  0x0000008000000000      2.3      290.5            0
  0x0000010000000000      2.6      262.0            0
  0x0000020000000000      2.5      224.0            0
  0x0000040000000000      2.0      254.5            0
  0x0000080000000000      2.6      258.8            0
  0x0000100000000000      6.7      289.6            0
  0x0000200000000000      2.3      252.4            0
  0x0000400000000000      2.6      273.4            0
  0x0000800000000000      2.6      292.2            0
  0x0001000000000000      9.8      271.7            0
  0x0002000000000000      2.4      277.5            0
  0x0004000000000000      2.5      222.8            0
  0x0008000000000000      2.0      268.6            0
  0x0010000000000000      2.6      286.6            0
  0x0020000000000000      7.1      279.3            0
  0x0040000000000000      3.7      264.6            0
  0x0080000000000000      2.7      253.9            0
  0x0100000000000000      5.1      246.6            0
  0x0200000000000000      2.8      294.2            0
  0x0400000000000000      6.6      275.7            0
  0x0800000000000000      3.1      288.1            0
  0x1000000000000000      3.1      315.7            0
  0x2000000000000000      6.2      237.9            0
  0x4000000000000000      2.5      277.3            0
  0x8000000000000000      3.0      255.3            0
  0x0000000000000003      1.8      210.2            0
  0x0000000000000005      2.3      294.6            0
  0x0000000000000009      3.0      258.1            0
  0x0000000000000011      2.2      256.9            0
  0x8000000000000001      2.4      252.3            0
  0x0000000100000001      2.6      226.4            0
  0xf0f0f0f0f0f0f0f0      2.4      272.9            0
  0xffffffffffffffff      2.3      249.9            0
  0x0000000030000000     10.2      272.0            0
  0x0000000300000000      3.3      263.3            0
  0x3000000000000000      3.6      273.1            0
  0x0000000050000000     10.7      316.2            0
  0x0000000500000000      7.6      316.9            0
  0x5000000000000000      2.0      271.5            0
  0x0000000000000006      3.1      236.4            0
  0x0000000060000000      2.1      256.3            0
  0x0000000600000000      2.7      284.0            0
  0x6000000000000000      2.3      273.2            0
  0x0000000000000007      2.9      239.6            0
  0x0000000070000000      2.2      249.3            0
  0x0000000700000000      3.1      277.9            0
  0x7000000000000000      3.0      256.4            0
  0x0000000090000000      2.3      245.5            0
  0x0000000900000000      2.2      264.6            0
  0x9000000000000000      2.5      235.0            0
  0x000000000000000a      2.6      237.3            0
  0x00000000a0000000      2.4      262.1            0
  0x0000000a00000000      2.6      245.9            0
  0xa000000000000000      2.6      266.2            0
  0x000000000000000b      2.3      255.8            0
  0x00000000b0000000      3.2      235.5            0
  0x0000000b00000000      2.3      239.1            0
  0xb000000000000000      3.3      220.3            0
  0x000000000000000c      3.0      239.0            0
  0x00000000c0000000      2.4      240.7            0
  0x0000000c00000000      2.8      279.8            0
  0xc000000000000000      2.3      217.8            0
  0x000000000000000d      3.2      240.7            0
  0x00000000d0000000      2.6      253.7            0
  0x0000000d00000000      2.6      271.6            0
  0xd000000000000000      9.3      278.7            0
  0x000000000000000e      2.2      249.2            0
  0x00000000e0000000      2.6      243.4            0
  0x0000000e00000000      2.8      214.3            0
  0xe000000000000000      2.7      255.5            0
  0x000000000000000f      3.3      263.9            0
  0x00000000f0000000      3.6      253.9            0
  0x0000000f00000000      2.7      280.6            0
  0xf000000000000000      3.2      276.6            0
PASS max_repeats=0 max|z|=10.7 (all 115 deltas)
