# key=123456789abcdef0 N=2^22 kill_repeats=10
# null E[repeats/delta] = 2^22 * 2^-64 = 2^-42
# delta                  max|z|  low8_chi2 full_repeats
  0x0000000000000400      2.7      260.4            0
  0x0000000004000000      2.9      256.6            0
  0x0000000000000001      2.9      247.7            0
  0x0000000000000002      2.7      261.0            0
  0x0000000000000004      2.2      268.0            0
  0x0000000000000008      2.9      274.4            0
  0x0000000000000010      2.2      247.3            0
  0x0000000000000020      3.4      267.7            0
  0x0000000000000040      3.5      237.6            0
  0x0000000000000080      2.7      268.9            0
  0x0000000000000100      1.6      247.5            0
  0x0000000000000200      2.3      238.3            0
  0x0000000000000400      2.7      260.4            0
  0x0000000000000800      2.8      235.3            0
  0x0000000000001000      2.8      289.7            0
  0x0000000000002000      3.8      276.3            0
  0x0000000000004000      3.2      280.4            0
  0x0000000000008000      2.8      254.7            0
  0x0000000000010000      2.5      286.7            0
  0x0000000000020000      2.5      238.5            0
  0x0000000000040000      2.3      207.2            0
  0x0000000000080000      3.1      253.1            0
  0x0000000000100000      2.5      227.1            0
  0x0000000000200000      2.7      258.1            0
  0x0000000000400000      2.2      242.9            0
  0x0000000000800000      2.5      282.0            0
  0x0000000001000000      2.4      242.9            0
  0x0000000002000000      2.1      261.7            0
  0x0000000004000000      2.9      256.6            0
  0x0000000008000000      2.8      258.1            0
  0x0000000010000000      2.4      243.3            0
  0x0000000020000000      2.7      256.8            0
  0x0000000040000000      2.9      241.9            0
  0x0000000080000000      2.3      296.6            0
  0x0000000100000000      3.1      227.9            0
  0x0000000200000000      2.7      266.6            0
  0x0000000400000000      4.3      269.6            0
  0x0000000800000000      2.4      271.8            0
  0x0000001000000000      2.4      281.3            0
  0x0000002000000000      2.9      267.4            0
  0x0000004000000000      2.6      278.2            0
  0x0000008000000000      1.9      234.1            0
  0x0000010000000000      1.8      261.6            0
  0x0000020000000000      2.2      282.4            0
  0x0000040000000000      2.9      214.9            0
  0x0000080000000000      2.6      223.6            0
  0x0000100000000000      3.9      256.6            0
  0x0000200000000000      2.8      232.8            0
  0x0000400000000000      2.1      262.1            0
  0x0000800000000000      2.5      278.6            0
  0x0001000000000000      2.6      248.6            0
  0x0002000000000000      2.5      236.3            0
  0x0004000000000000      2.5      254.5            0
  0x0008000000000000      3.7      266.8            0
  0x0010000000000000      2.5      212.9            0
  0x0020000000000000      2.5      245.7            0
  0x0040000000000000      3.2      252.5            0
  0x0080000000000000      2.2      281.3            0
  0x0100000000000000      2.5      251.3            0
  0x0200000000000000      3.7      253.2            0
  0x0400000000000000      2.3      279.6            0
  0x0800000000000000      2.5      241.5            0
  0x1000000000000000      2.5      256.9            0
  0x2000000000000000      2.2      308.1            0
  0x4000000000000000      2.4      260.1            0
  0x8000000000000000      2.2      305.0            0
  0x0000000000000003      3.0      279.1            0
  0x0000000000000005      4.2      260.8            0
  0x0000000000000009      2.2      238.0            0
  0x0000000000000011      2.7      264.4            0
  0x8000000000000001      2.4      256.0            0
  0x0000000100000001      3.0      233.3            0
  0xf0f0f0f0f0f0f0f0      2.7      240.4            0
  0xffffffffffffffff      2.6      288.1            0
  0x0000000030000000      2.7      272.0            0
  0x0000000300000000      2.3      224.8            0
  0x3000000000000000      2.4      261.9            0
  0x0000000050000000      2.3      264.4            0
  0x0000000500000000      2.6      220.3            0
  0x5000000000000000      6.5      250.3            0
  0x0000000000000006      2.8      253.0            0
  0x0000000060000000      2.6      266.4            0
  0x0000000600000000      3.6      259.0            0
  0x6000000000000000      2.5      272.5            0
  0x0000000000000007      2.8      221.2            0
  0x0000000070000000      2.5      269.7            0
  0x0000000700000000      2.4      265.1            0
  0x7000000000000000      2.4      266.8            0
  0x0000000090000000      2.0      264.9            0
  0x0000000900000000      2.4      292.5            0
  0x9000000000000000      2.6      244.2            0
  0x000000000000000a      2.0      252.6            0
  0x00000000a0000000      2.9      233.2            0
  0x0000000a00000000      3.7      217.7            0
  0xa000000000000000      3.0      296.5            0
  0x000000000000000b      2.3      262.2            0
  0x00000000b0000000      3.0      219.5            0
  0x0000000b00000000      2.2      258.9            0
  0xb000000000000000      2.3      248.8            0
  0x000000000000000c      2.7      249.8            0
  0x00000000c0000000      2.7      262.4            0
  0x0000000c00000000      1.9      248.7            0
  0xc000000000000000      2.7      292.6            0
  0x000000000000000d      3.1      242.3            0
  0x00000000d0000000      2.7      251.1            0
  0x0000000d00000000      2.1      228.7            0
  0xd000000000000000      2.2      232.7            0
  0x000000000000000e      2.2      252.6            0
  0x00000000e0000000      3.7      232.9            0
  0x0000000e00000000      2.2      237.0            0
  0xe000000000000000      2.2      232.9            0
  0x000000000000000f      2.7      260.2            0
  0x00000000f0000000      2.1      276.4            0
  0x0000000f00000000      2.8      269.4            0
  0xf000000000000000      2.9      257.0            0
PASS max_repeats=0 max|z|=6.5 (all 115 deltas)
