# key=123456789abcdef0 N=2^22 kill_repeats=10
# null E[repeats/delta] = 2^22 * 2^-64 = 2^-42
# delta                  max|z|  low8_chi2 full_repeats
  0x0000000000000400      2.4      248.7            0
  0x0000000004000000      2.8      252.8            0
  0x0000000000000001      2.3      263.2            0
  0x0000000000000002      2.7      247.6            0
  0x0000000000000004      3.4      268.4            0
  0x0000000000000008      2.3      245.0            0
  0x0000000000000010      2.5      279.7            0
  0x0000000000000020      2.9      275.8            0
  0x0000000000000040      3.1      256.3            0
  0x0000000000000080      3.2      276.5            0
  0x0000000000000100      2.8      252.4            0
  0x0000000000000200      2.7      262.9            0
  0x0000000000000400      2.4      248.7            0
  0x0000000000000800      2.8      298.1            0
  0x0000000000001000      2.2      223.3            0
  0x0000000000002000      2.7      281.0            0
  0x0000000000004000      3.3      244.4            0
  0x0000000000008000      2.8      257.1            0
  0x0000000000010000      2.2      249.7            0
  0x0000000000020000      2.9      305.4            0
  0x0000000000040000      2.5      286.2            0
  0x0000000000080000      2.2      284.2            0
  0x0000000000100000      2.7      242.4            0
  0x0000000000200000      2.5      242.1            0
  0x0000000000400000      3.1      290.8            0
  0x0000000000800000      2.4      253.1            0
  0x0000000001000000      2.7      260.6            0
  0x0000000002000000      3.0      238.3            0
  0x0000000004000000      2.8      252.8            0
  0x0000000008000000      2.2      299.8            0
  0x0000000010000000      1.9      257.4            0
  0x0000000020000000      3.0      218.8            0
  0x0000000040000000      2.6      274.4            0
  0x0000000080000000      2.5      242.0            0
  0x0000000100000000      2.7      275.0            0
  0x0000000200000000      3.3      247.5            0
  0x0000000400000000      4.0      259.7            0
  0x0000000800000000      2.6      243.6            0
  0x0000001000000000      3.0      282.5            0
  0x0000002000000000      2.8      268.1            0
  0x0000004000000000      2.6      247.5            0
  0x0000008000000000      3.2      264.3            0
  0x0000010000000000      3.0      265.8            0
  0x0000020000000000      2.1      254.6            0
  0x0000040000000000      3.0      293.7            0
  0x0000080000000000      3.0      233.7            0
  0x0000100000000000      2.4      263.2            0
  0x0000200000000000      2.4      250.2            0
  0x0000400000000000      3.7      261.7            0
  0x0000800000000000      2.3      274.4            0
  0x0001000000000000      2.0      213.5            0
  0x0002000000000000      2.3      269.6            0
  0x0004000000000000      3.1      308.8            0
  0x0008000000000000      2.4      254.2            0
  0x0010000000000000      2.4      251.7            0
  0x0020000000000000      2.4      261.8            0
  0x0040000000000000      2.8      275.4            0
  0x0080000000000000      3.4      226.9            0
  0x0100000000000000      8.4      265.9            0
  0x0200000000000000      2.9      307.8            0
  0x0400000000000000      2.4      226.1            0
  0x0800000000000000      2.5      274.1            0
  0x1000000000000000      2.3      221.9            0
  0x2000000000000000      2.9      236.8            0
  0x4000000000000000      2.5      215.7            0
  0x8000000000000000      3.1      232.2            0
  0x0000000000000003      2.7      209.4            0
  0x0000000000000005      2.3      266.0            0
  0x0000000000000009      2.6      236.2            0
  0x0000000000000011      2.6      222.5            0
  0x8000000000000001      2.5      255.7            0
  0x0000000100000001      2.9      245.2            0
  0xf0f0f0f0f0f0f0f0      2.4      238.5            0
  0xffffffffffffffff      3.7      236.6            0
  0x0000000030000000      2.2      281.1            0
  0x0000000300000000      2.6      218.4            0
  0x3000000000000000      2.8      236.4            0
  0x0000000050000000      3.4      238.6            0
  0x0000000500000000      2.4      263.8            0
  0x5000000000000000      2.5      247.0            0
  0x0000000000000006      2.7      251.8            0
  0x0000000060000000      2.6      229.1            0
  0x0000000600000000      2.3      267.8            0
  0x6000000000000000      2.1      258.8            0
  0x0000000000000007      2.5      245.7            0
  0x0000000070000000      2.3      239.1            0
  0x0000000700000000      2.2      241.1            0
  0x7000000000000000      2.9      286.5            0
  0x0000000090000000      2.6      265.0            0
  0x0000000900000000      2.3      246.4            0
  0x9000000000000000      2.6      258.7            0
  0x000000000000000a      2.5      307.4            0
  0x00000000a0000000      2.8      255.1            0
  0x0000000a00000000      2.3      251.2            0
  0xa000000000000000      2.9      260.7            0
  0x000000000000000b      2.4      259.6            0
  0x00000000b0000000      2.9      249.9            0
  0x0000000b00000000      2.1      205.9            0
  0xb000000000000000      2.2      261.3            0
  0x000000000000000c      2.4      293.0            0
  0x00000000c0000000      2.9      259.4            0
  0x0000000c00000000      3.3      238.7            0
  0xc000000000000000      2.6      264.4            0
  0x000000000000000d      2.0      302.8            0
  0x00000000d0000000      2.0      297.7            0
  0x0000000d00000000      2.8      262.5            0
  0xd000000000000000      3.0      227.7            0
  0x000000000000000e      2.9      249.3            0
  0x00000000e0000000      3.1      228.8            0
  0x0000000e00000000      2.0      279.8            0
  0xe000000000000000      3.9      294.6            0
  0x000000000000000f      2.3      286.1            0
  0x00000000f0000000      2.7      291.5            0
  0x0000000f00000000      2.2      235.6            0
  0xf000000000000000      2.3      280.2            0
PASS max_repeats=0 max|z|=8.4 (all 115 deltas)
