RNG_test using PractRand version 0.96
RNG = RNG_file64("/tmp/_gen_strided_8GB.bin"), seed = unknown
test set = core, folding = standard (64 bit)

rng=RNG_file64("/tmp/_gen_strided_8GB.bin"), seed=unknown
length= 32 megabytes (2^25 bytes), time= 3.4 seconds
  no anomalies in 159 test result(s)

rng=RNG_file64("/tmp/_gen_strided_8GB.bin"), seed=unknown
length= 64 megabytes (2^26 bytes), time= 5.0 seconds
  no anomalies in 172 test result(s)

rng=RNG_file64("/tmp/_gen_strided_8GB.bin"), seed=unknown
length= 128 megabytes (2^27 bytes), time= 6.4 seconds
  no anomalies in 185 test result(s)

rng=RNG_file64("/tmp/_gen_strided_8GB.bin"), seed=unknown
length= 256 megabytes (2^28 bytes), time= 8.9 seconds
  no anomalies in 199 test result(s)

rng=RNG_file64("/tmp/_gen_strided_8GB.bin"), seed=unknown
length= 512 megabytes (2^29 bytes), time= 13.8 seconds
  no anomalies in 213 test result(s)

rng=RNG_file64("/tmp/_gen_strided_8GB.bin"), seed=unknown
length= 1 gigabyte (2^30 bytes), time= 23.1 seconds
  no anomalies in 227 test result(s)

rng=RNG_file64("/tmp/_gen_strided_8GB.bin"), seed=unknown
length= 2 gigabytes (2^31 bytes), time= 41.5 seconds
  no anomalies in 242 test result(s)

rng=RNG_file64("/tmp/_gen_strided_8GB.bin"), seed=unknown
length= 4 gigabytes (2^32 bytes), time= 78.0 seconds
  no anomalies in 256 test result(s)

rng=RNG_file64("/tmp/_gen_strided_8GB.bin"), seed=unknown
length= 8 gigabytes (2^33 bytes), time= 143 seconds
  no anomalies in 270 test result(s)

error reading from file
