RNG_test using PractRand version 0.96
RNG = RNG_file64("/tmp/_gen_8GB.bin"), seed = unknown
test set = core, folding = standard (64 bit)

rng=RNG_file64("/tmp/_gen_8GB.bin"), seed=unknown
length= 32 megabytes (2^25 bytes), time= 2.6 seconds
  no anomalies in 159 test result(s)

rng=RNG_file64("/tmp/_gen_8GB.bin"), seed=unknown
length= 64 megabytes (2^26 bytes), time= 4.3 seconds
  no anomalies in 172 test result(s)

rng=RNG_file64("/tmp/_gen_8GB.bin"), seed=unknown
length= 128 megabytes (2^27 bytes), time= 5.7 seconds
  no anomalies in 185 test result(s)

rng=RNG_file64("/tmp/_gen_8GB.bin"), seed=unknown
length= 256 megabytes (2^28 bytes), time= 9.2 seconds
  no anomalies in 199 test result(s)

rng=RNG_file64("/tmp/_gen_8GB.bin"), seed=unknown
length= 512 megabytes (2^29 bytes), time= 14.1 seconds
  no anomalies in 213 test result(s)

rng=RNG_file64("/tmp/_gen_8GB.bin"), seed=unknown
length= 1 gigabyte (2^30 bytes), time= 23.4 seconds
  no anomalies in 227 test result(s)

rng=RNG_file64("/tmp/_gen_8GB.bin"), seed=unknown
length= 2 gigabytes (2^31 bytes), time= 41.9 seconds
  Test Name                         Raw       Processed     Evaluation       
  [Low16/64]BCFN(2+1,13-1U)         R=  +9.9  p =  9.1e-5   unusual          
  ...and 241 test result(s) without anomalies

rng=RNG_file64("/tmp/_gen_8GB.bin"), seed=unknown
length= 4 gigabytes (2^32 bytes), time= 74.1 seconds
  no anomalies in 256 test result(s)

rng=RNG_file64("/tmp/_gen_8GB.bin"), seed=unknown
length= 8 gigabytes (2^33 bytes), time= 143 seconds
  Test Name                         Raw       Processed     Evaluation       
  [Low1/64]FPF/16:all               R=  +6.1  p =  3.5e-5   mildly suspicious
  ...and 269 test result(s) without anomalies

error reading from file
