# key=123456789abcdef0 N=2^22 kill_repeats=10
# null E[repeats/delta] = 2^22 * 2^-64 = 2^-42
# delta                  max|z|  low8_chi2 full_repeats
  0x0000000000000400      2.7      220.5            0
  0x0000000004000000      2.7      255.2            0
  0x0000000000000001      3.3      226.7            0
  0x0000000000000002      1.9      244.8            0
  0x0000000000000004      3.0      232.3            0
  0x0000000000000008      3.1      243.2            0
  0x0000000000000010      2.6      278.6            0
  0x0000000000000020      2.0      265.5            0
  0x0000000000000040      2.6      241.5            0
  0x0000000000000080      1.9      264.0            0
  0x0000000000000100      2.3      240.3            0
  0x0000000000000200      2.8      279.1            0
  0x0000000000000400      2.7      220.5            0
  0x0000000000000800      2.3      232.0            0
  0x0000000000001000      2.5      264.5            0
  0x0000000000002000      2.4      254.0            0
  0x0000000000004000      2.1      280.3            0
  0x0000000000008000      2.2      283.6            0
  0x0000000000010000      2.7      226.3            0
  0x0000000000020000      2.2      252.8            0
  0x0000000000040000      2.6      265.0            0
  0x0000000000080000      3.0      279.8            0
  0x0000000000100000      2.1      253.5            0
  0x0000000000200000      2.3      248.6            0
  0x0000000000400000      2.9      270.9            0
  0x0000000000800000      2.7      254.1            0
  0x0000000001000000      3.2      247.6            0
  0x0000000002000000      2.4      272.3            0
  0x0000000004000000      2.7      255.2            0
  0x0000000008000000      2.4      206.4            0
  0x0000000010000000      3.2      265.7            0
  0x0000000020000000      2.5      263.3            0
  0x0000000040000000      2.3      255.4            0
  0x0000000080000000      2.2      280.0            0
  0x0000000100000000      3.4      255.9            0
  0x0000000200000000      2.5      280.4            0
  0x0000000400000000      2.5      244.5            0
  0x0000000800000000      2.9      239.7            0
  0x0000001000000000      2.8      270.6            0
  0x0000002000000000      3.2      256.9            0
  0x0000004000000000      2.5      216.1            0
  0x0000008000000000      2.6      253.6            0
  0x0000010000000000      2.2      236.4            0
  0x0000020000000000      3.0      293.0            0
  0x0000040000000000      2.3      250.4            0
  0x0000080000000000      2.5      271.0            0
  0x0000100000000000      3.1      255.8            0
  0x0000200000000000      2.8      297.5            0
  0x0000400000000000      2.8      236.4            0
  0x0000800000000000      3.2      252.3            0
  0x0001000000000000      2.6      272.0            0
  0x0002000000000000      2.2      217.5            0
  0x0004000000000000      2.8      235.2            0
  0x0008000000000000      2.9      261.4            0
  0x0010000000000000      2.2      305.3            0
  0x0020000000000000      2.7      241.8            0
  0x0040000000000000      3.3      239.4            0
  0x0080000000000000      2.9      201.8            0
  0x0100000000000000      2.5      246.3            0
  0x0200000000000000      2.2      248.2            0
  0x0400000000000000      2.9      320.5            0
  0x0800000000000000      2.7      258.8            0
  0x1000000000000000      2.3      291.4            0
  0x2000000000000000      3.4      266.3            0
  0x4000000000000000      2.5      253.8            0
  0x8000000000000000      2.5      261.4            0
  0x0000000000000003      3.5      242.2            0
  0x0000000000000005      2.0      287.5            0
  0x0000000000000009      2.5      281.4            0
  0x0000000000000011      2.5      238.6            0
  0x8000000000000001      2.8      239.6            0
  0x0000000100000001      2.1      240.4            0
  0xf0f0f0f0f0f0f0f0      3.8      243.0            0
  0xffffffffffffffff      2.1      298.6            0
  0x0000000030000000      2.6      277.3            0
  0x0000000300000000      2.4      255.0            0
  0x3000000000000000      2.5      239.1            0
  0x0000000050000000      2.0      269.6            0
  0x0000000500000000      3.9      254.2            0
  0x5000000000000000      2.4      250.3            0
  0x0000000000000006      2.7      240.1            0
  0x0000000060000000      2.7      246.7            0
  0x0000000600000000      2.7      243.3            0
  0x6000000000000000      2.4      232.7            0
  0x0000000000000007      3.2      231.2            0
  0x0000000070000000      2.5      284.5            0
  0x0000000700000000      2.8      277.5            0
  0x7000000000000000      2.0      249.4            0
  0x0000000090000000      2.4      268.5            0
  0x0000000900000000      2.9      244.8            0
  0x9000000000000000      3.4      256.9            0
  0x000000000000000a      3.4      257.1            0
  0x00000000a0000000      2.2      253.3            0
  0x0000000a00000000      2.4      295.0            0
  0xa000000000000000      2.9      250.2            0
  0x000000000000000b      3.7      259.5            0
  0x00000000b0000000      2.3      262.1            0
  0x0000000b00000000      2.5      241.9            0
  0xb000000000000000      2.7      261.7            0
  0x000000000000000c      3.1      243.1            0
  0x00000000c0000000      2.9      227.5            0
  0x0000000c00000000      2.4      252.0            0
  0xc000000000000000      2.3      270.0            0
  0x000000000000000d      2.7      271.3            0
  0x00000000d0000000      3.1      292.4            0
  0x0000000d00000000      2.3      229.7            0
  0xd000000000000000      2.8      236.6            0
  0x000000000000000e      2.5      257.5            0
  0x00000000e0000000      2.8      264.3            0
  0x0000000e00000000      2.8      273.3            0
  0xe000000000000000      2.6      262.0            0
  0x000000000000000f      2.8      230.9            0
  0x00000000f0000000      3.0      216.8            0
  0x0000000f00000000      2.8      264.1            0
  0xf000000000000000      2.8      289.0            0
PASS max_repeats=0 max|z|=3.9 (all 115 deltas)
