# key=123456789abcdef0 N=2^22 kill_repeats=10
# null E[repeats/delta] = 2^22 * 2^-64 = 2^-42
# delta                  max|z|  low8_chi2 full_repeats
  0x0000000000000400      2.1      273.3            0
  0x0000000004000000      3.2      251.9            0
  0x0000000000000001      2.0      281.8            0
  0x0000000000000002      2.6      242.3            0
  0x0000000000000004      2.4      245.9            0
  0x0000000000000008      2.7      283.9            0
  0x0000000000000010      1.9      231.2            0
  0x0000000000000020      2.7      238.9            0
  0x0000000000000040      2.3      249.2            0
  0x0000000000000080      2.6      233.7            0
  0x0000000000000100      2.6      243.2            0
  0x0000000000000200      2.6      235.2            0
  0x0000000000000400      2.1      273.3            0
  0x0000000000000800      2.5      260.2            0
  0x0000000000001000      2.3      275.9            0
  0x0000000000002000      3.1      249.3            0
  0x0000000000004000      2.6      267.2            0
  0x0000000000008000      2.0      331.0            0
  0x0000000000010000      3.5      290.4            0
  0x0000000000020000      2.9      257.1            0
  0x0000000000040000      2.9      262.5            0
  0x0000000000080000      2.1      259.9            0
  0x0000000000100000      2.7      284.7            0
  0x0000000000200000      3.2      246.4            0
  0x0000000000400000      2.3      235.7            0
  0x0000000000800000      2.6      239.9            0
  0x0000000001000000      2.5      251.4            0
  0x0000000002000000      2.1      269.9            0
  0x0000000004000000      3.2      251.9            0
  0x0000000008000000      2.7      265.1            0
  0x0000000010000000      3.0      233.7            0
  0x0000000020000000      2.6      269.5            0
  0x0000000040000000      1.9      239.6            0
  0x0000000080000000      2.2      270.5            0
  0x0000000100000000      2.2      260.6            0
  0x0000000200000000      2.0      253.2            0
  0x0000000400000000      2.4      265.8            0
  0x0000000800000000      3.1      261.7            0
  0x0000001000000000      2.5      238.0            0
  0x0000002000000000      2.6      212.2            0
  0x0000004000000000      2.4      232.0            0
  0x0000008000000000      2.1      243.1            0
  0x0000010000000000      2.3      300.4            0
  0x0000020000000000      2.8      265.3            0
  0x0000040000000000      2.9      263.5            0
  0x0000080000000000      2.3      283.0            0
  0x0000100000000000      2.6      274.3            0
  0x0000200000000000      2.2      281.3            0
  0x0000400000000000      2.7      248.0            0
  0x0000800000000000      3.0      229.6            0
  0x0001000000000000      2.7      262.3            0
  0x0002000000000000      2.8      271.6            0
  0x0004000000000000      2.5      268.4            0
  0x0008000000000000      2.4      294.5            0
  0x0010000000000000      2.0      233.1            0
  0x0020000000000000      2.7      248.9            0
  0x0040000000000000      2.3      246.0            0
  0x0080000000000000      2.3      228.1            0
  0x0100000000000000      2.6      283.3            0
  0x0200000000000000      2.2      232.9            0
  0x0400000000000000      2.3      237.4            0
  0x0800000000000000      2.6      250.5            0
  0x1000000000000000      2.7      255.2            0
  0x2000000000000000      2.4      269.7            0
  0x4000000000000000      2.8      223.9            0
  0x8000000000000000      2.5      245.8            0
  0x0000000000000003      2.3      257.4            0
  0x0000000000000005      2.4      277.5            0
  0x0000000000000009      2.0      234.4            0
  0x0000000000000011      2.4      250.3            0
  0x8000000000000001      2.7      258.8            0
  0x0000000100000001      2.3      226.5            0
  0xf0f0f0f0f0f0f0f0      2.4      246.9            0
  0xffffffffffffffff      2.9      241.6            0
  0x0000000030000000      3.1      221.1            0
  0x0000000300000000      2.6      244.7            0
  0x3000000000000000      2.7      261.5            0
  0x0000000050000000      2.8      260.1            0
  0x0000000500000000      2.4      229.2            0
  0x5000000000000000      2.5      250.1            0
  0x0000000000000006      2.3      229.9            0
  0x0000000060000000      3.0      231.9            0
  0x0000000600000000      2.5      238.9            0
  0x6000000000000000      2.8      230.8            0
  0x0000000000000007      2.1      250.6            0
  0x0000000070000000      2.1      278.5            0
  0x0000000700000000      2.7      243.4            0
  0x7000000000000000      2.6      281.6            0
  0x0000000090000000      2.5      242.1            0
  0x0000000900000000      2.4      237.3            0
  0x9000000000000000      2.2      264.7            0
  0x000000000000000a      2.7      276.4            0
  0x00000000a0000000      2.3      267.1            0
  0x0000000a00000000      2.5      291.7            0
  0xa000000000000000      2.6      243.1            0
  0x000000000000000b      2.4      240.3            0
  0x00000000b0000000      2.4      251.3            0
  0x0000000b00000000      2.7      241.0            0
  0xb000000000000000      2.8      233.5            0
  0x000000000000000c      2.7      322.6            0
  0x00000000c0000000      2.7      249.8            0
  0x0000000c00000000      2.8      249.4            0
  0xc000000000000000      3.0      222.3            0
  0x000000000000000d      2.6      251.7            0
  0x00000000d0000000      2.7      233.0            0
  0x0000000d00000000      2.8      243.1            0
  0xd000000000000000      1.7      231.0            0
  0x000000000000000e      2.5      269.5            0
  0x00000000e0000000      3.1      281.5            0
  0x0000000e00000000      3.0      309.5            0
  0xe000000000000000      2.2      290.9            0
  0x000000000000000f      2.2      261.3            0
  0x00000000f0000000      2.7      241.9            0
  0x0000000f00000000      2.4      238.2            0
  0xf000000000000000      2.5      242.9            0
PASS max_repeats=0 max|z|=3.5 (all 115 deltas)
