# key=123456789abcdef0 N=2^22 kill_repeats=10
# null E[repeats/delta] = 2^22 * 2^-64 = 2^-42
# delta                  max|z|  low8_chi2 full_repeats
  0x0000000000000400      2.6      242.0            0
  0x0000000004000000      2.2      251.0            0
  0x0000000000000001      2.8      236.1            0
  0x0000000000000002      2.9      273.5            0
  0x0000000000000004      2.8      245.2            0
  0x0000000000000008      3.3      255.8            0
  0x0000000000000010      3.2      228.5            0
  0x0000000000000020      2.9      257.4            0
  0x0000000000000040      2.2      258.1            0
  0x0000000000000080      2.4      257.5            0
  0x0000000000000100      2.3      257.5            0
  0x0000000000000200      2.6      252.9            0
  0x0000000000000400      2.6      242.0            0
  0x0000000000000800      2.8      254.5            0
  0x0000000000001000      2.6      194.7            0
  0x0000000000002000      2.3      291.7            0
  0x0000000000004000      3.1      252.6            0
  0x0000000000008000      2.5      256.6            0
  0x0000000000010000      2.2      295.6            0
  0x0000000000020000      2.7      274.3            0
  0x0000000000040000      3.1      251.1            0
  0x0000000000080000      2.6      250.0            0
  0x0000000000100000      2.4      258.4            0
  0x0000000000200000      2.8      273.7            0
  0x0000000000400000      2.5      233.4            0
  0x0000000000800000      2.6      285.8            0
  0x0000000001000000      2.2      241.3            0
  0x0000000002000000      2.0      268.9            0
  0x0000000004000000      2.2      251.0            0
  0x0000000008000000      2.3      262.1            0
  0x0000000010000000      2.6      249.9            0
  0x0000000020000000      2.1      293.8            0
  0x0000000040000000      3.2      308.1            0
  0x0000000080000000      2.4      311.1            0
  0x0000000100000000      2.1      230.8            0
  0x0000000200000000      3.0      238.5            0
  0x0000000400000000      2.6      250.0            0
  0x0000000800000000      2.7      277.3            0
  0x0000001000000000      2.2      232.7            0
  0x0000002000000000      2.6      258.4            0
  0x0000004000000000      2.9      313.7            0
  0x0000008000000000      2.6      240.1            0
  0x0000010000000000      2.7      237.4            0
  0x0000020000000000      2.4      240.9            0
  0x0000040000000000      2.9      274.6            0
  0x0000080000000000      2.5      273.2            0
  0x0000100000000000      2.8      249.9            0
  0x0000200000000000      2.7      261.3            0
  0x0000400000000000      2.8      239.7            0
  0x0000800000000000      2.9      263.9            0
  0x0001000000000000      2.9      286.5            0
  0x0002000000000000      2.8      265.0            0
  0x0004000000000000      2.6      210.2            0
  0x0008000000000000      2.0      286.1            0
  0x0010000000000000      3.0      252.5            0
  0x0020000000000000      2.1      236.0            0
  0x0040000000000000      2.8      228.3            0
  0x0080000000000000      3.4      266.2            0
  0x0100000000000000      3.0      276.8            0
  0x0200000000000000      2.1      263.2            0
  0x0400000000000000      2.5      263.0            0
  0x0800000000000000      2.4      243.0            0
  0x1000000000000000      2.4      264.2            0
  0x2000000000000000      2.9      239.9            0
  0x4000000000000000      3.1      270.2            0
  0x8000000000000000      2.4      258.8            0
  0x0000000000000003      2.3      220.5            0
  0x0000000000000005      2.2      228.8            0
  0x0000000000000009      2.4      234.2            0
  0x0000000000000011      2.7      270.1            0
  0x8000000000000001      3.0      240.3            0
  0x0000000100000001      2.7      285.4            0
  0xf0f0f0f0f0f0f0f0      2.2      257.9            0
  0xffffffffffffffff      2.4      279.0            0
  0x0000000030000000      2.3      243.6            0
  0x0000000300000000      3.1      246.3            0
  0x3000000000000000      2.2      284.4            0
  0x0000000050000000      2.7      280.1            0
  0x0000000500000000      2.8      259.3            0
  0x5000000000000000      2.7      227.6            0
  0x0000000000000006      2.4      244.0            0
  0x0000000060000000      2.0      257.1            0
  0x0000000600000000      1.9      281.6            0
  0x6000000000000000      2.3      265.5            0
  0x0000000000000007      2.3      233.8            0
  0x0000000070000000      2.1      264.5            0
  0x0000000700000000      2.1      271.7            0
  0x7000000000000000      3.0      272.0            0
  0x0000000090000000      3.1      248.8            0
  0x0000000900000000      2.4      253.0            0
  0x9000000000000000      2.9      267.5            0
  0x000000000000000a      2.0      242.9            0
  0x00000000a0000000      2.2      261.6            0
  0x0000000a00000000      1.9      248.6            0
  0xa000000000000000      2.1      275.1            0
  0x000000000000000b      2.0      250.2            0
  0x00000000b0000000      2.2      255.6            0
  0x0000000b00000000      2.7      281.5            0
  0xb000000000000000      2.2      285.2            0
  0x000000000000000c      2.3      302.9            0
  0x00000000c0000000      2.6      267.0            0
  0x0000000c00000000      2.6      241.3            0
  0xc000000000000000      3.2      247.5            0
  0x000000000000000d      2.5      276.0            0
  0x00000000d0000000      4.1      218.5            0
  0x0000000d00000000      2.8      241.8            0
  0xd000000000000000      2.4      250.7            0
  0x000000000000000e      2.5      273.7            0
  0x00000000e0000000      2.7      247.7            0
  0x0000000e00000000      2.6      264.1            0
  0xe000000000000000      2.5      260.8            0
  0x000000000000000f      2.3      246.9            0
  0x00000000f0000000      3.2      242.9            0
  0x0000000f00000000      2.6      255.3            0
  0xf000000000000000      3.3      303.4            0
PASS max_repeats=0 max|z|=4.1 (all 115 deltas)
