# key=123456789abcdef0 N=2^22 kill_repeats=10
# null E[repeats/delta] = 2^22 * 2^-64 = 2^-42
# delta                  max|z|  low8_chi2 full_repeats
  0x0000000000000400      2.7      275.7            0
  0x0000000004000000      2.8      249.7            0
  0x0000000000000001      3.7      263.3            0
  0x0000000000000002      3.9      285.8            0
  0x0000000000000004      2.1      268.6            0
  0x0000000000000008      2.7      250.7            0
  0x0000000000000010      2.6      273.1            0
  0x0000000000000020      3.2      274.1            0
  0x0000000000000040      3.1      223.4            0
  0x0000000000000080      2.8      233.6            0
  0x0000000000000100      2.6      284.0            0
  0x0000000000000200      2.4      269.0            0
  0x0000000000000400      2.7      275.7            0
  0x0000000000000800      2.6      280.5            0
  0x0000000000001000      2.9      265.1            0
  0x0000000000002000      2.3      250.2            0
  0x0000000000004000      2.5      247.6            0
  0x0000000000008000      3.0      273.9            0
  0x0000000000010000      2.3      229.4            0
  0x0000000000020000      2.5      265.5            0
  0x0000000000040000      2.5      276.0            0
  0x0000000000080000      2.2      276.2            0
  0x0000000000100000      2.0      242.4            0
  0x0000000000200000      2.4      265.1            0
  0x0000000000400000      3.0      290.8            0
  0x0000000000800000      2.9      261.0            0
  0x0000000001000000      3.0      237.7            0
  0x0000000002000000      2.2      245.2            0
  0x0000000004000000      2.8      249.7            0
  0x0000000008000000      2.4      216.1            0
  0x0000000010000000      2.6      254.3            0
  0x0000000020000000      3.6      249.0            0
  0x0000000040000000      2.2      250.6            0
  0x0000000080000000      2.4      293.5            0
  0x0000000100000000      2.2      284.5            0
  0x0000000200000000      2.2      288.8            0
  0x0000000400000000      3.1      238.3            0
  0x0000000800000000      2.6      228.9            0
  0x0000001000000000      2.0      201.9            0
  0x0000002000000000      3.3      298.0            0
  0x0000004000000000      2.5      207.4            0
  0x0000008000000000      3.4      215.4            0
  0x0000010000000000      2.3      229.1            0
  0x0000020000000000      3.3      250.6            0
  0x0000040000000000      3.2      252.5            0
  0x0000080000000000      2.8      306.9            0
  0x0000100000000000      3.2      271.7            0
  0x0000200000000000      2.6      234.9            0
  0x0000400000000000      2.6      272.5            0
  0x0000800000000000      2.9      234.5            0
  0x0001000000000000      2.5      277.9            0
  0x0002000000000000      2.9      242.4            0
  0x0004000000000000      2.9      234.3            0
  0x0008000000000000      2.3      284.3            0
  0x0010000000000000      2.9      226.6            0
  0x0020000000000000      2.1      248.2            0
  0x0040000000000000      2.7      325.9            0
  0x0080000000000000      2.0      242.3            0
  0x0100000000000000      3.5      255.9            0
  0x0200000000000000      2.8      271.2            0
  0x0400000000000000      2.8      260.8            0
  0x0800000000000000      2.3      226.2            0
  0x1000000000000000      2.3      254.4            0
  0x2000000000000000      2.8      225.2            0
  0x4000000000000000      2.4      228.0            0
  0x8000000000000000      2.5      261.5            0
  0x0000000000000003      2.5      223.1            0
  0x0000000000000005      2.0      237.7            0
  0x0000000000000009      2.7      266.1            0
  0x0000000000000011      2.0      254.4            0
  0x8000000000000001      2.4      232.9            0
  0x0000000100000001      2.3      266.9            0
  0xf0f0f0f0f0f0f0f0      2.9      284.3            0
  0xffffffffffffffff      2.2      269.1            0
  0x0000000030000000      2.2      235.3            0
  0x0000000300000000      2.4      242.2            0
  0x3000000000000000      2.6      269.9            0
  0x0000000050000000      2.4      219.9            0
  0x0000000500000000      2.8      259.8            0
  0x5000000000000000      2.2      245.9            0
  0x0000000000000006      2.2      268.6            0
  0x0000000060000000      2.8      255.8            0
  0x0000000600000000      3.3      267.2            0
  0x6000000000000000      3.2      247.8            0
  0x0000000000000007      2.5      237.7            0
  0x0000000070000000      2.8      263.0            0
  0x0000000700000000      2.6      275.5            0
  0x7000000000000000      4.1      237.1            0
  0x0000000090000000      2.4      257.7            0
  0x0000000900000000      2.8      268.0            0
  0x9000000000000000      2.1      275.2            0
  0x000000000000000a      2.3      264.5            0
  0x00000000a0000000      2.9      248.1            0
  0x0000000a00000000      3.1      239.1            0
  0xa000000000000000      2.3      288.3            0
  0x000000000000000b      3.0      204.0            0
  0x00000000b0000000      1.9      261.2            0
  0x0000000b00000000      2.5      243.5            0
  0xb000000000000000      2.4      214.8            0
  0x000000000000000c      2.5      268.6            0
  0x00000000c0000000      2.6      228.8            0
  0x0000000c00000000      2.6      265.5            0
  0xc000000000000000      2.0      252.4            0
  0x000000000000000d      2.4      227.4            0
  0x00000000d0000000      2.4      272.2            0
  0x0000000d00000000      2.4      245.4            0
  0xd000000000000000      2.3      257.3            0
  0x000000000000000e      3.1      252.1            0
  0x00000000e0000000      2.8      222.1            0
  0x0000000e00000000      2.4      251.5            0
  0xe000000000000000      2.2      226.6            0
  0x000000000000000f      3.0      276.1            0
  0x00000000f0000000      2.6      259.2            0
  0x0000000f00000000      2.4      242.4            0
  0xf000000000000000      3.1      232.1            0
PASS max_repeats=0 max|z|=4.1 (all 115 deltas)
