# key=123456789abcdef0 N=2^22 kill_repeats=10
# null E[repeats/delta] = 2^22 * 2^-64 = 2^-42
# delta                  max|z|  low8_chi2 full_repeats
  0x0000000000000400      2.4      264.5            0
  0x0000000004000000      7.4      248.5            0
  0x0000000000000001      2.6      255.9            0
  0x0000000000000002      3.3      250.6            0
  0x0000000000000004      3.3      264.7            0
  0x0000000000000008      2.8      259.4            0
  0x0000000000000010      2.6      258.0            0
  0x0000000000000020      3.7      243.4            0
  0x0000000000000040      3.2      243.4            0
  0x0000000000000080      2.7      286.4            0
  0x0000000000000100      3.7      274.3            0
  0x0000000000000200      3.4      254.4            0
  0x0000000000000400      2.4      264.5            0
  0x0000000000000800      2.0      223.9            0
  0x0000000000001000      3.0      281.9            0
  0x0000000000002000      2.3      247.2            0
  0x0000000000004000      2.2      215.8            0
  0x0000000000008000      2.2      272.7            0
  0x0000000000010000      3.0      272.2            0
  0x0000000000020000      1.8      294.9            0
  0x0000000000040000      2.7      244.4            0
  0x0000000000080000      2.6      223.5            0
  0x0000000000100000      2.6      254.1            0
  0x0000000000200000      3.2      268.2            0
  0x0000000000400000      3.0      262.6            0
  0x0000000000800000      2.6      289.7            0
  0x0000000001000000      4.2      221.2            0
  0x0000000002000000      2.3      255.3            0
  0x0000000004000000      7.4      248.5            0
  0x0000000008000000      2.1      260.1            0
  0x0000000010000000      2.8      268.8            0
  0x0000000020000000      3.1      227.1            0
  0x0000000040000000      5.6      220.0            0
  0x0000000080000000      2.8      269.7            0
  0x0000000100000000      2.5      215.8            0
  0x0000000200000000      2.8      268.3            0
  0x0000000400000000      9.8      279.0            0
  0x0000000800000000      2.4      239.9            0
  0x0000001000000000      2.6      251.8            0
  0x0000002000000000      2.4      244.0            0
  0x0000004000000000      6.0      290.9            0
  0x0000008000000000      2.3      244.0            0
  0x0000010000000000      2.9      281.2            0
  0x0000020000000000      2.5      302.2            0
  0x0000040000000000     12.3      292.8            0
  0x0000080000000000      2.2      233.7            0
  0x0000100000000000      8.1      257.5            0
  0x0000200000000000      3.5      247.3            0
  0x0000400000000000      2.4      302.6            0
  0x0000800000000000      2.9      277.2            0
  0x0001000000000000      2.6      317.9            0
  0x0002000000000000      2.1      280.4            0
  0x0004000000000000      2.2      245.0            0
  0x0008000000000000      2.5      287.5            0
  0x0010000000000000      2.4      303.1            0
  0x0020000000000000      2.9      277.2            0
  0x0040000000000000      3.1      263.4            0
  0x0080000000000000      4.2      291.1            0
  0x0100000000000000      5.0      268.3            0
  0x0200000000000000      3.6      274.3            0
  0x0400000000000000     11.4      269.6            0
  0x0800000000000000      1.9      272.9            0
  0x1000000000000000      2.3      284.4            0
  0x2000000000000000     11.1      270.7            2
  0x4000000000000000      2.3      282.9            0
  0x8000000000000000      2.8      246.6            0
  0x0000000000000003      3.5      228.3            0
  0x0000000000000005      2.5      259.1            0
  0x0000000000000009      3.0      321.1            0
  0x0000000000000011      2.3      248.9            0
  0x8000000000000001      2.8      217.7            0
  0x0000000100000001      2.1      243.2            0
  0xf0f0f0f0f0f0f0f0      3.1      273.5            0
  0xffffffffffffffff      2.4      264.5            0
  0x0000000030000000      2.2      230.9            0
  0x0000000300000000      2.7      299.0            0
  0x3000000000000000      2.8      237.4            0
  0x0000000050000000      2.2      264.6            0
  0x0000000500000000      2.2      284.9            0
  0x5000000000000000      1.8      220.2            0
  0x0000000000000006      2.5      248.3            0
  0x0000000060000000      2.5      231.7            0
  0x0000000600000000      2.1      237.9            0
  0x6000000000000000      3.2      250.2            0
  0x0000000000000007      2.5      245.0            0
  0x0000000070000000      2.3      247.2            0
  0x0000000700000000      1.9      273.7            0
  0x7000000000000000      2.3      261.4            0
  0x0000000090000000      2.9      215.1            0
  0x0000000900000000      2.5      213.4            0
  0x9000000000000000      2.3      281.7            0
  0x000000000000000a      2.8      282.5            0
  0x00000000a0000000      5.6      209.8            0
  0x0000000a00000000      3.4      264.5            0
  0xa000000000000000      2.1      285.4            0
  0x000000000000000b      2.6      261.2            0
  0x00000000b0000000      2.4      245.6            0
  0x0000000b00000000      3.0      262.4            0
  0xb000000000000000      2.1      234.7            0
  0x000000000000000c      2.7      236.9            0
  0x00000000c0000000      4.0      228.4            0
  0x0000000c00000000      3.0      224.1            0
  0xc000000000000000      2.0      214.5            0
  0x000000000000000d      2.4      272.1            0
  0x00000000d0000000      2.7      237.0            0
  0x0000000d00000000      2.4      262.1            0
  0xd000000000000000      2.6      249.9            0
  0x000000000000000e      2.5      258.4            0
  0x00000000e0000000      2.9      214.7            0
  0x0000000e00000000      2.3      270.3            0
  0xe000000000000000      4.5      215.2            0
  0x000000000000000f      3.3      232.6            0
  0x00000000f0000000      7.0      230.1            0
  0x0000000f00000000     11.6      451.4            0
  0xf000000000000000     11.0      316.5            0
PASS max_repeats=2 max|z|=12.3 (all 115 deltas)
