# key=123456789abcdef0 N=2^22 kill_repeats=10
# null E[repeats/delta] = 2^22 * 2^-64 = 2^-42
# delta                  max|z|  low8_chi2 full_repeats
  0x0000000000000400      3.2      265.1            0
  0x0000000004000000      6.2      252.2            0
  0x0000000000000001      3.3      288.6            0
  0x0000000000000002      2.8      250.3            0
  0x0000000000000004      2.7      260.5            0
  0x0000000000000008      2.3      246.6            0
  0x0000000000000010      2.9      239.9            0
  0x0000000000000020      2.5      258.8            0
  0x0000000000000040      2.1      232.8            0
  0x0000000000000080      3.0      249.8            0
  0x0000000000000100      2.4      279.5            0
  0x0000000000000200      2.1      228.3            0
  0x0000000000000400      3.2      265.1            0
  0x0000000000000800      3.0      261.2            0
  0x0000000000001000      1.8      249.7            0
  0x0000000000002000      2.8      228.0            0
  0x0000000000004000      3.1      281.5            0
  0x0000000000008000      1.9      278.1            0
  0x0000000000010000      2.7      212.8            0
  0x0000000000020000      3.2      282.3            0
  0x0000000000040000      2.9      253.1            0
  0x0000000000080000      2.7      288.3            0
  0x0000000000100000      3.1      269.7            0
  0x0000000000200000      3.1      260.0            0
  0x0000000000400000      3.1      256.8            0
  0x0000000000800000      3.0      240.1            0
  0x0000000001000000      2.6      233.0            0
  0x0000000002000000      3.7      284.3            0
  0x0000000004000000      6.2      252.2            0
  0x0000000008000000      2.2      292.8            0
  0x0000000010000000      2.9      242.7            0
  0x0000000020000000      2.9      243.9            0
  0x0000000040000000      5.0      247.1            0
  0x0000000080000000      7.6      268.2            0
  0x0000000100000000      3.5      227.5            0
  0x0000000200000000      2.5      270.7            0
  0x0000000400000000      6.7      284.4            0
  0x0000000800000000      3.0      268.8            0
  0x0000001000000000      2.3      255.1            0
  0x0000002000000000      2.9      282.2            0
  0x0000004000000000      5.5      280.0            0
  0x0000008000000000      3.5      233.0            0
  0x0000010000000000      5.3      248.6            0
  0x0000020000000000      2.6      269.9            0
  0x0000040000000000      5.3      305.3            0
  0x0000080000000000      2.8      237.6            0
  0x0000100000000000      2.2      249.4            0
  0x0000200000000000      3.8      244.6            0
  0x0000400000000000      2.6      247.4            0
  0x0000800000000000      4.0      291.1            0
  0x0001000000000000      5.6      252.0            0
  0x0002000000000000      2.4      286.8            0
  0x0004000000000000      3.0      217.7            0
  0x0008000000000000      2.3      248.9            0
  0x0010000000000000      2.3      301.6            0
  0x0020000000000000      3.3      251.5            0
  0x0040000000000000      3.7      250.6            0
  0x0080000000000000      2.3      258.1            0
  0x0100000000000000      2.3      263.3            0
  0x0200000000000000      3.7      280.5            0
  0x0400000000000000      9.5      285.8            0
  0x0800000000000000      1.9      240.6            0
  0x1000000000000000      4.9      236.1            0
  0x2000000000000000      9.8      372.1            0
  0x4000000000000000      2.6      244.7            0
  0x8000000000000000      2.4      276.4            0
  0x0000000000000003      2.5      245.1            0
  0x0000000000000005      2.3      255.0            0
  0x0000000000000009      3.8      268.6            0
  0x0000000000000011      2.3      286.1            0
  0x8000000000000001      2.7      229.4            0
  0x0000000100000001      3.0      238.7            0
  0xf0f0f0f0f0f0f0f0      3.0      239.6            0
  0xffffffffffffffff      2.0      263.9            0
  0x0000000030000000      2.4      247.4            0
  0x0000000300000000      3.0      224.8            0
  0x3000000000000000      2.0      223.9            0
  0x0000000050000000      3.5      255.0            0
  0x0000000500000000      2.9      222.0            0
  0x5000000000000000      2.8      269.2            0
  0x0000000000000006      3.7      263.6            0
  0x0000000060000000      8.2      363.1            1
  0x0000000600000000      7.8      285.4            0
  0x6000000000000000      4.4      267.2            0
  0x0000000000000007      2.2      239.9            0
  0x0000000070000000      2.4      293.8            0
  0x0000000700000000      3.0      246.3            0
  0x7000000000000000      2.3      256.9            0
  0x0000000090000000      2.6      273.6            0
  0x0000000900000000      2.6      288.6            0
  0x9000000000000000      4.7      247.9            0
  0x000000000000000a      2.5      260.3            0
  0x00000000a0000000      2.7      233.6            0
  0x0000000a00000000      3.0      257.9            0
  0xa000000000000000      3.1      257.6            0
  0x000000000000000b      2.4      218.4            0
  0x00000000b0000000      2.6      259.1            0
  0x0000000b00000000      2.7      282.6            0
  0xb000000000000000      2.9      288.6            0
  0x000000000000000c      3.2      231.0            0
  0x00000000c0000000      2.6      250.2            0
  0x0000000c00000000      1.8      262.9            0
  0xc000000000000000      2.7      282.9            0
  0x000000000000000d      2.6      272.5            0
  0x00000000d0000000      2.9      241.1            0
  0x0000000d00000000      2.2      265.1            0
  0xd000000000000000      3.1      238.4            0
  0x000000000000000e      3.6      292.6            0
  0x00000000e0000000      2.7      287.9            0
  0x0000000e00000000      2.8      280.0            0
  0xe000000000000000      1.9      240.4            0
  0x000000000000000f      4.7      237.9            0
  0x00000000f0000000      2.4      272.8            0
  0x0000000f00000000      3.4      261.9            0
  0xf000000000000000      2.5      271.3            0
PASS max_repeats=1 max|z|=9.8 (all 115 deltas)
