# key=123456789abcdef0 N=2^22 kill_repeats=10
# null E[repeats/delta] = 2^22 * 2^-64 = 2^-42
# delta                  max|z|  low8_chi2 full_repeats
  0x0000000000000400      2.7      260.3            0
  0x0000000004000000      7.7      271.4            0
  0x0000000000000001      2.9      273.2            0
  0x0000000000000002      3.0      260.9            0
  0x0000000000000004      2.8      218.9            0
  0x0000000000000008      3.3      277.1            0
  0x0000000000000010      2.3      269.1            0
  0x0000000000000020      2.8      269.1            0
  0x0000000000000040      2.1      250.2            0
  0x0000000000000080      2.8      238.4            0
  0x0000000000000100      2.3      228.0            0
  0x0000000000000200      3.1      260.7            0
  0x0000000000000400      2.7      260.3            0
  0x0000000000000800      3.6      235.7            0
  0x0000000000001000      2.5      250.8            0
  0x0000000000002000      1.9      238.0            0
  0x0000000000004000      3.2      253.8            0
  0x0000000000008000      3.5      244.7            0
  0x0000000000010000      3.1      271.0            0
  0x0000000000020000      2.7      229.7            0
  0x0000000000040000      2.5      273.7            0
  0x0000000000080000      3.4      236.8            0
  0x0000000000100000      2.0      286.1            0
  0x0000000000200000      2.7      265.2            0
  0x0000000000400000      2.4      234.0            0
  0x0000000000800000      2.5      247.7            0
  0x0000000001000000      2.9      286.8            0
  0x0000000002000000      3.2      267.3            0
  0x0000000004000000      7.7      271.4            0
  0x0000000008000000      3.1      223.0            0
  0x0000000010000000      7.1      323.3            0
  0x0000000020000000      2.6      280.7            0
  0x0000000040000000      5.5      283.7            0
  0x0000000080000000      3.5      245.4            0
  0x0000000100000000      6.0      279.3            0
  0x0000000200000000      2.4      241.0            0
  0x0000000400000000      3.4      269.4            0
  0x0000000800000000      2.9      258.8            0
  0x0000001000000000      3.9      245.5            0
  0x0000002000000000      2.4      275.8            0
  0x0000004000000000      5.3      261.4            0
  0x0000008000000000      3.3      250.0            0
  0x0000010000000000      2.2      225.6            0
  0x0000020000000000      9.7      285.4            0
  0x0000040000000000      3.9      301.7            0
  0x0000080000000000      2.9      222.2            0
  0x0000100000000000      2.3      255.7            0
  0x0000200000000000      2.3      231.5            0
  0x0000400000000000      2.3      292.4            0
  0x0000800000000000      2.6      252.3            0
  0x0001000000000000      3.3      263.9            0
  0x0002000000000000     10.4      273.8            0
  0x0004000000000000      2.4      224.8            0
  0x0008000000000000      3.3      287.4            0
  0x0010000000000000      8.3      301.0            0
  0x0020000000000000      3.0      278.5            0
  0x0040000000000000      2.1      263.0            0
  0x0080000000000000      2.9      250.3            0
  0x0100000000000000      1.4      264.2            0
  0x0200000000000000      2.9      217.2            0
  0x0400000000000000      2.8      285.4            0
  0x0800000000000000      2.2      237.7            0
  0x1000000000000000      3.7      270.2            0
  0x2000000000000000      6.0      275.0            0
  0x4000000000000000      3.2      261.5            0
  0x8000000000000000      3.3      224.6            0
  0x0000000000000003      2.1      254.8            0
  0x0000000000000005      2.8      232.9            0
  0x0000000000000009      3.2      277.3            0
  0x0000000000000011      2.4      217.7            0
  0x8000000000000001      2.3      251.1            0
  0x0000000100000001      2.7      275.1            0
  0xf0f0f0f0f0f0f0f0      2.0      261.2            0
  0xffffffffffffffff      3.1      300.1            0
  0x0000000030000000      3.0      242.8            0
  0x0000000300000000      2.8      280.3            0
  0x3000000000000000      2.9      233.2            0
  0x0000000050000000      2.5      256.6            0
  0x0000000500000000      2.8      266.0            0
  0x5000000000000000      1.9      280.8            0
  0x0000000000000006      2.5      224.2            0
  0x0000000060000000      2.8      291.6            0
  0x0000000600000000      2.6      262.1            0
  0x6000000000000000      2.6      236.7            0
  0x0000000000000007      2.9      242.3            0
  0x0000000070000000      2.7      255.1            0
  0x0000000700000000      2.6      263.3            0
  0x7000000000000000      3.2      250.2            0
  0x0000000090000000      3.2      263.5            0
  0x0000000900000000      3.1      267.9            0
  0x9000000000000000      3.1      254.1            0
  0x000000000000000a      2.2      239.1            0
  0x00000000a0000000      2.4      218.8            0
  0x0000000a00000000      3.0      259.3            0
  0xa000000000000000      2.9      297.6            0
  0x000000000000000b      3.3      268.0            0
  0x00000000b0000000      2.3      263.2            0
  0x0000000b00000000      2.2      249.9            0
  0xb000000000000000      2.9      273.5            0
  0x000000000000000c      2.1      246.8            0
  0x00000000c0000000      2.6      279.0            0
  0x0000000c00000000      2.9      284.0            0
  0xc000000000000000      8.5      251.8            0
  0x000000000000000d      2.8      268.5            0
  0x00000000d0000000      2.2      275.4            0
  0x0000000d00000000      2.3      302.4            0
  0xd000000000000000      2.4      276.4            0
  0x000000000000000e      2.8      215.9            0
  0x00000000e0000000      3.0      263.5            0
  0x0000000e00000000      2.3      245.0            0
  0xe000000000000000      2.3      238.6            0
  0x000000000000000f      2.9      284.4            0
  0x00000000f0000000      2.9      280.7            0
  0x0000000f00000000      3.2      245.9            0
  0xf000000000000000      2.6      262.5            0
PASS max_repeats=0 max|z|=10.4 (all 115 deltas)
