# key=123456789abcdef0 N=2^22 kill_repeats=10
# null E[repeats/delta] = 2^22 * 2^-64 = 2^-42
# delta                  max|z|  low8_chi2 full_repeats
  0x0000000000000400      2.3      224.4            0
  0x0000000004000000      2.1      262.9            0
  0x0000000000000001      2.4      294.2            0
  0x0000000000000002      2.0      242.0            0
  0x0000000000000004      2.8      243.3            0
  0x0000000000000008      2.4      270.7            0
  0x0000000000000010      2.6      261.9            0
  0x0000000000000020      3.2      251.7            0
  0x0000000000000040      2.2      284.4            0
  0x0000000000000080      2.2      267.7            0
  0x0000000000000100      2.1      313.8            0
  0x0000000000000200      2.1      256.3            0
  0x0000000000000400      2.3      224.4            0
  0x0000000000000800      3.1      279.6            0
  0x0000000000001000      2.7      249.4            0
  0x0000000000002000      2.6      239.8            0
  0x0000000000004000      2.5      285.4            0
  0x0000000000008000      2.9      289.7            0
  0x0000000000010000      2.5      281.2            0
  0x0000000000020000      3.8      286.7            0
  0x0000000000040000      2.0      274.5            0
  0x0000000000080000      2.6      244.8            0
  0x0000000000100000      2.6      216.4            0
  0x0000000000200000      2.1      239.5            0
  0x0000000000400000      2.4      269.8            0
  0x0000000000800000      2.1      268.2            0
  0x0000000001000000      2.7      231.8            0
  0x0000000002000000      2.9      273.1            0
  0x0000000004000000      2.1      262.9            0
  0x0000000008000000      2.6      236.4            0
  0x0000000010000000      4.0      303.7            0
  0x0000000020000000      2.7      254.8            0
  0x0000000040000000      2.5      253.2            0
  0x0000000080000000      3.4      268.4            0
  0x0000000100000000      2.5      240.0            0
  0x0000000200000000      2.6      263.3            0
  0x0000000400000000      3.0      217.8            0
  0x0000000800000000      2.0      275.3            0
  0x0000001000000000      2.9      249.0            0
  0x0000002000000000      2.3      277.6            0
  0x0000004000000000      3.0      265.9            0
  0x0000008000000000      2.4      257.8            0
  0x0000010000000000      2.1      237.1            0
  0x0000020000000000      2.7      232.8            0
  0x0000040000000000      2.5      239.6            0
  0x0000080000000000      2.9      247.1            0
  0x0000100000000000      2.5      284.1            0
  0x0000200000000000      3.2      248.6            0
  0x0000400000000000      3.1      235.4            0
  0x0000800000000000      2.0      258.3            0
  0x0001000000000000      2.6      209.9            0
  0x0002000000000000      2.1      226.2            0
  0x0004000000000000      2.2      223.1            0
  0x0008000000000000      2.5      249.4            0
  0x0010000000000000      2.7      274.7            0
  0x0020000000000000      2.2      271.7            0
  0x0040000000000000      2.3      257.3            0
  0x0080000000000000      2.6      261.0            0
  0x0100000000000000      2.5      256.0            0
  0x0200000000000000      4.2      273.3            0
  0x0400000000000000      2.3      217.4            0
  0x0800000000000000      3.0      264.7            0
  0x1000000000000000      2.8      280.3            0
  0x2000000000000000      2.1      226.9            0
  0x4000000000000000      2.8      253.0            0
  0x8000000000000000      3.3      260.6            0
  0x0000000000000003      2.3      260.8            0
  0x0000000000000005      2.3      272.9            0
  0x0000000000000009      2.6      224.3            0
  0x0000000000000011      3.3      267.9            0
  0x8000000000000001      3.0      267.0            0
  0x0000000100000001      2.3      247.1            0
  0xf0f0f0f0f0f0f0f0      2.3      200.5            0
  0xffffffffffffffff      2.6      220.0            0
  0x0000000030000000      2.5      285.0            0
  0x0000000300000000      2.4      252.1            0
  0x3000000000000000      2.7      273.3            0
  0x0000000050000000      2.3      231.5            0
  0x0000000500000000      2.2      311.7            0
  0x5000000000000000      2.4      249.9            0
  0x0000000000000006      3.1      266.7            0
  0x0000000060000000      3.1      232.3            0
  0x0000000600000000      2.5      224.8            0
  0x6000000000000000      2.7      262.4            0
  0x0000000000000007      2.2      259.9            0
  0x0000000070000000      2.4      229.4            0
  0x0000000700000000      2.3      220.4            0
  0x7000000000000000      2.5      245.7            0
  0x0000000090000000      3.1      244.9            0
  0x0000000900000000      2.3      262.8            0
  0x9000000000000000      2.5      257.1            0
  0x000000000000000a      2.3      285.2            0
  0x00000000a0000000      2.2      243.2            0
  0x0000000a00000000      2.2      298.6            0
  0xa000000000000000      2.9      255.8            0
  0x000000000000000b      2.3      244.3            0
  0x00000000b0000000      2.6      270.4            0
  0x0000000b00000000      2.7      286.6            0
  0xb000000000000000      3.1      265.2            0
  0x000000000000000c      2.3      273.1            0
  0x00000000c0000000      2.5      299.5            0
  0x0000000c00000000      2.1      252.4            0
  0xc000000000000000      2.6      229.4            0
  0x000000000000000d      3.2      205.7            0
  0x00000000d0000000      2.4      235.8            0
  0x0000000d00000000      2.9      237.6            0
  0xd000000000000000      2.4      255.7            0
  0x000000000000000e      3.6      278.0            0
  0x00000000e0000000      3.2      247.7            0
  0x0000000e00000000      4.2      275.3            0
  0xe000000000000000      1.9      225.2            0
  0x000000000000000f      2.1      269.6            0
  0x00000000f0000000      2.7      247.7            0
  0x0000000f00000000      2.5      260.4            0
  0xf000000000000000      2.4      265.3            0
PASS max_repeats=0 max|z|=4.2 (all 115 deltas)
