# key=123456789abcdef0 N=2^22 kill_repeats=10
# null E[repeats/delta] = 2^22 * 2^-64 = 2^-42
# delta                  max|z|  low8_chi2 full_repeats
  0x0000000000000400      5.3      215.5            0
  0x0000000004000000     15.8      420.5            0
  0x0000000000000001      5.0      295.9            0
  0x0000000000000002      3.8      263.3            0
  0x0000000000000004      6.2      332.1            0
  0x0000000000000008      2.3      250.9            1
  0x0000000000000010      8.0      237.6            0
  0x0000000000000020      2.5      247.6            0
  0x0000000000000040      5.6      281.9            0
  0x0000000000000080      2.4      304.3            0
  0x0000000000000100      6.0      280.3            0
  0x0000000000000200      5.8      254.5            0
  0x0000000000000400      5.3      215.5            0
  0x0000000000000800      2.3      281.9            0
  0x0000000000001000      3.4      275.3            0
  0x0000000000002000      3.9      250.0            0
  0x0000000000004000      3.8      293.8            1
  0x0000000000008000      3.1      236.2            0
  0x0000000000010000      3.8      234.9            0
  0x0000000000020000      2.5      289.1            0
  0x0000000000040000      3.5      255.5            0
  0x0000000000080000      3.2      209.3            0
  0x0000000000100000      3.7      253.2            0
  0x0000000000200000      2.6      251.2            0
  0x0000000000400000      2.8      259.4            0
  0x0000000000800000      3.2      250.3            0
  0x0000000001000000      2.5      253.0            0
  0x0000000002000000     18.9      510.1           10
  0x0000000004000000     15.8      420.5            0
  0x0000000008000000      2.2      261.1            0
  0x0000000010000000      9.5      341.1            0
  0x0000000020000000     10.2      338.5            0
  0x0000000040000000      2.4      261.8            0
  0x0000000080000000      3.8      274.9            0
  0x0000000100000000     15.3      279.2            0
  0x0000000200000000     14.5      473.6            0
  0x0000000400000000      3.9      260.4            0
  0x0000000800000000      2.5      238.9            0
  0x0000001000000000     19.6      701.4            0
  0x0000002000000000     14.2      546.4            0
  0x0000004000000000      2.7      269.4            0
  0x0000008000000000      2.9      256.2            0
  0x0000010000000000     13.8      333.4            0
  0x0000020000000000      2.6      261.7            0
  0x0000040000000000      2.3      274.9            0
  0x0000080000000000      3.1      252.9            0
  0x0000100000000000      4.7      279.4            0
  0x0000200000000000     10.5      313.7            0
  0x0000400000000000     31.2      549.1            0
  0x0000800000000000      2.6      225.7            0
  0x0001000000000000      7.4      263.6            0
  0x0002000000000000      2.3      230.0            0
  0x0004000000000000      5.9      277.9            0
  0x0008000000000000     12.6      266.9            0
  0x0010000000000000     14.1      307.6            0
  0x0020000000000000     16.4      384.6            0
  0x0040000000000000      2.8      244.3            0
  0x0080000000000000     10.5      285.6            0
  0x0100000000000000      2.8      259.9            0
  0x0200000000000000      8.0      325.1            0
  0x0400000000000000     27.4      355.8            0
  0x0800000000000000      2.5      295.5            0
  0x1000000000000000      2.8      264.5            0
  0x2000000000000000      3.0      220.7            0
  0x4000000000000000      8.0      270.9            1
  0x8000000000000000      2.8      253.7            0
  0x0000000000000003      2.9      270.5            0
  0x0000000000000005      2.1      240.4            0
  0x0000000000000009      4.7      285.7            0
  0x0000000000000011      2.9      252.6            0
  0x8000000000000001      2.4      263.4            0
  0x0000000100000001      2.8      234.2            0
  0xf0f0f0f0f0f0f0f0      2.4      260.5            0
  0xffffffffffffffff      2.5      226.1            0
  0x0000000030000000      2.3      234.5            0
  0x0000000300000000      2.6      282.1            0
  0x3000000000000000      3.2      247.8            0
  0x0000000050000000     13.0      292.4            0
  0x0000000500000000     12.2      281.2            0
  0x5000000000000000     10.4      315.9            0
  0x0000000000000006      2.4      214.9            0
  0x0000000060000000      2.2      255.5            0
  0x0000000600000000      2.2      249.7            0
  0x6000000000000000      2.2      275.9            0
  0x0000000000000007      2.6      251.6            0
  0x0000000070000000      2.4      240.6            0
  0x0000000700000000      2.8      300.7            0
  0x7000000000000000      3.7      282.2            0
  0x0000000090000000      2.1      275.3            0
  0x0000000900000000      3.3      269.3            0
  0x9000000000000000     23.2      936.5            0
  0x000000000000000a      1.9      233.8            0
  0x00000000a0000000      2.8      240.6            0
  0x0000000a00000000      2.5      233.8            0
  0xa000000000000000      2.2      271.4            0
  0x000000000000000b      3.3      264.2            0
  0x00000000b0000000      2.9      193.3            0
  0x0000000b00000000      2.3      271.1            0
  0xb000000000000000      2.6      260.5            0
  0x000000000000000c      4.9      306.1            0
  0x00000000c0000000      2.5      258.1            0
  0x0000000c00000000      3.2      304.5            0
  0xc000000000000000      5.3      272.8            0
  0x000000000000000d      2.2      295.2            0
  0x00000000d0000000      2.5      288.4            0
  0x0000000d00000000      2.1      215.2            0
  0xd000000000000000      2.1      245.4            0
  0x000000000000000e      1.7      245.3            0
  0x00000000e0000000      2.8      242.2            0
  0x0000000e00000000      5.9      298.8            0
  0xe000000000000000      2.9      256.3            0
  0x000000000000000f      2.2      252.6            0
  0x00000000f0000000      2.3      243.0            0
  0x0000000f00000000      2.8      234.0            0
  0xf000000000000000      2.7      280.1            0
PASS max_repeats=10 max|z|=31.2 (all 115 deltas)
