# key=123456789abcdef0 N=2^22 kill_repeats=10
# null E[repeats/delta] = 2^22 * 2^-64 = 2^-42
# delta                  max|z|  low8_chi2 full_repeats
  0x0000000000000400      2.8      238.7            0
  0x0000000004000000      7.8      220.2            0
  0x0000000000000001      3.0      257.8            0
  0x0000000000000002      2.1      255.0            0
  0x0000000000000004      2.2      244.6            0
  0x0000000000000008      3.0      280.4            0
  0x0000000000000010      2.8      248.6            0
  0x0000000000000020      2.6      287.5            0
  0x0000000000000040      2.6      270.6            0
  0x0000000000000080      2.5      252.7            0
  0x0000000000000100      3.0      271.3            0
  0x0000000000000200      2.2      287.0            0
  0x0000000000000400      2.8      238.7            0
  0x0000000000000800      2.9      266.0            0
  0x0000000000001000      2.7      273.3            0
  0x0000000000002000      2.6      277.4            0
  0x0000000000004000      2.9      269.3            0
  0x0000000000008000      2.4      291.6            0
  0x0000000000010000      2.6      246.7            0
  0x0000000000020000      2.6      271.3            0
  0x0000000000040000      2.3      271.0            0
  0x0000000000080000      2.4      240.6            0
  0x0000000000100000      2.3      249.7            0
  0x0000000000200000      2.8      282.7            0
  0x0000000000400000      2.8      278.4            0
  0x0000000000800000      2.6      250.4            0
  0x0000000001000000      3.3      246.7            0
  0x0000000002000000      2.4      264.7            0
  0x0000000004000000      7.8      220.2            0
  0x0000000008000000      2.1      274.8            0
  0x0000000010000000      4.2      318.2            0
  0x0000000020000000      3.1      250.2            0
  0x0000000040000000      2.4      284.4            0
  0x0000000080000000      2.7      250.5            0
  0x0000000100000000      3.6      246.6            0
  0x0000000200000000      2.9      267.8            0
  0x0000000400000000      2.5      240.0            0
  0x0000000800000000      2.6      243.3            0
  0x0000001000000000      5.0      286.7            0
  0x0000002000000000      2.2      302.1            0
  0x0000004000000000      3.1      221.4            0
  0x0000008000000000      2.6      252.8            0
  0x0000010000000000      2.9      241.8            0
  0x0000020000000000      2.6      269.6            0
  0x0000040000000000      2.1      237.9            0
  0x0000080000000000      2.9      240.1            0
  0x0000100000000000      2.3      256.2            0
  0x0000200000000000      2.3      252.4            0
  0x0000400000000000      2.6      262.1            0
  0x0000800000000000      3.6      230.7            0
  0x0001000000000000      2.3      284.1            0
  0x0002000000000000      2.3      263.7            0
  0x0004000000000000      2.5      224.2            0
  0x0008000000000000      3.7      268.7            0
  0x0010000000000000      7.3      235.4            0
  0x0020000000000000      1.8      247.2            0
  0x0040000000000000      6.6      310.7            0
  0x0080000000000000      2.4      243.4            0
  0x0100000000000000      3.1      256.0            0
  0x0200000000000000      2.3      223.0            0
  0x0400000000000000      5.1      272.1            0
  0x0800000000000000      2.8      276.6            0
  0x1000000000000000      3.0      287.4            0
  0x2000000000000000      2.4      272.7            0
  0x4000000000000000      2.2      204.5            0
  0x8000000000000000      3.6      260.7            0
  0x0000000000000003      2.0      290.1            0
  0x0000000000000005      2.7      259.4            0
  0x0000000000000009      3.1      270.5            0
  0x0000000000000011      3.1      263.4            0
  0x8000000000000001      2.8      231.2            0
  0x0000000100000001      3.2      265.7            0
  0xf0f0f0f0f0f0f0f0      2.3      285.9            0
  0xffffffffffffffff      2.3      231.2            0
  0x0000000030000000      3.0      221.9            0
  0x0000000300000000      2.3      271.6            0
  0x3000000000000000      2.9      254.9            0
  0x0000000050000000      2.3      235.7            0
  0x0000000500000000      2.2      237.2            0
  0x5000000000000000      2.3      229.7            0
  0x0000000000000006      2.2      202.7            0
  0x0000000060000000      2.3      242.2            0
  0x0000000600000000      3.9      251.9            0
  0x6000000000000000      2.8      274.3            0
  0x0000000000000007      2.8      250.8            0
  0x0000000070000000      2.4      243.2            0
  0x0000000700000000      2.3      235.5            0
  0x7000000000000000      2.7      268.1            0
  0x0000000090000000      2.7      277.1            0
  0x0000000900000000      4.6      306.8            0
  0x9000000000000000      3.0      260.3            0
  0x000000000000000a      2.5      272.6            0
  0x00000000a0000000      2.3      230.2            0
  0x0000000a00000000      2.6      255.6            0
  0xa000000000000000      3.1      302.1            0
  0x000000000000000b      2.9      223.8            0
  0x00000000b0000000      2.9      264.7            0
  0x0000000b00000000      2.2      263.8            0
  0xb000000000000000      2.5      244.5            0
  0x000000000000000c      2.5      282.2            0
  0x00000000c0000000      2.6      212.0            0
  0x0000000c00000000      5.0      270.2            0
  0xc000000000000000      2.5      287.7            0
  0x000000000000000d      2.6      290.6            0
  0x00000000d0000000      2.8      271.5            0
  0x0000000d00000000      3.0      213.2            0
  0xd000000000000000      2.1      311.6            0
  0x000000000000000e      2.2      232.7            0
  0x00000000e0000000      2.6      215.9            0
  0x0000000e00000000      3.6      268.6            0
  0xe000000000000000      2.8      251.0            0
  0x000000000000000f      2.2      237.5            0
  0x00000000f0000000      2.5      250.6            0
  0x0000000f00000000      2.0      240.6            0
  0xf000000000000000      2.7      225.1            0
PASS max_repeats=0 max|z|=7.8 (all 115 deltas)
