# key=123456789abcdef0 N=2^22 kill_repeats=10
# null E[repeats/delta] = 2^22 * 2^-64 = 2^-42
# delta                  max|z|  low8_chi2 full_repeats
  0x0000000000000400      2.8      230.6            0
  0x0000000004000000      6.8      304.3            0
  0x0000000000000001      3.7      266.4            0
  0x0000000000000002      2.6      210.4            0
  0x0000000000000004      3.3      225.2            0
  0x0000000000000008      2.4      285.6            0
  0x0000000000000010      2.2      226.6            0
  0x0000000000000020      2.4      265.4            0
  0x0000000000000040      1.9      220.6            0
  0x0000000000000080      2.7      268.0            0
  0x0000000000000100      2.9      244.0            0
  0x0000000000000200      3.1      256.1            0
  0x0000000000000400      2.8      230.6            0
  0x0000000000000800      2.1      253.2            0
  0x0000000000001000      3.4      287.4            0
  0x0000000000002000      2.4      261.3            0
  0x0000000000004000      1.9      218.6            0
  0x0000000000008000      2.0      238.2            0
  0x0000000000010000      3.8      265.2            0
  0x0000000000020000      2.2      242.0            0
  0x0000000000040000      2.0      238.2            0
  0x0000000000080000      2.4      257.8            0
  0x0000000000100000      2.2      211.5            0
  0x0000000000200000      3.8      258.1            0
  0x0000000000400000      2.8      256.4            0
  0x0000000000800000      2.6      255.1            0
  0x0000000001000000      6.1      261.6            0
  0x0000000002000000      2.4      269.5            0
  0x0000000004000000      6.8      304.3            0
  0x0000000008000000      3.1      238.4            0
  0x0000000010000000      4.7      267.6            0
  0x0000000020000000      3.5      274.2            0
  0x0000000040000000      2.3      266.0            0
  0x0000000080000000      2.2      236.9            0
  0x0000000100000000      7.1      300.9            0
  0x0000000200000000      2.3      253.4            0
  0x0000000400000000      2.6      262.0            0
  0x0000000800000000      2.9      237.0            0
  0x0000001000000000      4.8      287.8            0
  0x0000002000000000      2.8      252.3            0
  0x0000004000000000      2.7      255.2            0
  0x0000008000000000      2.5      214.7            0
  0x0000010000000000      2.6      264.0            0
  0x0000020000000000      2.5      212.8            0
  0x0000040000000000      3.5      245.9            0
  0x0000080000000000      2.6      247.2            0
  0x0000100000000000      6.1      263.5            0
  0x0000200000000000      2.4      286.4            0
  0x0000400000000000      3.0      238.2            0
  0x0000800000000000      2.4      259.6            0
  0x0001000000000000      2.7      251.0            0
  0x0002000000000000      2.4      270.4            0
  0x0004000000000000      2.7      271.6            0
  0x0008000000000000      2.2      261.5            0
  0x0010000000000000      7.9      223.1            0
  0x0020000000000000      3.1      205.9            0
  0x0040000000000000      2.4      244.2            0
  0x0080000000000000      2.2      250.1            0
  0x0100000000000000      8.0      316.6            0
  0x0200000000000000      2.4      243.7            0
  0x0400000000000000      7.4      237.3            0
  0x0800000000000000      3.1      248.6            0
  0x1000000000000000      2.8      278.9            0
  0x2000000000000000      6.1      271.0            0
  0x4000000000000000      3.7      249.4            0
  0x8000000000000000      2.5      272.6            0
  0x0000000000000003      1.8      259.9            0
  0x0000000000000005      2.7      256.4            0
  0x0000000000000009      2.5      261.6            0
  0x0000000000000011      3.2      249.8            0
  0x8000000000000001      2.4      263.3            0
  0x0000000100000001      2.7      236.6            0
  0xf0f0f0f0f0f0f0f0      3.1      245.2            0
  0xffffffffffffffff      2.0      259.2            0
  0x0000000030000000      2.2      222.8            0
  0x0000000300000000      2.9      196.8            0
  0x3000000000000000      2.8      273.4            0
  0x0000000050000000      3.1      282.6            0
  0x0000000500000000     16.0      315.2            0
  0x5000000000000000      3.1      240.5            0
  0x0000000000000006      2.4      293.6            0
  0x0000000060000000      2.3      271.8            0
  0x0000000600000000      2.6      256.5            0
  0x6000000000000000      2.4      288.7            0
  0x0000000000000007      1.7      270.1            0
  0x0000000070000000      2.4      220.6            0
  0x0000000700000000      1.8      212.1            0
  0x7000000000000000      2.4      236.9            0
  0x0000000090000000      3.4      300.5            0
  0x0000000900000000      2.4      274.1            0
  0x9000000000000000      2.2      281.8            0
  0x000000000000000a      2.0      251.4            0
  0x00000000a0000000      2.4      260.5            0
  0x0000000a00000000      3.2      237.9            0
  0xa000000000000000      2.2      241.1            0
  0x000000000000000b      2.9      267.2            0
  0x00000000b0000000      2.8      219.7            0
  0x0000000b00000000      2.0      269.5            0
  0xb000000000000000      1.9      253.3            0
  0x000000000000000c      3.3      243.4            0
  0x00000000c0000000      3.1      228.0            0
  0x0000000c00000000      2.7      255.1            0
  0xc000000000000000      1.8      259.0            0
  0x000000000000000d      3.6      250.3            0
  0x00000000d0000000      2.8      236.9            0
  0x0000000d00000000      2.3      232.0            0
  0xd000000000000000      3.3      273.2            0
  0x000000000000000e      2.3      219.0            0
  0x00000000e0000000      2.6      250.5            0
  0x0000000e00000000      2.2      264.6            0
  0xe000000000000000      2.7      253.2            0
  0x000000000000000f      2.6      249.1            0
  0x00000000f0000000      2.9      234.7            0
  0x0000000f00000000      2.6      249.5            0
  0xf000000000000000      2.2      256.7            0
PASS max_repeats=0 max|z|=16.0 (all 115 deltas)
