# key=123456789abcdef0 N=2^22 kill_repeats=10
# null E[repeats/delta] = 2^22 * 2^-64 = 2^-42
# delta                  max|z|  low8_chi2 full_repeats
  0x0000000000000400      3.3      253.4            0
  0x0000000004000000      2.2      285.1            0
  0x0000000000000001      3.9      244.3            0
  0x0000000000000002      2.4      255.7            0
  0x0000000000000004      2.4      192.0            0
  0x0000000000000008      3.4      191.8            0
  0x0000000000000010      3.5      264.1            0
  0x0000000000000020      3.3      230.4            0
  0x0000000000000040      2.8      269.0            0
  0x0000000000000080      2.8      254.8            0
  0x0000000000000100      3.3      232.1            0
  0x0000000000000200      4.5      292.4            0
  0x0000000000000400      3.3      253.4            0
  0x0000000000000800      3.2      246.9            0
  0x0000000000001000      4.4      305.5            0
  0x0000000000002000      4.3      257.8            0
  0x0000000000004000      4.4      241.6            0
  0x0000000000008000      2.3      234.8            0
  0x0000000000010000      2.2      255.3            0
  0x0000000000020000      2.4      240.7            0
  0x0000000000040000      2.3      238.1            0
  0x0000000000080000      3.1      270.7            0
  0x0000000000100000      4.7      303.0            0
  0x0000000000200000      3.8      245.2            0
  0x0000000000400000      4.0      272.0            0
  0x0000000000800000      3.0      242.3            0
  0x0000000001000000      2.8      262.7            0
  0x0000000002000000      3.1      271.5            0
  0x0000000004000000      2.2      285.1            0
  0x0000000008000000     14.7      403.6            0
  0x0000000010000000     19.6      502.0            0
  0x0000000020000000      5.3      261.1            0
  0x0000000040000000      2.0      284.2            0
  0x0000000080000000      3.0      272.2            0
  0x0000000100000000     26.1      536.2            0
  0x0000000200000000      4.8      220.2            0
  0x0000000400000000      2.2      293.0            0
  0x0000000800000000      2.2      260.9            0
  0x0000001000000000      5.3      272.5            0
  0x0000002000000000      2.9      293.6            0
  0x0000004000000000      3.2      259.4            0
  0x0000008000000000      2.8      247.9            0
  0x0000010000000000      8.0      302.2            0
  0x0000020000000000      5.9      288.3            0
  0x0000040000000000      2.5      260.6            0
  0x0000080000000000      3.1      255.5            0
  0x0000100000000000     11.5      272.8            0
  0x0000200000000000      8.2      376.4            0
  0x0000400000000000      2.5      287.5            0
  0x0000800000000000      3.4      217.8            0
  0x0001000000000000      2.3      218.0            0
  0x0002000000000000      9.3      316.5            0
  0x0004000000000000      3.7      281.4            0
  0x0008000000000000      2.7      227.1            0
  0x0010000000000000     17.0      289.6            0
  0x0020000000000000      2.4      243.0            0
  0x0040000000000000      2.7      246.4            0
  0x0080000000000000      3.9      252.4            0
  0x0100000000000000      2.6      271.1            0
  0x0200000000000000      3.4      252.4            0
  0x0400000000000000      3.1      280.9            0
  0x0800000000000000      5.7      282.1            0
  0x1000000000000000      4.7      238.3            0
  0x2000000000000000      2.3      225.8            0
  0x4000000000000000     16.2      420.1            0
  0x8000000000000000      1.9      270.2            0
  0x0000000000000003      3.2      258.0            0
  0x0000000000000005      3.2      263.0            0
  0x0000000000000009      2.3      217.9            0
  0x0000000000000011      2.3      291.9            0
  0x8000000000000001      3.0      258.7            0
  0x0000000100000001      2.3      217.5            0
  0xf0f0f0f0f0f0f0f0      2.4      226.1            0
  0xffffffffffffffff      2.3      187.9            0
  0x0000000030000000      2.6      196.4            0
  0x0000000300000000      2.8      283.7            0
  0x3000000000000000      2.7      288.6            0
  0x0000000050000000      2.8      244.4            0
  0x0000000500000000      1.8      233.1            0
  0x5000000000000000      2.1      240.4            0
  0x0000000000000006      3.4      251.8            0
  0x0000000060000000      2.6      219.3            0
  0x0000000600000000      3.0      233.8            0
  0x6000000000000000      2.0      269.1            0
  0x0000000000000007      2.6      235.6            0
  0x0000000070000000      2.3      247.6            0
  0x0000000700000000      2.5      226.3            0
  0x7000000000000000      2.9      260.0            0
  0x0000000090000000      2.9      243.5            0
  0x0000000900000000      2.2      258.8            0
  0x9000000000000000      2.4      260.2            0
  0x000000000000000a      2.7      245.1            0
  0x00000000a0000000      2.5      265.6            0
  0x0000000a00000000      2.0      232.6            0
  0xa000000000000000      2.2      260.7            0
  0x000000000000000b      3.0      223.3            0
  0x00000000b0000000      2.1      264.9            0
  0x0000000b00000000      3.0      270.7            0
  0xb000000000000000      2.6      261.8            0
  0x000000000000000c      2.9      295.6            0
  0x00000000c0000000      8.0      338.7            0
  0x0000000c00000000      5.5      316.7            0
  0xc000000000000000      3.5      278.7            0
  0x000000000000000d      2.8      251.7            0
  0x00000000d0000000      2.5      253.4            0
  0x0000000d00000000      2.0      212.2            0
  0xd000000000000000      2.7      277.8            0
  0x000000000000000e      2.6      285.8            0
  0x00000000e0000000      2.7      234.0            0
  0x0000000e00000000      2.7      216.6            0
  0xe000000000000000      2.6      282.1            0
  0x000000000000000f      2.8      255.9            0
  0x00000000f0000000     10.2      264.1            0
  0x0000000f00000000      9.1      310.2            0
  0xf000000000000000      7.9      264.2            0
PASS max_repeats=0 max|z|=26.1 (all 115 deltas)
