# key=123456789abcdef0 N=2^22 kill_repeats=10
# null E[repeats/delta] = 2^22 * 2^-64 = 2^-42
# delta                  max|z|  low8_chi2 full_repeats
  0x0000000000000400      2.4      241.0            0
  0x0000000004000000      2.7      255.3            0
  0x0000000000000001      2.7      256.2            0
  0x0000000000000002      2.8      251.1            0
  0x0000000000000004      2.5      278.4            0
  0x0000000000000008      2.7      260.6            0
  0x0000000000000010      2.2      232.2            0
  0x0000000000000020      2.3      236.6            0
  0x0000000000000040      3.4      252.6            0
  0x0000000000000080      2.5      229.2            0
  0x0000000000000100      2.5      220.7            0
  0x0000000000000200      3.3      289.7            0
  0x0000000000000400      2.4      241.0            0
  0x0000000000000800      3.4      265.4            0
  0x0000000000001000      3.1      271.9            0
  0x0000000000002000      2.8      301.1            0
  0x0000000000004000      2.3      267.5            0
  0x0000000000008000      3.9      195.6            0
  0x0000000000010000      3.5      260.9            0
  0x0000000000020000      2.5      248.9            0
  0x0000000000040000      2.5      266.8            0
  0x0000000000080000      3.3      245.1            0
  0x0000000000100000      2.3      228.0            0
  0x0000000000200000      2.1      297.2            0
  0x0000000000400000      2.4      254.0            0
  0x0000000000800000      2.7      258.6            0
  0x0000000001000000      2.4      275.1            0
  0x0000000002000000      3.7      226.5            0
  0x0000000004000000      2.7      255.3            0
  0x0000000008000000      2.1      264.9            0
  0x0000000010000000      2.2      237.0            0
  0x0000000020000000      2.8      218.9            0
  0x0000000040000000      2.6      246.9            0
  0x0000000080000000      2.4      232.0            0
  0x0000000100000000      2.4      251.9            0
  0x0000000200000000      2.9      217.5            0
  0x0000000400000000      2.2      226.9            0
  0x0000000800000000      2.9      282.4            0
  0x0000001000000000      2.4      283.7            0
  0x0000002000000000      2.2      254.5            0
  0x0000004000000000      2.8      226.4            0
  0x0000008000000000      1.8      253.4            0
  0x0000010000000000      2.5      286.4            0
  0x0000020000000000      2.3      255.3            0
  0x0000040000000000      2.5      184.0            0
  0x0000080000000000      2.0      276.0            0
  0x0000100000000000      2.4      240.5            0
  0x0000200000000000      1.9      245.9            0
  0x0000400000000000      1.9      261.0            0
  0x0000800000000000      1.8      279.8            0
  0x0001000000000000      2.3      247.8            0
  0x0002000000000000      2.7      272.7            0
  0x0004000000000000      1.9      239.3            0
  0x0008000000000000      2.3      256.7            0
  0x0010000000000000      2.4      246.0            0
  0x0020000000000000      2.4      265.0            0
  0x0040000000000000      2.6      276.3            0
  0x0080000000000000      2.4      266.9            0
  0x0100000000000000      2.4      273.4            0
  0x0200000000000000      2.7      212.7            0
  0x0400000000000000      3.2      292.1            0
  0x0800000000000000      2.3      276.5            0
  0x1000000000000000      2.4      223.5            0
  0x2000000000000000      3.0      260.6            0
  0x4000000000000000      2.6      230.4            0
  0x8000000000000000      3.8      237.1            0
  0x0000000000000003      3.1      253.8            0
  0x0000000000000005      2.9      230.5            0
  0x0000000000000009      2.9      225.7            0
  0x0000000000000011      3.0      247.9            0
  0x8000000000000001      2.5      260.0            0
  0x0000000100000001      2.7      258.7            0
  0xf0f0f0f0f0f0f0f0      2.8      262.0            0
  0xffffffffffffffff      3.3      208.1            0
  0x0000000030000000      2.7      260.5            0
  0x0000000300000000      2.2      273.8            0
  0x3000000000000000      2.1      268.3            0
  0x0000000050000000      2.1      259.1            0
  0x0000000500000000      2.1      281.7            0
  0x5000000000000000      2.7      238.7            0
  0x0000000000000006      3.4      287.9            0
  0x0000000060000000      2.5      272.4            0
  0x0000000600000000      2.6      244.3            0
  0x6000000000000000      2.8      276.0            0
  0x0000000000000007      2.4      236.3            0
  0x0000000070000000      2.3      293.1            0
  0x0000000700000000      2.5      287.4            0
  0x7000000000000000      3.2      244.6            0
  0x0000000090000000      2.1      219.7            0
  0x0000000900000000      2.2      271.9            0
  0x9000000000000000      2.5      210.2            0
  0x000000000000000a      2.4      265.4            0
  0x00000000a0000000      3.0      273.0            0
  0x0000000a00000000      2.5      257.0            0
  0xa000000000000000      2.8      260.2            0
  0x000000000000000b      3.1      227.8            0
  0x00000000b0000000      2.8      272.5            0
  0x0000000b00000000      2.1      304.0            0
  0xb000000000000000      2.1      245.0            0
  0x000000000000000c      2.3      233.6            0
  0x00000000c0000000      2.4      260.0            0
  0x0000000c00000000      2.4      257.9            0
  0xc000000000000000      2.2      295.1            0
  0x000000000000000d      3.5      235.9            0
  0x00000000d0000000      2.9      271.2            0
  0x0000000d00000000      2.6      291.7            0
  0xd000000000000000      2.0      268.7            0
  0x000000000000000e      2.5      229.3            0
  0x00000000e0000000      2.9      213.4            0
  0x0000000e00000000      2.5      268.7            0
  0xe000000000000000      2.5      240.7            0
  0x000000000000000f      3.1      246.1            0
  0x00000000f0000000      2.7      267.3            0
  0x0000000f00000000      2.3      262.6            0
  0xf000000000000000      3.0      253.1            0
PASS max_repeats=0 max|z|=3.9 (all 115 deltas)
