# key=123456789abcdef0 N=2^22 kill_repeats=10
# null E[repeats/delta] = 2^22 * 2^-64 = 2^-42
# delta                  max|z|  low8_chi2 full_repeats
  0x0000000000000400      3.2      263.4            0
  0x0000000004000000     17.3      455.8            0
  0x0000000000000001      3.2      260.6            0
  0x0000000000000002      3.9      257.4            0
  0x0000000000000004      2.1      260.2            0
  0x0000000000000008      2.0      231.3            0
  0x0000000000000010      4.4      278.9            0
  0x0000000000000020      3.7      268.3            0
  0x0000000000000040      3.5      262.2            0
  0x0000000000000080      3.3      240.3            0
  0x0000000000000100      2.8      271.9            0
  0x0000000000000200      4.7      300.0            0
  0x0000000000000400      3.2      263.4            0
  0x0000000000000800      2.9      215.4            0
  0x0000000000001000      3.1      261.7            0
  0x0000000000002000      3.0      275.2            0
  0x0000000000004000      2.9      252.0            0
  0x0000000000008000      2.3      277.6            0
  0x0000000000010000      2.8      269.6            0
  0x0000000000020000      2.7      253.3            0
  0x0000000000040000      3.2      296.6            0
  0x0000000000080000      2.3      288.4            0
  0x0000000000100000      2.0      272.1            0
  0x0000000000200000      2.5      253.2            0
  0x0000000000400000      6.5      244.4            0
  0x0000000000800000      2.4      262.6            0
  0x0000000001000000      8.6      327.2            0
  0x0000000002000000      3.0      242.7            0
  0x0000000004000000     17.3      455.8            0
  0x0000000008000000      2.3      261.2            0
  0x0000000010000000     10.7      335.8            0
  0x0000000020000000      3.2      252.2            0
  0x0000000040000000      7.6      260.2            0
  0x0000000080000000      8.9      257.8            0
  0x0000000100000000     20.7      626.6            0
  0x0000000200000000      2.9      254.5            0
  0x0000000400000000     11.4      345.8            0
  0x0000000800000000      5.5      299.6            0
  0x0000001000000000     10.6      285.7            0
  0x0000002000000000      2.2      203.4            0
  0x0000004000000000     11.3      243.9            0
  0x0000008000000000      4.8      240.0            0
  0x0000010000000000      2.0      264.8            0
  0x0000020000000000      8.7      314.5            0
  0x0000040000000000     16.4      318.8            0
  0x0000080000000000      2.8      257.3            0
  0x0000100000000000      2.4      244.4            0
  0x0000200000000000      2.6      255.5            0
  0x0000400000000000      2.9      268.7            0
  0x0000800000000000     14.0      392.4            0
  0x0001000000000000      2.9      278.0            0
  0x0002000000000000      4.8      283.3            0
  0x0004000000000000      3.2      235.5            0
  0x0008000000000000      2.6      235.0            0
  0x0010000000000000     13.0      312.9            0
  0x0020000000000000      2.4      242.3            0
  0x0040000000000000      2.4      264.3            0
  0x0080000000000000     11.0      277.6            0
  0x0100000000000000      8.7      269.7            0
  0x0200000000000000      2.2      298.1            0
  0x0400000000000000     11.7      373.8            0
  0x0800000000000000      2.3      266.1            0
  0x1000000000000000      6.4      236.7            0
  0x2000000000000000      3.5      287.6            0
  0x4000000000000000      2.5      252.4            0
  0x8000000000000000      3.1      224.7            0
  0x0000000000000003      2.8      285.2            0
  0x0000000000000005      2.5      245.7            0
  0x0000000000000009      2.1      223.1            0
  0x0000000000000011      2.9      234.2            0
  0x8000000000000001      2.5      271.4            0
  0x0000000100000001      2.2      255.2            0
  0xf0f0f0f0f0f0f0f0      2.8      271.9            0
  0xffffffffffffffff      2.3      232.9            0
  0x0000000030000000      2.9      238.0            0
  0x0000000300000000      2.1      272.4            0
  0x3000000000000000      2.6      289.1            0
  0x0000000050000000      3.4      222.7            0
  0x0000000500000000      2.1      251.0            0
  0x5000000000000000      2.6      258.9            0
  0x0000000000000006      3.2      278.0            0
  0x0000000060000000      2.6      260.4            0
  0x0000000600000000      2.7      275.8            0
  0x6000000000000000      3.2      247.3            0
  0x0000000000000007      3.0      252.1            0
  0x0000000070000000      2.3      264.2            0
  0x0000000700000000      2.5      295.5            0
  0x7000000000000000      3.1      237.5            0
  0x0000000090000000      2.7      268.8            0
  0x0000000900000000      3.2      256.7            0
  0x9000000000000000      2.5      263.1            0
  0x000000000000000a      2.7      275.3            0
  0x00000000a0000000      3.1      244.3            0
  0x0000000a00000000      3.1      256.9            0
  0xa000000000000000      2.7      283.3            0
  0x000000000000000b      2.3      269.5            0
  0x00000000b0000000      2.4      227.6            0
  0x0000000b00000000      2.4      275.6            0
  0xb000000000000000      2.2      235.4            0
  0x000000000000000c      2.5      263.1            0
  0x00000000c0000000      3.0      253.9            0
  0x0000000c00000000      2.0      243.9            0
  0xc000000000000000     16.6      452.1            0
  0x000000000000000d      2.2      284.5            0
  0x00000000d0000000      2.5      276.2            0
  0x0000000d00000000      2.3      277.5            0
  0xd000000000000000      2.6      238.4            0
  0x000000000000000e      2.5      247.4            0
  0x00000000e0000000      3.8      272.7            0
  0x0000000e00000000      5.6      285.8            0
  0xe000000000000000      2.2      272.1            0
  0x000000000000000f      2.9      236.4            0
  0x00000000f0000000      2.5      286.7            0
  0x0000000f00000000      2.7      258.6            0
  0xf000000000000000      2.3      282.1            0
PASS max_repeats=0 max|z|=20.7 (all 115 deltas)
