# key=123456789abcdef0 N=2^22 kill_repeats=10
# null E[repeats/delta] = 2^22 * 2^-64 = 2^-42
# delta                  max|z|  low8_chi2 full_repeats
  0x0000000000000400      3.5      261.2            0
  0x0000000004000000      7.8      228.2            0
  0x0000000000000001      3.0      248.5            0
  0x0000000000000002      2.5      260.3            0
  0x0000000000000004      2.3      232.9            0
  0x0000000000000008      3.3      213.7            0
  0x0000000000000010      2.9      253.1            0
  0x0000000000000020      2.5      241.6            0
  0x0000000000000040      3.0      246.3            0
  0x0000000000000080      2.1      272.5            0
  0x0000000000000100      4.1      245.4            0
  0x0000000000000200      2.9      194.1            0
  0x0000000000000400      3.5      261.2            0
  0x0000000000000800      2.7      217.2            0
  0x0000000000001000      2.6      249.3            0
  0x0000000000002000      2.3      243.4            0
  0x0000000000004000      3.0      264.0            0
  0x0000000000008000      2.6      268.8            0
  0x0000000000010000      2.4      260.8            0
  0x0000000000020000      3.4      252.6            0
  0x0000000000040000      2.1      276.9            0
  0x0000000000080000      3.8      268.3            0
  0x0000000000100000      2.0      268.9            0
  0x0000000000200000      2.8      273.9            0
  0x0000000000400000      2.7      284.3            0
  0x0000000000800000      2.6      253.7            0
  0x0000000001000000      2.7      223.2            0
  0x0000000002000000      2.8      269.5            0
  0x0000000004000000      7.8      228.2            0
  0x0000000008000000      4.3      250.7            0
  0x0000000010000000      3.0      241.4            0
  0x0000000020000000      2.6      237.4            0
  0x0000000040000000      2.9      240.1            0
  0x0000000080000000      2.1      239.5            0
  0x0000000100000000      1.9      239.4            0
  0x0000000200000000      2.1      257.9            0
  0x0000000400000000      3.7      244.5            0
  0x0000000800000000      2.2      294.4            0
  0x0000001000000000      2.2      227.6            0
  0x0000002000000000      2.8      253.0            0
  0x0000004000000000      6.0      250.6            0
  0x0000008000000000      2.3      276.0            0
  0x0000010000000000      2.1      270.8            0
  0x0000020000000000      3.7      222.9            0
  0x0000040000000000      7.9      266.4            0
  0x0000080000000000      1.9      261.8            0
  0x0000100000000000      2.2      242.9            0
  0x0000200000000000      2.7      296.9            0
  0x0000400000000000      2.0      271.4            0
  0x0000800000000000      2.8      215.3            0
  0x0001000000000000     13.6      315.3            0
  0x0002000000000000      3.4      236.9            0
  0x0004000000000000      2.1      226.1            0
  0x0008000000000000      3.0      238.8            0
  0x0010000000000000      2.8      280.7            0
  0x0020000000000000      2.3      243.0            0
  0x0040000000000000      3.2      280.1            0
  0x0080000000000000      6.6      252.3            0
  0x0100000000000000      8.0      262.1            0
  0x0200000000000000      2.2      262.4            0
  0x0400000000000000     23.2      268.2            0
  0x0800000000000000      4.9      274.3            0
  0x1000000000000000      3.7      291.1            0
  0x2000000000000000      3.7      227.9            0
  0x4000000000000000      2.5      265.0            0
  0x8000000000000000      3.2      260.9            0
  0x0000000000000003      2.1      275.2            0
  0x0000000000000005      2.5      269.6            0
  0x0000000000000009      3.5      233.4            0
  0x0000000000000011      3.0      249.9            0
  0x8000000000000001      1.9      257.5            0
  0x0000000100000001      2.6      231.3            0
  0xf0f0f0f0f0f0f0f0      2.4      283.1            0
  0xffffffffffffffff      2.9      269.9            0
  0x0000000030000000      2.5      226.9            0
  0x0000000300000000      2.2      246.7            0
  0x3000000000000000      2.3      232.8            0
  0x0000000050000000      2.5      263.8            0
  0x0000000500000000      2.7      249.9            0
  0x5000000000000000      2.4      245.1            0
  0x0000000000000006      2.7      279.2            0
  0x0000000060000000      2.7      302.3            0
  0x0000000600000000      3.8      274.1            0
  0x6000000000000000      3.0      244.0            0
  0x0000000000000007      2.6      213.4            0
  0x0000000070000000      3.1      247.2            0
  0x0000000700000000      3.1      264.7            0
  0x7000000000000000      2.7      239.1            0
  0x0000000090000000      3.8      285.5            0
  0x0000000900000000      2.5      221.5            0
  0x9000000000000000      3.4      266.0            0
  0x000000000000000a      2.9      274.0            0
  0x00000000a0000000      1.8      256.1            0
  0x0000000a00000000      5.8      221.1            0
  0xa000000000000000      2.4      273.9            0
  0x000000000000000b      4.0      233.5            0
  0x00000000b0000000      3.5      273.3            0
  0x0000000b00000000      3.7      273.9            0
  0xb000000000000000      1.9      276.2            0
  0x000000000000000c      2.4      242.5            0
  0x00000000c0000000      2.5      240.7            0
  0x0000000c00000000      2.7      229.7            0
  0xc000000000000000      2.0      309.8            0
  0x000000000000000d      2.2      254.3            0
  0x00000000d0000000      3.2      235.4            0
  0x0000000d00000000      2.6      253.2            0
  0xd000000000000000      2.7      281.2            0
  0x000000000000000e      2.5      250.9            0
  0x00000000e0000000      2.8      252.9            0
  0x0000000e00000000      2.9      285.4            0
  0xe000000000000000      3.1      247.8            0
  0x000000000000000f      3.0      226.2            0
  0x00000000f0000000     13.0      412.9            0
  0x0000000f00000000      5.5      289.2            0
  0xf000000000000000      4.3      248.9            0
PASS max_repeats=0 max|z|=23.2 (all 115 deltas)
