# key=123456789abcdef0 N=2^22 kill_repeats=10
# null E[repeats/delta] = 2^22 * 2^-64 = 2^-42
# delta                  max|z|  low8_chi2 full_repeats
  0x0000000000000400      2.8      285.4            0
  0x0000000004000000      2.8      241.0            0
  0x0000000000000001      2.7      255.5            0
  0x0000000000000002      3.5      290.6            0
  0x0000000000000004      3.2      292.5            0
  0x0000000000000008      2.4      258.4            0
  0x0000000000000010      2.6      229.1            0
  0x0000000000000020      1.8      229.8            0
  0x0000000000000040      2.9      227.8            0
  0x0000000000000080      2.8      300.1            0
  0x0000000000000100      2.2      299.2            0
  0x0000000000000200      2.8      274.7            0
  0x0000000000000400      2.8      285.4            0
  0x0000000000000800      2.7      272.2            0
  0x0000000000001000      2.1      249.2            0
  0x0000000000002000      2.2      243.2            0
  0x0000000000004000      2.0      250.1            0
  0x0000000000008000      2.8      260.1            0
  0x0000000000010000      2.4      247.6            0
  0x0000000000020000      2.8      278.2            0
  0x0000000000040000      2.3      261.7            0
  0x0000000000080000      1.8      260.8            0
  0x0000000000100000      2.3      264.1            0
  0x0000000000200000      2.8      253.3            0
  0x0000000000400000      2.6      247.7            0
  0x0000000000800000      2.9      246.4            0
  0x0000000001000000      2.1      254.7            0
  0x0000000002000000     14.2      204.8            0
  0x0000000004000000      2.8      241.0            0
  0x0000000008000000      3.5      258.4            0
  0x0000000010000000      2.6      241.1            0
  0x0000000020000000      2.8      271.2            0
  0x0000000040000000      6.5      226.8            0
  0x0000000080000000      2.7      234.3            0
  0x0000000100000000      2.8      251.0            0
  0x0000000200000000      3.5      265.8            0
  0x0000000400000000      8.9      238.0            0
  0x0000000800000000      2.3      256.3            0
  0x0000001000000000      3.3      281.9            0
  0x0000002000000000      2.6      248.8            0
  0x0000004000000000      6.6      267.1            0
  0x0000008000000000      2.8      267.8            0
  0x0000010000000000     12.4      232.2            0
  0x0000020000000000      2.4      242.0            0
  0x0000040000000000      7.7      280.1            0
  0x0000080000000000      3.2      242.8            0
  0x0000100000000000      4.0      264.1            0
  0x0000200000000000      3.7      220.1            0
  0x0000400000000000      2.7      212.6            0
  0x0000800000000000      2.4      238.1            0
  0x0001000000000000      2.9      272.1            0
  0x0002000000000000      2.2      269.7            0
  0x0004000000000000      4.5      293.3            0
  0x0008000000000000      2.4      212.5            0
  0x0010000000000000      3.0      290.5            0
  0x0020000000000000      2.9      274.4            0
  0x0040000000000000      1.8      235.9            0
  0x0080000000000000      2.6      269.5            0
  0x0100000000000000      2.7      246.7            0
  0x0200000000000000      4.2      307.6            0
  0x0400000000000000      3.0      263.8            0
  0x0800000000000000      2.9      240.4            0
  0x1000000000000000      4.7      215.9            0
  0x2000000000000000      2.9      263.5            0
  0x4000000000000000      2.2      247.6            0
  0x8000000000000000      2.3      318.5            0
  0x0000000000000003      2.6      236.7            0
  0x0000000000000005      1.7      230.7            0
  0x0000000000000009      2.1      290.3            0
  0x0000000000000011      2.6      308.7            0
  0x8000000000000001      2.3      264.9            0
  0x0000000100000001      3.6      239.1            0
  0xf0f0f0f0f0f0f0f0      2.1      284.4            0
  0xffffffffffffffff      2.5      238.3            0
  0x0000000030000000      2.9      221.9            0
  0x0000000300000000      2.0      230.1            0
  0x3000000000000000      2.5      246.8            0
  0x0000000050000000      2.5      256.5            0
  0x0000000500000000      2.1      283.7            0
  0x5000000000000000      2.4      259.7            0
  0x0000000000000006      3.8      254.5            0
  0x0000000060000000      2.5      227.0            0
  0x0000000600000000      2.8      250.6            0
  0x6000000000000000      2.8      206.7            0
  0x0000000000000007      2.7      271.9            0
  0x0000000070000000      7.5      255.1            0
  0x0000000700000000      2.3      261.8            0
  0x7000000000000000      2.3      310.0            0
  0x0000000090000000      2.3      278.4            0
  0x0000000900000000      3.3      257.3            0
  0x9000000000000000      2.9      240.7            0
  0x000000000000000a      2.5      292.4            0
  0x00000000a0000000      1.9      242.2            0
  0x0000000a00000000      2.5      228.7            0
  0xa000000000000000      2.4      256.9            0
  0x000000000000000b      2.6      219.9            0
  0x00000000b0000000      2.6      233.6            0
  0x0000000b00000000      2.4      222.8            0
  0xb000000000000000      2.9      245.9            0
  0x000000000000000c      2.7      288.8            0
  0x00000000c0000000      3.4      261.2            0
  0x0000000c00000000      2.6      262.8            0
  0xc000000000000000      6.3      304.3            0
  0x000000000000000d      2.6      276.0            0
  0x00000000d0000000      2.7      239.3            0
  0x0000000d00000000      2.7      280.7            0
  0xd000000000000000      2.5      276.7            0
  0x000000000000000e      2.5      280.6            0
  0x00000000e0000000      2.0      254.4            0
  0x0000000e00000000      2.1      221.8            0
  0xe000000000000000      4.7      278.6            0
  0x000000000000000f      3.9      298.8            0
  0x00000000f0000000      2.2      272.5            0
  0x0000000f00000000      3.2      252.7            0
  0xf000000000000000      2.6      245.6            0
PASS max_repeats=0 max|z|=14.2 (all 115 deltas)
