# key=123456789abcdef0 N=2^22 kill_repeats=10
# null E[repeats/delta] = 2^22 * 2^-64 = 2^-42
# delta                  max|z|  low8_chi2 full_repeats
  0x0000000000000400      2.4      263.9            0
  0x0000000004000000      2.6      233.1            0
  0x0000000000000001      2.5      296.1            0
  0x0000000000000002      3.0      282.7            0
  0x0000000000000004      2.9      242.7            0
  0x0000000000000008      2.6      231.6            0
  0x0000000000000010      2.7      271.0            0
  0x0000000000000020      2.0      255.2            0
  0x0000000000000040      2.8      268.5            0
  0x0000000000000080      2.8      234.3            0
  0x0000000000000100      2.6      276.2            0
  0x0000000000000200      2.6      265.5            0
  0x0000000000000400      2.4      263.9            0
  0x0000000000000800      2.8      255.0            0
  0x0000000000001000      2.3      247.7            0
  0x0000000000002000      2.2      241.9            0
  0x0000000000004000      2.5      261.2            0
  0x0000000000008000      2.8      237.6            0
  0x0000000000010000      3.1      291.4            0
  0x0000000000020000      2.0      250.9            0
  0x0000000000040000      2.8      235.8            0
  0x0000000000080000      2.0      250.1            0
  0x0000000000100000      3.2      251.8            0
  0x0000000000200000      2.8      261.2            0
  0x0000000000400000      3.2      230.8            0
  0x0000000000800000      2.2      232.6            0
  0x0000000001000000      2.4      196.4            0
  0x0000000002000000      3.3      297.8            0
  0x0000000004000000      2.6      233.1            0
  0x0000000008000000      2.6      313.0            0
  0x0000000010000000      2.5      267.4            0
  0x0000000020000000      3.1      272.0            0
  0x0000000040000000      2.6      247.1            0
  0x0000000080000000      2.2      272.7            0
  0x0000000100000000      2.4      258.2            0
  0x0000000200000000      2.6      281.4            0
  0x0000000400000000      2.9      267.0            0
  0x0000000800000000      2.4      248.4            0
  0x0000001000000000      2.6      239.6            0
  0x0000002000000000      2.5      252.9            0
  0x0000004000000000      2.4      227.7            0
  0x0000008000000000      2.6      258.9            0
  0x0000010000000000      2.3      287.4            0
  0x0000020000000000      2.5      272.0            0
  0x0000040000000000      2.4      238.4            0
  0x0000080000000000      2.4      256.2            0
  0x0000100000000000      2.2      265.7            0
  0x0000200000000000      2.3      264.8            0
  0x0000400000000000      2.3      257.1            0
  0x0000800000000000      2.6      262.6            0
  0x0001000000000000      1.9      287.6            0
  0x0002000000000000      2.8      247.4            0
  0x0004000000000000      2.5      265.4            0
  0x0008000000000000      2.4      253.7            0
  0x0010000000000000      2.0      268.4            0
  0x0020000000000000      2.1      236.4            0
  0x0040000000000000      2.5      269.7            0
  0x0080000000000000      2.4      243.3            0
  0x0100000000000000      2.4      243.9            0
  0x0200000000000000      2.1      287.4            0
  0x0400000000000000      2.8      247.5            0
  0x0800000000000000      2.2      260.6            0
  0x1000000000000000      2.8      241.6            0
  0x2000000000000000      2.7      277.6            0
  0x4000000000000000      2.8      264.5            0
  0x8000000000000000      2.0      271.6            0
  0x0000000000000003      2.2      280.2            0
  0x0000000000000005      2.5      244.3            0
  0x0000000000000009      3.2      296.3            0
  0x0000000000000011      2.8      274.7            0
  0x8000000000000001      2.5      252.9            0
  0x0000000100000001      2.9      251.0            0
  0xf0f0f0f0f0f0f0f0      2.6      247.1            0
  0xffffffffffffffff      2.3      233.8            0
  0x0000000030000000      3.0      278.3            0
  0x0000000300000000      2.6      222.6            0
  0x3000000000000000      2.6      262.0            0
  0x0000000050000000      2.4      259.3            0
  0x0000000500000000      2.7      269.7            0
  0x5000000000000000      3.1      263.4            0
  0x0000000000000006      3.0      271.8            0
  0x0000000060000000      2.6      283.0            0
  0x0000000600000000      2.6      220.5            0
  0x6000000000000000      2.6      255.1            0
  0x0000000000000007      2.2      277.3            0
  0x0000000070000000      2.8      273.7            0
  0x0000000700000000      2.3      240.5            0
  0x7000000000000000      1.8      274.2            0
  0x0000000090000000      3.1      277.8            0
  0x0000000900000000      2.7      286.0            0
  0x9000000000000000      3.4      218.7            0
  0x000000000000000a      2.5      262.2            0
  0x00000000a0000000      2.7      243.2            0
  0x0000000a00000000      3.4      245.6            0
  0xa000000000000000      2.4      247.7            0
  0x000000000000000b      3.1      285.1            0
  0x00000000b0000000      2.3      265.4            0
  0x0000000b00000000      2.7      274.6            0
  0xb000000000000000      2.5      268.7            0
  0x000000000000000c      2.4      286.5            0
  0x00000000c0000000      2.5      253.7            0
  0x0000000c00000000      2.7      244.2            0
  0xc000000000000000      2.6      233.3            0
  0x000000000000000d      3.0      247.6            0
  0x00000000d0000000      2.5      242.0            0
  0x0000000d00000000      2.1      281.9            0
  0xd000000000000000      2.8      237.2            0
  0x000000000000000e      3.0      254.0            0
  0x00000000e0000000      3.4      239.8            0
  0x0000000e00000000      2.7      235.9            0
  0xe000000000000000      2.7      223.0            0
  0x000000000000000f      2.1      294.6            0
  0x00000000f0000000      2.3      258.2            0
  0x0000000f00000000      2.9      204.2            0
  0xf000000000000000      2.7      250.2            0
PASS max_repeats=0 max|z|=3.4 (all 115 deltas)
