# key=123456789abcdef0 N=2^22 kill_repeats=10
# null E[repeats/delta] = 2^22 * 2^-64 = 2^-42
# delta                  max|z|  low8_chi2 full_repeats
  0x0000000000000400      3.8      290.3            0
  0x0000000004000000     20.3      310.2            0
  0x0000000000000001      2.9      238.8            0
  0x0000000000000002      2.5      254.6            0
  0x0000000000000004      2.9      250.6            0
  0x0000000000000008      2.1      257.7            0
  0x0000000000000010      2.5      261.6            0
  0x0000000000000020      2.0      247.6            0
  0x0000000000000040      2.3      235.6            0
  0x0000000000000080      2.4      267.3            0
  0x0000000000000100      2.7      271.0            0
  0x0000000000000200      3.2      278.2            0
  0x0000000000000400      3.8      290.3            0
  0x0000000000000800      3.6      291.5            0
  0x0000000000001000      2.7      256.7            0
  0x0000000000002000      2.3      266.0            0
  0x0000000000004000      2.7      232.3            0
  0x0000000000008000      2.9      259.3            0
  0x0000000000010000      2.1      258.3            0
  0x0000000000020000      2.6      256.5            0
  0x0000000000040000      2.7      278.1            0
  0x0000000000080000      2.5      246.9            0
  0x0000000000100000      1.8      261.0            0
  0x0000000000200000      2.5      276.6            0
  0x0000000000400000      5.0      271.1            0
  0x0000000000800000      4.3      261.7            0
  0x0000000001000000      7.4      247.0            0
  0x0000000002000000      2.7      265.6            0
  0x0000000004000000     20.3      310.2            0
  0x0000000008000000      2.7      237.5            0
  0x0000000010000000      7.1      295.6            0
  0x0000000020000000      3.0      280.3            0
  0x0000000040000000      6.6      238.9            0
  0x0000000080000000      2.2      215.0            0
  0x0000000100000000     15.7      562.8            0
  0x0000000200000000      2.6      255.4            0
  0x0000000400000000      5.6      270.0            0
  0x0000000800000000      2.5      269.3            0
  0x0000001000000000      7.3      343.5            0
  0x0000002000000000      3.5      224.7            0
  0x0000004000000000      4.1      296.6            0
  0x0000008000000000      2.8      266.9            0
  0x0000010000000000      2.5      239.9            0
  0x0000020000000000      1.7      248.2            0
  0x0000040000000000      8.0      273.5            0
  0x0000080000000000      3.6      250.5            0
  0x0000100000000000      2.9      234.2            0
  0x0000200000000000      3.0      289.7            0
  0x0000400000000000      2.8      250.0            0
  0x0000800000000000      3.1      296.8            0
  0x0001000000000000      2.8      238.2            0
  0x0002000000000000      2.1      273.8            0
  0x0004000000000000     15.2      555.0            0
  0x0008000000000000      2.7      247.0            0
  0x0010000000000000     12.3      221.5            0
  0x0020000000000000      2.9      247.5            0
  0x0040000000000000      2.0      236.0            0
  0x0080000000000000      2.3      242.4            0
  0x0100000000000000      4.4      280.1            0
  0x0200000000000000      2.7      239.0            0
  0x0400000000000000     15.3      287.5            0
  0x0800000000000000      2.6      251.2            0
  0x1000000000000000      3.9      266.6            0
  0x2000000000000000      4.0      217.8            0
  0x4000000000000000      2.8      260.1            0
  0x8000000000000000      3.5      281.9            0
  0x0000000000000003      3.2      238.5            0
  0x0000000000000005      3.0      223.8            0
  0x0000000000000009      2.4      275.4            0
  0x0000000000000011      3.1      293.0            0
  0x8000000000000001      2.8      246.8            0
  0x0000000100000001      2.3      259.3            0
  0xf0f0f0f0f0f0f0f0      2.6      261.8            0
  0xffffffffffffffff      2.8      290.5            0
  0x0000000030000000      2.8      299.6            0
  0x0000000300000000      2.3      257.7            0
  0x3000000000000000      2.4      245.0            0
  0x0000000050000000      2.0      258.3            0
  0x0000000500000000      1.9      234.4            0
  0x5000000000000000      2.6      219.6            0
  0x0000000000000006      2.6      242.8            0
  0x0000000060000000      3.1      246.8            0
  0x0000000600000000      7.8      277.8            0
  0x6000000000000000      2.6      249.6            0
  0x0000000000000007      2.1      209.0            0
  0x0000000070000000      2.4      249.2            0
  0x0000000700000000      2.3      237.7            0
  0x7000000000000000      2.2      256.5            0
  0x0000000090000000      2.4      248.1            0
  0x0000000900000000      2.0      258.6            0
  0x9000000000000000      2.6      296.5            0
  0x000000000000000a      2.7      220.1            0
  0x00000000a0000000      2.6      300.1            0
  0x0000000a00000000      2.9      260.6            0
  0xa000000000000000      2.9      263.1            0
  0x000000000000000b      3.4      276.9            0
  0x00000000b0000000      2.9      248.1            0
  0x0000000b00000000      2.4      231.1            0
  0xb000000000000000      2.1      316.1            0
  0x000000000000000c      3.0      250.0            0
  0x00000000c0000000      2.8      243.4            0
  0x0000000c00000000      2.2      249.7            0
  0xc000000000000000      5.8      284.0            0
  0x000000000000000d      2.9      259.5            0
  0x00000000d0000000      2.7      212.0            0
  0x0000000d00000000      3.3      298.0            0
  0xd000000000000000      2.8      281.3            0
  0x000000000000000e      2.4      253.0            0
  0x00000000e0000000      2.1      251.8            0
  0x0000000e00000000      2.2      236.8            0
  0xe000000000000000      2.0      263.4            0
  0x000000000000000f      2.5      209.3            0
  0x00000000f0000000      2.4      266.7            0
  0x0000000f00000000      2.5      244.3            0
  0xf000000000000000      2.6      252.8            0
PASS max_repeats=0 max|z|=20.3 (all 115 deltas)
