# key=123456789abcdef0 N=2^22 kill_repeats=10
# null E[repeats/delta] = 2^22 * 2^-64 = 2^-42
# delta                  max|z|  low8_chi2 full_repeats
  0x0000000000000400      2.6      283.6            0
  0x0000000004000000      3.1      246.2            0
  0x0000000000000001      7.1      244.9            0
  0x0000000000000002      3.8      251.2            0
  0x0000000000000004      2.0      242.9            0
  0x0000000000000008      2.3      283.2            0
  0x0000000000000010      3.1      254.6            0
  0x0000000000000020      2.6      265.9            0
  0x0000000000000040      2.8      292.4            0
  0x0000000000000080      1.9      230.2            0
  0x0000000000000100      2.9      249.9            0
  0x0000000000000200      2.5      253.5            0
  0x0000000000000400      2.6      283.6            0
  0x0000000000000800      3.0      280.6            0
  0x0000000000001000      5.0      265.3            0
  0x0000000000002000      2.8      260.9            0
  0x0000000000004000      2.6      249.4            0
  0x0000000000008000      2.2      297.7            0
  0x0000000000010000      3.2      254.4            0
  0x0000000000020000      3.0      289.3            0
  0x0000000000040000      2.4      242.9            0
  0x0000000000080000      2.1      254.5            0
  0x0000000000100000      2.5      237.8            0
  0x0000000000200000      2.8      288.6            0
  0x0000000000400000      2.1      247.6            0
  0x0000000000800000      2.3      253.3            0
  0x0000000001000000     22.5      472.3            0
  0x0000000002000000      4.1      244.3            0
  0x0000000004000000      3.1      246.2            0
  0x0000000008000000      2.3      231.4            0
  0x0000000010000000      2.4      238.8            0
  0x0000000020000000      3.0      257.8            0
  0x0000000040000000      2.7      252.6            0
  0x0000000080000000      2.7      249.2            0
  0x0000000100000000      2.7      235.4            0
  0x0000000200000000      8.4      331.5            0
  0x0000000400000000      2.7      230.3            0
  0x0000000800000000      3.1      264.1            0
  0x0000001000000000      2.4      245.7            0
  0x0000002000000000      3.3      274.6            0
  0x0000004000000000      2.7      268.7            0
  0x0000008000000000      2.4      241.3            0
  0x0000010000000000      3.1      279.5            0
  0x0000020000000000      2.3      220.3            0
  0x0000040000000000      2.3      253.9            0
  0x0000080000000000      2.4      250.7            0
  0x0000100000000000      2.9      292.1            0
  0x0000200000000000      3.7      236.0            0
  0x0000400000000000      2.6      281.5            0
  0x0000800000000000      2.6      262.7            0
  0x0001000000000000      2.6      231.4            0
  0x0002000000000000      2.6      263.6            0
  0x0004000000000000      2.7      295.6            0
  0x0008000000000000      3.4      249.7            0
  0x0010000000000000      3.1      260.4            0
  0x0020000000000000      2.4      260.5            0
  0x0040000000000000      2.6      205.6            0
  0x0080000000000000      6.4      290.6            0
  0x0100000000000000     15.4      477.5            0
  0x0200000000000000      5.0      268.0            0
  0x0400000000000000      3.1      241.7            0
  0x0800000000000000      2.0      232.5            0
  0x1000000000000000     23.3      440.7            0
  0x2000000000000000      3.2      264.9            0
  0x4000000000000000      2.4      285.2            0
  0x8000000000000000      3.6      266.4            0
  0x0000000000000003      3.0      250.0            0
  0x0000000000000005      2.5      263.2            0
  0x0000000000000009      3.5      269.6            0
  0x0000000000000011      3.2      252.7            0
  0x8000000000000001      2.9      229.9            0
  0x0000000100000001      2.1      260.2            0
  0xf0f0f0f0f0f0f0f0      2.6      303.2            0
  0xffffffffffffffff      2.9      237.2            0
  0x0000000030000000      3.1      266.1            0
  0x0000000300000000      3.7      237.4            0
  0x3000000000000000      3.8      276.1            0
  0x0000000050000000      2.2      254.0            0
  0x0000000500000000      2.1      262.5            0
  0x5000000000000000      2.2      250.9            0
  0x0000000000000006      3.7      270.2            0
  0x0000000060000000     14.0      305.1            0
  0x0000000600000000      9.7      243.9            0
  0x6000000000000000      2.4      263.4            0
  0x0000000000000007      2.3      259.7            0
  0x0000000070000000      3.2      282.8            0
  0x0000000700000000      4.7      263.3            0
  0x7000000000000000      2.6      280.4            0
  0x0000000090000000      2.7      234.2            0
  0x0000000900000000      2.5      279.7            0
  0x9000000000000000      2.3      259.4            0
  0x000000000000000a      2.3      216.9            0
  0x00000000a0000000      2.5      277.7            0
  0x0000000a00000000      2.7      254.3            0
  0xa000000000000000      2.7      237.9            0
  0x000000000000000b      3.3      241.1            0
  0x00000000b0000000      2.7      267.2            0
  0x0000000b00000000      2.7      287.2            0
  0xb000000000000000      2.4      266.1            0
  0x000000000000000c      2.2      257.4            0
  0x00000000c0000000      2.5      232.9            0
  0x0000000c00000000      2.1      262.2            0
  0xc000000000000000      2.7      238.6            0
  0x000000000000000d      3.3      234.0            0
  0x00000000d0000000      2.7      252.8            0
  0x0000000d00000000      2.3      228.5            0
  0xd000000000000000      2.2      270.4            0
  0x000000000000000e      2.2      239.7            0
  0x00000000e0000000      2.0      269.5            0
  0x0000000e00000000      2.2      279.8            0
  0xe000000000000000      3.1      259.5            0
  0x000000000000000f      2.6      246.6            0
  0x00000000f0000000      2.2      229.3            0
  0x0000000f00000000      3.2      300.0            0
  0xf000000000000000      4.1      284.6            0
PASS max_repeats=0 max|z|=23.3 (all 115 deltas)
