# key=123456789abcdef0 N=2^22 kill_repeats=10
# null E[repeats/delta] = 2^22 * 2^-64 = 2^-42
# delta                  max|z|  low8_chi2 full_repeats
  0x0000000000000400      2.9      229.6            0
  0x0000000004000000      6.3      250.8            0
  0x0000000000000001      2.8      275.0            0
  0x0000000000000002      2.5      251.8            0
  0x0000000000000004      3.3      260.1            0
  0x0000000000000008      3.5      248.9            0
  0x0000000000000010      2.7      226.2            0
  0x0000000000000020      3.0      262.7            0
  0x0000000000000040      2.7      264.7            0
  0x0000000000000080      3.6      294.6            0
  0x0000000000000100      2.7      267.0            0
  0x0000000000000200      2.5      267.4            0
  0x0000000000000400      2.9      229.6            0
  0x0000000000000800      2.2      257.4            0
  0x0000000000001000      2.7      273.4            0
  0x0000000000002000      3.2      268.6            0
  0x0000000000004000      2.7      228.8            0
  0x0000000000008000      2.8      260.4            0
  0x0000000000010000      2.9      235.4            0
  0x0000000000020000      2.5      233.1            0
  0x0000000000040000      2.5      250.5            0
  0x0000000000080000      2.7      249.2            0
  0x0000000000100000      2.3      237.0            0
  0x0000000000200000      2.6      246.4            0
  0x0000000000400000      3.3      242.4            0
  0x0000000000800000      2.6      282.8            0
  0x0000000001000000      2.6      250.6            0
  0x0000000002000000      2.1      250.9            0
  0x0000000004000000      6.3      250.8            0
  0x0000000008000000      2.6      271.4            0
  0x0000000010000000      9.9      273.3            0
  0x0000000020000000      2.6      259.8            0
  0x0000000040000000      3.1      285.5            0
  0x0000000080000000      2.5      272.7            0
  0x0000000100000000     14.1      498.8            0
  0x0000000200000000      3.2      253.1            0
  0x0000000400000000      2.6      298.0            0
  0x0000000800000000      2.8      308.2            0
  0x0000001000000000      6.1      318.3            0
  0x0000002000000000      1.9      230.7            0
  0x0000004000000000      3.9      253.0            0
  0x0000008000000000      3.3      237.6            0
  0x0000010000000000      3.0      231.7            0
  0x0000020000000000      2.6      301.9            0
  0x0000040000000000      4.7      267.7            0
  0x0000080000000000      2.5      273.6            0
  0x0000100000000000      2.2      270.0            0
  0x0000200000000000      2.0      243.7            0
  0x0000400000000000      2.8      293.3            0
  0x0000800000000000      3.9      245.7            0
  0x0001000000000000      2.9      265.8            0
  0x0002000000000000      4.2      280.8            0
  0x0004000000000000      2.3      240.5            0
  0x0008000000000000      2.8      301.9            0
  0x0010000000000000      5.9      239.5            0
  0x0020000000000000      2.4      241.2            0
  0x0040000000000000      2.3      228.1            0
  0x0080000000000000      2.2      256.6            0
  0x0100000000000000      2.4      295.8            0
  0x0200000000000000      2.1      272.7            0
  0x0400000000000000      5.5      275.4            0
  0x0800000000000000      2.3      222.8            0
  0x1000000000000000      2.8      263.5            0
  0x2000000000000000      3.1      257.8            0
  0x4000000000000000      3.7      262.7            0
  0x8000000000000000      2.3      258.3            0
  0x0000000000000003      2.7      268.1            0
  0x0000000000000005      2.2      266.7            0
  0x0000000000000009      3.1      215.6            0
  0x0000000000000011      2.9      262.6            0
  0x8000000000000001      2.1      270.9            0
  0x0000000100000001      2.4      246.6            0
  0xf0f0f0f0f0f0f0f0      2.8      265.4            0
  0xffffffffffffffff      1.8      276.4            0
  0x0000000030000000      2.4      275.4            0
  0x0000000300000000      2.2      281.3            0
  0x3000000000000000      2.6      236.6            0
  0x0000000050000000      2.2      273.0            0
  0x0000000500000000      2.7      216.6            0
  0x5000000000000000      2.1      249.4            0
  0x0000000000000006      2.5      272.3            0
  0x0000000060000000      1.9      225.1            0
  0x0000000600000000      2.4      276.7            0
  0x6000000000000000      2.1      242.8            0
  0x0000000000000007      2.7      270.3            0
  0x0000000070000000      2.6      240.6            0
  0x0000000700000000      2.3      256.0            0
  0x7000000000000000      2.2      277.7            0
  0x0000000090000000      2.2      284.1            0
  0x0000000900000000      2.2      283.2            0
  0x9000000000000000      2.4      253.6            0
  0x000000000000000a      3.5      253.0            0
  0x00000000a0000000      3.7      231.6            0
  0x0000000a00000000      2.7      267.7            0
  0xa000000000000000      2.6      281.4            0
  0x000000000000000b      2.2      277.7            0
  0x00000000b0000000      3.1      236.5            0
  0x0000000b00000000      3.1      256.0            0
  0xb000000000000000      2.3      218.1            0
  0x000000000000000c      2.9      293.0            0
  0x00000000c0000000      2.0      266.1            0
  0x0000000c00000000      2.1      213.0            0
  0xc000000000000000     14.5      315.8            0
  0x000000000000000d      2.5      226.9            0
  0x00000000d0000000      2.6      289.8            0
  0x0000000d00000000      2.7      242.3            0
  0xd000000000000000      2.9      272.3            0
  0x000000000000000e      2.2      279.9            0
  0x00000000e0000000      2.6      257.5            0
  0x0000000e00000000      2.0      245.9            0
  0xe000000000000000      2.5      258.5            0
  0x000000000000000f      2.8      253.6            0
  0x00000000f0000000      2.6      256.0            0
  0x0000000f00000000      2.4      256.2            0
  0xf000000000000000      2.8      277.0            0
PASS max_repeats=0 max|z|=14.5 (all 115 deltas)
