# key=123456789abcdef0 N=2^22 kill_repeats=10
# null E[repeats/delta] = 2^22 * 2^-64 = 2^-42
# delta                  max|z|  low8_chi2 full_repeats
  0x0000000000000400      7.1      281.6            0
  0x0000000004000000      6.9      255.3            0
  0x0000000000000001     11.5      231.8            0
  0x0000000000000002      9.2      313.4            0
  0x0000000000000004      5.1      307.5            0
  0x0000000000000008      5.4      283.3            0
  0x0000000000000010      5.4      280.4            0
  0x0000000000000020      4.2      259.7            0
  0x0000000000000040      4.8      274.1            0
  0x0000000000000080     10.0      280.6            0
  0x0000000000000100      5.2      273.6            0
  0x0000000000000200     13.5      281.3            0
  0x0000000000000400      7.1      281.6            0
  0x0000000000000800      4.8      259.4            0
  0x0000000000001000      3.0      274.2            0
  0x0000000000002000     11.5      230.3            0
  0x0000000000004000      5.9      284.4            0
  0x0000000000008000     16.7      534.2            0
  0x0000000000010000      2.4      278.1            0
  0x0000000000020000     16.6      554.6            0
  0x0000000000040000      4.0      259.8            0
  0x0000000000080000      2.3      273.0            0
  0x0000000000100000      2.7      270.7            0
  0x0000000000200000     12.0      289.0            0
  0x0000000000400000      3.0      263.3            0
  0x0000000000800000     99.7     4744.2            0
  0x0000000001000000      4.3      224.4            0
  0x0000000002000000      2.9      238.9            0
  0x0000000004000000      6.9      255.3            0
  0x0000000008000000     12.6      310.9            0
  0x0000000010000000     22.9      247.4            0
  0x0000000020000000     23.2      827.0            0
  0x0000000040000000     13.3      255.1            0
  0x0000000080000000      8.8      247.6            0
  0x0000000100000000     24.5      265.0            0
  0x0000000200000000      6.3      245.0            0
  0x0000000400000000     12.0      256.4            0
  0x0000000800000000     63.1     4201.6            0
  0x0000001000000000      8.2      249.6            0
  0x0000002000000000     14.0      447.2            0
  0x0000004000000000     48.2      277.6            0
  0x0000008000000000     28.4      289.9            0
  0x0000010000000000     54.8      200.6            0
  0x0000020000000000     22.4      425.8            0
  0x0000040000000000     17.1      272.2            0
  0x0000080000000000     10.8      254.8            0
  0x0000100000000000     48.9      302.3            0
  0x0000200000000000      8.6      301.5            0
  0x0000400000000000     32.3      321.2            0
  0x0000800000000000     47.8      246.9            0
  0x0001000000000000    112.3      266.7            0
  0x0002000000000000     55.4      254.5            0
  0x0004000000000000     65.3      277.0            0
  0x0008000000000000     13.4      416.9            0
  0x0010000000000000     26.6      275.4            0
  0x0020000000000000     32.6      223.4            0
  0x0040000000000000     10.1      268.2            0
  0x0080000000000000     46.9      265.2            0
  0x0100000000000000     18.7      276.3            0
  0x0200000000000000     65.5      267.9            0
  0x0400000000000000     15.3      314.5            0
  0x0800000000000000     25.9      912.9            0
  0x1000000000000000     50.8      256.5            0
  0x2000000000000000     14.5      290.0            0
  0x4000000000000000     40.0      293.8            0
  0x8000000000000000     48.1      282.6            0
  0x0000000000000003      2.5      235.7            0
  0x0000000000000005      4.0      261.1            0
  0x0000000000000009      2.9      200.9            0
  0x0000000000000011      2.5      279.9            0
  0x8000000000000001      2.7      310.5            0
  0x0000000100000001      2.8      242.0            0
  0xf0f0f0f0f0f0f0f0      1.9      238.3            0
  0xffffffffffffffff      2.3      252.3            0
  0x0000000030000000      4.1      276.8            0
  0x0000000300000000     10.0      265.7            0
  0x3000000000000000      3.2      215.9            0
  0x0000000050000000      2.7      236.3            0
  0x0000000500000000      2.5      248.9            0
  0x5000000000000000     11.4      377.2            0
  0x0000000000000006      5.3      243.9            0
  0x0000000060000000      3.4      270.4            0
  0x0000000600000000      2.0      242.4            0
  0x6000000000000000     15.7      496.4            0
  0x0000000000000007      2.4      277.6            0
  0x0000000070000000      2.1      258.4            0
  0x0000000700000000      3.0      282.9            0
  0x7000000000000000      3.1      302.7            0
  0x0000000090000000      4.2      248.9            0
  0x0000000900000000      5.0      238.7            0
  0x9000000000000000      3.0      259.3            0
  0x000000000000000a      3.5      243.7            0
  0x00000000a0000000      2.7      257.8            0
  0x0000000a00000000      3.2      197.8            0
  0xa000000000000000      3.1      284.1            0
  0x000000000000000b      3.1      240.7            0
  0x00000000b0000000      2.8      250.1            0
  0x0000000b00000000      2.9      243.4            0
  0xb000000000000000      3.5      301.9            0
  0x000000000000000c      2.7      209.5            0
  0x00000000c0000000     13.4      282.9            0
  0x0000000c00000000      4.3      250.5            0
  0xc000000000000000      3.1      244.2            0
  0x000000000000000d      2.0      269.0            0
  0x00000000d0000000      2.2      242.6            0
  0x0000000d00000000      2.7      234.9            0
  0xd000000000000000      2.2      266.7            0
  0x000000000000000e      2.7      235.4            0
  0x00000000e0000000     14.2      586.5            0
  0x0000000e00000000      2.7      295.2            0
  0xe000000000000000      4.6      257.7            0
  0x000000000000000f      2.0      244.7            0
  0x00000000f0000000      2.2      222.9            0
  0x0000000f00000000     23.6      550.6            0
  0xf000000000000000      2.2      242.7            0
PASS max_repeats=0 max|z|=112.3 (all 115 deltas)
