# key=123456789abcdef0 N=2^22 kill_repeats=10
# null E[repeats/delta] = 2^22 * 2^-64 = 2^-42
# delta                  max|z|  low8_chi2 full_repeats
  0x0000000000000400      3.5      229.7            0
  0x0000000004000000      3.7      266.4            0
  0x0000000000000001      3.4      294.6            0
  0x0000000000000002      3.2      250.2            0
  0x0000000000000004      2.7      267.8            0
  0x0000000000000008      2.9      246.3            0
  0x0000000000000010      2.9      239.8            0
  0x0000000000000020      3.0      243.3            0
  0x0000000000000040      4.7      270.1            0
  0x0000000000000080      3.0      268.4            0
  0x0000000000000100      4.8      246.5            0
  0x0000000000000200      2.9      263.7            0
  0x0000000000000400      3.5      229.7            0
  0x0000000000000800      3.0      251.7            0
  0x0000000000001000      3.9      272.4            0
  0x0000000000002000      2.7      228.2            0
  0x0000000000004000      3.3      275.9            0
  0x0000000000008000      3.0      317.5            0
  0x0000000000010000      3.7      238.2            0
  0x0000000000020000      2.7      300.3            0
  0x0000000000040000      3.0      216.7            0
  0x0000000000080000      2.7      239.8            0
  0x0000000000100000      3.1      254.6            0
  0x0000000000200000      2.4      256.5            0
  0x0000000000400000      4.9      263.8            0
  0x0000000000800000      3.1      255.9            0
  0x0000000001000000      2.5      239.7            0
  0x0000000002000000      1.8      311.2            0
  0x0000000004000000      3.7      266.4            0
  0x0000000008000000      5.4      266.2            0
  0x0000000010000000      2.2      297.8            0
  0x0000000020000000      3.0      272.5            0
  0x0000000040000000      4.8      258.3            0
  0x0000000080000000      2.7      259.5            0
  0x0000000100000000      2.4      276.3            0
  0x0000000200000000      4.0      244.0            0
  0x0000000400000000      2.1      273.5            0
  0x0000000800000000      3.2      262.8            0
  0x0000001000000000      3.2      236.8            0
  0x0000002000000000      2.3      255.3            0
  0x0000004000000000      2.2      274.5            0
  0x0000008000000000      2.9      271.7            0
  0x0000010000000000      4.2      260.2            0
  0x0000020000000000      2.1      225.2            0
  0x0000040000000000      3.6      299.2            0
  0x0000080000000000      2.2      255.5            0
  0x0000100000000000      3.0      262.8            0
  0x0000200000000000      2.3      288.9            0
  0x0000400000000000      2.6      265.2            0
  0x0000800000000000      3.0      297.9            0
  0x0001000000000000      3.2      215.0            0
  0x0002000000000000      2.1      235.0            0
  0x0004000000000000      9.7      286.2            0
  0x0008000000000000      2.1      264.1            0
  0x0010000000000000      2.8      246.8            0
  0x0020000000000000      3.9      309.8            0
  0x0040000000000000      8.5      327.1            0
  0x0080000000000000      2.4      233.3            0
  0x0100000000000000      3.2      304.5            0
  0x0200000000000000      2.5      250.6            0
  0x0400000000000000      7.8      253.1            0
  0x0800000000000000      5.5      311.6            0
  0x1000000000000000     12.2      290.4            0
  0x2000000000000000      2.4      260.1            0
  0x4000000000000000      2.1      283.5            0
  0x8000000000000000     10.7      307.5            0
  0x0000000000000003      2.8      251.9            0
  0x0000000000000005      3.0      251.8            0
  0x0000000000000009      2.2      238.1            0
  0x0000000000000011      2.5      278.2            0
  0x8000000000000001      2.4      247.7            0
  0x0000000100000001      2.0      253.1            0
  0xf0f0f0f0f0f0f0f0      2.4      263.2            0
  0xffffffffffffffff      2.5      232.6            0
  0x0000000030000000      1.9      251.4            0
  0x0000000300000000      3.5      201.2            0
  0x3000000000000000      2.6      241.4            0
  0x0000000050000000      2.6      267.2            0
  0x0000000500000000      2.5      262.2            0
  0x5000000000000000      2.4      284.2            0
  0x0000000000000006      3.2      244.7            0
  0x0000000060000000      5.0      259.2            0
  0x0000000600000000      4.7      276.1            0
  0x6000000000000000      2.5      236.0            0
  0x0000000000000007      2.2      253.4            0
  0x0000000070000000      2.5      273.0            0
  0x0000000700000000      2.4      240.3            0
  0x7000000000000000      3.4      292.5            0
  0x0000000090000000      2.5      280.1            0
  0x0000000900000000      3.0      221.3            0
  0x9000000000000000      2.7      273.6            0
  0x000000000000000a      3.4      271.3            0
  0x00000000a0000000     10.5      269.6            0
  0x0000000a00000000      9.2      301.5            0
  0xa000000000000000      3.0      261.6            0
  0x000000000000000b      2.2      277.7            0
  0x00000000b0000000      2.5      241.1            0
  0x0000000b00000000      2.6      242.8            0
  0xb000000000000000      3.3      246.2            0
  0x000000000000000c      3.4      298.1            0
  0x00000000c0000000      3.8      230.4            0
  0x0000000c00000000      2.5      240.3            0
  0xc000000000000000      2.4      217.5            0
  0x000000000000000d      3.2      251.1            0
  0x00000000d0000000      3.1      300.4            0
  0x0000000d00000000      2.0      263.0            0
  0xd000000000000000      2.3      245.7            0
  0x000000000000000e      2.3      232.8            0
  0x00000000e0000000      2.4      270.8            0
  0x0000000e00000000      2.3      262.9            0
  0xe000000000000000      2.1      227.8            0
  0x000000000000000f      3.6      282.2            0
  0x00000000f0000000      6.3      261.6            0
  0x0000000f00000000      5.2      260.6            0
  0xf000000000000000      9.2      377.4            0
PASS max_repeats=0 max|z|=12.2 (all 115 deltas)
