# key=123456789abcdef0 N=2^22 kill_repeats=10
# null E[repeats/delta] = 2^22 * 2^-64 = 2^-42
# delta                  max|z|  low8_chi2 full_repeats
  0x0000000000000400      2.0      229.1            0
  0x0000000004000000      2.6      291.3            0
  0x0000000000000001      2.2      252.5            0
  0x0000000000000002      2.9      246.8            0
  0x0000000000000004      2.5      241.4            0
  0x0000000000000008      2.5      262.5            0
  0x0000000000000010      2.6      244.5            0
  0x0000000000000020      2.7      268.3            0
  0x0000000000000040      2.6      277.7            0
  0x0000000000000080      1.6      217.4            0
  0x0000000000000100      2.5      251.6            0
  0x0000000000000200      2.7      283.3            0
  0x0000000000000400      2.0      229.1            0
  0x0000000000000800      2.3      270.2            0
  0x0000000000001000      2.0      255.5            0
  0x0000000000002000      2.8      282.6            0
  0x0000000000004000      2.3      290.6            0
  0x0000000000008000      3.3      295.6            0
  0x0000000000010000      2.6      255.5            0
  0x0000000000020000      2.8      254.9            0
  0x0000000000040000      2.9      246.3            0
  0x0000000000080000      3.2      266.1            0
  0x0000000000100000      3.2      247.3            0
  0x0000000000200000      2.7      232.2            0
  0x0000000000400000      1.7      250.9            0
  0x0000000000800000      2.5      297.5            0
  0x0000000001000000      2.6      274.5            0
  0x0000000002000000      2.5      236.8            0
  0x0000000004000000      2.6      291.3            0
  0x0000000008000000      1.6      258.8            0
  0x0000000010000000      2.9      255.5            0
  0x0000000020000000      2.4      229.4            0
  0x0000000040000000      2.2      248.9            0
  0x0000000080000000      2.7      265.0            0
  0x0000000100000000      2.4      266.5            0
  0x0000000200000000      2.3      296.8            0
  0x0000000400000000      2.0      261.1            0
  0x0000000800000000      2.2      272.3            0
  0x0000001000000000      3.0      269.6            0
  0x0000002000000000      2.1      224.6            0
  0x0000004000000000      2.9      275.6            0
  0x0000008000000000      2.5      281.3            0
  0x0000010000000000      2.4      225.6            0
  0x0000020000000000      1.9      228.9            0
  0x0000040000000000      4.5      252.5            0
  0x0000080000000000      2.6      250.4            0
  0x0000100000000000      2.6      256.6            0
  0x0000200000000000      1.9      296.2            0
  0x0000400000000000      3.2      266.7            0
  0x0000800000000000      2.9      274.9            0
  0x0001000000000000      2.8      249.3            0
  0x0002000000000000      2.2      226.1            0
  0x0004000000000000      2.3      234.4            0
  0x0008000000000000      2.1      238.7            0
  0x0010000000000000      2.9      239.7            0
  0x0020000000000000      2.8      249.6            0
  0x0040000000000000      2.1      279.4            0
  0x0080000000000000      2.9      275.2            0
  0x0100000000000000      2.5      257.9            0
  0x0200000000000000      3.2      267.5            0
  0x0400000000000000      3.4      232.1            0
  0x0800000000000000      2.0      263.4            0
  0x1000000000000000      2.5      217.0            0
  0x2000000000000000      3.1      276.6            0
  0x4000000000000000      3.0      247.9            0
  0x8000000000000000      2.6      275.4            0
  0x0000000000000003      3.1      228.1            0
  0x0000000000000005      2.9      279.3            0
  0x0000000000000009      2.8      291.0            0
  0x0000000000000011      2.7      259.5            0
  0x8000000000000001      2.7      251.2            0
  0x0000000100000001      2.6      229.0            0
  0xf0f0f0f0f0f0f0f0      2.3      251.8            0
  0xffffffffffffffff      2.6      230.9            0
  0x0000000030000000      2.8      278.8            0
  0x0000000300000000      2.3      217.1            0
  0x3000000000000000      3.9      236.2            0
  0x0000000050000000      2.2      249.6            0
  0x0000000500000000      2.7      252.2            0
  0x5000000000000000      2.2      297.3            0
  0x0000000000000006      2.8      259.6            0
  0x0000000060000000      2.0      277.8            0
  0x0000000600000000      2.5      251.6            0
  0x6000000000000000      2.3      244.5            0
  0x0000000000000007      2.4      213.7            0
  0x0000000070000000      2.8      222.0            0
  0x0000000700000000      2.6      222.4            0
  0x7000000000000000      3.1      251.2            0
  0x0000000090000000      2.5      267.6            0
  0x0000000900000000      2.8      250.0            0
  0x9000000000000000      2.5      226.1            0
  0x000000000000000a      2.5      284.1            0
  0x00000000a0000000      2.5      278.5            0
  0x0000000a00000000      2.0      256.4            0
  0xa000000000000000      3.1      261.5            0
  0x000000000000000b      2.5      207.4            0
  0x00000000b0000000      2.8      217.9            0
  0x0000000b00000000      2.6      223.4            0
  0xb000000000000000      2.5      275.4            0
  0x000000000000000c      2.1      231.4            0
  0x00000000c0000000      2.2      223.9            0
  0x0000000c00000000      2.5      239.7            0
  0xc000000000000000      2.5      234.8            0
  0x000000000000000d      2.9      270.2            0
  0x00000000d0000000      2.6      283.3            0
  0x0000000d00000000      2.4      253.8            0
  0xd000000000000000      2.9      240.9            0
  0x000000000000000e      3.8      251.9            0
  0x00000000e0000000      2.6      237.2            0
  0x0000000e00000000      1.9      250.9            0
  0xe000000000000000      2.4      287.4            0
  0x000000000000000f      2.6      263.9            0
  0x00000000f0000000      3.4      237.3            0
  0x0000000f00000000      2.5      236.7            0
  0xf000000000000000      3.3      291.4            0
PASS max_repeats=0 max|z|=4.5 (all 115 deltas)
