# key=123456789abcdef0 N=2^22 kill_repeats=10
# null E[repeats/delta] = 2^22 * 2^-64 = 2^-42
# delta                  max|z|  low8_chi2 full_repeats
  0x0000000000000400      2.9      268.0            0
  0x0000000004000000      2.5      253.6            0
  0x0000000000000001      2.3      298.6            0
  0x0000000000000002      2.5      204.6            0
  0x0000000000000004      2.2      252.4            0
  0x0000000000000008      2.4      229.4            0
  0x0000000000000010      2.6      287.1            0
  0x0000000000000020      2.3      266.2            0
  0x0000000000000040      2.2      278.7            0
  0x0000000000000080      2.6      248.4            0
  0x0000000000000100      2.9      278.1            0
  0x0000000000000200      2.0      270.8            0
  0x0000000000000400      2.9      268.0            0
  0x0000000000000800      2.4      269.9            0
  0x0000000000001000      3.0      262.3            0
  0x0000000000002000      3.7      262.7            0
  0x0000000000004000      2.2      244.3            0
  0x0000000000008000      2.5      285.5            0
  0x0000000000010000      2.7      286.5            0
  0x0000000000020000      2.5      221.6            0
  0x0000000000040000      2.6      227.3            0
  0x0000000000080000      2.6      247.7            0
  0x0000000000100000      2.8      289.8            0
  0x0000000000200000      2.8      234.4            0
  0x0000000000400000      3.0      284.2            0
  0x0000000000800000      3.1      265.4            0
  0x0000000001000000      2.3      269.6            0
  0x0000000002000000      2.6      277.2            0
  0x0000000004000000      2.5      253.6            0
  0x0000000008000000      2.6      228.4            0
  0x0000000010000000      3.2      242.7            0
  0x0000000020000000      3.5      237.5            0
  0x0000000040000000      2.8      267.5            0
  0x0000000080000000      2.7      229.9            0
  0x0000000100000000      2.3      276.6            0
  0x0000000200000000      3.3      249.7            0
  0x0000000400000000      2.3      267.7            0
  0x0000000800000000      2.7      236.9            0
  0x0000001000000000      3.1      240.2            0
  0x0000002000000000      4.4      265.5            0
  0x0000004000000000      2.6      247.9            0
  0x0000008000000000      2.5      239.7            0
  0x0000010000000000      2.1      270.6            0
  0x0000020000000000      4.8      299.6            0
  0x0000040000000000      3.3      253.3            0
  0x0000080000000000      2.8      236.3            0
  0x0000100000000000      2.5      233.8            0
  0x0000200000000000      2.0      232.0            0
  0x0000400000000000      2.5      235.8            0
  0x0000800000000000      3.2      252.3            0
  0x0001000000000000      2.9      235.5            0
  0x0002000000000000      3.6      266.0            0
  0x0004000000000000      2.1      220.4            0
  0x0008000000000000      2.8      253.7            0
  0x0010000000000000      2.8      233.3            0
  0x0020000000000000      2.7      261.9            0
  0x0040000000000000      3.2      290.9            0
  0x0080000000000000      2.5      281.1            0
  0x0100000000000000      3.0      282.8            0
  0x0200000000000000      4.2      263.1            0
  0x0400000000000000      2.2      253.4            0
  0x0800000000000000      2.9      261.2            0
  0x1000000000000000      1.8      249.1            0
  0x2000000000000000      2.9      271.9            0
  0x4000000000000000      2.4      208.7            0
  0x8000000000000000      2.0      270.6            0
  0x0000000000000003      2.1      249.7            0
  0x0000000000000005      2.4      256.3            0
  0x0000000000000009      2.9      257.8            0
  0x0000000000000011      2.7      241.9            0
  0x8000000000000001      2.2      229.4            0
  0x0000000100000001      2.3      272.9            0
  0xf0f0f0f0f0f0f0f0      3.1      273.7            0
  0xffffffffffffffff      3.8      227.2            0
  0x0000000030000000      3.2      269.8            0
  0x0000000300000000      3.2      244.8            0
  0x3000000000000000      2.6      258.3            0
  0x0000000050000000      1.6      219.2            0
  0x0000000500000000      2.3      256.7            0
  0x5000000000000000      2.5      217.0            0
  0x0000000000000006      1.9      246.3            0
  0x0000000060000000      2.6      266.4            0
  0x0000000600000000      2.2      266.3            0
  0x6000000000000000      2.7      274.0            0
  0x0000000000000007      3.1      255.8            0
  0x0000000070000000      2.2      274.0            0
  0x0000000700000000      3.2      291.1            0
  0x7000000000000000      2.5      238.4            0
  0x0000000090000000      2.9      258.7            0
  0x0000000900000000      2.3      221.0            0
  0x9000000000000000      2.2      253.9            0
  0x000000000000000a      2.8      239.6            0
  0x00000000a0000000      2.6      250.1            0
  0x0000000a00000000      2.6      292.5            0
  0xa000000000000000      2.4      262.7            0
  0x000000000000000b      2.8      225.7            0
  0x00000000b0000000      2.9      252.0            0
  0x0000000b00000000      2.2      273.7            0
  0xb000000000000000      2.7      269.8            0
  0x000000000000000c      2.3      256.9            0
  0x00000000c0000000      2.4      278.5            0
  0x0000000c00000000      3.2      319.3            0
  0xc000000000000000      2.6      271.2            0
  0x000000000000000d      2.3      250.0            0
  0x00000000d0000000      2.4      244.2            0
  0x0000000d00000000      2.5      254.5            0
  0xd000000000000000      2.6      236.4            0
  0x000000000000000e      2.5      249.4            0
  0x00000000e0000000      2.4      231.8            0
  0x0000000e00000000      2.1      258.1            0
  0xe000000000000000      2.2      236.4            0
  0x000000000000000f      2.6      262.6            0
  0x00000000f0000000      2.4      231.0            0
  0x0000000f00000000      2.1      248.6            0
  0xf000000000000000      2.6      256.5            0
PASS max_repeats=0 max|z|=4.8 (all 115 deltas)
